[0.017s][info][gc,init] Initializing The Z Garbage Collector
[0.019s][info][gc,init] Version: 17.0.2+8-86 (release)
[0.020s][info][gc,init] NUMA Support: Disabled
[0.022s][info][gc,init] CPUs: 6 total, 6 available
[0.025s][info][gc,init] Memory: 8192M
[0.026s][info][gc,init] Large Page Support: Disabled
[0.026s][info][gc,init] GC Workers: 2 (dynamic)
[0.028s][info][gc,init] Address Space Type: Contiguous/Unrestricted/Complete
[0.029s][info][gc,init] Address Space Size: 65536M x 3 = 196608M
[0.030s][info][gc,init] Heap Backing File: /memfd:java_heap
[0.031s][info][gc,init] Heap Backing Filesystem: tmpfs (0x1021994)
[0.033s][info][gc,init] Min Capacity: 256M
[0.034s][info][gc,init] Initial Capacity: 256M
[0.035s][info][gc,init] Max Capacity: 4096M
[0.036s][info][gc,init] Medium Page Size: 32M
[0.037s][info][gc,init] Pre-touch: Disabled
[0.038s][info][gc,init] Available space on backing filesystem: N/A
[0.039s][info][gc,init] Uncommit: Enabled
[0.040s][info][gc,init] Uncommit Delay: 300s
[0.138s][info][gc,init] Runtime Workers: 4
[0.142s][info][gc     ] Using The Z Garbage Collector
[0.144s][info][gc,metaspace] CDS archive(s) mapped at: [0x0000000800000000-0x0000000800bb4000-0x0000000800bb4000), size 12271616, SharedBaseAddress: 0x0000000800000000, ArchiveRelocationMode: 0.
[0.145s][info][gc,metaspace] Compressed class space mapped at: 0x0000000800c00000-0x0000000840c00000, reserved size: 1073741824
[0.146s][info][gc,metaspace] Narrow klass base: 0x0000000800000000, Narrow klass shift: 0, Narrow klass range: 0x100000000
[10.209s][info][gc,stats    ] === Garbage Collection Statistics =======================================================================================================================
[10.210s][info][gc,stats    ]                                                              Last 10s              Last 10m              Last 10h                Total
[10.212s][info][gc,stats    ]                                                              Avg / Max             Avg / Max             Avg / Max             Avg / Max
[10.213s][info][gc,stats    ]   Collector: Garbage Collection Cycle                      0.000 / 0.000         0.000 / 0.000         0.000 / 0.000         0.000 / 0.000       ms
[10.214s][info][gc,stats    ]  Contention: Mark Segment Reset Contention                     0 / 0                 0 / 0                 0 / 0                 0 / 0           ops/s
[10.215s][info][gc,stats    ]  Contention: Mark SeqNum Reset Contention                      0 / 0                 0 / 0                 0 / 0                 0 / 0           ops/s
[10.216s][info][gc,stats    ]    Critical: Allocation Stall                                  0 / 0                 0 / 0                 0 / 0                 0 / 0           ops/s
[10.217s][info][gc,stats    ]    Critical: Allocation Stall                              0.000 / 0.000         0.000 / 0.000         0.000 / 0.000         0.000 / 0.000       ms
[10.218s][info][gc,stats    ]    Critical: GC Locker Stall                                   0 / 0                 0 / 0                 0 / 0                 0 / 0           ops/s
[10.219s][info][gc,stats    ]    Critical: GC Locker Stall                               0.000 / 0.000         0.000 / 0.000         0.000 / 0.000         0.000 / 0.000       ms
[10.220s][info][gc,stats    ]    Critical: Relocation Stall                                  0 / 0                 0 / 0                 0 / 0                 0 / 0           ops/s
[10.221s][info][gc,stats    ]    Critical: Relocation Stall                              0.000 / 0.000         0.000 / 0.000         0.000 / 0.000         0.000 / 0.000       ms
[10.222s][info][gc,stats    ]      Memory: Allocation Rate                                  13 / 46               13 / 46               13 / 46               13 / 46          MB/s
[10.222s][info][gc,stats    ]      Memory: Out Of Memory                                     0 / 0                 0 / 0                 0 / 0                 0 / 0           ops/s
[10.223s][info][gc,stats    ]      Memory: Page Cache Flush                                  0 / 0                 0 / 0                 0 / 0                 0 / 0           MB/s
[10.225s][info][gc,stats    ]      Memory: Page Cache Hit L1                                 0 / 1                 0 / 1                 0 / 1                 0 / 1           ops/s
[10.226s][info][gc,stats    ]      Memory: Page Cache Hit L2                                 0 / 0                 0 / 0                 0 / 0                 0 / 0           ops/s
[10.226s][info][gc,stats    ]      Memory: Page Cache Hit L3                                 5 / 10                5 / 10                5 / 10                5 / 10          ops/s
[10.227s][info][gc,stats    ]      Memory: Page Cache Miss                                   0 / 1                 0 / 1                 0 / 1                 0 / 1           ops/s
[10.229s][info][gc,stats    ]      Memory: Uncommit                                          0 / 0                 0 / 0                 0 / 0                 0 / 0           MB/s
[10.229s][info][gc,stats    ]      Memory: Undo Object Allocation Failed                     0 / 0                 0 / 0                 0 / 0                 0 / 0           ops/s
[10.230s][info][gc,stats    ]      Memory: Undo Object Allocation Succeeded                  0 / 0                 0 / 0                 0 / 0                 0 / 0           ops/s
[10.231s][info][gc,stats    ]      Memory: Undo Page Allocation                              0 / 1                 0 / 1                 0 / 1                 0 / 1           ops/s
[10.232s][info][gc,stats    ]       Phase: Concurrent Mark                               0.000 / 0.000         0.000 / 0.000         0.000 / 0.000         0.000 / 0.000       ms
[10.233s][info][gc,stats    ]       Phase: Concurrent Mark Continue                      0.000 / 0.000         0.000 / 0.000         0.000 / 0.000         0.000 / 0.000       ms
[10.233s][info][gc,stats    ]       Phase: Concurrent Mark Free                          0.000 / 0.000         0.000 / 0.000         0.000 / 0.000         0.000 / 0.000       ms
[10.234s][info][gc,stats    ]       Phase: Concurrent Process Non-Strong References      0.000 / 0.000         0.000 / 0.000         0.000 / 0.000         0.000 / 0.000       ms
[10.235s][info][gc,stats    ]       Phase: Concurrent Relocate                           0.000 / 0.000         0.000 / 0.000         0.000 / 0.000         0.000 / 0.000       ms
[10.236s][info][gc,stats    ]       Phase: Concurrent Reset Relocation Set               0.000 / 0.000         0.000 / 0.000         0.000 / 0.000         0.000 / 0.000       ms
[10.236s][info][gc,stats    ]       Phase: Concurrent Select Relocation Set              0.000 / 0.000         0.000 / 0.000         0.000 / 0.000         0.000 / 0.000       ms
[10.237s][info][gc,stats    ]       Phase: Pause Mark End                                0.000 / 0.000         0.000 / 0.000         0.000 / 0.000         0.000 / 0.000       ms
[10.238s][info][gc,stats    ]       Phase: Pause Mark Start                              0.000 / 0.000         0.000 / 0.000         0.000 / 0.000         0.000 / 0.000       ms
[10.239s][info][gc,stats    ]       Phase: Pause Relocate Start                          0.000 / 0.000         0.000 / 0.000         0.000 / 0.000         0.000 / 0.000       ms
[10.240s][info][gc,stats    ]    Subphase: Concurrent Classes Purge                      0.000 / 0.000         0.000 / 0.000         0.000 / 0.000         0.000 / 0.000       ms
[10.241s][info][gc,stats    ]    Subphase: Concurrent Classes Unlink                     0.000 / 0.000         0.000 / 0.000         0.000 / 0.000         0.000 / 0.000       ms
[10.242s][info][gc,stats    ]    Subphase: Concurrent Mark                               0.000 / 0.000         0.000 / 0.000         0.000 / 0.000         0.000 / 0.000       ms
[10.243s][info][gc,stats    ]    Subphase: Concurrent Mark Try Flush                     0.000 / 0.000         0.000 / 0.000         0.000 / 0.000         0.000 / 0.000       ms
[10.244s][info][gc,stats    ]    Subphase: Concurrent Mark Try Terminate                 0.000 / 0.000         0.000 / 0.000         0.000 / 0.000         0.000 / 0.000       ms
[10.246s][info][gc,stats    ]    Subphase: Concurrent References Enqueue                 0.000 / 0.000         0.000 / 0.000         0.000 / 0.000         0.000 / 0.000       ms
[10.246s][info][gc,stats    ]    Subphase: Concurrent References Process                 0.000 / 0.000         0.000 / 0.000         0.000 / 0.000         0.000 / 0.000       ms
[10.247s][info][gc,stats    ]    Subphase: Concurrent Roots ClassLoaderDataGraph         0.000 / 0.000         0.000 / 0.000         0.000 / 0.000         0.000 / 0.000       ms
[10.248s][info][gc,stats    ]    Subphase: Concurrent Roots CodeCache                    0.000 / 0.000         0.000 / 0.000         0.000 / 0.000         0.000 / 0.000       ms
[10.249s][info][gc,stats    ]    Subphase: Concurrent Roots JavaThreads                  0.000 / 0.000         0.000 / 0.000         0.000 / 0.000         0.000 / 0.000       ms
[10.250s][info][gc,stats    ]    Subphase: Concurrent Roots OopStorageSet                0.000 / 0.000         0.000 / 0.000         0.000 / 0.000         0.000 / 0.000       ms
[10.250s][info][gc,stats    ]    Subphase: Concurrent Weak Roots OopStorageSet           0.000 / 0.000         0.000 / 0.000         0.000 / 0.000         0.000 / 0.000       ms
[10.251s][info][gc,stats    ]    Subphase: Pause Mark Try Complete                       0.000 / 0.000         0.000 / 0.000         0.000 / 0.000         0.000 / 0.000       ms
[10.252s][info][gc,stats    ]      System: Java Threads                                      0 / 0                 0 / 0                 0 / 0                 0 / 0           threads
[10.253s][info][gc,stats    ] =========================================================================================================================================================
[14.016s][info][gc,start    ] GC(0) Garbage Collection (Warmup)
[14.018s][info][gc,task     ] GC(0) Using 2 workers
[14.032s][info][gc,phases   ] GC(0) Pause Mark Start 0.047ms
[15.853s][info][gc,phases   ] GC(0) Concurrent Mark 1818.648ms
[15.857s][info][gc,phases   ] GC(0) Pause Mark End 0.020ms
[15.861s][info][gc,phases   ] GC(0) Concurrent Mark Free 0.003ms
[15.975s][info][gc,phases   ] GC(0) Concurrent Process Non-Strong References 112.598ms
[15.982s][info][gc,phases   ] GC(0) Concurrent Reset Relocation Set 0.002ms
[16.278s][info][gc,phases   ] GC(0) Concurrent Select Relocation Set 294.604ms
[16.286s][info][gc,phases   ] GC(0) Pause Relocate Start 0.015ms
[17.025s][info][gc,phases   ] GC(0) Concurrent Relocate 714.014ms
[17.027s][info][gc,load     ] GC(0) Load: 5.97/3.00/2.54
[17.027s][info][gc,mmu      ] GC(0) MMU: 2ms/97.6%, 5ms/99.1%, 10ms/99.5%, 20ms/99.8%, 50ms/99.9%, 100ms/100.0%
[17.028s][info][gc,marking  ] GC(0) Mark: 2 stripe(s), 2 proactive flush(es), 1 terminate flush(es), 0 completion(s), 0 continuation(s) 
[17.029s][info][gc,marking  ] GC(0) Mark Stack Usage: 32M
[17.030s][info][gc,nmethod  ] GC(0) NMethods: 2860 registered, 0 unregistered
[17.033s][info][gc,metaspace] GC(0) Metaspace: 17M used, 17M committed, 1048M reserved
[17.034s][info][gc,ref      ] GC(0) Soft: 3817 encountered, 0 discovered, 0 enqueued
[17.034s][info][gc,ref      ] GC(0) Weak: 1520 encountered, 571 discovered, 241 enqueued
[17.035s][info][gc,ref      ] GC(0) Final: 16 encountered, 13 discovered, 13 enqueued
[17.036s][info][gc,ref      ] GC(0) Phantom: 789 encountered, 586 discovered, 249 enqueued
[17.037s][info][gc,reloc    ] GC(0) Small Pages: 192 / 384M, Empty: 4M, Relocated: 54M, In-Place: 0
[17.038s][info][gc,reloc    ] GC(0) Medium Pages: 1 / 32M, Empty: 0M, Relocated: 0M, In-Place: 0
[17.039s][info][gc,reloc    ] GC(0) Large Pages: 0 / 0M, Empty: 0M, Relocated: 0M, In-Place: 0
[17.040s][info][gc,reloc    ] GC(0) Forwarding Usage: 16M
[17.040s][info][gc,heap     ] GC(0) Min Capacity: 256M(6%)
[17.042s][info][gc,heap     ] GC(0) Max Capacity: 4096M(100%)
[17.042s][info][gc,heap     ] GC(0) Soft Max Capacity: 4096M(100%)
[17.043s][info][gc,heap     ] GC(0)                Mark Start          Mark End        Relocate Start      Relocate End           High               Low         
[17.045s][info][gc,heap     ] GC(0)  Capacity:      418M (10%)         596M (15%)         638M (16%)         642M (16%)         642M (16%)         418M (10%)    
[17.046s][info][gc,heap     ] GC(0)      Free:     3680M (90%)        3500M (85%)        3462M (85%)        3616M (88%)        3680M (90%)        3454M (84%)    
[17.047s][info][gc,heap     ] GC(0)      Used:      416M (10%)         596M (15%)         634M (15%)         480M (12%)         642M (16%)         416M (10%)    
[17.048s][info][gc,heap     ] GC(0)      Live:         -                57M (1%)           57M (1%)           57M (1%)             -                  -          
[17.049s][info][gc,heap     ] GC(0) Allocated:         -               180M (4%)          222M (5%)          390M (10%)            -                  -          
[17.050s][info][gc,heap     ] GC(0)   Garbage:         -               358M (9%)          354M (9%)           32M (1%)             -                  -          
[17.052s][info][gc,heap     ] GC(0) Reclaimed:         -                  -                 4M (0%)          326M (8%)             -                  -          
[17.053s][info][gc          ] GC(0) Garbage Collection (Warmup) 416M(10%)->480M(12%)
[18.709s][info][gc,start    ] GC(1) Garbage Collection (Warmup)
[18.711s][info][gc,task     ] GC(1) Using 2 workers
[18.718s][info][gc,phases   ] GC(1) Pause Mark Start 0.114ms
[20.209s][info][gc,stats    ] === Garbage Collection Statistics =======================================================================================================================
[20.210s][info][gc,stats    ]                                                              Last 10s              Last 10m              Last 10h                Total
[20.211s][info][gc,stats    ]                                                              Avg / Max             Avg / Max             Avg / Max             Avg / Max
[20.215s][info][gc,stats    ]   Collector: Garbage Collection Cycle                   3012.479 / 3012.479   3012.479 / 3012.479   3012.479 / 3012.479   3012.479 / 3012.479    ms
[20.216s][info][gc,stats    ]  Contention: Mark Segment Reset Contention                     0 / 1                 0 / 1                 0 / 1                 0 / 1           ops/s
[20.217s][info][gc,stats    ]  Contention: Mark SeqNum Reset Contention                      0 / 0                 0 / 0                 0 / 0                 0 / 0           ops/s
[20.217s][info][gc,stats    ]    Critical: Allocation Stall                                  0 / 0                 0 / 0                 0 / 0                 0 / 0           ops/s
[20.218s][info][gc,stats    ]    Critical: Allocation Stall                              0.000 / 0.000         0.000 / 0.000         0.000 / 0.000         0.000 / 0.000       ms
[20.219s][info][gc,stats    ]    Critical: GC Locker Stall                                   0 / 1                 0 / 1                 0 / 1                 0 / 1           ops/s
[20.220s][info][gc,stats    ]    Critical: GC Locker Stall                               3.375 / 3.375         3.375 / 3.375         3.375 / 3.375         3.375 / 3.375       ms
[20.221s][info][gc,stats    ]    Critical: Relocation Stall                                  0 / 0                 0 / 0                 0 / 0                 0 / 0           ops/s
[20.221s][info][gc,stats    ]    Critical: Relocation Stall                              0.000 / 0.000         0.000 / 0.000         0.000 / 0.000         0.000 / 0.000       ms
[20.222s][info][gc,stats    ]      Memory: Allocation Rate                                 145 / 278              79 / 278              79 / 278              79 / 278         MB/s
[20.226s][info][gc,stats    ]      Memory: Out Of Memory                                     0 / 0                 0 / 0                 0 / 0                 0 / 0           ops/s
[20.229s][info][gc,stats    ]      Memory: Page Cache Flush                                  0 / 0                 0 / 0                 0 / 0                 0 / 0           MB/s
[20.233s][info][gc,stats    ]      Memory: Page Cache Hit L1                                28 / 158              14 / 158              14 / 158              14 / 158         ops/s
[20.234s][info][gc,stats    ]      Memory: Page Cache Hit L2                                 0 / 0                 0 / 0                 0 / 0                 0 / 0           ops/s
[20.235s][info][gc,stats    ]      Memory: Page Cache Hit L3                                 5 / 25                5 / 25                5 / 25                5 / 25          ops/s
[20.235s][info][gc,stats    ]      Memory: Page Cache Miss                                  38 / 75               19 / 75               19 / 75               19 / 75          ops/s
[20.236s][info][gc,stats    ]      Memory: Uncommit                                          0 / 0                 0 / 0                 0 / 0                 0 / 0           MB/s
[20.237s][info][gc,stats    ]      Memory: Undo Object Allocation Failed                     0 / 0                 0 / 0                 0 / 0                 0 / 0           ops/s
[20.243s][info][gc,stats    ]      Memory: Undo Object Allocation Succeeded                  0 / 1                 0 / 1                 0 / 1                 0 / 1           ops/s
[20.244s][info][gc,stats    ]      Memory: Undo Page Allocation                              9 / 18                4 / 18                4 / 18                4 / 18          ops/s
[20.245s][info][gc,stats    ]       Phase: Concurrent Mark                            1818.648 / 1818.648   1818.648 / 1818.648   1818.648 / 1818.648   1818.648 / 1818.648    ms
[20.246s][info][gc,stats    ]       Phase: Concurrent Mark Continue                      0.000 / 0.000         0.000 / 0.000         0.000 / 0.000         0.000 / 0.000       ms
[20.246s][info][gc,stats    ]       Phase: Concurrent Mark Free                          0.003 / 0.003         0.003 / 0.003         0.003 / 0.003         0.003 / 0.003       ms
[20.247s][info][gc,stats    ]       Phase: Concurrent Process Non-Strong References    112.598 / 112.598     112.598 / 112.598     112.598 / 112.598     112.598 / 112.598     ms
[20.248s][info][gc,stats    ]       Phase: Concurrent Relocate                         714.014 / 714.014     714.014 / 714.014     714.014 / 714.014     714.014 / 714.014     ms
[20.255s][info][gc,stats    ]       Phase: Concurrent Reset Relocation Set               0.002 / 0.002         0.002 / 0.002         0.002 / 0.002         0.002 / 0.002       ms
[20.259s][info][gc,stats    ]       Phase: Concurrent Select Relocation Set            294.604 / 294.604     294.604 / 294.604     294.604 / 294.604     294.604 / 294.604     ms
[20.260s][info][gc,stats    ]       Phase: Pause Mark End                                0.020 / 0.020         0.020 / 0.020         0.020 / 0.020         0.020 / 0.020       ms
[20.261s][info][gc,stats    ]       Phase: Pause Mark Start                              0.080 / 0.114         0.080 / 0.114         0.080 / 0.114         0.080 / 0.114       ms
[20.262s][info][gc,stats    ]       Phase: Pause Relocate Start                          0.015 / 0.015         0.015 / 0.015         0.015 / 0.015         0.015 / 0.015       ms
[20.263s][info][gc,stats    ]    Subphase: Concurrent Classes Purge                      0.494 / 0.494         0.494 / 0.494         0.494 / 0.494         0.494 / 0.494       ms
[20.264s][info][gc,stats    ]    Subphase: Concurrent Classes Unlink                    57.923 / 57.923       57.923 / 57.923       57.923 / 57.923       57.923 / 57.923      ms
[20.265s][info][gc,stats    ]    Subphase: Concurrent Mark                            1732.577 / 1740.589   1732.577 / 1740.589   1732.577 / 1740.589   1732.577 / 1740.589    ms
[20.269s][info][gc,stats    ]    Subphase: Concurrent Mark Try Flush                    37.184 / 62.746       37.184 / 62.746       37.184 / 62.746       37.184 / 62.746      ms
[20.270s][info][gc,stats    ]    Subphase: Concurrent Mark Try Terminate                 3.050 / 20.038        3.050 / 20.038        3.050 / 20.038        3.050 / 20.038      ms
[20.272s][info][gc,stats    ]    Subphase: Concurrent References Enqueue                 0.036 / 0.036         0.036 / 0.036         0.036 / 0.036         0.036 / 0.036       ms
[20.273s][info][gc,stats    ]    Subphase: Concurrent References Process                 0.457 / 0.457         0.457 / 0.457         0.457 / 0.457         0.457 / 0.457       ms
[20.274s][info][gc,stats    ]    Subphase: Concurrent Roots ClassLoaderDataGraph         0.777 / 0.868         0.777 / 0.868         0.777 / 0.868         0.777 / 0.868       ms
[20.274s][info][gc,stats    ]    Subphase: Concurrent Roots CodeCache                    0.000 / 0.000         0.000 / 0.000         0.000 / 0.000         0.000 / 0.000       ms
[20.275s][info][gc,stats    ]    Subphase: Concurrent Roots JavaThreads                 18.135 / 65.654       18.135 / 65.654       18.135 / 65.654       18.135 / 65.654      ms
[20.276s][info][gc,stats    ]    Subphase: Concurrent Roots OopStorageSet               20.731 / 61.934       20.731 / 61.934       20.731 / 61.934       20.731 / 61.934      ms
[20.277s][info][gc,stats    ]    Subphase: Concurrent Weak Roots OopStorageSet           0.999 / 0.999         0.999 / 0.999         0.999 / 0.999         0.999 / 0.999       ms
[20.278s][info][gc,stats    ]    Subphase: Pause Mark Try Complete                       0.000 / 0.000         0.000 / 0.000         0.000 / 0.000         0.000 / 0.000       ms
[20.279s][info][gc,stats    ]      System: Java Threads                                     31 / 32               31 / 32               31 / 32               31 / 32          threads
[20.279s][info][gc,stats    ] =========================================================================================================================================================
[21.045s][info][gc,phases   ] GC(1) Concurrent Mark 2323.781ms
[21.055s][info][gc,phases   ] GC(1) Pause Mark End 0.068ms
[21.059s][info][gc,phases   ] GC(1) Concurrent Mark Free 0.004ms
[21.094s][info][gc,phases   ] GC(1) Concurrent Process Non-Strong References 33.833ms
[21.097s][info][gc,phases   ] GC(1) Concurrent Reset Relocation Set 0.044ms
[21.127s][info][gc,phases   ] GC(1) Concurrent Select Relocation Set 28.350ms
[21.129s][info][gc,phases   ] GC(1) Pause Relocate Start 0.014ms
[21.333s][info][gc,phases   ] GC(1) Concurrent Relocate 202.262ms
[21.335s][info][gc,load     ] GC(1) Load: 7.66/3.40/2.68
[21.336s][info][gc,mmu      ] GC(1) MMU: 2ms/94.3%, 5ms/97.7%, 10ms/98.9%, 20ms/99.4%, 50ms/99.8%, 100ms/99.9%
[21.337s][info][gc,marking  ] GC(1) Mark: 2 stripe(s), 2 proactive flush(es), 1 terminate flush(es), 0 completion(s), 0 continuation(s) 
[21.338s][info][gc,marking  ] GC(1) Mark Stack Usage: 32M
[21.339s][info][gc,nmethod  ] GC(1) NMethods: 2974 registered, 0 unregistered
[21.340s][info][gc,metaspace] GC(1) Metaspace: 17M used, 17M committed, 1048M reserved
[21.340s][info][gc,ref      ] GC(1) Soft: 3817 encountered, 0 discovered, 0 enqueued
[21.341s][info][gc,ref      ] GC(1) Weak: 1279 encountered, 103 discovered, 0 enqueued
[21.342s][info][gc,ref      ] GC(1) Final: 3 encountered, 0 discovered, 0 enqueued
[21.344s][info][gc,ref      ] GC(1) Phantom: 540 encountered, 359 discovered, 0 enqueued
[21.346s][info][gc,reloc    ] GC(1) Small Pages: 381 / 762M, Empty: 0M, Relocated: 44M, In-Place: 0
[21.347s][info][gc,reloc    ] GC(1) Medium Pages: 2 / 64M, Empty: 0M, Relocated: 2M, In-Place: 0
[21.348s][info][gc,reloc    ] GC(1) Large Pages: 0 / 0M, Empty: 0M, Relocated: 0M, In-Place: 0
[21.348s][info][gc,reloc    ] GC(1) Forwarding Usage: 8M
[21.349s][info][gc,heap     ] GC(1) Min Capacity: 256M(6%)
[21.355s][info][gc,heap     ] GC(1) Max Capacity: 4096M(100%)
[21.356s][info][gc,heap     ] GC(1) Soft Max Capacity: 4096M(100%)
[21.357s][info][gc,heap     ] GC(1)                Mark Start          Mark End        Relocate Start      Relocate End           High               Low         
[21.358s][info][gc,heap     ] GC(1)  Capacity:      826M (20%)        1160M (28%)        1162M (28%)        1196M (29%)        1196M (29%)         826M (20%)    
[21.360s][info][gc,heap     ] GC(1)      Free:     3270M (80%)        2936M (72%)        2934M (72%)        3624M (88%)        3624M (88%)        2900M (71%)    
[21.361s][info][gc,heap     ] GC(1)      Used:      826M (20%)        1160M (28%)        1162M (28%)         472M (12%)        1196M (29%)         472M (12%)    
[21.366s][info][gc,heap     ] GC(1)      Live:         -                98M (2%)           98M (2%)           98M (2%)             -                  -          
[21.367s][info][gc,heap     ] GC(1) Allocated:         -               334M (8%)          336M (8%)          341M (8%)             -                  -          
[21.368s][info][gc,heap     ] GC(1)   Garbage:         -               727M (18%)         727M (18%)          32M (1%)             -                  -          
[21.369s][info][gc,heap     ] GC(1) Reclaimed:         -                  -                 0M (0%)          695M (17%)            -                  -          
[21.371s][info][gc          ] GC(1) Garbage Collection (Warmup) 826M(20%)->472M(12%)
[27.205s][info][gc,start    ] GC(2) Garbage Collection (Metadata GC Threshold)
[27.207s][info][gc,task     ] GC(2) Using 2 workers
[27.209s][info][gc,phases   ] GC(2) Pause Mark Start 0.017ms
[27.985s][info][gc,phases   ] GC(2) Concurrent Mark 774.545ms
[27.987s][info][gc,phases   ] GC(2) Pause Mark End 0.017ms
[27.988s][info][gc,phases   ] GC(2) Concurrent Mark Free 0.002ms
[28.037s][info][gc,phases   ] GC(2) Concurrent Process Non-Strong References 47.560ms
[28.039s][info][gc,phases   ] GC(2) Concurrent Reset Relocation Set 0.309ms
[28.060s][info][gc,phases   ] GC(2) Concurrent Select Relocation Set 19.567ms
[28.067s][info][gc,phases   ] GC(2) Pause Relocate Start 0.018ms
[28.145s][info][gc,phases   ] GC(2) Concurrent Relocate 75.576ms
[28.148s][info][gc,load     ] GC(2) Load: 8.16/3.58/2.74
[28.156s][info][gc,mmu      ] GC(2) MMU: 2ms/94.3%, 5ms/97.7%, 10ms/98.9%, 20ms/99.4%, 50ms/99.8%, 100ms/99.9%
[28.162s][info][gc,marking  ] GC(2) Mark: 2 stripe(s), 3 proactive flush(es), 2 terminate flush(es), 0 completion(s), 0 continuation(s) 
[28.165s][info][gc,marking  ] GC(2) Mark Stack Usage: 32M
[28.168s][info][gc,nmethod  ] GC(2) NMethods: 3779 registered, 0 unregistered
[28.173s][info][gc,metaspace] GC(2) Metaspace: 30M used, 31M committed, 1056M reserved
[28.177s][info][gc,ref      ] GC(2) Soft: 4297 encountered, 0 discovered, 0 enqueued
[28.180s][info][gc,ref      ] GC(2) Weak: 2282 encountered, 660 discovered, 513 enqueued
[28.184s][info][gc,ref      ] GC(2) Final: 35 encountered, 5 discovered, 1 enqueued
[28.188s][info][gc,ref      ] GC(2) Phantom: 1066 encountered, 883 discovered, 632 enqueued
[28.192s][info][gc,reloc    ] GC(2) Small Pages: 246 / 492M, Empty: 4M, Relocated: 24M, In-Place: 0
[28.194s][info][gc,reloc    ] GC(2) Medium Pages: 2 / 64M, Empty: 0M, Relocated: 1M, In-Place: 0
[28.198s][info][gc,reloc    ] GC(2) Large Pages: 0 / 0M, Empty: 0M, Relocated: 0M, In-Place: 0
[28.203s][info][gc,reloc    ] GC(2) Forwarding Usage: 8M
[28.208s][info][gc,heap     ] GC(2) Min Capacity: 256M(6%)
[28.209s][info][gc,heap     ] GC(2) Max Capacity: 4096M(100%)
[28.211s][info][gc,heap     ] GC(2) Soft Max Capacity: 4096M(100%)
[28.213s][info][gc,heap     ] GC(2)                Mark Start          Mark End        Relocate Start      Relocate End           High               Low         
[28.215s][info][gc,heap     ] GC(2)  Capacity:     1196M (29%)        1196M (29%)        1196M (29%)        1196M (29%)        1196M (29%)        1196M (29%)    
[28.216s][info][gc,heap     ] GC(2)      Free:     3540M (86%)        3524M (86%)        3526M (86%)        3958M (97%)        3958M (97%)        3494M (85%)    
[28.221s][info][gc,heap     ] GC(2)      Used:      556M (14%)         572M (14%)         570M (14%)         138M (3%)          602M (15%)         138M (3%)     
[28.225s][info][gc,heap     ] GC(2)      Live:         -                77M (2%)           77M (2%)           77M (2%)             -                  -          
[28.228s][info][gc,heap     ] GC(2) Allocated:         -                16M (0%)           18M (0%)           21M (1%)             -                  -          
[28.232s][info][gc,heap     ] GC(2)   Garbage:         -               478M (12%)         474M (12%)          39M (1%)             -                  -          
[28.234s][info][gc,heap     ] GC(2) Reclaimed:         -                  -                 4M (0%)          439M (11%)            -                  -          
[28.235s][info][gc          ] GC(2) Garbage Collection (Metadata GC Threshold) 556M(14%)->138M(3%)
[30.212s][info][gc,stats    ] === Garbage Collection Statistics =======================================================================================================================
[30.213s][info][gc,stats    ]                                                              Last 10s              Last 10m              Last 10h                Total
[30.218s][info][gc,stats    ]                                                              Avg / Max             Avg / Max             Avg / Max             Avg / Max
[30.219s][info][gc,stats    ]   Collector: Garbage Collection Cycle                   1784.334 / 2625.025   2193.716 / 3012.479   2193.716 / 3012.479   2193.716 / 3012.479    ms
[30.220s][info][gc,stats    ]  Contention: Mark Segment Reset Contention                     0 / 0                 0 / 1                 0 / 1                 0 / 1           ops/s
[30.222s][info][gc,stats    ]  Contention: Mark SeqNum Reset Contention                      0 / 0                 0 / 0                 0 / 0                 0 / 0           ops/s
[30.223s][info][gc,stats    ]    Critical: Allocation Stall                                  0 / 0                 0 / 0                 0 / 0                 0 / 0           ops/s
[30.224s][info][gc,stats    ]    Critical: Allocation Stall                              0.000 / 0.000         0.000 / 0.000         0.000 / 0.000         0.000 / 0.000       ms
[30.226s][info][gc,stats    ]    Critical: GC Locker Stall                                   0 / 1                 0 / 1                 0 / 1                 0 / 1           ops/s
[30.227s][info][gc,stats    ]    Critical: GC Locker Stall                               1.159 / 1.159         2.267 / 3.375         2.267 / 3.375         2.267 / 3.375       ms
[30.232s][info][gc,stats    ]    Critical: Relocation Stall                                  0 / 0                 0 / 0                 0 / 0                 0 / 0           ops/s
[30.234s][info][gc,stats    ]    Critical: Relocation Stall                              0.000 / 0.000         0.000 / 0.000         0.000 / 0.000         0.000 / 0.000       ms
[30.236s][info][gc,stats    ]      Memory: Allocation Rate                                  25 / 112              61 / 278              61 / 278              61 / 278         MB/s
[30.237s][info][gc,stats    ]      Memory: Out Of Memory                                     0 / 0                 0 / 0                 0 / 0                 0 / 0           ops/s
[30.238s][info][gc,stats    ]      Memory: Page Cache Flush                                  0 / 0                 0 / 0                 0 / 0                 0 / 0           MB/s
[30.239s][info][gc,stats    ]      Memory: Page Cache Hit L1                                11 / 29               13 / 158              13 / 158              13 / 158         ops/s
[30.240s][info][gc,stats    ]      Memory: Page Cache Hit L2                                 0 / 0                 0 / 0                 0 / 0                 0 / 0           ops/s
[30.241s][info][gc,stats    ]      Memory: Page Cache Hit L3                                 0 / 1                 3 / 25                3 / 25                3 / 25          ops/s
[30.243s][info][gc,stats    ]      Memory: Page Cache Miss                                   4 / 45               14 / 75               14 / 75               14 / 75          ops/s
[30.244s][info][gc,stats    ]      Memory: Uncommit                                          0 / 0                 0 / 0                 0 / 0                 0 / 0           MB/s
[30.250s][info][gc,stats    ]      Memory: Undo Object Allocation Failed                     0 / 0                 0 / 0                 0 / 0                 0 / 0           ops/s
[30.251s][info][gc,stats    ]      Memory: Undo Object Allocation Succeeded                  0 / 1                 0 / 1                 0 / 1                 0 / 1           ops/s
[30.252s][info][gc,stats    ]      Memory: Undo Page Allocation                              1 / 11                3 / 18                3 / 18                3 / 18          ops/s
[30.254s][info][gc,stats    ]       Phase: Concurrent Mark                            1549.163 / 2323.781   1638.991 / 2323.781   1638.991 / 2323.781   1638.991 / 2323.781    ms
[30.255s][info][gc,stats    ]       Phase: Concurrent Mark Continue                      0.000 / 0.000         0.000 / 0.000         0.000 / 0.000         0.000 / 0.000       ms
[30.258s][info][gc,stats    ]       Phase: Concurrent Mark Free                          0.003 / 0.004         0.003 / 0.004         0.003 / 0.004         0.003 / 0.004       ms
[30.259s][info][gc,stats    ]       Phase: Concurrent Process Non-Strong References     40.696 / 47.560       64.664 / 112.598      64.664 / 112.598      64.664 / 112.598     ms
[30.261s][info][gc,stats    ]       Phase: Concurrent Relocate                         138.919 / 202.262     330.617 / 714.014     330.617 / 714.014     330.617 / 714.014     ms
[30.263s][info][gc,stats    ]       Phase: Concurrent Reset Relocation Set               0.177 / 0.309         0.119 / 0.309         0.119 / 0.309         0.119 / 0.309       ms
[30.264s][info][gc,stats    ]       Phase: Concurrent Select Relocation Set             23.959 / 28.350      114.174 / 294.604     114.174 / 294.604     114.174 / 294.604     ms
[30.266s][info][gc,stats    ]       Phase: Pause Mark End                                0.042 / 0.068         0.035 / 0.068         0.035 / 0.068         0.035 / 0.068       ms
[30.267s][info][gc,stats    ]       Phase: Pause Mark Start                              0.017 / 0.017         0.059 / 0.114         0.059 / 0.114         0.059 / 0.114       ms
[30.269s][info][gc,stats    ]       Phase: Pause Relocate Start                          0.016 / 0.018         0.015 / 0.018         0.015 / 0.018         0.015 / 0.018       ms
[30.270s][info][gc,stats    ]    Subphase: Concurrent Classes Purge                      4.407 / 8.008         3.103 / 8.008         3.103 / 8.008         3.103 / 8.008       ms
[30.272s][info][gc,stats    ]    Subphase: Concurrent Classes Unlink                    27.110 / 36.977       37.381 / 57.923       37.381 / 57.923       37.381 / 57.923      ms
[30.274s][info][gc,stats    ]    Subphase: Concurrent Mark                            1535.166 / 2316.627   1600.970 / 2316.627   1600.970 / 2316.627   1600.970 / 2316.627    ms
[30.278s][info][gc,stats    ]    Subphase: Concurrent Mark Try Flush                     6.081 / 12.991       14.563 / 62.746       14.563 / 62.746       14.563 / 62.746      ms
[30.279s][info][gc,stats    ]    Subphase: Concurrent Mark Try Terminate                 3.013 / 31.245        3.024 / 31.245        3.024 / 31.245        3.024 / 31.245      ms
[30.280s][info][gc,stats    ]    Subphase: Concurrent References Enqueue                 0.427 / 0.853         0.297 / 0.853         0.297 / 0.853         0.297 / 0.853       ms
[30.286s][info][gc,stats    ]    Subphase: Concurrent References Process                 1.608 / 2.768         1.224 / 2.768         1.224 / 2.768         1.224 / 2.768       ms
[30.287s][info][gc,stats    ]    Subphase: Concurrent Roots ClassLoaderDataGraph         0.784 / 1.541         0.781 / 1.541         0.781 / 1.541         0.781 / 1.541       ms
[30.288s][info][gc,stats    ]    Subphase: Concurrent Roots CodeCache                    0.000 / 0.000         0.000 / 0.000         0.000 / 0.000         0.000 / 0.000       ms
[30.290s][info][gc,stats    ]    Subphase: Concurrent Roots JavaThreads                 11.305 / 12.257       15.858 / 65.654       15.858 / 65.654       15.858 / 65.654      ms
[30.296s][info][gc,stats    ]    Subphase: Concurrent Roots OopStorageSet                0.114 / 0.114        15.577 / 61.934       15.577 / 61.934       15.577 / 61.934      ms
[30.297s][info][gc,stats    ]    Subphase: Concurrent Weak Roots OopStorageSet           1.270 / 1.331         1.216 / 1.331         1.216 / 1.331         1.216 / 1.331       ms
[30.299s][info][gc,stats    ]    Subphase: Pause Mark Try Complete                       0.000 / 0.000         0.000 / 0.000         0.000 / 0.000         0.000 / 0.000       ms
[30.300s][info][gc,stats    ]      System: Java Threads                                     42 / 50               37 / 50               37 / 50               37 / 50          threads
[30.304s][info][gc,stats    ] =========================================================================================================================================================
[40.209s][info][gc,stats    ] === Garbage Collection Statistics =======================================================================================================================
[40.220s][info][gc,stats    ]                                                              Last 10s              Last 10m              Last 10h                Total
[40.221s][info][gc,stats    ]                                                              Avg / Max             Avg / Max             Avg / Max             Avg / Max
[40.228s][info][gc,stats    ]   Collector: Garbage Collection Cycle                      0.000 / 0.000      2193.716 / 3012.479   2193.716 / 3012.479   2193.716 / 3012.479    ms
[40.229s][info][gc,stats    ]  Contention: Mark Segment Reset Contention                     0 / 0                 0 / 1                 0 / 1                 0 / 1           ops/s
[40.230s][info][gc,stats    ]  Contention: Mark SeqNum Reset Contention                      0 / 0                 0 / 0                 0 / 0                 0 / 0           ops/s
[40.234s][info][gc,stats    ]    Critical: Allocation Stall                                  0 / 0                 0 / 0                 0 / 0                 0 / 0           ops/s
[40.235s][info][gc,stats    ]    Critical: Allocation Stall                              0.000 / 0.000         0.000 / 0.000         0.000 / 0.000         0.000 / 0.000       ms
[40.236s][info][gc,stats    ]    Critical: GC Locker Stall                                   0 / 0                 0 / 1                 0 / 1                 0 / 1           ops/s
[40.237s][info][gc,stats    ]    Critical: GC Locker Stall                               0.000 / 0.000         2.267 / 3.375         2.267 / 3.375         2.267 / 3.375       ms
[40.244s][info][gc,stats    ]    Critical: Relocation Stall                                  0 / 0                 0 / 0                 0 / 0                 0 / 0           ops/s
[40.245s][info][gc,stats    ]    Critical: Relocation Stall                              0.000 / 0.000         0.000 / 0.000         0.000 / 0.000         0.000 / 0.000       ms
[40.246s][info][gc,stats    ]      Memory: Allocation Rate                                  28 / 48               53 / 278              53 / 278              53 / 278         MB/s
[40.247s][info][gc,stats    ]      Memory: Out Of Memory                                     0 / 0                 0 / 0                 0 / 0                 0 / 0           ops/s
[40.248s][info][gc,stats    ]      Memory: Page Cache Flush                                  0 / 0                 0 / 0                 0 / 0                 0 / 0           MB/s
[40.258s][info][gc,stats    ]      Memory: Page Cache Hit L1                                10 / 24               12 / 158              12 / 158              12 / 158         ops/s
[40.259s][info][gc,stats    ]      Memory: Page Cache Hit L2                                 0 / 0                 0 / 0                 0 / 0                 0 / 0           ops/s
[40.260s][info][gc,stats    ]      Memory: Page Cache Hit L3                                 0 / 2                 2 / 25                2 / 25                2 / 25          ops/s
[40.263s][info][gc,stats    ]      Memory: Page Cache Miss                                   0 / 1                10 / 75               10 / 75               10 / 75          ops/s
[40.264s][info][gc,stats    ]      Memory: Uncommit                                          0 / 0                 0 / 0                 0 / 0                 0 / 0           MB/s
[40.268s][info][gc,stats    ]      Memory: Undo Object Allocation Failed                     0 / 0                 0 / 0                 0 / 0                 0 / 0           ops/s
[40.269s][info][gc,stats    ]      Memory: Undo Object Allocation Succeeded                  0 / 0                 0 / 1                 0 / 1                 0 / 1           ops/s
[40.270s][info][gc,stats    ]      Memory: Undo Page Allocation                              0 / 0                 2 / 18                2 / 18                2 / 18          ops/s
[40.271s][info][gc,stats    ]       Phase: Concurrent Mark                               0.000 / 0.000      1638.991 / 2323.781   1638.991 / 2323.781   1638.991 / 2323.781    ms
[40.277s][info][gc,stats    ]       Phase: Concurrent Mark Continue                      0.000 / 0.000         0.000 / 0.000         0.000 / 0.000         0.000 / 0.000       ms
[40.279s][info][gc,stats    ]       Phase: Concurrent Mark Free                          0.000 / 0.000         0.003 / 0.004         0.003 / 0.004         0.003 / 0.004       ms
[40.280s][info][gc,stats    ]       Phase: Concurrent Process Non-Strong References      0.000 / 0.000        64.664 / 112.598      64.664 / 112.598      64.664 / 112.598     ms
[40.283s][info][gc,stats    ]       Phase: Concurrent Relocate                           0.000 / 0.000       330.617 / 714.014     330.617 / 714.014     330.617 / 714.014     ms
[40.284s][info][gc,stats    ]       Phase: Concurrent Reset Relocation Set               0.000 / 0.000         0.119 / 0.309         0.119 / 0.309         0.119 / 0.309       ms
[40.286s][info][gc,stats    ]       Phase: Concurrent Select Relocation Set              0.000 / 0.000       114.174 / 294.604     114.174 / 294.604     114.174 / 294.604     ms
[40.291s][info][gc,stats    ]       Phase: Pause Mark End                                0.000 / 0.000         0.035 / 0.068         0.035 / 0.068         0.035 / 0.068       ms
[40.292s][info][gc,stats    ]       Phase: Pause Mark Start                              0.000 / 0.000         0.059 / 0.114         0.059 / 0.114         0.059 / 0.114       ms
[40.293s][info][gc,stats    ]       Phase: Pause Relocate Start                          0.000 / 0.000         0.015 / 0.018         0.015 / 0.018         0.015 / 0.018       ms
[40.299s][info][gc,stats    ]    Subphase: Concurrent Classes Purge                      0.000 / 0.000         3.103 / 8.008         3.103 / 8.008         3.103 / 8.008       ms
[40.301s][info][gc,stats    ]    Subphase: Concurrent Classes Unlink                     0.000 / 0.000        37.381 / 57.923       37.381 / 57.923       37.381 / 57.923      ms
[40.302s][info][gc,stats    ]    Subphase: Concurrent Mark                               0.000 / 0.000      1600.970 / 2316.627   1600.970 / 2316.627   1600.970 / 2316.627    ms
[40.303s][info][gc,stats    ]    Subphase: Concurrent Mark Try Flush                     0.000 / 0.000        14.563 / 62.746       14.563 / 62.746       14.563 / 62.746      ms
[40.307s][info][gc,stats    ]    Subphase: Concurrent Mark Try Terminate                 0.000 / 0.000         3.024 / 31.245        3.024 / 31.245        3.024 / 31.245      ms
[40.308s][info][gc,stats    ]    Subphase: Concurrent References Enqueue                 0.000 / 0.000         0.297 / 0.853         0.297 / 0.853         0.297 / 0.853       ms
[40.315s][info][gc,stats    ]    Subphase: Concurrent References Process                 0.000 / 0.000         1.224 / 2.768         1.224 / 2.768         1.224 / 2.768       ms
[40.316s][info][gc,stats    ]    Subphase: Concurrent Roots ClassLoaderDataGraph         0.000 / 0.000         0.781 / 1.541         0.781 / 1.541         0.781 / 1.541       ms
[40.320s][info][gc,stats    ]    Subphase: Concurrent Roots CodeCache                    0.000 / 0.000         0.000 / 0.000         0.000 / 0.000         0.000 / 0.000       ms
[40.324s][info][gc,stats    ]    Subphase: Concurrent Roots JavaThreads                  0.000 / 0.000        15.858 / 65.654       15.858 / 65.654       15.858 / 65.654      ms
[40.326s][info][gc,stats    ]    Subphase: Concurrent Roots OopStorageSet                0.000 / 0.000        15.577 / 61.934       15.577 / 61.934       15.577 / 61.934      ms
[40.332s][info][gc,stats    ]    Subphase: Concurrent Weak Roots OopStorageSet           0.000 / 0.000         1.216 / 1.331         1.216 / 1.331         1.216 / 1.331       ms
[40.333s][info][gc,stats    ]    Subphase: Pause Mark Try Complete                       0.000 / 0.000         0.000 / 0.000         0.000 / 0.000         0.000 / 0.000       ms
[40.334s][info][gc,stats    ]      System: Java Threads                                      0 / 0                37 / 50               37 / 50               37 / 50          threads
[40.335s][info][gc,stats    ] =========================================================================================================================================================
[43.988s][info][gc,start    ] GC(3) Garbage Collection (Metadata GC Threshold)
[43.991s][info][gc,task     ] GC(3) Using 2 workers
[44.000s][info][gc,phases   ] GC(3) Pause Mark Start 0.016ms
[45.812s][info][gc,phases   ] GC(3) Concurrent Mark 1808.632ms
[45.826s][info][gc,phases   ] GC(3) Pause Mark End 0.040ms
[45.829s][info][gc,phases   ] GC(3) Concurrent Mark Free 0.004ms
[45.911s][info][gc,phases   ] GC(3) Concurrent Process Non-Strong References 80.511ms
[45.914s][info][gc,phases   ] GC(3) Concurrent Reset Relocation Set 0.067ms
[45.960s][info][gc,phases   ] GC(3) Concurrent Select Relocation Set 44.563ms
[45.965s][info][gc,phases   ] GC(3) Pause Relocate Start 0.015ms
[46.068s][info][gc,phases   ] GC(3) Concurrent Relocate 98.531ms
[46.071s][info][gc,load     ] GC(3) Load: 11.63/4.67/3.12
[46.073s][info][gc,mmu      ] GC(3) MMU: 2ms/94.3%, 5ms/97.7%, 10ms/98.9%, 20ms/99.4%, 50ms/99.8%, 100ms/99.9%
[46.075s][info][gc,marking  ] GC(3) Mark: 2 stripe(s), 2 proactive flush(es), 1 terminate flush(es), 0 completion(s), 0 continuation(s) 
[46.076s][info][gc,marking  ] GC(3) Mark Stack Usage: 32M
[46.078s][info][gc,nmethod  ] GC(3) NMethods: 5301 registered, 0 unregistered
[46.079s][info][gc,metaspace] GC(3) Metaspace: 51M used, 52M committed, 1072M reserved
[46.081s][info][gc,ref      ] GC(3) Soft: 4993 encountered, 0 discovered, 0 enqueued
[46.083s][info][gc,ref      ] GC(3) Weak: 3550 encountered, 863 discovered, 479 enqueued
[46.085s][info][gc,ref      ] GC(3) Final: 84 encountered, 1 discovered, 1 enqueued
[46.087s][info][gc,ref      ] GC(3) Phantom: 1072 encountered, 867 discovered, 592 enqueued
[46.089s][info][gc,reloc    ] GC(3) Small Pages: 215 / 430M, Empty: 136M, Relocated: 18M, In-Place: 0
[46.092s][info][gc,reloc    ] GC(3) Medium Pages: 2 / 64M, Empty: 0M, Relocated: 2M, In-Place: 0
[46.094s][info][gc,reloc    ] GC(3) Large Pages: 4 / 52M, Empty: 12M, Relocated: 0M, In-Place: 0
[46.095s][info][gc,reloc    ] GC(3) Forwarding Usage: 5M
[46.097s][info][gc,heap     ] GC(3) Min Capacity: 256M(6%)
[46.098s][info][gc,heap     ] GC(3) Max Capacity: 4096M(100%)
[46.100s][info][gc,heap     ] GC(3) Soft Max Capacity: 4096M(100%)
[46.102s][info][gc,heap     ] GC(3)                Mark Start          Mark End        Relocate Start      Relocate End           High               Low         
[46.104s][info][gc,heap     ] GC(3)  Capacity:     1230M (30%)        1230M (30%)        1230M (30%)        1262M (31%)        1262M (31%)        1230M (30%)    
[46.106s][info][gc,heap     ] GC(3)      Free:     3550M (87%)        3484M (85%)        3630M (89%)        3842M (94%)        3842M (94%)        3484M (85%)    
[46.107s][info][gc,heap     ] GC(3)      Used:      546M (13%)         612M (15%)         466M (11%)         254M (6%)          612M (15%)         254M (6%)     
[46.110s][info][gc,heap     ] GC(3)      Live:         -               134M (3%)          134M (3%)          134M (3%)             -                  -          
[46.112s][info][gc,heap     ] GC(3) Allocated:         -                66M (2%)           68M (2%)           79M (2%)             -                  -          
[46.114s][info][gc,heap     ] GC(3)   Garbage:         -               411M (10%)         263M (6%)           39M (1%)             -                  -          
[46.115s][info][gc,heap     ] GC(3) Reclaimed:         -                  -               148M (4%)          371M (9%)             -                  -          
[46.117s][info][gc          ] GC(3) Garbage Collection (Metadata GC Threshold) 546M(13%)->254M(6%)
[50.209s][info][gc,stats    ] === Garbage Collection Statistics =======================================================================================================================
[50.212s][info][gc,stats    ]                                                              Last 10s              Last 10m              Last 10h                Total
[50.215s][info][gc,stats    ]                                                              Avg / Max             Avg / Max             Avg / Max             Avg / Max
[50.220s][info][gc,stats    ]   Collector: Garbage Collection Cycle                   2082.591 / 2082.591   2165.935 / 3012.479   2165.935 / 3012.479   2165.935 / 3012.479    ms
[50.222s][info][gc,stats    ]  Contention: Mark Segment Reset Contention                     0 / 0                 0 / 1                 0 / 1                 0 / 1           ops/s
[50.225s][info][gc,stats    ]  Contention: Mark SeqNum Reset Contention                      0 / 0                 0 / 0                 0 / 0                 0 / 0           ops/s
[50.229s][info][gc,stats    ]    Critical: Allocation Stall                                  0 / 0                 0 / 0                 0 / 0                 0 / 0           ops/s
[50.233s][info][gc,stats    ]    Critical: Allocation Stall                              0.000 / 0.000         0.000 / 0.000         0.000 / 0.000         0.000 / 0.000       ms
[50.239s][info][gc,stats    ]    Critical: GC Locker Stall                                   0 / 0                 0 / 1                 0 / 1                 0 / 1           ops/s
[50.244s][info][gc,stats    ]    Critical: GC Locker Stall                               0.000 / 0.000         2.267 / 3.375         2.267 / 3.375         2.267 / 3.375       ms
[50.251s][info][gc,stats    ]    Critical: Relocation Stall                                  0 / 0                 0 / 0                 0 / 0                 0 / 0           ops/s
[50.258s][info][gc,stats    ]    Critical: Relocation Stall                              0.000 / 0.000         0.000 / 0.000         0.000 / 0.000         0.000 / 0.000       ms
[50.264s][info][gc,stats    ]      Memory: Allocation Rate                                  27 / 54               48 / 278              48 / 278              48 / 278         MB/s
[50.273s][info][gc,stats    ]      Memory: Out Of Memory                                     0 / 0                 0 / 0                 0 / 0                 0 / 0           ops/s
[50.279s][info][gc,stats    ]      Memory: Page Cache Flush                                  0 / 0                 0 / 0                 0 / 0                 0 / 0           MB/s
[50.283s][info][gc,stats    ]      Memory: Page Cache Hit L1                                10 / 27               12 / 158              12 / 158              12 / 158         ops/s
[50.287s][info][gc,stats    ]      Memory: Page Cache Hit L2                                 0 / 0                 0 / 0                 0 / 0                 0 / 0           ops/s
[50.291s][info][gc,stats    ]      Memory: Page Cache Hit L3                                 1 / 5                 2 / 25                2 / 25                2 / 25          ops/s
[50.299s][info][gc,stats    ]      Memory: Page Cache Miss                                   0 / 1                 8 / 75                8 / 75                8 / 75          ops/s
[50.303s][info][gc,stats    ]      Memory: Uncommit                                          0 / 0                 0 / 0                 0 / 0                 0 / 0           MB/s
[50.308s][info][gc,stats    ]      Memory: Undo Object Allocation Failed                     0 / 0                 0 / 0                 0 / 0                 0 / 0           ops/s
[50.315s][info][gc,stats    ]      Memory: Undo Object Allocation Succeeded                  0 / 7                 0 / 7                 0 / 7                 0 / 7           ops/s
[50.318s][info][gc,stats    ]      Memory: Undo Page Allocation                              0 / 0                 2 / 18                2 / 18                2 / 18          ops/s
[50.321s][info][gc,stats    ]       Phase: Concurrent Mark                            1808.632 / 1808.632   1681.402 / 2323.781   1681.402 / 2323.781   1681.402 / 2323.781    ms
[50.325s][info][gc,stats    ]       Phase: Concurrent Mark Continue                      0.000 / 0.000         0.000 / 0.000         0.000 / 0.000         0.000 / 0.000       ms
[50.333s][info][gc,stats    ]       Phase: Concurrent Mark Free                          0.004 / 0.004         0.003 / 0.004         0.003 / 0.004         0.003 / 0.004       ms
[50.342s][info][gc,stats    ]       Phase: Concurrent Process Non-Strong References     80.511 / 80.511       68.626 / 112.598      68.626 / 112.598      68.626 / 112.598     ms
[50.349s][info][gc,stats    ]       Phase: Concurrent Relocate                          98.531 / 98.531      272.596 / 714.014     272.596 / 714.014     272.596 / 714.014     ms
[50.355s][info][gc,stats    ]       Phase: Concurrent Reset Relocation Set               0.067 / 0.067         0.106 / 0.309         0.106 / 0.309         0.106 / 0.309       ms
[50.362s][info][gc,stats    ]       Phase: Concurrent Select Relocation Set             44.563 / 44.563       96.771 / 294.604      96.771 / 294.604      96.771 / 294.604     ms
[50.373s][info][gc,stats    ]       Phase: Pause Mark End                                0.040 / 0.040         0.036 / 0.068         0.036 / 0.068         0.036 / 0.068       ms
[50.380s][info][gc,stats    ]       Phase: Pause Mark Start                              0.016 / 0.016         0.048 / 0.114         0.048 / 0.114         0.048 / 0.114       ms
[50.387s][info][gc,stats    ]       Phase: Pause Relocate Start                          0.015 / 0.015         0.015 / 0.018         0.015 / 0.018         0.015 / 0.018       ms
[50.397s][info][gc,stats    ]    Subphase: Concurrent Classes Purge                      3.141 / 3.141         3.112 / 8.008         3.112 / 8.008         3.112 / 8.008       ms
[50.405s][info][gc,stats    ]    Subphase: Concurrent Classes Unlink                    53.505 / 53.505       41.412 / 57.923       41.412 / 57.923       41.412 / 57.923      ms
[50.410s][info][gc,stats    ]    Subphase: Concurrent Mark                            1773.749 / 1774.687   1644.164 / 2316.627   1644.164 / 2316.627   1644.164 / 2316.627    ms
[50.415s][info][gc,stats    ]    Subphase: Concurrent Mark Try Flush                     9.237 / 13.799       13.422 / 62.746       13.422 / 62.746       13.422 / 62.746      ms
[50.421s][info][gc,stats    ]    Subphase: Concurrent Mark Try Terminate                 3.198 / 13.863        3.037 / 31.245        3.037 / 31.245        3.037 / 31.245      ms
[50.431s][info][gc,stats    ]    Subphase: Concurrent References Enqueue                 0.013 / 0.013         0.226 / 0.853         0.226 / 0.853         0.226 / 0.853       ms
[50.438s][info][gc,stats    ]    Subphase: Concurrent References Process                 0.637 / 0.637         1.077 / 2.768         1.077 / 2.768         1.077 / 2.768       ms
[50.439s][info][gc,stats    ]    Subphase: Concurrent Roots ClassLoaderDataGraph         2.624 / 5.194         1.395 / 5.194         1.395 / 5.194         1.395 / 5.194       ms
[50.443s][info][gc,stats    ]    Subphase: Concurrent Roots CodeCache                    0.000 / 0.000         0.000 / 0.000         0.000 / 0.000         0.000 / 0.000       ms
[50.446s][info][gc,stats    ]    Subphase: Concurrent Roots JavaThreads                 25.309 / 25.780       18.221 / 65.654       18.221 / 65.654       18.221 / 65.654      ms
[50.452s][info][gc,stats    ]    Subphase: Concurrent Roots OopStorageSet                0.103 / 0.170        10.419 / 61.934       10.419 / 61.934       10.419 / 61.934      ms
[50.454s][info][gc,stats    ]    Subphase: Concurrent Weak Roots OopStorageSet           3.923 / 3.988         1.990 / 3.988         1.990 / 3.988         1.990 / 3.988       ms
[50.458s][info][gc,stats    ]    Subphase: Pause Mark Try Complete                       0.000 / 0.000         0.000 / 0.000         0.000 / 0.000         0.000 / 0.000       ms
[50.462s][info][gc,stats    ]      System: Java Threads                                     89 / 89               50 / 89               50 / 89               50 / 89          threads
[50.465s][info][gc,stats    ] =========================================================================================================================================================
[60.210s][info][gc,stats    ] === Garbage Collection Statistics =======================================================================================================================
[60.212s][info][gc,stats    ]                                                              Last 10s              Last 10m              Last 10h                Total
[60.214s][info][gc,stats    ]                                                              Avg / Max             Avg / Max             Avg / Max             Avg / Max
[60.216s][info][gc,stats    ]   Collector: Garbage Collection Cycle                      0.000 / 0.000      2165.935 / 3012.479   2165.935 / 3012.479   2165.935 / 3012.479    ms
[60.218s][info][gc,stats    ]  Contention: Mark Segment Reset Contention                     0 / 0                 0 / 1                 0 / 1                 0 / 1           ops/s
[60.220s][info][gc,stats    ]  Contention: Mark SeqNum Reset Contention                      0 / 0                 0 / 0                 0 / 0                 0 / 0           ops/s
[60.221s][info][gc,stats    ]    Critical: Allocation Stall                                  0 / 0                 0 / 0                 0 / 0                 0 / 0           ops/s
[60.224s][info][gc,stats    ]    Critical: Allocation Stall                              0.000 / 0.000         0.000 / 0.000         0.000 / 0.000         0.000 / 0.000       ms
[60.226s][info][gc,stats    ]    Critical: GC Locker Stall                                   0 / 0                 0 / 1                 0 / 1                 0 / 1           ops/s
[60.229s][info][gc,stats    ]    Critical: GC Locker Stall                               0.000 / 0.000         2.267 / 3.375         2.267 / 3.375         2.267 / 3.375       ms
[60.231s][info][gc,stats    ]    Critical: Relocation Stall                                  0 / 0                 0 / 0                 0 / 0                 0 / 0           ops/s
[60.233s][info][gc,stats    ]    Critical: Relocation Stall                              0.000 / 0.000         0.000 / 0.000         0.000 / 0.000         0.000 / 0.000       ms
[60.235s][info][gc,stats    ]      Memory: Allocation Rate                                  74 / 230              52 / 278              52 / 278              52 / 278         MB/s
[60.237s][info][gc,stats    ]      Memory: Out Of Memory                                     0 / 0                 0 / 0                 0 / 0                 0 / 0           ops/s
[60.239s][info][gc,stats    ]      Memory: Page Cache Flush                                  0 / 0                 0 / 0                 0 / 0                 0 / 0           MB/s
[60.241s][info][gc,stats    ]      Memory: Page Cache Hit L1                                 7 / 13               11 / 158              11 / 158              11 / 158         ops/s
[60.244s][info][gc,stats    ]      Memory: Page Cache Hit L2                                 0 / 0                 0 / 0                 0 / 0                 0 / 0           ops/s
[60.246s][info][gc,stats    ]      Memory: Page Cache Hit L3                                 0 / 2                 2 / 25                2 / 25                2 / 25          ops/s
[60.247s][info][gc,stats    ]      Memory: Page Cache Miss                                   4 / 14                7 / 75                7 / 75                7 / 75          ops/s
[60.249s][info][gc,stats    ]      Memory: Uncommit                                          0 / 0                 0 / 0                 0 / 0                 0 / 0           MB/s
[60.250s][info][gc,stats    ]      Memory: Undo Object Allocation Failed                     0 / 0                 0 / 0                 0 / 0                 0 / 0           ops/s
[60.252s][info][gc,stats    ]      Memory: Undo Object Allocation Succeeded                  0 / 0                 0 / 7                 0 / 7                 0 / 7           ops/s
[60.254s][info][gc,stats    ]      Memory: Undo Page Allocation                              0 / 0                 1 / 18                1 / 18                1 / 18          ops/s
[60.255s][info][gc,stats    ]       Phase: Concurrent Mark                               0.000 / 0.000      1681.402 / 2323.781   1681.402 / 2323.781   1681.402 / 2323.781    ms
[60.257s][info][gc,stats    ]       Phase: Concurrent Mark Continue                      0.000 / 0.000         0.000 / 0.000         0.000 / 0.000         0.000 / 0.000       ms
[60.259s][info][gc,stats    ]       Phase: Concurrent Mark Free                          0.000 / 0.000         0.003 / 0.004         0.003 / 0.004         0.003 / 0.004       ms
[60.261s][info][gc,stats    ]       Phase: Concurrent Process Non-Strong References      0.000 / 0.000        68.626 / 112.598      68.626 / 112.598      68.626 / 112.598     ms
[60.263s][info][gc,stats    ]       Phase: Concurrent Relocate                           0.000 / 0.000       272.596 / 714.014     272.596 / 714.014     272.596 / 714.014     ms
[60.264s][info][gc,stats    ]       Phase: Concurrent Reset Relocation Set               0.000 / 0.000         0.106 / 0.309         0.106 / 0.309         0.106 / 0.309       ms
[60.267s][info][gc,stats    ]       Phase: Concurrent Select Relocation Set              0.000 / 0.000        96.771 / 294.604      96.771 / 294.604      96.771 / 294.604     ms
[60.268s][info][gc,stats    ]       Phase: Pause Mark End                                0.000 / 0.000         0.036 / 0.068         0.036 / 0.068         0.036 / 0.068       ms
[60.270s][info][gc,stats    ]       Phase: Pause Mark Start                              0.000 / 0.000         0.048 / 0.114         0.048 / 0.114         0.048 / 0.114       ms
[60.271s][info][gc,stats    ]       Phase: Pause Relocate Start                          0.000 / 0.000         0.015 / 0.018         0.015 / 0.018         0.015 / 0.018       ms
[60.274s][info][gc,stats    ]    Subphase: Concurrent Classes Purge                      0.000 / 0.000         3.112 / 8.008         3.112 / 8.008         3.112 / 8.008       ms
[60.276s][info][gc,stats    ]    Subphase: Concurrent Classes Unlink                     0.000 / 0.000        41.412 / 57.923       41.412 / 57.923       41.412 / 57.923      ms
[60.281s][info][gc,stats    ]    Subphase: Concurrent Mark                               0.000 / 0.000      1644.164 / 2316.627   1644.164 / 2316.627   1644.164 / 2316.627    ms
[60.283s][info][gc,stats    ]    Subphase: Concurrent Mark Try Flush                     0.000 / 0.000        13.422 / 62.746       13.422 / 62.746       13.422 / 62.746      ms
[60.285s][info][gc,stats    ]    Subphase: Concurrent Mark Try Terminate                 0.000 / 0.000         3.037 / 31.245        3.037 / 31.245        3.037 / 31.245      ms
[60.286s][info][gc,stats    ]    Subphase: Concurrent References Enqueue                 0.000 / 0.000         0.226 / 0.853         0.226 / 0.853         0.226 / 0.853       ms
[60.289s][info][gc,stats    ]    Subphase: Concurrent References Process                 0.000 / 0.000         1.077 / 2.768         1.077 / 2.768         1.077 / 2.768       ms
[60.292s][info][gc,stats    ]    Subphase: Concurrent Roots ClassLoaderDataGraph         0.000 / 0.000         1.395 / 5.194         1.395 / 5.194         1.395 / 5.194       ms
[60.294s][info][gc,stats    ]    Subphase: Concurrent Roots CodeCache                    0.000 / 0.000         0.000 / 0.000         0.000 / 0.000         0.000 / 0.000       ms
[60.296s][info][gc,stats    ]    Subphase: Concurrent Roots JavaThreads                  0.000 / 0.000        18.221 / 65.654       18.221 / 65.654       18.221 / 65.654      ms
[60.298s][info][gc,stats    ]    Subphase: Concurrent Roots OopStorageSet                0.000 / 0.000        10.419 / 61.934       10.419 / 61.934       10.419 / 61.934      ms
[60.300s][info][gc,stats    ]    Subphase: Concurrent Weak Roots OopStorageSet           0.000 / 0.000         1.990 / 3.988         1.990 / 3.988         1.990 / 3.988       ms
[60.302s][info][gc,stats    ]    Subphase: Pause Mark Try Complete                       0.000 / 0.000         0.000 / 0.000         0.000 / 0.000         0.000 / 0.000       ms
[60.305s][info][gc,stats    ]      System: Java Threads                                      0 / 0                50 / 89               50 / 89               50 / 89          threads
[60.309s][info][gc,stats    ] =========================================================================================================================================================
[63.609s][info][gc,start    ] GC(4) Garbage Collection (Warmup)
[63.610s][info][gc,task     ] GC(4) Using 2 workers
[63.622s][info][gc,phases   ] GC(4) Pause Mark Start 0.021ms
[64.478s][info][gc,phases   ] GC(4) Concurrent Mark 852.348ms
[64.484s][info][gc,phases   ] GC(4) Pause Mark End 0.040ms
[64.494s][info][gc,phases   ] GC(4) Concurrent Mark Free 0.005ms
[64.589s][info][gc,phases   ] GC(4) Concurrent Process Non-Strong References 91.347ms
[64.592s][info][gc,phases   ] GC(4) Concurrent Reset Relocation Set 0.027ms
[64.604s][info][gc,phases   ] GC(4) Concurrent Select Relocation Set 10.610ms
[64.612s][info][gc,phases   ] GC(4) Pause Relocate Start 0.020ms
[64.651s][info][gc,phases   ] GC(4) Concurrent Relocate 36.044ms
[64.659s][info][gc,load     ] GC(4) Load: 12.38/5.29/3.35
[64.661s][info][gc,mmu      ] GC(4) MMU: 2ms/94.3%, 5ms/97.7%, 10ms/98.9%, 20ms/99.4%, 50ms/99.8%, 100ms/99.9%
[64.662s][info][gc,marking  ] GC(4) Mark: 2 stripe(s), 2 proactive flush(es), 1 terminate flush(es), 0 completion(s), 0 continuation(s) 
[64.665s][info][gc,marking  ] GC(4) Mark Stack Usage: 32M
[64.667s][info][gc,nmethod  ] GC(4) NMethods: 6128 registered, 5 unregistered
[64.670s][info][gc,metaspace] GC(4) Metaspace: 52M used, 52M committed, 1072M reserved
[64.672s][info][gc,ref      ] GC(4) Soft: 5016 encountered, 0 discovered, 0 enqueued
[64.674s][info][gc,ref      ] GC(4) Weak: 3178 encountered, 348 discovered, 26 enqueued
[64.676s][info][gc,ref      ] GC(4) Final: 87 encountered, 6 discovered, 4 enqueued
[64.677s][info][gc,ref      ] GC(4) Phantom: 541 encountered, 457 discovered, 26 enqueued
[64.679s][info][gc,reloc    ] GC(4) Small Pages: 192 / 384M, Empty: 92M, Relocated: 6M, In-Place: 0
[64.681s][info][gc,reloc    ] GC(4) Medium Pages: 1 / 32M, Empty: 0M, Relocated: 0M, In-Place: 0
[64.682s][info][gc,reloc    ] GC(4) Large Pages: 77 / 814M, Empty: 738M, Relocated: 0M, In-Place: 0
[64.684s][info][gc,reloc    ] GC(4) Forwarding Usage: 1M
[64.685s][info][gc,heap     ] GC(4) Min Capacity: 256M(6%)
[64.687s][info][gc,heap     ] GC(4) Max Capacity: 4096M(100%)
[64.689s][info][gc,heap     ] GC(4) Soft Max Capacity: 4096M(100%)
[64.691s][info][gc,heap     ] GC(4)                Mark Start          Mark End        Relocate Start      Relocate End           High               Low         
[64.692s][info][gc,heap     ] GC(4)  Capacity:     1922M (47%)        2114M (52%)        2144M (52%)        2144M (52%)        2144M (52%)        1922M (47%)    
[64.696s][info][gc,heap     ] GC(4)      Free:     2866M (70%)        2650M (65%)        3448M (84%)        3636M (89%)        3636M (89%)        2618M (64%)    
[64.698s][info][gc,heap     ] GC(4)      Used:     1230M (30%)        1446M (35%)         648M (16%)         460M (11%)        1478M (36%)         460M (11%)    
[64.700s][info][gc,heap     ] GC(4)      Live:         -               170M (4%)          170M (4%)          170M (4%)             -                  -          
[64.702s][info][gc,heap     ] GC(4) Allocated:         -               216M (5%)          248M (6%)          249M (6%)             -                  -          
[64.704s][info][gc,heap     ] GC(4)   Garbage:         -              1059M (26%)         229M (6%)           39M (1%)             -                  -          
[64.706s][info][gc,heap     ] GC(4) Reclaimed:         -                  -               830M (20%)        1019M (25%)            -                  -          
[64.707s][info][gc          ] GC(4) Garbage Collection (Warmup) 1230M(30%)->460M(11%)
[70.209s][info][gc,stats    ] === Garbage Collection Statistics =======================================================================================================================
[70.212s][info][gc,stats    ]                                                              Last 10s              Last 10m              Last 10h                Total
[70.213s][info][gc,stats    ]                                                              Avg / Max             Avg / Max             Avg / Max             Avg / Max
[70.215s][info][gc,stats    ]   Collector: Garbage Collection Cycle                   1049.659 / 1049.659   1942.680 / 3012.479   1942.680 / 3012.479   1942.680 / 3012.479    ms
[70.216s][info][gc,stats    ]  Contention: Mark Segment Reset Contention                     0 / 1                 0 / 1                 0 / 1                 0 / 1           ops/s
[70.217s][info][gc,stats    ]  Contention: Mark SeqNum Reset Contention                      0 / 0                 0 / 0                 0 / 0                 0 / 0           ops/s
[70.219s][info][gc,stats    ]    Critical: Allocation Stall                                  0 / 0                 0 / 0                 0 / 0                 0 / 0           ops/s
[70.221s][info][gc,stats    ]    Critical: Allocation Stall                              0.000 / 0.000         0.000 / 0.000         0.000 / 0.000         0.000 / 0.000       ms
[70.222s][info][gc,stats    ]    Critical: GC Locker Stall                                   0 / 0                 0 / 1                 0 / 1                 0 / 1           ops/s
[70.224s][info][gc,stats    ]    Critical: GC Locker Stall                               0.000 / 0.000         2.267 / 3.375         2.267 / 3.375         2.267 / 3.375       ms
[70.226s][info][gc,stats    ]    Critical: Relocation Stall                                  0 / 0                 0 / 0                 0 / 0                 0 / 0           ops/s
[70.227s][info][gc,stats    ]    Critical: Relocation Stall                              0.000 / 0.000         0.000 / 0.000         0.000 / 0.000         0.000 / 0.000       ms
[70.229s][info][gc,stats    ]      Memory: Allocation Rate                                  83 / 342              56 / 342              56 / 342              56 / 342         MB/s
[70.232s][info][gc,stats    ]      Memory: Out Of Memory                                     0 / 0                 0 / 0                 0 / 0                 0 / 0           ops/s
[70.234s][info][gc,stats    ]      Memory: Page Cache Flush                                  0 / 0                 0 / 0                 0 / 0                 0 / 0           MB/s
[70.236s][info][gc,stats    ]      Memory: Page Cache Hit L1                                12 / 26               11 / 158              11 / 158              11 / 158         ops/s
[70.238s][info][gc,stats    ]      Memory: Page Cache Hit L2                                 0 / 0                 0 / 0                 0 / 0                 0 / 0           ops/s
[70.241s][info][gc,stats    ]      Memory: Page Cache Hit L3                                 0 / 0                 1 / 25                1 / 25                1 / 25          ops/s
[70.243s][info][gc,stats    ]      Memory: Page Cache Miss                                   2 / 15                7 / 75                7 / 75                7 / 75          ops/s
[70.244s][info][gc,stats    ]      Memory: Uncommit                                          0 / 0                 0 / 0                 0 / 0                 0 / 0           MB/s
[70.246s][info][gc,stats    ]      Memory: Undo Object Allocation Failed                     0 / 0                 0 / 0                 0 / 0                 0 / 0           ops/s
[70.247s][info][gc,stats    ]      Memory: Undo Object Allocation Succeeded                  0 / 0                 0 / 7                 0 / 7                 0 / 7           ops/s
[70.249s][info][gc,stats    ]      Memory: Undo Page Allocation                              0 / 0                 1 / 18                1 / 18                1 / 18          ops/s
[70.250s][info][gc,stats    ]       Phase: Concurrent Mark                             852.348 / 852.348    1515.591 / 2323.781   1515.591 / 2323.781   1515.591 / 2323.781    ms
[70.252s][info][gc,stats    ]       Phase: Concurrent Mark Continue                      0.000 / 0.000         0.000 / 0.000         0.000 / 0.000         0.000 / 0.000       ms
[70.253s][info][gc,stats    ]       Phase: Concurrent Mark Free                          0.005 / 0.005         0.003 / 0.005         0.003 / 0.005         0.003 / 0.005       ms
[70.254s][info][gc,stats    ]       Phase: Concurrent Process Non-Strong References     91.347 / 91.347       73.170 / 112.598      73.170 / 112.598      73.170 / 112.598     ms
[70.256s][info][gc,stats    ]       Phase: Concurrent Relocate                          36.044 / 36.044      225.285 / 714.014     225.285 / 714.014     225.285 / 714.014     ms
[70.257s][info][gc,stats    ]       Phase: Concurrent Reset Relocation Set               0.027 / 0.027         0.090 / 0.309         0.090 / 0.309         0.090 / 0.309       ms
[70.259s][info][gc,stats    ]       Phase: Concurrent Select Relocation Set             10.610 / 10.610       79.539 / 294.604      79.539 / 294.604      79.539 / 294.604     ms
[70.261s][info][gc,stats    ]       Phase: Pause Mark End                                0.040 / 0.040         0.037 / 0.068         0.037 / 0.068         0.037 / 0.068       ms
[70.264s][info][gc,stats    ]       Phase: Pause Mark Start                              0.021 / 0.021         0.043 / 0.114         0.043 / 0.114         0.043 / 0.114       ms
[70.265s][info][gc,stats    ]       Phase: Pause Relocate Start                          0.020 / 0.020         0.016 / 0.020         0.016 / 0.020         0.016 / 0.020       ms
[70.267s][info][gc,stats    ]    Subphase: Concurrent Classes Purge                      1.711 / 1.711         2.832 / 8.008         2.832 / 8.008         2.832 / 8.008       ms
[70.269s][info][gc,stats    ]    Subphase: Concurrent Classes Unlink                    53.825 / 53.825       43.895 / 57.923       43.895 / 57.923       43.895 / 57.923      ms
[70.270s][info][gc,stats    ]    Subphase: Concurrent Mark                             833.479 / 836.054    1482.027 / 2316.627   1482.027 / 2316.627   1482.027 / 2316.627    ms
[70.271s][info][gc,stats    ]    Subphase: Concurrent Mark Try Flush                    10.729 / 17.314       12.947 / 62.746       12.947 / 62.746       12.947 / 62.746      ms
[70.273s][info][gc,stats    ]    Subphase: Concurrent Mark Try Terminate                 5.366 / 8.542         3.082 / 31.245        3.082 / 31.245        3.082 / 31.245      ms
[70.274s][info][gc,stats    ]    Subphase: Concurrent References Enqueue                 0.058 / 0.058         0.192 / 0.853         0.192 / 0.853         0.192 / 0.853       ms
[70.276s][info][gc,stats    ]    Subphase: Concurrent References Process                 8.543 / 8.543         2.571 / 8.543         2.571 / 8.543         2.571 / 8.543       ms
[70.278s][info][gc,stats    ]    Subphase: Concurrent Roots ClassLoaderDataGraph         0.523 / 0.989         1.177 / 5.194         1.177 / 5.194         1.177 / 5.194       ms
[70.280s][info][gc,stats    ]    Subphase: Concurrent Roots CodeCache                    0.000 / 0.000         0.000 / 0.000         0.000 / 0.000         0.000 / 0.000       ms
[70.282s][info][gc,stats    ]    Subphase: Concurrent Roots JavaThreads                 11.719 / 12.560       16.921 / 65.654       16.921 / 65.654       16.921 / 65.654      ms
[70.283s][info][gc,stats    ]    Subphase: Concurrent Roots OopStorageSet                0.074 / 0.075         7.833 / 61.934        7.833 / 61.934        7.833 / 61.934      ms
[70.285s][info][gc,stats    ]    Subphase: Concurrent Weak Roots OopStorageSet           5.896 / 9.009         2.858 / 9.009         2.858 / 9.009         2.858 / 9.009       ms
[70.287s][info][gc,stats    ]    Subphase: Pause Mark Try Complete                       0.000 / 0.000         0.000 / 0.000         0.000 / 0.000         0.000 / 0.000       ms
[70.288s][info][gc,stats    ]      System: Java Threads                                     88 / 89               58 / 89               58 / 89               58 / 89          threads
[70.290s][info][gc,stats    ] =========================================================================================================================================================
[71.609s][info][gc,start    ] GC(5) Garbage Collection (Allocation Rate)
[71.611s][info][gc,task     ] GC(5) Using 2 workers
[71.617s][info][gc,phases   ] GC(5) Pause Mark Start 0.020ms
[72.278s][info][gc,phases   ] GC(5) Concurrent Mark 658.289ms
[72.283s][info][gc,phases   ] GC(5) Pause Mark End 0.031ms
[72.288s][info][gc,phases   ] GC(5) Concurrent Mark Free 0.004ms
[72.350s][info][gc,phases   ] GC(5) Concurrent Process Non-Strong References 59.820ms
[72.352s][info][gc,phases   ] GC(5) Concurrent Reset Relocation Set 0.022ms
[72.368s][info][gc,phases   ] GC(5) Concurrent Select Relocation Set 14.008ms
[72.374s][info][gc,phases   ] GC(5) Pause Relocate Start 0.016ms
[72.400s][info][gc,phases   ] GC(5) Concurrent Relocate 23.591ms
[72.402s][info][gc,load     ] GC(5) Load: 12.11/5.35/3.39
[72.409s][info][gc,mmu      ] GC(5) MMU: 2ms/94.3%, 5ms/97.7%, 10ms/98.9%, 20ms/99.4%, 50ms/99.8%, 100ms/99.9%
[72.411s][info][gc,marking  ] GC(5) Mark: 2 stripe(s), 2 proactive flush(es), 1 terminate flush(es), 0 completion(s), 0 continuation(s) 
[72.412s][info][gc,marking  ] GC(5) Mark Stack Usage: 32M
[72.414s][info][gc,nmethod  ] GC(5) NMethods: 6339 registered, 5 unregistered
[72.420s][info][gc,metaspace] GC(5) Metaspace: 52M used, 52M committed, 1072M reserved
[72.422s][info][gc,ref      ] GC(5) Soft: 5016 encountered, 0 discovered, 0 enqueued
[72.424s][info][gc,ref      ] GC(5) Weak: 3159 encountered, 382 discovered, 4 enqueued
[72.426s][info][gc,ref      ] GC(5) Final: 85 encountered, 9 discovered, 2 enqueued
[72.431s][info][gc,ref      ] GC(5) Phantom: 505 encountered, 267 discovered, 3 enqueued
[72.433s][info][gc,reloc    ] GC(5) Small Pages: 125 / 250M, Empty: 30M, Relocated: 4M, In-Place: 0
[72.435s][info][gc,reloc    ] GC(5) Medium Pages: 1 / 32M, Empty: 0M, Relocated: 0M, In-Place: 0
[72.440s][info][gc,reloc    ] GC(5) Large Pages: 68 / 910M, Empty: 852M, Relocated: 0M, In-Place: 0
[72.442s][info][gc,reloc    ] GC(5) Forwarding Usage: 1M
[72.444s][info][gc,heap     ] GC(5) Min Capacity: 256M(6%)
[72.446s][info][gc,heap     ] GC(5) Max Capacity: 4096M(100%)
[72.451s][info][gc,heap     ] GC(5) Soft Max Capacity: 4096M(100%)
[72.452s][info][gc,heap     ] GC(5)                Mark Start          Mark End        Relocate Start      Relocate End           High               Low         
[72.454s][info][gc,heap     ] GC(5)  Capacity:     2162M (53%)        2324M (57%)        2354M (57%)        2354M (57%)        2354M (57%)        2162M (53%)    
[72.456s][info][gc,heap     ] GC(5)      Free:     2904M (71%)        2706M (66%)        3546M (87%)        3658M (89%)        3660M (89%)        2666M (65%)    
[72.459s][info][gc,heap     ] GC(5)      Used:     1192M (29%)        1390M (34%)         550M (13%)         438M (11%)        1430M (35%)         436M (11%)    
[72.460s][info][gc,heap     ] GC(5)      Live:         -               153M (4%)          153M (4%)          153M (4%)             -                  -          
[72.463s][info][gc,heap     ] GC(5) Allocated:         -               198M (5%)          240M (6%)          241M (6%)             -                  -          
[72.464s][info][gc,heap     ] GC(5)   Garbage:         -              1038M (25%)         156M (4%)           42M (1%)             -                  -          
[72.465s][info][gc,heap     ] GC(5) Reclaimed:         -                  -               882M (22%)         995M (24%)            -                  -          
[72.467s][info][gc          ] GC(5) Garbage Collection (Allocation Rate) 1192M(29%)->438M(11%)
[80.209s][info][gc,stats    ] === Garbage Collection Statistics =======================================================================================================================
[80.212s][info][gc,stats    ]                                                              Last 10s              Last 10m              Last 10h                Total
[80.217s][info][gc,stats    ]                                                              Avg / Max             Avg / Max             Avg / Max             Avg / Max
[80.218s][info][gc,stats    ]   Collector: Garbage Collection Cycle                    793.040 / 793.040    1751.073 / 3012.479   1751.073 / 3012.479   1751.073 / 3012.479    ms
[80.219s][info][gc,stats    ]  Contention: Mark Segment Reset Contention                     0 / 0                 0 / 1                 0 / 1                 0 / 1           ops/s
[80.221s][info][gc,stats    ]  Contention: Mark SeqNum Reset Contention                      0 / 0                 0 / 0                 0 / 0                 0 / 0           ops/s
[80.223s][info][gc,stats    ]    Critical: Allocation Stall                                  0 / 0                 0 / 0                 0 / 0                 0 / 0           ops/s
[80.225s][info][gc,stats    ]    Critical: Allocation Stall                              0.000 / 0.000         0.000 / 0.000         0.000 / 0.000         0.000 / 0.000       ms
[80.229s][info][gc,stats    ]    Critical: GC Locker Stall                                   0 / 0                 0 / 1                 0 / 1                 0 / 1           ops/s
[80.230s][info][gc,stats    ]    Critical: GC Locker Stall                               0.000 / 0.000         2.267 / 3.375         2.267 / 3.375         2.267 / 3.375       ms
[80.232s][info][gc,stats    ]    Critical: Relocation Stall                                  0 / 0                 0 / 0                 0 / 0                 0 / 0           ops/s
[80.233s][info][gc,stats    ]    Critical: Relocation Stall                              0.000 / 0.000         0.000 / 0.000         0.000 / 0.000         0.000 / 0.000       ms
[80.235s][info][gc,stats    ]      Memory: Allocation Rate                                  72 / 420              58 / 420              58 / 420              58 / 420         MB/s
[80.236s][info][gc,stats    ]      Memory: Out Of Memory                                     0 / 0                 0 / 0                 0 / 0                 0 / 0           ops/s
[80.238s][info][gc,stats    ]      Memory: Page Cache Flush                                  0 / 0                 0 / 0                 0 / 0                 0 / 0           MB/s
[80.239s][info][gc,stats    ]      Memory: Page Cache Hit L1                                11 / 29               11 / 158              11 / 158              11 / 158         ops/s
[80.241s][info][gc,stats    ]      Memory: Page Cache Hit L2                                 0 / 0                 0 / 0                 0 / 0                 0 / 0           ops/s
[80.242s][info][gc,stats    ]      Memory: Page Cache Hit L3                                 0 / 0                 1 / 25                1 / 25                1 / 25          ops/s
[80.245s][info][gc,stats    ]      Memory: Page Cache Miss                                   1 / 9                 6 / 75                6 / 75                6 / 75          ops/s
[80.246s][info][gc,stats    ]      Memory: Uncommit                                          0 / 0                 0 / 0                 0 / 0                 0 / 0           MB/s
[80.247s][info][gc,stats    ]      Memory: Undo Object Allocation Failed                     0 / 0                 0 / 0                 0 / 0                 0 / 0           ops/s
[80.249s][info][gc,stats    ]      Memory: Undo Object Allocation Succeeded                  0 / 0                 0 / 7                 0 / 7                 0 / 7           ops/s
[80.251s][info][gc,stats    ]      Memory: Undo Page Allocation                              0 / 0                 1 / 18                1 / 18                1 / 18          ops/s
[80.253s][info][gc,stats    ]       Phase: Concurrent Mark                             658.289 / 658.289    1372.707 / 2323.781   1372.707 / 2323.781   1372.707 / 2323.781    ms
[80.254s][info][gc,stats    ]       Phase: Concurrent Mark Continue                      0.000 / 0.000         0.000 / 0.000         0.000 / 0.000         0.000 / 0.000       ms
[80.256s][info][gc,stats    ]       Phase: Concurrent Mark Free                          0.004 / 0.004         0.004 / 0.005         0.004 / 0.005         0.004 / 0.005       ms
[80.262s][info][gc,stats    ]       Phase: Concurrent Process Non-Strong References     59.820 / 59.820       70.945 / 112.598      70.945 / 112.598      70.945 / 112.598     ms
[80.264s][info][gc,stats    ]       Phase: Concurrent Relocate                          23.591 / 23.591      191.670 / 714.014     191.670 / 714.014     191.670 / 714.014     ms
[80.266s][info][gc,stats    ]       Phase: Concurrent Reset Relocation Set               0.022 / 0.022         0.079 / 0.309         0.079 / 0.309         0.079 / 0.309       ms
[80.268s][info][gc,stats    ]       Phase: Concurrent Select Relocation Set             14.008 / 14.008       68.617 / 294.604      68.617 / 294.604      68.617 / 294.604     ms
[80.271s][info][gc,stats    ]       Phase: Pause Mark End                                0.031 / 0.031         0.036 / 0.068         0.036 / 0.068         0.036 / 0.068       ms
[80.273s][info][gc,stats    ]       Phase: Pause Mark Start                              0.020 / 0.020         0.039 / 0.114         0.039 / 0.114         0.039 / 0.114       ms
[80.275s][info][gc,stats    ]       Phase: Pause Relocate Start                          0.016 / 0.016         0.016 / 0.020         0.016 / 0.020         0.016 / 0.020       ms
[80.277s][info][gc,stats    ]    Subphase: Concurrent Classes Purge                      3.048 / 3.048         2.868 / 8.008         2.868 / 8.008         2.868 / 8.008       ms
[80.278s][info][gc,stats    ]    Subphase: Concurrent Classes Unlink                    30.973 / 30.973       41.741 / 57.923       41.741 / 57.923       41.741 / 57.923      ms
[80.280s][info][gc,stats    ]    Subphase: Concurrent Mark                             617.735 / 619.085    1337.979 / 2316.627   1337.979 / 2316.627   1337.979 / 2316.627    ms
[80.281s][info][gc,stats    ]    Subphase: Concurrent Mark Try Flush                    13.814 / 24.288       13.077 / 62.746       13.077 / 62.746       13.077 / 62.746      ms
[80.283s][info][gc,stats    ]    Subphase: Concurrent Mark Try Terminate                 2.360 / 12.097        3.012 / 31.245        3.012 / 31.245        3.012 / 31.245      ms
[80.284s][info][gc,stats    ]    Subphase: Concurrent References Enqueue                 0.008 / 0.008         0.162 / 0.853         0.162 / 0.853         0.162 / 0.853       ms
[80.285s][info][gc,stats    ]    Subphase: Concurrent References Process                 2.557 / 2.557         2.568 / 8.543         2.568 / 8.543         2.568 / 8.543       ms
[80.287s][info][gc,stats    ]    Subphase: Concurrent Roots ClassLoaderDataGraph         0.792 / 0.792         1.134 / 5.194         1.134 / 5.194         1.134 / 5.194       ms
[80.291s][info][gc,stats    ]    Subphase: Concurrent Roots CodeCache                    0.000 / 0.000         0.000 / 0.000         0.000 / 0.000         0.000 / 0.000       ms
[80.293s][info][gc,stats    ]    Subphase: Concurrent Roots JavaThreads                 33.959 / 34.357       19.760 / 65.654       19.760 / 65.654       19.760 / 65.654      ms
[80.297s][info][gc,stats    ]    Subphase: Concurrent Roots OopStorageSet                0.136 / 0.136         6.977 / 61.934        6.977 / 61.934        6.977 / 61.934      ms
[80.302s][info][gc,stats    ]    Subphase: Concurrent Weak Roots OopStorageSet           5.182 / 10.261        3.280 / 10.261        3.280 / 10.261        3.280 / 10.261      ms
[80.304s][info][gc,stats    ]    Subphase: Pause Mark Try Complete                       0.000 / 0.000         0.000 / 0.000         0.000 / 0.000         0.000 / 0.000       ms
[80.306s][info][gc,stats    ]      System: Java Threads                                     88 / 89               63 / 89               63 / 89               63 / 89          threads
[80.309s][info][gc,stats    ] =========================================================================================================================================================
[82.610s][info][gc,start    ] GC(6) Garbage Collection (Allocation Rate)
[82.612s][info][gc,task     ] GC(6) Using 2 workers
[82.618s][info][gc,phases   ] GC(6) Pause Mark Start 0.094ms
[82.921s][info][gc,phases   ] GC(6) Concurrent Mark 299.424ms
[82.923s][info][gc,phases   ] GC(6) Pause Mark End 0.025ms
[82.926s][info][gc,phases   ] GC(6) Concurrent Mark Free 0.003ms
[82.977s][info][gc,phases   ] GC(6) Concurrent Process Non-Strong References 49.275ms
[82.980s][info][gc,phases   ] GC(6) Concurrent Reset Relocation Set 0.016ms
[82.991s][info][gc,phases   ] GC(6) Concurrent Select Relocation Set 8.566ms
[82.998s][info][gc,phases   ] GC(6) Pause Relocate Start 0.014ms
[83.017s][info][gc,phases   ] GC(6) Concurrent Relocate 9.910ms
[83.019s][info][gc,load     ] GC(6) Load: 11.31/5.41/3.42
[83.020s][info][gc,mmu      ] GC(6) MMU: 2ms/94.3%, 5ms/97.7%, 10ms/98.9%, 20ms/99.4%, 50ms/99.8%, 100ms/99.9%
[83.021s][info][gc,marking  ] GC(6) Mark: 2 stripe(s), 5 proactive flush(es), 1 terminate flush(es), 0 completion(s), 0 continuation(s) 
[83.022s][info][gc,marking  ] GC(6) Mark Stack Usage: 32M
[83.024s][info][gc,nmethod  ] GC(6) NMethods: 6482 registered, 5 unregistered
[83.026s][info][gc,metaspace] GC(6) Metaspace: 52M used, 52M committed, 1072M reserved
[83.030s][info][gc,ref      ] GC(6) Soft: 5016 encountered, 0 discovered, 0 enqueued
[83.032s][info][gc,ref      ] GC(6) Weak: 3170 encountered, 373 discovered, 0 enqueued
[83.034s][info][gc,ref      ] GC(6) Final: 85 encountered, 2 discovered, 2 enqueued
[83.036s][info][gc,ref      ] GC(6) Phantom: 490 encountered, 419 discovered, 0 enqueued
[83.037s][info][gc,reloc    ] GC(6) Small Pages: 142 / 284M, Empty: 52M, Relocated: 4M, In-Place: 0
[83.038s][info][gc,reloc    ] GC(6) Medium Pages: 1 / 32M, Empty: 0M, Relocated: 0M, In-Place: 0
[83.040s][info][gc,reloc    ] GC(6) Large Pages: 64 / 850M, Empty: 816M, Relocated: 0M, In-Place: 0
[83.042s][info][gc,reloc    ] GC(6) Forwarding Usage: 1M
[83.044s][info][gc,heap     ] GC(6) Min Capacity: 256M(6%)
[83.047s][info][gc,heap     ] GC(6) Max Capacity: 4096M(100%)
[83.048s][info][gc,heap     ] GC(6) Soft Max Capacity: 4096M(100%)
[83.050s][info][gc,heap     ] GC(6)                Mark Start          Mark End        Relocate Start      Relocate End           High               Low         
[83.051s][info][gc,heap     ] GC(6)  Capacity:     2354M (57%)        2354M (57%)        2354M (57%)        2354M (57%)        2354M (57%)        2354M (57%)    
[83.053s][info][gc,heap     ] GC(6)      Free:     2930M (72%)        2910M (71%)        3766M (92%)        3894M (95%)        3894M (95%)        2898M (71%)    
[83.055s][info][gc,heap     ] GC(6)      Used:     1166M (28%)        1186M (29%)         330M (8%)          202M (5%)         1198M (29%)         202M (5%)     
[83.063s][info][gc,heap     ] GC(6)      Live:         -               128M (3%)          128M (3%)          128M (3%)             -                  -          
[83.065s][info][gc,heap     ] GC(6) Allocated:         -                20M (0%)           32M (1%)           31M (1%)             -                  -          
[83.066s][info][gc,heap     ] GC(6)   Garbage:         -              1037M (25%)         169M (4%)           41M (1%)             -                  -          
[83.068s][info][gc,heap     ] GC(6) Reclaimed:         -                  -               868M (21%)         995M (24%)            -                  -          
[83.071s][info][gc          ] GC(6) Garbage Collection (Allocation Rate) 1166M(28%)->202M(5%)
[83.109s][info][gc,start    ] GC(7) Garbage Collection (Allocation Rate)
[83.111s][info][gc,task     ] GC(7) Using 2 workers
[83.114s][info][gc,phases   ] GC(7) Pause Mark Start 0.016ms
[83.433s][info][gc,phases   ] GC(7) Concurrent Mark 315.543ms
[83.436s][info][gc,phases   ] GC(7) Pause Mark End 0.034ms
[83.437s][info][gc,phases   ] GC(7) Concurrent Mark Free 0.003ms
[83.466s][info][gc,phases   ] GC(7) Concurrent Process Non-Strong References 28.298ms
[83.468s][info][gc,phases   ] GC(7) Concurrent Reset Relocation Set 0.016ms
[83.476s][info][gc,phases   ] GC(7) Concurrent Select Relocation Set 5.151ms
[83.478s][info][gc,phases   ] GC(7) Pause Relocate Start 0.015ms
[83.485s][info][gc,phases   ] GC(7) Concurrent Relocate 2.644ms
[83.486s][info][gc,load     ] GC(7) Load: 11.37/5.52/3.47
[83.488s][info][gc,mmu      ] GC(7) MMU: 2ms/94.3%, 5ms/97.7%, 10ms/98.9%, 20ms/99.4%, 50ms/99.8%, 100ms/99.9%
[83.490s][info][gc,marking  ] GC(7) Mark: 2 stripe(s), 2 proactive flush(es), 1 terminate flush(es), 0 completion(s), 0 continuation(s) 
[83.492s][info][gc,marking  ] GC(7) Mark Stack Usage: 32M
[83.494s][info][gc,nmethod  ] GC(7) NMethods: 6484 registered, 5 unregistered
[83.495s][info][gc,metaspace] GC(7) Metaspace: 52M used, 52M committed, 1072M reserved
[83.497s][info][gc,ref      ] GC(7) Soft: 5016 encountered, 0 discovered, 0 enqueued
[83.498s][info][gc,ref      ] GC(7) Weak: 3170 encountered, 1028 discovered, 0 enqueued
[83.500s][info][gc,ref      ] GC(7) Final: 83 encountered, 0 discovered, 0 enqueued
[83.501s][info][gc,ref      ] GC(7) Phantom: 492 encountered, 276 discovered, 0 enqueued
[83.503s][info][gc,reloc    ] GC(7) Small Pages: 62 / 124M, Empty: 0M, Relocated: 1M, In-Place: 0
[83.505s][info][gc,reloc    ] GC(7) Medium Pages: 1 / 32M, Empty: 0M, Relocated: 0M, In-Place: 0
[83.506s][info][gc,reloc    ] GC(7) Large Pages: 3 / 46M, Empty: 12M, Relocated: 0M, In-Place: 0
[83.507s][info][gc,reloc    ] GC(7) Forwarding Usage: 0M
[83.509s][info][gc,heap     ] GC(7) Min Capacity: 256M(6%)
[83.511s][info][gc,heap     ] GC(7) Max Capacity: 4096M(100%)
[83.512s][info][gc,heap     ] GC(7) Soft Max Capacity: 4096M(100%)
[83.514s][info][gc,heap     ] GC(7)                Mark Start          Mark End        Relocate Start      Relocate End           High               Low         
[83.515s][info][gc,heap     ] GC(7)  Capacity:     2354M (57%)        2354M (57%)        2354M (57%)        2354M (57%)        2354M (57%)        2354M (57%)    
[83.518s][info][gc,heap     ] GC(7)      Free:     3894M (95%)        3878M (95%)        3888M (95%)        3904M (95%)        3904M (95%)        3876M (95%)    
[83.520s][info][gc,heap     ] GC(7)      Used:      202M (5%)          218M (5%)          208M (5%)          192M (5%)          220M (5%)          192M (5%)     
[83.521s][info][gc,heap     ] GC(7)      Live:         -               128M (3%)          128M (3%)          128M (3%)             -                  -          
[83.523s][info][gc,heap     ] GC(7) Allocated:         -                16M (0%)           18M (0%)           19M (0%)             -                  -          
[83.525s][info][gc,heap     ] GC(7)   Garbage:         -                73M (2%)           61M (2%)           43M (1%)             -                  -          
[83.526s][info][gc,heap     ] GC(7) Reclaimed:         -                  -                12M (0%)           29M (1%)             -                  -          
[83.530s][info][gc          ] GC(7) Garbage Collection (Allocation Rate) 202M(5%)->192M(5%)
[90.209s][info][gc,stats    ] === Garbage Collection Statistics =======================================================================================================================
[90.212s][info][gc,stats    ]                                                              Last 10s              Last 10m              Last 10h                Total
[90.213s][info][gc,stats    ]                                                              Avg / Max             Avg / Max             Avg / Max             Avg / Max
[90.215s][info][gc,stats    ]   Collector: Garbage Collection Cycle                    392.924 / 408.648    1411.536 / 3012.479   1411.536 / 3012.479   1411.536 / 3012.479    ms
[90.216s][info][gc,stats    ]  Contention: Mark Segment Reset Contention                     0 / 1                 0 / 1                 0 / 1                 0 / 1           ops/s
[90.218s][info][gc,stats    ]  Contention: Mark SeqNum Reset Contention                      0 / 0                 0 / 0                 0 / 0                 0 / 0           ops/s
[90.220s][info][gc,stats    ]    Critical: Allocation Stall                                  0 / 0                 0 / 0                 0 / 0                 0 / 0           ops/s
[90.223s][info][gc,stats    ]    Critical: Allocation Stall                              0.000 / 0.000         0.000 / 0.000         0.000 / 0.000         0.000 / 0.000       ms
[90.225s][info][gc,stats    ]    Critical: GC Locker Stall                                   0 / 0                 0 / 1                 0 / 1                 0 / 1           ops/s
[90.228s][info][gc,stats    ]    Critical: GC Locker Stall                               0.000 / 0.000         2.267 / 3.375         2.267 / 3.375         2.267 / 3.375       ms
[90.229s][info][gc,stats    ]    Critical: Relocation Stall                                  0 / 0                 0 / 0                 0 / 0                 0 / 0           ops/s
[90.232s][info][gc,stats    ]    Critical: Relocation Stall                              0.000 / 0.000         0.000 / 0.000         0.000 / 0.000         0.000 / 0.000       ms
[90.233s][info][gc,stats    ]      Memory: Allocation Rate                                  75 / 522              60 / 522              60 / 522              60 / 522         MB/s
[90.238s][info][gc,stats    ]      Memory: Out Of Memory                                     0 / 0                 0 / 0                 0 / 0                 0 / 0           ops/s
[90.241s][info][gc,stats    ]      Memory: Page Cache Flush                                  0 / 0                 0 / 0                 0 / 0                 0 / 0           MB/s
[90.242s][info][gc,stats    ]      Memory: Page Cache Hit L1                                13 / 54               11 / 158              11 / 158              11 / 158         ops/s
[90.244s][info][gc,stats    ]      Memory: Page Cache Hit L2                                 0 / 0                 0 / 0                 0 / 0                 0 / 0           ops/s
[90.245s][info][gc,stats    ]      Memory: Page Cache Hit L3                                 0 / 0                 1 / 25                1 / 25                1 / 25          ops/s
[90.246s][info][gc,stats    ]      Memory: Page Cache Miss                                   0 / 0                 5 / 75                5 / 75                5 / 75          ops/s
[90.247s][info][gc,stats    ]      Memory: Uncommit                                          0 / 0                 0 / 0                 0 / 0                 0 / 0           MB/s
[90.248s][info][gc,stats    ]      Memory: Undo Object Allocation Failed                     0 / 0                 0 / 0                 0 / 0                 0 / 0           ops/s
[90.250s][info][gc,stats    ]      Memory: Undo Object Allocation Succeeded                  0 / 0                 0 / 7                 0 / 7                 0 / 7           ops/s
[90.253s][info][gc,stats    ]      Memory: Undo Page Allocation                              0 / 0                 1 / 18                1 / 18                1 / 18          ops/s
[90.255s][info][gc,stats    ]       Phase: Concurrent Mark                             307.483 / 315.543    1106.401 / 2323.781   1106.401 / 2323.781   1106.401 / 2323.781    ms
[90.256s][info][gc,stats    ]       Phase: Concurrent Mark Continue                      0.000 / 0.000         0.000 / 0.000         0.000 / 0.000         0.000 / 0.000       ms
[90.258s][info][gc,stats    ]       Phase: Concurrent Mark Free                          0.003 / 0.003         0.003 / 0.005         0.003 / 0.005         0.003 / 0.005       ms
[90.260s][info][gc,stats    ]       Phase: Concurrent Process Non-Strong References     38.786 / 49.275       62.905 / 112.598      62.905 / 112.598      62.905 / 112.598     ms
[90.261s][info][gc,stats    ]       Phase: Concurrent Relocate                           6.277 / 9.910       145.321 / 714.014     145.321 / 714.014     145.321 / 714.014     ms
[90.262s][info][gc,stats    ]       Phase: Concurrent Reset Relocation Set               0.016 / 0.016         0.063 / 0.309         0.063 / 0.309         0.063 / 0.309       ms
[90.263s][info][gc,stats    ]       Phase: Concurrent Select Relocation Set              6.859 / 8.566        53.177 / 294.604      53.177 / 294.604      53.177 / 294.604     ms
[90.265s][info][gc,stats    ]       Phase: Pause Mark End                                0.030 / 0.034         0.034 / 0.068         0.034 / 0.068         0.034 / 0.068       ms
[90.266s][info][gc,stats    ]       Phase: Pause Mark Start                              0.055 / 0.094         0.043 / 0.114         0.043 / 0.114         0.043 / 0.114       ms
[90.268s][info][gc,stats    ]       Phase: Pause Relocate Start                          0.015 / 0.015         0.016 / 0.020         0.016 / 0.020         0.016 / 0.020       ms
[90.269s][info][gc,stats    ]    Subphase: Concurrent Classes Purge                      2.144 / 2.709         2.687 / 8.008         2.687 / 8.008         2.687 / 8.008       ms
[90.271s][info][gc,stats    ]    Subphase: Concurrent Classes Unlink                    24.558 / 25.244       37.445 / 57.923       37.445 / 57.923       37.445 / 57.923      ms
[90.272s][info][gc,stats    ]    Subphase: Concurrent Mark                             293.504 / 309.499    1076.860 / 2316.627   1076.860 / 2316.627   1076.860 / 2316.627    ms
[90.274s][info][gc,stats    ]    Subphase: Concurrent Mark Try Flush                     0.837 / 4.980         9.278 / 62.746        9.278 / 62.746        9.278 / 62.746      ms
[90.276s][info][gc,stats    ]    Subphase: Concurrent Mark Try Terminate                 1.446 / 9.246         2.869 / 31.245        2.869 / 31.245        2.869 / 31.245      ms
[90.277s][info][gc,stats    ]    Subphase: Concurrent References Enqueue                 0.189 / 0.377         0.168 / 0.853         0.168 / 0.853         0.168 / 0.853       ms
[90.278s][info][gc,stats    ]    Subphase: Concurrent References Process                 1.039 / 1.694         2.186 / 8.543         2.186 / 8.543         2.186 / 8.543       ms
[90.280s][info][gc,stats    ]    Subphase: Concurrent Roots ClassLoaderDataGraph         0.658 / 1.124         1.015 / 5.194         1.015 / 5.194         1.015 / 5.194       ms
[90.282s][info][gc,stats    ]    Subphase: Concurrent Roots CodeCache                    0.000 / 0.000         0.000 / 0.000         0.000 / 0.000         0.000 / 0.000       ms
[90.283s][info][gc,stats    ]    Subphase: Concurrent Roots JavaThreads                  7.682 / 13.100       16.741 / 65.654       16.741 / 65.654       16.741 / 65.654      ms
[90.284s][info][gc,stats    ]    Subphase: Concurrent Roots OopStorageSet                0.127 / 0.127         5.732 / 61.934        5.732 / 61.934        5.732 / 61.934      ms
[90.285s][info][gc,stats    ]    Subphase: Concurrent Weak Roots OopStorageSet           2.755 / 4.184         3.140 / 10.261        3.140 / 10.261        3.140 / 10.261      ms
[90.289s][info][gc,stats    ]    Subphase: Pause Mark Try Complete                       0.000 / 0.000         0.000 / 0.000         0.000 / 0.000         0.000 / 0.000       ms
[90.292s][info][gc,stats    ]      System: Java Threads                                     88 / 88               69 / 89               69 / 89               69 / 89          threads
[90.293s][info][gc,stats    ] =========================================================================================================================================================
[93.809s][info][gc,start    ] GC(8) Garbage Collection (Allocation Rate)
[93.815s][info][gc,task     ] GC(8) Using 2 workers
[93.819s][info][gc,phases   ] GC(8) Pause Mark Start 0.020ms
[94.203s][info][gc,phases   ] GC(8) Concurrent Mark 381.650ms
[94.207s][info][gc,phases   ] GC(8) Pause Mark End 0.040ms
[94.210s][info][gc,phases   ] GC(8) Concurrent Mark Free 0.004ms
[94.241s][info][gc,phases   ] GC(8) Concurrent Process Non-Strong References 29.731ms
[94.244s][info][gc,phases   ] GC(8) Concurrent Reset Relocation Set 0.006ms
[94.254s][info][gc,phases   ] GC(8) Concurrent Select Relocation Set 8.220ms
[94.256s][info][gc,phases   ] GC(8) Pause Relocate Start 0.018ms
[94.269s][info][gc,phases   ] GC(8) Concurrent Relocate 9.831ms
[94.276s][info][gc,load     ] GC(8) Load: 10.22/5.47/3.48
[94.280s][info][gc,mmu      ] GC(8) MMU: 2ms/94.3%, 5ms/97.7%, 10ms/98.9%, 20ms/99.4%, 50ms/99.8%, 100ms/99.9%
[94.282s][info][gc,marking  ] GC(8) Mark: 2 stripe(s), 2 proactive flush(es), 1 terminate flush(es), 0 completion(s), 0 continuation(s) 
[94.283s][info][gc,marking  ] GC(8) Mark Stack Usage: 32M
[94.285s][info][gc,nmethod  ] GC(8) NMethods: 6603 registered, 5 unregistered
[94.286s][info][gc,metaspace] GC(8) Metaspace: 52M used, 52M committed, 1072M reserved
[94.288s][info][gc,ref      ] GC(8) Soft: 5016 encountered, 0 discovered, 0 enqueued
[94.290s][info][gc,ref      ] GC(8) Weak: 3175 encountered, 373 discovered, 3 enqueued
[94.291s][info][gc,ref      ] GC(8) Final: 85 encountered, 2 discovered, 2 enqueued
[94.293s][info][gc,ref      ] GC(8) Phantom: 490 encountered, 415 discovered, 0 enqueued
[94.295s][info][gc,reloc    ] GC(8) Small Pages: 141 / 282M, Empty: 60M, Relocated: 4M, In-Place: 0
[94.297s][info][gc,reloc    ] GC(8) Medium Pages: 1 / 32M, Empty: 0M, Relocated: 0M, In-Place: 0
[94.299s][info][gc,reloc    ] GC(8) Large Pages: 49 / 622M, Empty: 588M, Relocated: 0M, In-Place: 0
[94.301s][info][gc,reloc    ] GC(8) Forwarding Usage: 1M
[94.305s][info][gc,heap     ] GC(8) Min Capacity: 256M(6%)
[94.308s][info][gc,heap     ] GC(8) Max Capacity: 4096M(100%)
[94.309s][info][gc,heap     ] GC(8) Soft Max Capacity: 4096M(100%)
[94.312s][info][gc,heap     ] GC(8)                Mark Start          Mark End        Relocate Start      Relocate End           High               Low         
[94.314s][info][gc,heap     ] GC(8)  Capacity:     2354M (57%)        2354M (57%)        2354M (57%)        2354M (57%)        2354M (57%)        2354M (57%)    
[94.316s][info][gc,heap     ] GC(8)      Free:     3160M (77%)        3130M (76%)        3778M (92%)        3892M (95%)        3892M (95%)        3130M (76%)    
[94.317s][info][gc,heap     ] GC(8)      Used:      936M (23%)         966M (24%)         318M (8%)          204M (5%)          966M (24%)         204M (5%)     
[94.320s][info][gc,heap     ] GC(8)      Live:         -               128M (3%)          128M (3%)          128M (3%)             -                  -          
[94.322s][info][gc,heap     ] GC(8) Allocated:         -                30M (1%)           30M (1%)           31M (1%)             -                  -          
[94.325s][info][gc,heap     ] GC(8)   Garbage:         -               807M (20%)         159M (4%)           43M (1%)             -                  -          
[94.326s][info][gc,heap     ] GC(8) Reclaimed:         -                  -               648M (16%)         763M (19%)            -                  -          
[94.328s][info][gc          ] GC(8) Garbage Collection (Allocation Rate) 936M(23%)->204M(5%)
[100.208s][info][gc,stats    ] === Garbage Collection Statistics =======================================================================================================================
[100.211s][info][gc,stats    ]                                                              Last 10s              Last 10m              Last 10h                Total
[100.214s][info][gc,stats    ]                                                              Avg / Max             Avg / Max             Avg / Max             Avg / Max
[100.216s][info][gc,stats    ]   Collector: Garbage Collection Cycle                    466.883 / 466.883    1306.574 / 3012.479   1306.574 / 3012.479   1306.574 / 3012.479    ms
[100.218s][info][gc,stats    ]  Contention: Mark Segment Reset Contention                     0 / 0                 0 / 1                 0 / 1                 0 / 1           ops/s
[100.219s][info][gc,stats    ]  Contention: Mark SeqNum Reset Contention                      0 / 0                 0 / 0                 0 / 0                 0 / 0           ops/s
[100.223s][info][gc,stats    ]    Critical: Allocation Stall                                  0 / 0                 0 / 0                 0 / 0                 0 / 0           ops/s
[100.229s][info][gc,stats    ]    Critical: Allocation Stall                              0.000 / 0.000         0.000 / 0.000         0.000 / 0.000         0.000 / 0.000       ms
[100.230s][info][gc,stats    ]    Critical: GC Locker Stall                                   0 / 0                 0 / 1                 0 / 1                 0 / 1           ops/s
[100.232s][info][gc,stats    ]    Critical: GC Locker Stall                               0.000 / 0.000         2.267 / 3.375         2.267 / 3.375         2.267 / 3.375       ms
[100.234s][info][gc,stats    ]    Critical: Relocation Stall                                  0 / 0                 0 / 0                 0 / 0                 0 / 0           ops/s
[100.235s][info][gc,stats    ]    Critical: Relocation Stall                              0.000 / 0.000         0.000 / 0.000         0.000 / 0.000         0.000 / 0.000       ms
[100.237s][info][gc,stats    ]      Memory: Allocation Rate                                  75 / 518              62 / 522              62 / 522              62 / 522         MB/s
[100.239s][info][gc,stats    ]      Memory: Out Of Memory                                     0 / 0                 0 / 0                 0 / 0                 0 / 0           ops/s
[100.243s][info][gc,stats    ]      Memory: Page Cache Flush                                  0 / 0                 0 / 0                 0 / 0                 0 / 0           MB/s
[100.245s][info][gc,stats    ]      Memory: Page Cache Hit L1                                13 / 49               12 / 158              12 / 158              12 / 158         ops/s
[100.247s][info][gc,stats    ]      Memory: Page Cache Hit L2                                 0 / 0                 0 / 0                 0 / 0                 0 / 0           ops/s
[100.250s][info][gc,stats    ]      Memory: Page Cache Hit L3                                 0 / 0                 1 / 25                1 / 25                1 / 25          ops/s
[100.252s][info][gc,stats    ]      Memory: Page Cache Miss                                   0 / 0                 5 / 75                5 / 75                5 / 75          ops/s
[100.254s][info][gc,stats    ]      Memory: Uncommit                                          0 / 0                 0 / 0                 0 / 0                 0 / 0           MB/s
[100.258s][info][gc,stats    ]      Memory: Undo Object Allocation Failed                     0 / 0                 0 / 0                 0 / 0                 0 / 0           ops/s
[100.260s][info][gc,stats    ]      Memory: Undo Object Allocation Succeeded                  0 / 1                 0 / 7                 0 / 7                 0 / 7           ops/s
[100.261s][info][gc,stats    ]      Memory: Undo Page Allocation                              0 / 2                 1 / 18                1 / 18                1 / 18          ops/s
[100.287s][info][gc,stats    ]       Phase: Concurrent Mark                             381.650 / 381.650    1025.873 / 2323.781   1025.873 / 2323.781   1025.873 / 2323.781    ms
[100.289s][info][gc,stats    ]       Phase: Concurrent Mark Continue                      0.000 / 0.000         0.000 / 0.000         0.000 / 0.000         0.000 / 0.000       ms
[100.290s][info][gc,stats    ]       Phase: Concurrent Mark Free                          0.004 / 0.004         0.003 / 0.005         0.003 / 0.005         0.003 / 0.005       ms
[100.291s][info][gc,stats    ]       Phase: Concurrent Process Non-Strong References     29.731 / 29.731       59.219 / 112.598      59.219 / 112.598      59.219 / 112.598     ms
[100.293s][info][gc,stats    ]       Phase: Concurrent Relocate                           9.831 / 9.831       130.267 / 714.014     130.267 / 714.014     130.267 / 714.014     ms
[100.297s][info][gc,stats    ]       Phase: Concurrent Reset Relocation Set               0.006 / 0.006         0.057 / 0.309         0.057 / 0.309         0.057 / 0.309       ms
[100.299s][info][gc,stats    ]       Phase: Concurrent Select Relocation Set              8.220 / 8.220        48.182 / 294.604      48.182 / 294.604      48.182 / 294.604     ms
[100.301s][info][gc,stats    ]       Phase: Pause Mark End                                0.040 / 0.040         0.035 / 0.068         0.035 / 0.068         0.035 / 0.068       ms
[100.303s][info][gc,stats    ]       Phase: Pause Mark Start                              0.020 / 0.020         0.040 / 0.114         0.040 / 0.114         0.040 / 0.114       ms
[100.304s][info][gc,stats    ]       Phase: Pause Relocate Start                          0.018 / 0.018         0.016 / 0.020         0.016 / 0.020         0.016 / 0.020       ms
[100.305s][info][gc,stats    ]    Subphase: Concurrent Classes Purge                      1.429 / 1.429         2.547 / 8.008         2.547 / 8.008         2.547 / 8.008       ms
[100.331s][info][gc,stats    ]    Subphase: Concurrent Classes Unlink                    22.405 / 22.405       35.774 / 57.923       35.774 / 57.923       35.774 / 57.923      ms
[100.334s][info][gc,stats    ]    Subphase: Concurrent Mark                             363.174 / 364.662     997.561 / 2316.627    997.561 / 2316.627    997.561 / 2316.627    ms
[100.336s][info][gc,stats    ]    Subphase: Concurrent Mark Try Flush                     0.436 / 0.569         8.449 / 62.746        8.449 / 62.746        8.449 / 62.746      ms
[100.343s][info][gc,stats    ]    Subphase: Concurrent Mark Try Terminate                 0.541 / 1.140         2.841 / 31.245        2.841 / 31.245        2.841 / 31.245      ms
[100.398s][info][gc,stats    ]    Subphase: Concurrent References Enqueue                 0.009 / 0.009         0.151 / 0.853         0.151 / 0.853         0.151 / 0.853       ms
[100.413s][info][gc,stats    ]    Subphase: Concurrent References Process                 1.111 / 1.111         2.066 / 8.543         2.066 / 8.543         2.066 / 8.543       ms
[100.448s][info][gc,stats    ]    Subphase: Concurrent Roots ClassLoaderDataGraph         0.927 / 0.927         1.008 / 5.194         1.008 / 5.194         1.008 / 5.194       ms
[100.451s][info][gc,stats    ]    Subphase: Concurrent Roots CodeCache                    0.000 / 0.000         0.000 / 0.000         0.000 / 0.000         0.000 / 0.000       ms
[100.459s][info][gc,stats    ]    Subphase: Concurrent Roots JavaThreads                  9.788 / 10.911       15.968 / 65.654       15.968 / 65.654       15.968 / 65.654      ms
[100.464s][info][gc,stats    ]    Subphase: Concurrent Roots OopStorageSet                0.123 / 0.123         5.264 / 61.934        5.264 / 61.934        5.264 / 61.934      ms
[100.474s][info][gc,stats    ]    Subphase: Concurrent Weak Roots OopStorageSet           1.558 / 1.593         2.954 / 10.261        2.954 / 10.261        2.954 / 10.261      ms
[100.477s][info][gc,stats    ]    Subphase: Pause Mark Try Complete                       0.000 / 0.000         0.000 / 0.000         0.000 / 0.000         0.000 / 0.000       ms
[100.491s][info][gc,stats    ]      System: Java Threads                                     87 / 87               71 / 89               71 / 89               71 / 89          threads
[100.494s][info][gc,stats    ] =========================================================================================================================================================
[110.209s][info][gc,stats    ] === Garbage Collection Statistics =======================================================================================================================
[110.211s][info][gc,stats    ]                                                              Last 10s              Last 10m              Last 10h                Total
[110.213s][info][gc,stats    ]                                                              Avg / Max             Avg / Max             Avg / Max             Avg / Max
[110.215s][info][gc,stats    ]   Collector: Garbage Collection Cycle                      0.000 / 0.000      1306.574 / 3012.479   1306.574 / 3012.479   1306.574 / 3012.479    ms
[110.217s][info][gc,stats    ]  Contention: Mark Segment Reset Contention                     0 / 0                 0 / 1                 0 / 1                 0 / 1           ops/s
[110.219s][info][gc,stats    ]  Contention: Mark SeqNum Reset Contention                      0 / 0                 0 / 0                 0 / 0                 0 / 0           ops/s
[110.221s][info][gc,stats    ]    Critical: Allocation Stall                                  0 / 0                 0 / 0                 0 / 0                 0 / 0           ops/s
[110.223s][info][gc,stats    ]    Critical: Allocation Stall                              0.000 / 0.000         0.000 / 0.000         0.000 / 0.000         0.000 / 0.000       ms
[110.225s][info][gc,stats    ]    Critical: GC Locker Stall                                   0 / 0                 0 / 1                 0 / 1                 0 / 1           ops/s
[110.227s][info][gc,stats    ]    Critical: GC Locker Stall                               0.000 / 0.000         2.267 / 3.375         2.267 / 3.375         2.267 / 3.375       ms
[110.230s][info][gc,stats    ]    Critical: Relocation Stall                                  0 / 0                 0 / 0                 0 / 0                 0 / 0           ops/s
[110.231s][info][gc,stats    ]    Critical: Relocation Stall                              0.000 / 0.000         0.000 / 0.000         0.000 / 0.000         0.000 / 0.000       ms
[110.233s][info][gc,stats    ]      Memory: Allocation Rate                                  71 / 486              63 / 522              63 / 522              63 / 522         MB/s
[110.236s][info][gc,stats    ]      Memory: Out Of Memory                                     0 / 0                 0 / 0                 0 / 0                 0 / 0           ops/s
[110.241s][info][gc,stats    ]      Memory: Page Cache Flush                                  0 / 0                 0 / 0                 0 / 0                 0 / 0           MB/s
[110.244s][info][gc,stats    ]      Memory: Page Cache Hit L1                                11 / 33               12 / 158              12 / 158              12 / 158         ops/s
[110.246s][info][gc,stats    ]      Memory: Page Cache Hit L2                                 0 / 0                 0 / 0                 0 / 0                 0 / 0           ops/s
[110.248s][info][gc,stats    ]      Memory: Page Cache Hit L3                                 0 / 0                 1 / 25                1 / 25                1 / 25          ops/s
[110.250s][info][gc,stats    ]      Memory: Page Cache Miss                                   0 / 0                 4 / 75                4 / 75                4 / 75          ops/s
[110.252s][info][gc,stats    ]      Memory: Uncommit                                          0 / 0                 0 / 0                 0 / 0                 0 / 0           MB/s
[110.256s][info][gc,stats    ]      Memory: Undo Object Allocation Failed                     0 / 0                 0 / 0                 0 / 0                 0 / 0           ops/s
[110.257s][info][gc,stats    ]      Memory: Undo Object Allocation Succeeded                  0 / 0                 0 / 7                 0 / 7                 0 / 7           ops/s
[110.259s][info][gc,stats    ]      Memory: Undo Page Allocation                              0 / 0                 1 / 18                1 / 18                1 / 18          ops/s
[110.262s][info][gc,stats    ]       Phase: Concurrent Mark                               0.000 / 0.000      1025.873 / 2323.781   1025.873 / 2323.781   1025.873 / 2323.781    ms
[110.263s][info][gc,stats    ]       Phase: Concurrent Mark Continue                      0.000 / 0.000         0.000 / 0.000         0.000 / 0.000         0.000 / 0.000       ms
[110.265s][info][gc,stats    ]       Phase: Concurrent Mark Free                          0.000 / 0.000         0.003 / 0.005         0.003 / 0.005         0.003 / 0.005       ms
[110.267s][info][gc,stats    ]       Phase: Concurrent Process Non-Strong References      0.000 / 0.000        59.219 / 112.598      59.219 / 112.598      59.219 / 112.598     ms
[110.269s][info][gc,stats    ]       Phase: Concurrent Relocate                           0.000 / 0.000       130.267 / 714.014     130.267 / 714.014     130.267 / 714.014     ms
[110.271s][info][gc,stats    ]       Phase: Concurrent Reset Relocation Set               0.000 / 0.000         0.057 / 0.309         0.057 / 0.309         0.057 / 0.309       ms
[110.273s][info][gc,stats    ]       Phase: Concurrent Select Relocation Set              0.000 / 0.000        48.182 / 294.604      48.182 / 294.604      48.182 / 294.604     ms
[110.275s][info][gc,stats    ]       Phase: Pause Mark End                                0.000 / 0.000         0.035 / 0.068         0.035 / 0.068         0.035 / 0.068       ms
[110.276s][info][gc,stats    ]       Phase: Pause Mark Start                              0.000 / 0.000         0.040 / 0.114         0.040 / 0.114         0.040 / 0.114       ms
[110.278s][info][gc,stats    ]       Phase: Pause Relocate Start                          0.000 / 0.000         0.016 / 0.020         0.016 / 0.020         0.016 / 0.020       ms
[110.280s][info][gc,stats    ]    Subphase: Concurrent Classes Purge                      0.000 / 0.000         2.547 / 8.008         2.547 / 8.008         2.547 / 8.008       ms
[110.282s][info][gc,stats    ]    Subphase: Concurrent Classes Unlink                     0.000 / 0.000        35.774 / 57.923       35.774 / 57.923       35.774 / 57.923      ms
[110.283s][info][gc,stats    ]    Subphase: Concurrent Mark                               0.000 / 0.000       997.561 / 2316.627    997.561 / 2316.627    997.561 / 2316.627    ms
[110.285s][info][gc,stats    ]    Subphase: Concurrent Mark Try Flush                     0.000 / 0.000         8.449 / 62.746        8.449 / 62.746        8.449 / 62.746      ms
[110.286s][info][gc,stats    ]    Subphase: Concurrent Mark Try Terminate                 0.000 / 0.000         2.841 / 31.245        2.841 / 31.245        2.841 / 31.245      ms
[110.288s][info][gc,stats    ]    Subphase: Concurrent References Enqueue                 0.000 / 0.000         0.151 / 0.853         0.151 / 0.853         0.151 / 0.853       ms
[110.290s][info][gc,stats    ]    Subphase: Concurrent References Process                 0.000 / 0.000         2.066 / 8.543         2.066 / 8.543         2.066 / 8.543       ms
[110.292s][info][gc,stats    ]    Subphase: Concurrent Roots ClassLoaderDataGraph         0.000 / 0.000         1.008 / 5.194         1.008 / 5.194         1.008 / 5.194       ms
[110.293s][info][gc,stats    ]    Subphase: Concurrent Roots CodeCache                    0.000 / 0.000         0.000 / 0.000         0.000 / 0.000         0.000 / 0.000       ms
[110.296s][info][gc,stats    ]    Subphase: Concurrent Roots JavaThreads                  0.000 / 0.000        15.968 / 65.654       15.968 / 65.654       15.968 / 65.654      ms
[110.300s][info][gc,stats    ]    Subphase: Concurrent Roots OopStorageSet                0.000 / 0.000         5.264 / 61.934        5.264 / 61.934        5.264 / 61.934      ms
[110.301s][info][gc,stats    ]    Subphase: Concurrent Weak Roots OopStorageSet           0.000 / 0.000         2.954 / 10.261        2.954 / 10.261        2.954 / 10.261      ms
[110.302s][info][gc,stats    ]    Subphase: Pause Mark Try Complete                       0.000 / 0.000         0.000 / 0.000         0.000 / 0.000         0.000 / 0.000       ms
[110.304s][info][gc,stats    ]      System: Java Threads                                      0 / 0                71 / 89               71 / 89               71 / 89          threads
[110.306s][info][gc,stats    ] =========================================================================================================================================================
[120.209s][info][gc,stats    ] === Garbage Collection Statistics =======================================================================================================================
[120.211s][info][gc,stats    ]                                                              Last 10s              Last 10m              Last 10h                Total
[120.212s][info][gc,stats    ]                                                              Avg / Max             Avg / Max             Avg / Max             Avg / Max
[120.213s][info][gc,stats    ]   Collector: Garbage Collection Cycle                      0.000 / 0.000      1306.574 / 3012.479   1306.574 / 3012.479   1306.574 / 3012.479    ms
[120.215s][info][gc,stats    ]  Contention: Mark Segment Reset Contention                     0 / 0                 0 / 1                 0 / 1                 0 / 1           ops/s
[120.216s][info][gc,stats    ]  Contention: Mark SeqNum Reset Contention                      0 / 0                 0 / 0                 0 / 0                 0 / 0           ops/s
[120.217s][info][gc,stats    ]    Critical: Allocation Stall                                  0 / 0                 0 / 0                 0 / 0                 0 / 0           ops/s
[120.219s][info][gc,stats    ]    Critical: Allocation Stall                              0.000 / 0.000         0.000 / 0.000         0.000 / 0.000         0.000 / 0.000       ms
[120.220s][info][gc,stats    ]    Critical: GC Locker Stall                                   0 / 0                 0 / 1                 0 / 1                 0 / 1           ops/s
[120.221s][info][gc,stats    ]    Critical: GC Locker Stall                               0.000 / 0.000         2.267 / 3.375         2.267 / 3.375         2.267 / 3.375       ms
[120.223s][info][gc,stats    ]    Critical: Relocation Stall                                  0 / 0                 0 / 0                 0 / 0                 0 / 0           ops/s
[120.224s][info][gc,stats    ]    Critical: Relocation Stall                              0.000 / 0.000         0.000 / 0.000         0.000 / 0.000         0.000 / 0.000       ms
[120.225s][info][gc,stats    ]      Memory: Allocation Rate                                  72 / 488              63 / 522              63 / 522              63 / 522         MB/s
[120.226s][info][gc,stats    ]      Memory: Out Of Memory                                     0 / 0                 0 / 0                 0 / 0                 0 / 0           ops/s
[120.227s][info][gc,stats    ]      Memory: Page Cache Flush                                  0 / 0                 0 / 0                 0 / 0                 0 / 0           MB/s
[120.228s][info][gc,stats    ]      Memory: Page Cache Hit L1                                11 / 34               11 / 158              11 / 158              11 / 158         ops/s
[120.229s][info][gc,stats    ]      Memory: Page Cache Hit L2                                 0 / 0                 0 / 0                 0 / 0                 0 / 0           ops/s
[120.230s][info][gc,stats    ]      Memory: Page Cache Hit L3                                 0 / 0                 1 / 25                1 / 25                1 / 25          ops/s
[120.232s][info][gc,stats    ]      Memory: Page Cache Miss                                   0 / 2                 4 / 75                4 / 75                4 / 75          ops/s
[120.233s][info][gc,stats    ]      Memory: Uncommit                                          0 / 0                 0 / 0                 0 / 0                 0 / 0           MB/s
[120.235s][info][gc,stats    ]      Memory: Undo Object Allocation Failed                     0 / 0                 0 / 0                 0 / 0                 0 / 0           ops/s
[120.236s][info][gc,stats    ]      Memory: Undo Object Allocation Succeeded                  0 / 0                 0 / 7                 0 / 7                 0 / 7           ops/s
[120.237s][info][gc,stats    ]      Memory: Undo Page Allocation                              0 / 0                 0 / 18                0 / 18                0 / 18          ops/s
[120.238s][info][gc,stats    ]       Phase: Concurrent Mark                               0.000 / 0.000      1025.873 / 2323.781   1025.873 / 2323.781   1025.873 / 2323.781    ms
[120.239s][info][gc,stats    ]       Phase: Concurrent Mark Continue                      0.000 / 0.000         0.000 / 0.000         0.000 / 0.000         0.000 / 0.000       ms
[120.240s][info][gc,stats    ]       Phase: Concurrent Mark Free                          0.000 / 0.000         0.003 / 0.005         0.003 / 0.005         0.003 / 0.005       ms
[120.241s][info][gc,stats    ]       Phase: Concurrent Process Non-Strong References      0.000 / 0.000        59.219 / 112.598      59.219 / 112.598      59.219 / 112.598     ms
[120.242s][info][gc,stats    ]       Phase: Concurrent Relocate                           0.000 / 0.000       130.267 / 714.014     130.267 / 714.014     130.267 / 714.014     ms
[120.243s][info][gc,stats    ]       Phase: Concurrent Reset Relocation Set               0.000 / 0.000         0.057 / 0.309         0.057 / 0.309         0.057 / 0.309       ms
[120.244s][info][gc,stats    ]       Phase: Concurrent Select Relocation Set              0.000 / 0.000        48.182 / 294.604      48.182 / 294.604      48.182 / 294.604     ms
[120.246s][info][gc,stats    ]       Phase: Pause Mark End                                0.000 / 0.000         0.035 / 0.068         0.035 / 0.068         0.035 / 0.068       ms
[120.247s][info][gc,stats    ]       Phase: Pause Mark Start                              0.000 / 0.000         0.040 / 0.114         0.040 / 0.114         0.040 / 0.114       ms
[120.248s][info][gc,stats    ]       Phase: Pause Relocate Start                          0.000 / 0.000         0.016 / 0.020         0.016 / 0.020         0.016 / 0.020       ms
[120.250s][info][gc,stats    ]    Subphase: Concurrent Classes Purge                      0.000 / 0.000         2.547 / 8.008         2.547 / 8.008         2.547 / 8.008       ms
[120.251s][info][gc,stats    ]    Subphase: Concurrent Classes Unlink                     0.000 / 0.000        35.774 / 57.923       35.774 / 57.923       35.774 / 57.923      ms
[120.252s][info][gc,stats    ]    Subphase: Concurrent Mark                               0.000 / 0.000       997.561 / 2316.627    997.561 / 2316.627    997.561 / 2316.627    ms
[120.253s][info][gc,stats    ]    Subphase: Concurrent Mark Try Flush                     0.000 / 0.000         8.449 / 62.746        8.449 / 62.746        8.449 / 62.746      ms
[120.254s][info][gc,stats    ]    Subphase: Concurrent Mark Try Terminate                 0.000 / 0.000         2.841 / 31.245        2.841 / 31.245        2.841 / 31.245      ms
[120.256s][info][gc,stats    ]    Subphase: Concurrent References Enqueue                 0.000 / 0.000         0.151 / 0.853         0.151 / 0.853         0.151 / 0.853       ms
[120.257s][info][gc,stats    ]    Subphase: Concurrent References Process                 0.000 / 0.000         2.066 / 8.543         2.066 / 8.543         2.066 / 8.543       ms
[120.258s][info][gc,stats    ]    Subphase: Concurrent Roots ClassLoaderDataGraph         0.000 / 0.000         1.008 / 5.194         1.008 / 5.194         1.008 / 5.194       ms
[120.261s][info][gc,stats    ]    Subphase: Concurrent Roots CodeCache                    0.000 / 0.000         0.000 / 0.000         0.000 / 0.000         0.000 / 0.000       ms
[120.262s][info][gc,stats    ]    Subphase: Concurrent Roots JavaThreads                  0.000 / 0.000        15.968 / 65.654       15.968 / 65.654       15.968 / 65.654      ms
[120.264s][info][gc,stats    ]    Subphase: Concurrent Roots OopStorageSet                0.000 / 0.000         5.264 / 61.934        5.264 / 61.934        5.264 / 61.934      ms
[120.265s][info][gc,stats    ]    Subphase: Concurrent Weak Roots OopStorageSet           0.000 / 0.000         2.954 / 10.261        2.954 / 10.261        2.954 / 10.261      ms
[120.266s][info][gc,stats    ]    Subphase: Pause Mark Try Complete                       0.000 / 0.000         0.000 / 0.000         0.000 / 0.000         0.000 / 0.000       ms
[120.267s][info][gc,stats    ]      System: Java Threads                                      0 / 0                71 / 89               71 / 89               71 / 89          threads
[120.268s][info][gc,stats    ] =========================================================================================================================================================
[128.109s][info][gc,start    ] GC(9) Garbage Collection (Allocation Rate)
[128.113s][info][gc,task     ] GC(9) Using 2 workers
[128.120s][info][gc,phases   ] GC(9) Pause Mark Start 0.022ms
[128.388s][info][gc,phases   ] GC(9) Concurrent Mark 266.062ms
[128.390s][info][gc,phases   ] GC(9) Pause Mark End 0.023ms
[128.391s][info][gc,phases   ] GC(9) Concurrent Mark Free 0.002ms
[128.439s][info][gc,phases   ] GC(9) Concurrent Process Non-Strong References 47.378ms
[128.440s][info][gc,phases   ] GC(9) Concurrent Reset Relocation Set 0.014ms
[128.452s][info][gc,phases   ] GC(9) Concurrent Select Relocation Set 10.254ms
[128.456s][info][gc,phases   ] GC(9) Pause Relocate Start 0.086ms
[128.469s][info][gc,phases   ] GC(9) Concurrent Relocate 11.197ms
[128.470s][info][gc,load     ] GC(9) Load: 8.18/5.47/3.55
[128.471s][info][gc,mmu      ] GC(9) MMU: 2ms/94.3%, 5ms/97.7%, 10ms/98.9%, 20ms/99.4%, 50ms/99.8%, 100ms/99.9%
[128.473s][info][gc,marking  ] GC(9) Mark: 2 stripe(s), 2 proactive flush(es), 1 terminate flush(es), 0 completion(s), 0 continuation(s) 
[128.474s][info][gc,marking  ] GC(9) Mark Stack Usage: 32M
[128.476s][info][gc,nmethod  ] GC(9) NMethods: 6839 registered, 5 unregistered
[128.477s][info][gc,metaspace] GC(9) Metaspace: 52M used, 52M committed, 1072M reserved
[128.477s][info][gc,ref      ] GC(9) Soft: 5016 encountered, 0 discovered, 0 enqueued
[128.479s][info][gc,ref      ] GC(9) Weak: 3140 encountered, 352 discovered, 2 enqueued
[128.480s][info][gc,ref      ] GC(9) Final: 90 encountered, 19 discovered, 7 enqueued
[128.481s][info][gc,ref      ] GC(9) Phantom: 506 encountered, 275 discovered, 0 enqueued
[128.482s][info][gc,reloc    ] GC(9) Small Pages: 303 / 606M, Empty: 230M, Relocated: 4M, In-Place: 0
[128.483s][info][gc,reloc    ] GC(9) Medium Pages: 1 / 32M, Empty: 0M, Relocated: 0M, In-Place: 0
[128.485s][info][gc,reloc    ] GC(9) Large Pages: 152 / 1834M, Empty: 1578M, Relocated: 0M, In-Place: 0
[128.487s][info][gc,reloc    ] GC(9) Forwarding Usage: 1M
[128.488s][info][gc,heap     ] GC(9) Min Capacity: 256M(6%)
[128.489s][info][gc,heap     ] GC(9) Max Capacity: 4096M(100%)
[128.490s][info][gc,heap     ] GC(9) Soft Max Capacity: 4096M(100%)
[128.491s][info][gc,heap     ] GC(9)                Mark Start          Mark End        Relocate Start      Relocate End           High               Low         
[128.492s][info][gc,heap     ] GC(9)  Capacity:     2942M (72%)        2972M (73%)        2972M (73%)        2972M (73%)        2972M (73%)        2942M (72%)    
[128.492s][info][gc,heap     ] GC(9)      Free:     1624M (40%)        1574M (38%)        3382M (83%)        3652M (89%)        3652M (89%)        1574M (38%)    
[128.493s][info][gc,heap     ] GC(9)      Used:     2472M (60%)        2522M (62%)         714M (17%)         444M (11%)        2522M (62%)         444M (11%)    
[128.495s][info][gc,heap     ] GC(9)      Live:         -               350M (9%)          350M (9%)          350M (9%)             -                  -          
[128.497s][info][gc,heap     ] GC(9) Allocated:         -                50M (1%)           50M (1%)           49M (1%)             -                  -          
[128.504s][info][gc,heap     ] GC(9)   Garbage:         -              2121M (52%)         313M (8%)           43M (1%)             -                  -          
[128.509s][info][gc,heap     ] GC(9) Reclaimed:         -                  -              1808M (44%)        2077M (51%)            -                  -          
[128.510s][info][gc          ] GC(9) Garbage Collection (Allocation Rate) 2472M(60%)->444M(11%)
[130.209s][info][gc,stats    ] === Garbage Collection Statistics =======================================================================================================================
[130.211s][info][gc,stats    ]                                                              Last 10s              Last 10m              Last 10h                Total
[130.212s][info][gc,stats    ]                                                              Avg / Max             Avg / Max             Avg / Max             Avg / Max
[130.213s][info][gc,stats    ]   Collector: Garbage Collection Cycle                    361.396 / 361.396    1212.056 / 3012.479   1212.056 / 3012.479   1212.056 / 3012.479    ms
[130.217s][info][gc,stats    ]  Contention: Mark Segment Reset Contention                     0 / 0                 0 / 1                 0 / 1                 0 / 1           ops/s
[130.219s][info][gc,stats    ]  Contention: Mark SeqNum Reset Contention                      0 / 0                 0 / 0                 0 / 0                 0 / 0           ops/s
[130.220s][info][gc,stats    ]    Critical: Allocation Stall                                  0 / 0                 0 / 0                 0 / 0                 0 / 0           ops/s
[130.221s][info][gc,stats    ]    Critical: Allocation Stall                              0.000 / 0.000         0.000 / 0.000         0.000 / 0.000         0.000 / 0.000       ms
[130.222s][info][gc,stats    ]    Critical: GC Locker Stall                                   0 / 0                 0 / 1                 0 / 1                 0 / 1           ops/s
[130.223s][info][gc,stats    ]    Critical: GC Locker Stall                               0.000 / 0.000         2.267 / 3.375         2.267 / 3.375         2.267 / 3.375       ms
[130.224s][info][gc,stats    ]    Critical: Relocation Stall                                  0 / 0                 0 / 0                 0 / 0                 0 / 0           ops/s
[130.225s][info][gc,stats    ]    Critical: Relocation Stall                              0.000 / 0.000         0.000 / 0.000         0.000 / 0.000         0.000 / 0.000       ms
[130.226s][info][gc,stats    ]      Memory: Allocation Rate                                  76 / 516              64 / 522              64 / 522              64 / 522         MB/s
[130.227s][info][gc,stats    ]      Memory: Out Of Memory                                     0 / 0                 0 / 0                 0 / 0                 0 / 0           ops/s
[130.229s][info][gc,stats    ]      Memory: Page Cache Flush                                  0 / 0                 0 / 0                 0 / 0                 0 / 0           MB/s
[130.229s][info][gc,stats    ]      Memory: Page Cache Hit L1                                 8 / 15               11 / 158              11 / 158              11 / 158         ops/s
[130.231s][info][gc,stats    ]      Memory: Page Cache Hit L2                                 0 / 0                 0 / 0                 0 / 0                 0 / 0           ops/s
[130.232s][info][gc,stats    ]      Memory: Page Cache Hit L3                                 0 / 0                 1 / 25                1 / 25                1 / 25          ops/s
[130.234s][info][gc,stats    ]      Memory: Page Cache Miss                                   4 / 30                4 / 75                4 / 75                4 / 75          ops/s
[130.235s][info][gc,stats    ]      Memory: Uncommit                                          0 / 0                 0 / 0                 0 / 0                 0 / 0           MB/s
[130.236s][info][gc,stats    ]      Memory: Undo Object Allocation Failed                     0 / 0                 0 / 0                 0 / 0                 0 / 0           ops/s
[130.237s][info][gc,stats    ]      Memory: Undo Object Allocation Succeeded                  0 / 0                 0 / 7                 0 / 7                 0 / 7           ops/s
[130.239s][info][gc,stats    ]      Memory: Undo Page Allocation                              0 / 0                 0 / 18                0 / 18                0 / 18          ops/s
[130.240s][info][gc,stats    ]       Phase: Concurrent Mark                             266.062 / 266.062     949.892 / 2323.781    949.892 / 2323.781    949.892 / 2323.781    ms
[130.241s][info][gc,stats    ]       Phase: Concurrent Mark Continue                      0.000 / 0.000         0.000 / 0.000         0.000 / 0.000         0.000 / 0.000       ms
[130.243s][info][gc,stats    ]       Phase: Concurrent Mark Free                          0.002 / 0.002         0.003 / 0.005         0.003 / 0.005         0.003 / 0.005       ms
[130.244s][info][gc,stats    ]       Phase: Concurrent Process Non-Strong References     47.378 / 47.378       58.035 / 112.598      58.035 / 112.598      58.035 / 112.598     ms
[130.245s][info][gc,stats    ]       Phase: Concurrent Relocate                          11.197 / 11.197      118.360 / 714.014     118.360 / 714.014     118.360 / 714.014     ms
[130.246s][info][gc,stats    ]       Phase: Concurrent Reset Relocation Set               0.014 / 0.014         0.053 / 0.309         0.053 / 0.309         0.053 / 0.309       ms
[130.248s][info][gc,stats    ]       Phase: Concurrent Select Relocation Set             10.254 / 10.254       44.389 / 294.604      44.389 / 294.604      44.389 / 294.604     ms
[130.249s][info][gc,stats    ]       Phase: Pause Mark End                                0.023 / 0.023         0.034 / 0.068         0.034 / 0.068         0.034 / 0.068       ms
[130.250s][info][gc,stats    ]       Phase: Pause Mark Start                              0.022 / 0.022         0.039 / 0.114         0.039 / 0.114         0.039 / 0.114       ms
[130.251s][info][gc,stats    ]       Phase: Pause Relocate Start                          0.086 / 0.086         0.023 / 0.086         0.023 / 0.086         0.023 / 0.086       ms
[130.252s][info][gc,stats    ]    Subphase: Concurrent Classes Purge                      0.919 / 0.919         2.384 / 8.008         2.384 / 8.008         2.384 / 8.008       ms
[130.254s][info][gc,stats    ]    Subphase: Concurrent Classes Unlink                    43.651 / 43.651       36.562 / 57.923       36.562 / 57.923       36.562 / 57.923      ms
[130.255s][info][gc,stats    ]    Subphase: Concurrent Mark                             256.657 / 257.023     923.471 / 2316.627    923.471 / 2316.627    923.471 / 2316.627    ms
[130.256s][info][gc,stats    ]    Subphase: Concurrent Mark Try Flush                     0.437 / 0.563         7.763 / 62.746        7.763 / 62.746        7.763 / 62.746      ms
[130.257s][info][gc,stats    ]    Subphase: Concurrent Mark Try Terminate                 0.650 / 1.503         2.816 / 31.245        2.816 / 31.245        2.816 / 31.245      ms
[130.258s][info][gc,stats    ]    Subphase: Concurrent References Enqueue                 0.044 / 0.044         0.140 / 0.853         0.140 / 0.853         0.140 / 0.853       ms
[130.259s][info][gc,stats    ]    Subphase: Concurrent References Process                 0.524 / 0.524         1.912 / 8.543         1.912 / 8.543         1.912 / 8.543       ms
[130.260s][info][gc,stats    ]    Subphase: Concurrent Roots ClassLoaderDataGraph         0.556 / 0.870         0.948 / 5.194         0.948 / 5.194         0.948 / 5.194       ms
[130.263s][info][gc,stats    ]    Subphase: Concurrent Roots CodeCache                    0.000 / 0.000         0.000 / 0.000         0.000 / 0.000         0.000 / 0.000       ms
[130.264s][info][gc,stats    ]    Subphase: Concurrent Roots JavaThreads                  7.783 / 8.087        15.150 / 65.654       15.150 / 65.654       15.150 / 65.654      ms
[130.265s][info][gc,stats    ]    Subphase: Concurrent Roots OopStorageSet                0.058 / 0.080         4.521 / 61.934        4.521 / 61.934        4.521 / 61.934      ms
[130.266s][info][gc,stats    ]    Subphase: Concurrent Weak Roots OopStorageSet           1.459 / 1.497         2.797 / 10.261        2.797 / 10.261        2.797 / 10.261      ms
[130.267s][info][gc,stats    ]    Subphase: Pause Mark Try Complete                       0.000 / 0.000         0.000 / 0.000         0.000 / 0.000         0.000 / 0.000       ms
[130.268s][info][gc,stats    ]      System: Java Threads                                     76 / 76               71 / 89               71 / 89               71 / 89          threads
[130.269s][info][gc,stats    ] =========================================================================================================================================================
[140.209s][info][gc,stats    ] === Garbage Collection Statistics =======================================================================================================================
[140.215s][info][gc,stats    ]                                                              Last 10s              Last 10m              Last 10h                Total
[140.222s][info][gc,stats    ]                                                              Avg / Max             Avg / Max             Avg / Max             Avg / Max
[140.226s][info][gc,stats    ]   Collector: Garbage Collection Cycle                      0.000 / 0.000      1212.056 / 3012.479   1212.056 / 3012.479   1212.056 / 3012.479    ms
[140.229s][info][gc,stats    ]  Contention: Mark Segment Reset Contention                     0 / 0                 0 / 1                 0 / 1                 0 / 1           ops/s
[140.231s][info][gc,stats    ]  Contention: Mark SeqNum Reset Contention                      0 / 0                 0 / 0                 0 / 0                 0 / 0           ops/s
[140.234s][info][gc,stats    ]    Critical: Allocation Stall                                  0 / 0                 0 / 0                 0 / 0                 0 / 0           ops/s
[140.237s][info][gc,stats    ]    Critical: Allocation Stall                              0.000 / 0.000         0.000 / 0.000         0.000 / 0.000         0.000 / 0.000       ms
[140.241s][info][gc,stats    ]    Critical: GC Locker Stall                                   0 / 0                 0 / 1                 0 / 1                 0 / 1           ops/s
[140.246s][info][gc,stats    ]    Critical: GC Locker Stall                               0.000 / 0.000         2.267 / 3.375         2.267 / 3.375         2.267 / 3.375       ms
[140.261s][info][gc,stats    ]    Critical: Relocation Stall                                  0 / 0                 0 / 0                 0 / 0                 0 / 0           ops/s
[140.283s][info][gc,stats    ]    Critical: Relocation Stall                              0.000 / 0.000         0.000 / 0.000         0.000 / 0.000         0.000 / 0.000       ms
[140.286s][info][gc,stats    ]      Memory: Allocation Rate                                  72 / 470              65 / 522              65 / 522              65 / 522         MB/s
[140.305s][info][gc,stats    ]      Memory: Out Of Memory                                     0 / 0                 0 / 0                 0 / 0                 0 / 0           ops/s
[140.308s][info][gc,stats    ]      Memory: Page Cache Flush                                  0 / 0                 0 / 0                 0 / 0                 0 / 0           MB/s
[140.333s][info][gc,stats    ]      Memory: Page Cache Hit L1                                12 / 33               11 / 158              11 / 158              11 / 158         ops/s
[140.361s][info][gc,stats    ]      Memory: Page Cache Hit L2                                 0 / 0                 0 / 0                 0 / 0                 0 / 0           ops/s
[140.363s][info][gc,stats    ]      Memory: Page Cache Hit L3                                 0 / 0                 0 / 25                0 / 25                0 / 25          ops/s
[140.367s][info][gc,stats    ]      Memory: Page Cache Miss                                   0 / 0                 4 / 75                4 / 75                4 / 75          ops/s
[140.371s][info][gc,stats    ]      Memory: Uncommit                                          0 / 0                 0 / 0                 0 / 0                 0 / 0           MB/s
[140.374s][info][gc,stats    ]      Memory: Undo Object Allocation Failed                     0 / 0                 0 / 0                 0 / 0                 0 / 0           ops/s
[140.376s][info][gc,stats    ]      Memory: Undo Object Allocation Succeeded                  0 / 0                 0 / 7                 0 / 7                 0 / 7           ops/s
[140.378s][info][gc,stats    ]      Memory: Undo Page Allocation                              0 / 0                 0 / 18                0 / 18                0 / 18          ops/s
[140.380s][info][gc,stats    ]       Phase: Concurrent Mark                               0.000 / 0.000       949.892 / 2323.781    949.892 / 2323.781    949.892 / 2323.781    ms
[140.382s][info][gc,stats    ]       Phase: Concurrent Mark Continue                      0.000 / 0.000         0.000 / 0.000         0.000 / 0.000         0.000 / 0.000       ms
[140.383s][info][gc,stats    ]       Phase: Concurrent Mark Free                          0.000 / 0.000         0.003 / 0.005         0.003 / 0.005         0.003 / 0.005       ms
[140.385s][info][gc,stats    ]       Phase: Concurrent Process Non-Strong References      0.000 / 0.000        58.035 / 112.598      58.035 / 112.598      58.035 / 112.598     ms
[140.386s][info][gc,stats    ]       Phase: Concurrent Relocate                           0.000 / 0.000       118.360 / 714.014     118.360 / 714.014     118.360 / 714.014     ms
[140.388s][info][gc,stats    ]       Phase: Concurrent Reset Relocation Set               0.000 / 0.000         0.053 / 0.309         0.053 / 0.309         0.053 / 0.309       ms
[140.389s][info][gc,stats    ]       Phase: Concurrent Select Relocation Set              0.000 / 0.000        44.389 / 294.604      44.389 / 294.604      44.389 / 294.604     ms
[140.391s][info][gc,stats    ]       Phase: Pause Mark End                                0.000 / 0.000         0.034 / 0.068         0.034 / 0.068         0.034 / 0.068       ms
[140.393s][info][gc,stats    ]       Phase: Pause Mark Start                              0.000 / 0.000         0.039 / 0.114         0.039 / 0.114         0.039 / 0.114       ms
[140.394s][info][gc,stats    ]       Phase: Pause Relocate Start                          0.000 / 0.000         0.023 / 0.086         0.023 / 0.086         0.023 / 0.086       ms
[140.396s][info][gc,stats    ]    Subphase: Concurrent Classes Purge                      0.000 / 0.000         2.384 / 8.008         2.384 / 8.008         2.384 / 8.008       ms
[140.398s][info][gc,stats    ]    Subphase: Concurrent Classes Unlink                     0.000 / 0.000        36.562 / 57.923       36.562 / 57.923       36.562 / 57.923      ms
[140.400s][info][gc,stats    ]    Subphase: Concurrent Mark                               0.000 / 0.000       923.471 / 2316.627    923.471 / 2316.627    923.471 / 2316.627    ms
[140.402s][info][gc,stats    ]    Subphase: Concurrent Mark Try Flush                     0.000 / 0.000         7.763 / 62.746        7.763 / 62.746        7.763 / 62.746      ms
[140.404s][info][gc,stats    ]    Subphase: Concurrent Mark Try Terminate                 0.000 / 0.000         2.816 / 31.245        2.816 / 31.245        2.816 / 31.245      ms
[140.406s][info][gc,stats    ]    Subphase: Concurrent References Enqueue                 0.000 / 0.000         0.140 / 0.853         0.140 / 0.853         0.140 / 0.853       ms
[140.409s][info][gc,stats    ]    Subphase: Concurrent References Process                 0.000 / 0.000         1.912 / 8.543         1.912 / 8.543         1.912 / 8.543       ms
[140.411s][info][gc,stats    ]    Subphase: Concurrent Roots ClassLoaderDataGraph         0.000 / 0.000         0.948 / 5.194         0.948 / 5.194         0.948 / 5.194       ms
[140.413s][info][gc,stats    ]    Subphase: Concurrent Roots CodeCache                    0.000 / 0.000         0.000 / 0.000         0.000 / 0.000         0.000 / 0.000       ms
[140.414s][info][gc,stats    ]    Subphase: Concurrent Roots JavaThreads                  0.000 / 0.000        15.150 / 65.654       15.150 / 65.654       15.150 / 65.654      ms
[140.416s][info][gc,stats    ]    Subphase: Concurrent Roots OopStorageSet                0.000 / 0.000         4.521 / 61.934        4.521 / 61.934        4.521 / 61.934      ms
[140.417s][info][gc,stats    ]    Subphase: Concurrent Weak Roots OopStorageSet           0.000 / 0.000         2.797 / 10.261        2.797 / 10.261        2.797 / 10.261      ms
[140.420s][info][gc,stats    ]    Subphase: Pause Mark Try Complete                       0.000 / 0.000         0.000 / 0.000         0.000 / 0.000         0.000 / 0.000       ms
[140.425s][info][gc,stats    ]      System: Java Threads                                      0 / 0                71 / 89               71 / 89               71 / 89          threads
[140.427s][info][gc,stats    ] =========================================================================================================================================================
[150.269s][info][gc,stats    ] === Garbage Collection Statistics =======================================================================================================================
[150.271s][info][gc,stats    ]                                                              Last 10s              Last 10m              Last 10h                Total
[150.274s][info][gc,stats    ]                                                              Avg / Max             Avg / Max             Avg / Max             Avg / Max
[150.294s][info][gc,stats    ]   Collector: Garbage Collection Cycle                      0.000 / 0.000      1212.056 / 3012.479   1212.056 / 3012.479   1212.056 / 3012.479    ms
[150.311s][info][gc,stats    ]  Contention: Mark Segment Reset Contention                     0 / 0                 0 / 1                 0 / 1                 0 / 1           ops/s
[150.333s][info][gc,stats    ]  Contention: Mark SeqNum Reset Contention                      0 / 0                 0 / 0                 0 / 0                 0 / 0           ops/s
[150.379s][info][gc,stats    ]    Critical: Allocation Stall                                  0 / 0                 0 / 0                 0 / 0                 0 / 0           ops/s
[150.381s][info][gc,stats    ]    Critical: Allocation Stall                              0.000 / 0.000         0.000 / 0.000         0.000 / 0.000         0.000 / 0.000       ms
[150.391s][info][gc,stats    ]    Critical: GC Locker Stall                                   0 / 0                 0 / 1                 0 / 1                 0 / 1           ops/s
[150.393s][info][gc,stats    ]    Critical: GC Locker Stall                               0.000 / 0.000         2.267 / 3.375         2.267 / 3.375         2.267 / 3.375       ms
[150.412s][info][gc,stats    ]    Critical: Relocation Stall                                  0 / 0                 0 / 0                 0 / 0                 0 / 0           ops/s
[150.420s][info][gc,stats    ]    Critical: Relocation Stall                              0.000 / 0.000         0.000 / 0.000         0.000 / 0.000         0.000 / 0.000       ms
[150.434s][info][gc,stats    ]      Memory: Allocation Rate                                  72 / 486              65 / 522              65 / 522              65 / 522         MB/s
[150.456s][info][gc,stats    ]      Memory: Out Of Memory                                     0 / 0                 0 / 0                 0 / 0                 0 / 0           ops/s
[150.466s][info][gc,stats    ]      Memory: Page Cache Flush                                  0 / 0                 0 / 0                 0 / 0                 0 / 0           MB/s
[150.470s][info][gc,stats    ]      Memory: Page Cache Hit L1                                11 / 33               11 / 158              11 / 158              11 / 158         ops/s
[150.473s][info][gc,stats    ]      Memory: Page Cache Hit L2                                 0 / 0                 0 / 0                 0 / 0                 0 / 0           ops/s
[150.475s][info][gc,stats    ]      Memory: Page Cache Hit L3                                 0 / 0                 0 / 25                0 / 25                0 / 25          ops/s
[150.488s][info][gc,stats    ]      Memory: Page Cache Miss                                   0 / 0                 3 / 75                3 / 75                3 / 75          ops/s
[150.489s][info][gc,stats    ]      Memory: Uncommit                                          0 / 0                 0 / 0                 0 / 0                 0 / 0           MB/s
[150.551s][info][gc,stats    ]      Memory: Undo Object Allocation Failed                     0 / 0                 0 / 0                 0 / 0                 0 / 0           ops/s
[150.561s][info][gc,stats    ]      Memory: Undo Object Allocation Succeeded                  0 / 0                 0 / 7                 0 / 7                 0 / 7           ops/s
[150.566s][info][gc,stats    ]      Memory: Undo Page Allocation                              0 / 0                 0 / 18                0 / 18                0 / 18          ops/s
[150.582s][info][gc,stats    ]       Phase: Concurrent Mark                               0.000 / 0.000       949.892 / 2323.781    949.892 / 2323.781    949.892 / 2323.781    ms
[150.599s][info][gc,stats    ]       Phase: Concurrent Mark Continue                      0.000 / 0.000         0.000 / 0.000         0.000 / 0.000         0.000 / 0.000       ms
[150.626s][info][gc,stats    ]       Phase: Concurrent Mark Free                          0.000 / 0.000         0.003 / 0.005         0.003 / 0.005         0.003 / 0.005       ms
[150.630s][info][gc,stats    ]       Phase: Concurrent Process Non-Strong References      0.000 / 0.000        58.035 / 112.598      58.035 / 112.598      58.035 / 112.598     ms
[150.633s][info][gc,stats    ]       Phase: Concurrent Relocate                           0.000 / 0.000       118.360 / 714.014     118.360 / 714.014     118.360 / 714.014     ms
[150.642s][info][gc,stats    ]       Phase: Concurrent Reset Relocation Set               0.000 / 0.000         0.053 / 0.309         0.053 / 0.309         0.053 / 0.309       ms
[150.654s][info][gc,stats    ]       Phase: Concurrent Select Relocation Set              0.000 / 0.000        44.389 / 294.604      44.389 / 294.604      44.389 / 294.604     ms
[150.657s][info][gc,stats    ]       Phase: Pause Mark End                                0.000 / 0.000         0.034 / 0.068         0.034 / 0.068         0.034 / 0.068       ms
[150.658s][info][gc,stats    ]       Phase: Pause Mark Start                              0.000 / 0.000         0.039 / 0.114         0.039 / 0.114         0.039 / 0.114       ms
[150.667s][info][gc,stats    ]       Phase: Pause Relocate Start                          0.000 / 0.000         0.023 / 0.086         0.023 / 0.086         0.023 / 0.086       ms
[150.670s][info][gc,stats    ]    Subphase: Concurrent Classes Purge                      0.000 / 0.000         2.384 / 8.008         2.384 / 8.008         2.384 / 8.008       ms
[150.676s][info][gc,stats    ]    Subphase: Concurrent Classes Unlink                     0.000 / 0.000        36.562 / 57.923       36.562 / 57.923       36.562 / 57.923      ms
[150.682s][info][gc,stats    ]    Subphase: Concurrent Mark                               0.000 / 0.000       923.471 / 2316.627    923.471 / 2316.627    923.471 / 2316.627    ms
[150.695s][info][gc,stats    ]    Subphase: Concurrent Mark Try Flush                     0.000 / 0.000         7.763 / 62.746        7.763 / 62.746        7.763 / 62.746      ms
[150.700s][info][gc,stats    ]    Subphase: Concurrent Mark Try Terminate                 0.000 / 0.000         2.816 / 31.245        2.816 / 31.245        2.816 / 31.245      ms
[150.702s][info][gc,stats    ]    Subphase: Concurrent References Enqueue                 0.000 / 0.000         0.140 / 0.853         0.140 / 0.853         0.140 / 0.853       ms
[150.704s][info][gc,stats    ]    Subphase: Concurrent References Process                 0.000 / 0.000         1.912 / 8.543         1.912 / 8.543         1.912 / 8.543       ms
[150.706s][info][gc,stats    ]    Subphase: Concurrent Roots ClassLoaderDataGraph         0.000 / 0.000         0.948 / 5.194         0.948 / 5.194         0.948 / 5.194       ms
[150.708s][info][gc,stats    ]    Subphase: Concurrent Roots CodeCache                    0.000 / 0.000         0.000 / 0.000         0.000 / 0.000         0.000 / 0.000       ms
[150.710s][info][gc,stats    ]    Subphase: Concurrent Roots JavaThreads                  0.000 / 0.000        15.150 / 65.654       15.150 / 65.654       15.150 / 65.654      ms
[150.715s][info][gc,stats    ]    Subphase: Concurrent Roots OopStorageSet                0.000 / 0.000         4.521 / 61.934        4.521 / 61.934        4.521 / 61.934      ms
[150.718s][info][gc,stats    ]    Subphase: Concurrent Weak Roots OopStorageSet           0.000 / 0.000         2.797 / 10.261        2.797 / 10.261        2.797 / 10.261      ms
[150.721s][info][gc,stats    ]    Subphase: Pause Mark Try Complete                       0.000 / 0.000         0.000 / 0.000         0.000 / 0.000         0.000 / 0.000       ms
[150.722s][info][gc,stats    ]      System: Java Threads                                      0 / 0                71 / 89               71 / 89               71 / 89          threads
[150.771s][info][gc,stats    ] =========================================================================================================================================================
[159.509s][info][gc,start    ] GC(10) Garbage Collection (Proactive)
[159.511s][info][gc,task     ] GC(10) Using 2 workers
[159.513s][info][gc,phases   ] GC(10) Pause Mark Start 0.015ms
[159.745s][info][gc,phases   ] GC(10) Concurrent Mark 231.037ms
[159.747s][info][gc,phases   ] GC(10) Pause Mark End 0.020ms
[159.749s][info][gc,phases   ] GC(10) Concurrent Mark Free 0.003ms
[159.768s][info][gc,phases   ] GC(10) Concurrent Process Non-Strong References 18.136ms
[159.770s][info][gc,phases   ] GC(10) Concurrent Reset Relocation Set 0.023ms
[159.775s][info][gc,phases   ] GC(10) Concurrent Select Relocation Set 4.067ms
[159.777s][info][gc,phases   ] GC(10) Pause Relocate Start 0.011ms
[159.788s][info][gc,phases   ] GC(10) Concurrent Relocate 9.501ms
[159.789s][info][gc,load     ] GC(10) Load: 6.38/5.28/3.55
[159.790s][info][gc,mmu      ] GC(10) MMU: 2ms/94.3%, 5ms/97.7%, 10ms/98.9%, 20ms/99.4%, 50ms/99.8%, 100ms/99.9%
[159.792s][info][gc,marking  ] GC(10) Mark: 2 stripe(s), 2 proactive flush(es), 1 terminate flush(es), 0 completion(s), 0 continuation(s) 
[159.793s][info][gc,marking  ] GC(10) Mark Stack Usage: 32M
[159.795s][info][gc,nmethod  ] GC(10) NMethods: 6521 registered, 491 unregistered
[159.796s][info][gc,metaspace] GC(10) Metaspace: 52M used, 53M committed, 1072M reserved
[159.797s][info][gc,ref      ] GC(10) Soft: 5016 encountered, 0 discovered, 0 enqueued
[159.798s][info][gc,ref      ] GC(10) Weak: 3153 encountered, 317 discovered, 0 enqueued
[159.799s][info][gc,ref      ] GC(10) Final: 89 encountered, 6 discovered, 6 enqueued
[159.800s][info][gc,ref      ] GC(10) Phantom: 500 encountered, 333 discovered, 0 enqueued
[159.801s][info][gc,reloc    ] GC(10) Small Pages: 281 / 562M, Empty: 190M, Relocated: 6M, In-Place: 0
[159.803s][info][gc,reloc    ] GC(10) Medium Pages: 1 / 32M, Empty: 0M, Relocated: 0M, In-Place: 0
[159.804s][info][gc,reloc    ] GC(10) Large Pages: 133 / 1576M, Empty: 1542M, Relocated: 0M, In-Place: 0
[159.807s][info][gc,reloc    ] GC(10) Forwarding Usage: 2M
[159.808s][info][gc,heap     ] GC(10) Min Capacity: 256M(6%)
[159.809s][info][gc,heap     ] GC(10) Max Capacity: 4096M(100%)
[159.810s][info][gc,heap     ] GC(10) Soft Max Capacity: 4096M(100%)
[159.811s][info][gc,heap     ] GC(10)                Mark Start          Mark End        Relocate Start      Relocate End           High               Low         
[159.812s][info][gc,heap     ] GC(10)  Capacity:     2972M (73%)        2972M (73%)        2972M (73%)        2972M (73%)        2972M (73%)        2972M (73%)    
[159.813s][info][gc,heap     ] GC(10)      Free:     1926M (47%)        1908M (47%)        3640M (89%)        3906M (95%)        3906M (95%)        1908M (47%)    
[159.814s][info][gc,heap     ] GC(10)      Used:     2170M (53%)        2188M (53%)         456M (11%)         190M (5%)         2188M (53%)         190M (5%)     
[159.815s][info][gc,heap     ] GC(10)      Live:         -               128M (3%)          128M (3%)          128M (3%)             -                  -          
[159.816s][info][gc,heap     ] GC(10) Allocated:         -                18M (0%)           18M (0%)           21M (1%)             -                  -          
[159.817s][info][gc,heap     ] GC(10)   Garbage:         -              2041M (50%)         309M (8%)           39M (1%)             -                  -          
[159.819s][info][gc,heap     ] GC(10) Reclaimed:         -                  -              1732M (42%)        2001M (49%)            -                  -          
[159.820s][info][gc          ] GC(10) Garbage Collection (Proactive) 2170M(53%)->190M(5%)
[160.209s][info][gc,stats    ] === Garbage Collection Statistics =======================================================================================================================
[160.211s][info][gc,stats    ]                                                              Last 10s              Last 10m              Last 10h                Total
[160.212s][info][gc,stats    ]                                                              Avg / Max             Avg / Max             Avg / Max             Avg / Max
[160.213s][info][gc,stats    ]   Collector: Garbage Collection Cycle                    279.818 / 279.818    1127.308 / 3012.479   1127.308 / 3012.479   1127.308 / 3012.479    ms
[160.215s][info][gc,stats    ]  Contention: Mark Segment Reset Contention                     0 / 0                 0 / 1                 0 / 1                 0 / 1           ops/s
[160.217s][info][gc,stats    ]  Contention: Mark SeqNum Reset Contention                      0 / 0                 0 / 0                 0 / 0                 0 / 0           ops/s
[160.218s][info][gc,stats    ]    Critical: Allocation Stall                                  0 / 0                 0 / 0                 0 / 0                 0 / 0           ops/s
[160.219s][info][gc,stats    ]    Critical: Allocation Stall                              0.000 / 0.000         0.000 / 0.000         0.000 / 0.000         0.000 / 0.000       ms
[160.220s][info][gc,stats    ]    Critical: GC Locker Stall                                   0 / 0                 0 / 1                 0 / 1                 0 / 1           ops/s
[160.222s][info][gc,stats    ]    Critical: GC Locker Stall                               0.000 / 0.000         2.267 / 3.375         2.267 / 3.375         2.267 / 3.375       ms
[160.224s][info][gc,stats    ]    Critical: Relocation Stall                                  0 / 0                 0 / 0                 0 / 0                 0 / 0           ops/s
[160.225s][info][gc,stats    ]    Critical: Relocation Stall                              0.000 / 0.000         0.000 / 0.000         0.000 / 0.000         0.000 / 0.000       ms
[160.226s][info][gc,stats    ]      Memory: Allocation Rate                                  27 / 38               63 / 522              63 / 522              63 / 522         MB/s
[160.227s][info][gc,stats    ]      Memory: Out Of Memory                                     0 / 0                 0 / 0                 0 / 0                 0 / 0           ops/s
[160.231s][info][gc,stats    ]      Memory: Page Cache Flush                                  0 / 0                 0 / 0                 0 / 0                 0 / 0           MB/s
[160.232s][info][gc,stats    ]      Memory: Page Cache Hit L1                                10 / 19               11 / 158              11 / 158              11 / 158         ops/s
[160.233s][info][gc,stats    ]      Memory: Page Cache Hit L2                                 0 / 0                 0 / 0                 0 / 0                 0 / 0           ops/s
[160.235s][info][gc,stats    ]      Memory: Page Cache Hit L3                                 0 / 0                 0 / 25                0 / 25                0 / 25          ops/s
[160.236s][info][gc,stats    ]      Memory: Page Cache Miss                                   0 / 0                 3 / 75                3 / 75                3 / 75          ops/s
[160.238s][info][gc,stats    ]      Memory: Uncommit                                          0 / 0                 0 / 0                 0 / 0                 0 / 0           MB/s
[160.239s][info][gc,stats    ]      Memory: Undo Object Allocation Failed                     0 / 0                 0 / 0                 0 / 0                 0 / 0           ops/s
[160.240s][info][gc,stats    ]      Memory: Undo Object Allocation Succeeded                  0 / 1                 0 / 7                 0 / 7                 0 / 7           ops/s
[160.242s][info][gc,stats    ]      Memory: Undo Page Allocation                              0 / 0                 0 / 18                0 / 18                0 / 18          ops/s
[160.244s][info][gc,stats    ]       Phase: Concurrent Mark                             231.037 / 231.037     884.542 / 2323.781    884.542 / 2323.781    884.542 / 2323.781    ms
[160.245s][info][gc,stats    ]       Phase: Concurrent Mark Continue                      0.000 / 0.000         0.000 / 0.000         0.000 / 0.000         0.000 / 0.000       ms
[160.246s][info][gc,stats    ]       Phase: Concurrent Mark Free                          0.003 / 0.003         0.003 / 0.005         0.003 / 0.005         0.003 / 0.005       ms
[160.252s][info][gc,stats    ]       Phase: Concurrent Process Non-Strong References     18.136 / 18.136       54.408 / 112.598      54.408 / 112.598      54.408 / 112.598     ms
[160.253s][info][gc,stats    ]       Phase: Concurrent Relocate                           9.501 / 9.501       108.464 / 714.014     108.464 / 714.014     108.464 / 714.014     ms
[160.255s][info][gc,stats    ]       Phase: Concurrent Reset Relocation Set               0.023 / 0.023         0.050 / 0.309         0.050 / 0.309         0.050 / 0.309       ms
[160.256s][info][gc,stats    ]       Phase: Concurrent Select Relocation Set              4.067 / 4.067        40.724 / 294.604      40.724 / 294.604      40.724 / 294.604     ms
[160.258s][info][gc,stats    ]       Phase: Pause Mark End                                0.020 / 0.020         0.032 / 0.068         0.032 / 0.068         0.032 / 0.068       ms
[160.259s][info][gc,stats    ]       Phase: Pause Mark Start                              0.015 / 0.015         0.036 / 0.114         0.036 / 0.114         0.036 / 0.114       ms
[160.260s][info][gc,stats    ]       Phase: Pause Relocate Start                          0.011 / 0.011         0.022 / 0.086         0.022 / 0.086         0.022 / 0.086       ms
[160.262s][info][gc,stats    ]    Subphase: Concurrent Classes Purge                      0.540 / 0.540         2.217 / 8.008         2.217 / 8.008         2.217 / 8.008       ms
[160.264s][info][gc,stats    ]    Subphase: Concurrent Classes Unlink                    14.569 / 14.569       34.563 / 57.923       34.563 / 57.923       34.563 / 57.923      ms
[160.265s][info][gc,stats    ]    Subphase: Concurrent Mark                             226.125 / 227.279     860.076 / 2316.627    860.076 / 2316.627    860.076 / 2316.627    ms
[160.268s][info][gc,stats    ]    Subphase: Concurrent Mark Try Flush                     0.253 / 0.465         7.170 / 62.746        7.170 / 62.746        7.170 / 62.746      ms
[160.269s][info][gc,stats    ]    Subphase: Concurrent Mark Try Terminate                 0.474 / 1.372         2.789 / 31.245        2.789 / 31.245        2.789 / 31.245      ms
[160.270s][info][gc,stats    ]    Subphase: Concurrent References Enqueue                 0.044 / 0.044         0.131 / 0.853         0.131 / 0.853         0.131 / 0.853       ms
[160.271s][info][gc,stats    ]    Subphase: Concurrent References Process                 0.519 / 0.519         1.786 / 8.543         1.786 / 8.543         1.786 / 8.543       ms
[160.274s][info][gc,stats    ]    Subphase: Concurrent Roots ClassLoaderDataGraph         0.317 / 0.594         0.874 / 5.194         0.874 / 5.194         0.874 / 5.194       ms
[160.276s][info][gc,stats    ]    Subphase: Concurrent Roots CodeCache                    0.000 / 0.000         0.000 / 0.000         0.000 / 0.000         0.000 / 0.000       ms
[160.278s][info][gc,stats    ]    Subphase: Concurrent Roots JavaThreads                  2.793 / 3.084        14.026 / 65.654       14.026 / 65.654       14.026 / 65.654      ms
[160.280s][info][gc,stats    ]    Subphase: Concurrent Roots OopStorageSet                0.095 / 0.129         3.967 / 61.934        3.967 / 61.934        3.967 / 61.934      ms
[160.281s][info][gc,stats    ]    Subphase: Concurrent Weak Roots OopStorageSet           1.808 / 1.819         2.703 / 10.261        2.703 / 10.261        2.703 / 10.261      ms
[160.282s][info][gc,stats    ]    Subphase: Pause Mark Try Complete                       0.000 / 0.000         0.000 / 0.000         0.000 / 0.000         0.000 / 0.000       ms
[160.284s][info][gc,stats    ]      System: Java Threads                                     75 / 75               72 / 89               72 / 89               72 / 89          threads
[160.285s][info][gc,stats    ] =========================================================================================================================================================
[170.210s][info][gc,stats    ] === Garbage Collection Statistics =======================================================================================================================
[170.212s][info][gc,stats    ]                                                              Last 10s              Last 10m              Last 10h                Total
[170.214s][info][gc,stats    ]                                                              Avg / Max             Avg / Max             Avg / Max             Avg / Max
[170.215s][info][gc,stats    ]   Collector: Garbage Collection Cycle                      0.000 / 0.000      1127.308 / 3012.479   1127.308 / 3012.479   1127.308 / 3012.479    ms
[170.216s][info][gc,stats    ]  Contention: Mark Segment Reset Contention                     0 / 0                 0 / 1                 0 / 1                 0 / 1           ops/s
[170.218s][info][gc,stats    ]  Contention: Mark SeqNum Reset Contention                      0 / 0                 0 / 0                 0 / 0                 0 / 0           ops/s
[170.219s][info][gc,stats    ]    Critical: Allocation Stall                                  0 / 0                 0 / 0                 0 / 0                 0 / 0           ops/s
[170.221s][info][gc,stats    ]    Critical: Allocation Stall                              0.000 / 0.000         0.000 / 0.000         0.000 / 0.000         0.000 / 0.000       ms
[170.222s][info][gc,stats    ]    Critical: GC Locker Stall                                   0 / 0                 0 / 1                 0 / 1                 0 / 1           ops/s
[170.223s][info][gc,stats    ]    Critical: GC Locker Stall                               0.000 / 0.000         2.267 / 3.375         2.267 / 3.375         2.267 / 3.375       ms
[170.225s][info][gc,stats    ]    Critical: Relocation Stall                                  0 / 0                 0 / 0                 0 / 0                 0 / 0           ops/s
[170.231s][info][gc,stats    ]    Critical: Relocation Stall                              0.000 / 0.000         0.000 / 0.000         0.000 / 0.000         0.000 / 0.000       ms
[170.232s][info][gc,stats    ]      Memory: Allocation Rate                                  73 / 504              63 / 522              63 / 522              63 / 522         MB/s
[170.233s][info][gc,stats    ]      Memory: Out Of Memory                                     0 / 0                 0 / 0                 0 / 0                 0 / 0           ops/s
[170.234s][info][gc,stats    ]      Memory: Page Cache Flush                                  0 / 0                 0 / 0                 0 / 0                 0 / 0           MB/s
[170.237s][info][gc,stats    ]      Memory: Page Cache Hit L1                                12 / 42               11 / 158              11 / 158              11 / 158         ops/s
[170.238s][info][gc,stats    ]      Memory: Page Cache Hit L2                                 0 / 0                 0 / 0                 0 / 0                 0 / 0           ops/s
[170.239s][info][gc,stats    ]      Memory: Page Cache Hit L3                                 0 / 0                 0 / 25                0 / 25                0 / 25          ops/s
[170.241s][info][gc,stats    ]      Memory: Page Cache Miss                                   0 / 0                 3 / 75                3 / 75                3 / 75          ops/s
[170.244s][info][gc,stats    ]      Memory: Uncommit                                          0 / 0                 0 / 0                 0 / 0                 0 / 0           MB/s
[170.246s][info][gc,stats    ]      Memory: Undo Object Allocation Failed                     0 / 0                 0 / 0                 0 / 0                 0 / 0           ops/s
[170.247s][info][gc,stats    ]      Memory: Undo Object Allocation Succeeded                  0 / 0                 0 / 7                 0 / 7                 0 / 7           ops/s
[170.248s][info][gc,stats    ]      Memory: Undo Page Allocation                              0 / 0                 0 / 18                0 / 18                0 / 18          ops/s
[170.250s][info][gc,stats    ]       Phase: Concurrent Mark                               0.000 / 0.000       884.542 / 2323.781    884.542 / 2323.781    884.542 / 2323.781    ms
[170.251s][info][gc,stats    ]       Phase: Concurrent Mark Continue                      0.000 / 0.000         0.000 / 0.000         0.000 / 0.000         0.000 / 0.000       ms
[170.253s][info][gc,stats    ]       Phase: Concurrent Mark Free                          0.000 / 0.000         0.003 / 0.005         0.003 / 0.005         0.003 / 0.005       ms
[170.254s][info][gc,stats    ]       Phase: Concurrent Process Non-Strong References      0.000 / 0.000        54.408 / 112.598      54.408 / 112.598      54.408 / 112.598     ms
[170.258s][info][gc,stats    ]       Phase: Concurrent Relocate                           0.000 / 0.000       108.464 / 714.014     108.464 / 714.014     108.464 / 714.014     ms
[170.259s][info][gc,stats    ]       Phase: Concurrent Reset Relocation Set               0.000 / 0.000         0.050 / 0.309         0.050 / 0.309         0.050 / 0.309       ms
[170.260s][info][gc,stats    ]       Phase: Concurrent Select Relocation Set              0.000 / 0.000        40.724 / 294.604      40.724 / 294.604      40.724 / 294.604     ms
[170.261s][info][gc,stats    ]       Phase: Pause Mark End                                0.000 / 0.000         0.032 / 0.068         0.032 / 0.068         0.032 / 0.068       ms
[170.262s][info][gc,stats    ]       Phase: Pause Mark Start                              0.000 / 0.000         0.036 / 0.114         0.036 / 0.114         0.036 / 0.114       ms
[170.264s][info][gc,stats    ]       Phase: Pause Relocate Start                          0.000 / 0.000         0.022 / 0.086         0.022 / 0.086         0.022 / 0.086       ms
[170.265s][info][gc,stats    ]    Subphase: Concurrent Classes Purge                      0.000 / 0.000         2.217 / 8.008         2.217 / 8.008         2.217 / 8.008       ms
[170.267s][info][gc,stats    ]    Subphase: Concurrent Classes Unlink                     0.000 / 0.000        34.563 / 57.923       34.563 / 57.923       34.563 / 57.923      ms
[170.268s][info][gc,stats    ]    Subphase: Concurrent Mark                               0.000 / 0.000       860.076 / 2316.627    860.076 / 2316.627    860.076 / 2316.627    ms
[170.269s][info][gc,stats    ]    Subphase: Concurrent Mark Try Flush                     0.000 / 0.000         7.170 / 62.746        7.170 / 62.746        7.170 / 62.746      ms
[170.271s][info][gc,stats    ]    Subphase: Concurrent Mark Try Terminate                 0.000 / 0.000         2.789 / 31.245        2.789 / 31.245        2.789 / 31.245      ms
[170.273s][info][gc,stats    ]    Subphase: Concurrent References Enqueue                 0.000 / 0.000         0.131 / 0.853         0.131 / 0.853         0.131 / 0.853       ms
[170.274s][info][gc,stats    ]    Subphase: Concurrent References Process                 0.000 / 0.000         1.786 / 8.543         1.786 / 8.543         1.786 / 8.543       ms
[170.275s][info][gc,stats    ]    Subphase: Concurrent Roots ClassLoaderDataGraph         0.000 / 0.000         0.874 / 5.194         0.874 / 5.194         0.874 / 5.194       ms
[170.276s][info][gc,stats    ]    Subphase: Concurrent Roots CodeCache                    0.000 / 0.000         0.000 / 0.000         0.000 / 0.000         0.000 / 0.000       ms
[170.278s][info][gc,stats    ]    Subphase: Concurrent Roots JavaThreads                  0.000 / 0.000        14.026 / 65.654       14.026 / 65.654       14.026 / 65.654      ms
[170.279s][info][gc,stats    ]    Subphase: Concurrent Roots OopStorageSet                0.000 / 0.000         3.967 / 61.934        3.967 / 61.934        3.967 / 61.934      ms
[170.280s][info][gc,stats    ]    Subphase: Concurrent Weak Roots OopStorageSet           0.000 / 0.000         2.703 / 10.261        2.703 / 10.261        2.703 / 10.261      ms
[170.281s][info][gc,stats    ]    Subphase: Pause Mark Try Complete                       0.000 / 0.000         0.000 / 0.000         0.000 / 0.000         0.000 / 0.000       ms
[170.283s][info][gc,stats    ]      System: Java Threads                                      0 / 0                72 / 89               72 / 89               72 / 89          threads
[170.284s][info][gc,stats    ] =========================================================================================================================================================
[180.209s][info][gc,stats    ] === Garbage Collection Statistics =======================================================================================================================
[180.212s][info][gc,stats    ]                                                              Last 10s              Last 10m              Last 10h                Total
[180.213s][info][gc,stats    ]                                                              Avg / Max             Avg / Max             Avg / Max             Avg / Max
[180.214s][info][gc,stats    ]   Collector: Garbage Collection Cycle                      0.000 / 0.000      1127.308 / 3012.479   1127.308 / 3012.479   1127.308 / 3012.479    ms
[180.216s][info][gc,stats    ]  Contention: Mark Segment Reset Contention                     0 / 0                 0 / 1                 0 / 1                 0 / 1           ops/s
[180.217s][info][gc,stats    ]  Contention: Mark SeqNum Reset Contention                      0 / 0                 0 / 0                 0 / 0                 0 / 0           ops/s
[180.219s][info][gc,stats    ]    Critical: Allocation Stall                                  0 / 0                 0 / 0                 0 / 0                 0 / 0           ops/s
[180.220s][info][gc,stats    ]    Critical: Allocation Stall                              0.000 / 0.000         0.000 / 0.000         0.000 / 0.000         0.000 / 0.000       ms
[180.221s][info][gc,stats    ]    Critical: GC Locker Stall                                   0 / 0                 0 / 1                 0 / 1                 0 / 1           ops/s
[180.224s][info][gc,stats    ]    Critical: GC Locker Stall                               0.000 / 0.000         2.267 / 3.375         2.267 / 3.375         2.267 / 3.375       ms
[180.225s][info][gc,stats    ]    Critical: Relocation Stall                                  0 / 0                 0 / 0                 0 / 0                 0 / 0           ops/s
[180.227s][info][gc,stats    ]    Critical: Relocation Stall                              0.000 / 0.000         0.000 / 0.000         0.000 / 0.000         0.000 / 0.000       ms
[180.228s][info][gc,stats    ]      Memory: Allocation Rate                                  72 / 488              64 / 522              64 / 522              64 / 522         MB/s
[180.229s][info][gc,stats    ]      Memory: Out Of Memory                                     0 / 0                 0 / 0                 0 / 0                 0 / 0           ops/s
[180.230s][info][gc,stats    ]      Memory: Page Cache Flush                                  0 / 0                 0 / 0                 0 / 0                 0 / 0           MB/s
[180.231s][info][gc,stats    ]      Memory: Page Cache Hit L1                                11 / 34               11 / 158              11 / 158              11 / 158         ops/s
[180.232s][info][gc,stats    ]      Memory: Page Cache Hit L2                                 0 / 0                 0 / 0                 0 / 0                 0 / 0           ops/s
[180.234s][info][gc,stats    ]      Memory: Page Cache Hit L3                                 0 / 0                 0 / 25                0 / 25                0 / 25          ops/s
[180.235s][info][gc,stats    ]      Memory: Page Cache Miss                                   0 / 0                 3 / 75                3 / 75                3 / 75          ops/s
[180.236s][info][gc,stats    ]      Memory: Uncommit                                          0 / 0                 0 / 0                 0 / 0                 0 / 0           MB/s
[180.237s][info][gc,stats    ]      Memory: Undo Object Allocation Failed                     0 / 0                 0 / 0                 0 / 0                 0 / 0           ops/s
[180.239s][info][gc,stats    ]      Memory: Undo Object Allocation Succeeded                  0 / 0                 0 / 7                 0 / 7                 0 / 7           ops/s
[180.240s][info][gc,stats    ]      Memory: Undo Page Allocation                              0 / 0                 0 / 18                0 / 18                0 / 18          ops/s
[180.242s][info][gc,stats    ]       Phase: Concurrent Mark                               0.000 / 0.000       884.542 / 2323.781    884.542 / 2323.781    884.542 / 2323.781    ms
[180.243s][info][gc,stats    ]       Phase: Concurrent Mark Continue                      0.000 / 0.000         0.000 / 0.000         0.000 / 0.000         0.000 / 0.000       ms
[180.244s][info][gc,stats    ]       Phase: Concurrent Mark Free                          0.000 / 0.000         0.003 / 0.005         0.003 / 0.005         0.003 / 0.005       ms
[180.246s][info][gc,stats    ]       Phase: Concurrent Process Non-Strong References      0.000 / 0.000        54.408 / 112.598      54.408 / 112.598      54.408 / 112.598     ms
[180.247s][info][gc,stats    ]       Phase: Concurrent Relocate                           0.000 / 0.000       108.464 / 714.014     108.464 / 714.014     108.464 / 714.014     ms
[180.248s][info][gc,stats    ]       Phase: Concurrent Reset Relocation Set               0.000 / 0.000         0.050 / 0.309         0.050 / 0.309         0.050 / 0.309       ms
[180.249s][info][gc,stats    ]       Phase: Concurrent Select Relocation Set              0.000 / 0.000        40.724 / 294.604      40.724 / 294.604      40.724 / 294.604     ms
[180.250s][info][gc,stats    ]       Phase: Pause Mark End                                0.000 / 0.000         0.032 / 0.068         0.032 / 0.068         0.032 / 0.068       ms
[180.251s][info][gc,stats    ]       Phase: Pause Mark Start                              0.000 / 0.000         0.036 / 0.114         0.036 / 0.114         0.036 / 0.114       ms
[180.254s][info][gc,stats    ]       Phase: Pause Relocate Start                          0.000 / 0.000         0.022 / 0.086         0.022 / 0.086         0.022 / 0.086       ms
[180.255s][info][gc,stats    ]    Subphase: Concurrent Classes Purge                      0.000 / 0.000         2.217 / 8.008         2.217 / 8.008         2.217 / 8.008       ms
[180.256s][info][gc,stats    ]    Subphase: Concurrent Classes Unlink                     0.000 / 0.000        34.563 / 57.923       34.563 / 57.923       34.563 / 57.923      ms
[180.258s][info][gc,stats    ]    Subphase: Concurrent Mark                               0.000 / 0.000       860.076 / 2316.627    860.076 / 2316.627    860.076 / 2316.627    ms
[180.259s][info][gc,stats    ]    Subphase: Concurrent Mark Try Flush                     0.000 / 0.000         7.170 / 62.746        7.170 / 62.746        7.170 / 62.746      ms
[180.261s][info][gc,stats    ]    Subphase: Concurrent Mark Try Terminate                 0.000 / 0.000         2.789 / 31.245        2.789 / 31.245        2.789 / 31.245      ms
[180.262s][info][gc,stats    ]    Subphase: Concurrent References Enqueue                 0.000 / 0.000         0.131 / 0.853         0.131 / 0.853         0.131 / 0.853       ms
[180.263s][info][gc,stats    ]    Subphase: Concurrent References Process                 0.000 / 0.000         1.786 / 8.543         1.786 / 8.543         1.786 / 8.543       ms
[180.265s][info][gc,stats    ]    Subphase: Concurrent Roots ClassLoaderDataGraph         0.000 / 0.000         0.874 / 5.194         0.874 / 5.194         0.874 / 5.194       ms
[180.266s][info][gc,stats    ]    Subphase: Concurrent Roots CodeCache                    0.000 / 0.000         0.000 / 0.000         0.000 / 0.000         0.000 / 0.000       ms
[180.268s][info][gc,stats    ]    Subphase: Concurrent Roots JavaThreads                  0.000 / 0.000        14.026 / 65.654       14.026 / 65.654       14.026 / 65.654      ms
[180.269s][info][gc,stats    ]    Subphase: Concurrent Roots OopStorageSet                0.000 / 0.000         3.967 / 61.934        3.967 / 61.934        3.967 / 61.934      ms
[180.270s][info][gc,stats    ]    Subphase: Concurrent Weak Roots OopStorageSet           0.000 / 0.000         2.703 / 10.261        2.703 / 10.261        2.703 / 10.261      ms
[180.272s][info][gc,stats    ]    Subphase: Pause Mark Try Complete                       0.000 / 0.000         0.000 / 0.000         0.000 / 0.000         0.000 / 0.000       ms
[180.273s][info][gc,stats    ]      System: Java Threads                                      0 / 0                72 / 89               72 / 89               72 / 89          threads
[180.275s][info][gc,stats    ] =========================================================================================================================================================
[185.409s][info][gc,start    ] GC(11) Garbage Collection (Proactive)
[185.411s][info][gc,task     ] GC(11) Using 2 workers
[185.413s][info][gc,phases   ] GC(11) Pause Mark Start 0.016ms
[185.594s][info][gc,phases   ] GC(11) Concurrent Mark 179.949ms
[185.596s][info][gc,phases   ] GC(11) Pause Mark End 0.079ms
[185.597s][info][gc,phases   ] GC(11) Concurrent Mark Free 0.002ms
[185.614s][info][gc,phases   ] GC(11) Concurrent Process Non-Strong References 16.207ms
[185.616s][info][gc,phases   ] GC(11) Concurrent Reset Relocation Set 0.024ms
[185.620s][info][gc,phases   ] GC(11) Concurrent Select Relocation Set 3.482ms
[185.621s][info][gc,phases   ] GC(11) Pause Relocate Start 0.011ms
[185.628s][info][gc,phases   ] GC(11) Concurrent Relocate 5.176ms
[185.629s][info][gc,load     ] GC(11) Load: 5.05/5.05/3.52
[185.630s][info][gc,mmu      ] GC(11) MMU: 2ms/94.3%, 5ms/97.7%, 10ms/98.9%, 20ms/99.4%, 50ms/99.8%, 100ms/99.9%
[185.631s][info][gc,marking  ] GC(11) Mark: 2 stripe(s), 3 proactive flush(es), 1 terminate flush(es), 0 completion(s), 0 continuation(s) 
[185.634s][info][gc,marking  ] GC(11) Mark Stack Usage: 32M
[185.635s][info][gc,nmethod  ] GC(11) NMethods: 6136 registered, 990 unregistered
[185.636s][info][gc,metaspace] GC(11) Metaspace: 52M used, 53M committed, 1072M reserved
[185.637s][info][gc,ref      ] GC(11) Soft: 5016 encountered, 0 discovered, 0 enqueued
[185.638s][info][gc,ref      ] GC(11) Weak: 3153 encountered, 378 discovered, 0 enqueued
[185.640s][info][gc,ref      ] GC(11) Final: 89 encountered, 6 discovered, 6 enqueued
[185.641s][info][gc,ref      ] GC(11) Phantom: 486 encountered, 236 discovered, 0 enqueued
[185.643s][info][gc,reloc    ] GC(11) Small Pages: 248 / 496M, Empty: 140M, Relocated: 4M, In-Place: 0
[185.644s][info][gc,reloc    ] GC(11) Medium Pages: 1 / 32M, Empty: 0M, Relocated: 0M, In-Place: 0
[185.645s][info][gc,reloc    ] GC(11) Large Pages: 137 / 1750M, Empty: 1716M, Relocated: 0M, In-Place: 0
[185.646s][info][gc,reloc    ] GC(11) Forwarding Usage: 1M
[185.648s][info][gc,heap     ] GC(11) Min Capacity: 256M(6%)
[185.649s][info][gc,heap     ] GC(11) Max Capacity: 4096M(100%)
[185.650s][info][gc,heap     ] GC(11) Soft Max Capacity: 4096M(100%)
[185.652s][info][gc,heap     ] GC(11)                Mark Start          Mark End        Relocate Start      Relocate End           High               Low         
[185.653s][info][gc,heap     ] GC(11)  Capacity:     2972M (73%)        2972M (73%)        2972M (73%)        2972M (73%)        2972M (73%)        2972M (73%)    
[185.654s][info][gc,heap     ] GC(11)      Free:     1818M (44%)        1802M (44%)        3656M (89%)        3908M (95%)        3908M (95%)        1800M (44%)    
[185.656s][info][gc,heap     ] GC(11)      Used:     2278M (56%)        2294M (56%)         440M (11%)         188M (5%)         2296M (56%)         188M (5%)     
[185.657s][info][gc,heap     ] GC(11)      Live:         -               128M (3%)          128M (3%)          128M (3%)             -                  -          
[185.658s][info][gc,heap     ] GC(11) Allocated:         -                16M (0%)           18M (0%)           17M (0%)             -                  -          
[185.660s][info][gc,heap     ] GC(11)   Garbage:         -              2149M (52%)         293M (7%)           41M (1%)             -                  -          
[185.661s][info][gc,heap     ] GC(11) Reclaimed:         -                  -              1856M (45%)        2107M (51%)            -                  -          
[185.662s][info][gc          ] GC(11) Garbage Collection (Proactive) 2278M(56%)->188M(5%)
[190.209s][info][gc,stats    ] === Garbage Collection Statistics =======================================================================================================================
[190.211s][info][gc,stats    ]                                                              Last 10s              Last 10m              Last 10h                Total
[190.212s][info][gc,stats    ]                                                              Avg / Max             Avg / Max             Avg / Max             Avg / Max
[190.213s][info][gc,stats    ]   Collector: Garbage Collection Cycle                    219.733 / 219.733    1051.676 / 3012.479   1051.676 / 3012.479   1051.676 / 3012.479    ms
[190.214s][info][gc,stats    ]  Contention: Mark Segment Reset Contention                     0 / 0                 0 / 1                 0 / 1                 0 / 1           ops/s
[190.215s][info][gc,stats    ]  Contention: Mark SeqNum Reset Contention                      0 / 0                 0 / 0                 0 / 0                 0 / 0           ops/s
[190.216s][info][gc,stats    ]    Critical: Allocation Stall                                  0 / 0                 0 / 0                 0 / 0                 0 / 0           ops/s
[190.217s][info][gc,stats    ]    Critical: Allocation Stall                              0.000 / 0.000         0.000 / 0.000         0.000 / 0.000         0.000 / 0.000       ms
[190.218s][info][gc,stats    ]    Critical: GC Locker Stall                                   0 / 0                 0 / 1                 0 / 1                 0 / 1           ops/s
[190.220s][info][gc,stats    ]    Critical: GC Locker Stall                               0.000 / 0.000         2.267 / 3.375         2.267 / 3.375         2.267 / 3.375       ms
[190.221s][info][gc,stats    ]    Critical: Relocation Stall                                  0 / 0                 0 / 0                 0 / 0                 0 / 0           ops/s
[190.222s][info][gc,stats    ]    Critical: Relocation Stall                              0.000 / 0.000         0.000 / 0.000         0.000 / 0.000         0.000 / 0.000       ms
[190.223s][info][gc,stats    ]      Memory: Allocation Rate                                  76 / 490              65 / 522              65 / 522              65 / 522         MB/s
[190.224s][info][gc,stats    ]      Memory: Out Of Memory                                     0 / 0                 0 / 0                 0 / 0                 0 / 0           ops/s
[190.226s][info][gc,stats    ]      Memory: Page Cache Flush                                  0 / 0                 0 / 0                 0 / 0                 0 / 0           MB/s
[190.227s][info][gc,stats    ]      Memory: Page Cache Hit L1                                14 / 35               11 / 158              11 / 158              11 / 158         ops/s
[190.228s][info][gc,stats    ]      Memory: Page Cache Hit L2                                 0 / 0                 0 / 0                 0 / 0                 0 / 0           ops/s
[190.229s][info][gc,stats    ]      Memory: Page Cache Hit L3                                 0 / 0                 0 / 25                0 / 25                0 / 25          ops/s
[190.231s][info][gc,stats    ]      Memory: Page Cache Miss                                   0 / 0                 2 / 75                2 / 75                2 / 75          ops/s
[190.232s][info][gc,stats    ]      Memory: Uncommit                                          0 / 0                 0 / 0                 0 / 0                 0 / 0           MB/s
[190.233s][info][gc,stats    ]      Memory: Undo Object Allocation Failed                     0 / 0                 0 / 0                 0 / 0                 0 / 0           ops/s
[190.234s][info][gc,stats    ]      Memory: Undo Object Allocation Succeeded                  0 / 0                 0 / 7                 0 / 7                 0 / 7           ops/s
[190.236s][info][gc,stats    ]      Memory: Undo Page Allocation                              1 / 10                0 / 18                0 / 18                0 / 18          ops/s
[190.237s][info][gc,stats    ]       Phase: Concurrent Mark                             179.949 / 179.949     825.826 / 2323.781    825.826 / 2323.781    825.826 / 2323.781    ms
[190.238s][info][gc,stats    ]       Phase: Concurrent Mark Continue                      0.000 / 0.000         0.000 / 0.000         0.000 / 0.000         0.000 / 0.000       ms
[190.240s][info][gc,stats    ]       Phase: Concurrent Mark Free                          0.002 / 0.002         0.003 / 0.005         0.003 / 0.005         0.003 / 0.005       ms
[190.241s][info][gc,stats    ]       Phase: Concurrent Process Non-Strong References     16.207 / 16.207       51.225 / 112.598      51.225 / 112.598      51.225 / 112.598     ms
[190.242s][info][gc,stats    ]       Phase: Concurrent Relocate                           5.176 / 5.176        99.856 / 714.014      99.856 / 714.014      99.856 / 714.014     ms
[190.243s][info][gc,stats    ]       Phase: Concurrent Reset Relocation Set               0.024 / 0.024         0.048 / 0.309         0.048 / 0.309         0.048 / 0.309       ms
[190.245s][info][gc,stats    ]       Phase: Concurrent Select Relocation Set              3.482 / 3.482        37.620 / 294.604      37.620 / 294.604      37.620 / 294.604     ms
[190.246s][info][gc,stats    ]       Phase: Pause Mark End                                0.079 / 0.079         0.036 / 0.079         0.036 / 0.079         0.036 / 0.079       ms
[190.247s][info][gc,stats    ]       Phase: Pause Mark Start                              0.016 / 0.016         0.035 / 0.114         0.035 / 0.114         0.035 / 0.114       ms
[190.249s][info][gc,stats    ]       Phase: Pause Relocate Start                          0.011 / 0.011         0.021 / 0.086         0.021 / 0.086         0.021 / 0.086       ms
[190.251s][info][gc,stats    ]    Subphase: Concurrent Classes Purge                      0.463 / 0.463         2.071 / 8.008         2.071 / 8.008         2.071 / 8.008       ms
[190.252s][info][gc,stats    ]    Subphase: Concurrent Classes Unlink                    13.639 / 13.639       32.819 / 57.923       32.819 / 57.923       32.819 / 57.923      ms
[190.253s][info][gc,stats    ]    Subphase: Concurrent Mark                             174.569 / 175.418     802.950 / 2316.627    802.950 / 2316.627    802.950 / 2316.627    ms
[190.254s][info][gc,stats    ]    Subphase: Concurrent Mark Try Flush                     0.150 / 0.225         6.501 / 62.746        6.501 / 62.746        6.501 / 62.746      ms
[190.255s][info][gc,stats    ]    Subphase: Concurrent Mark Try Terminate                 0.670 / 1.332         2.756 / 31.245        2.756 / 31.245        2.756 / 31.245      ms
[190.257s][info][gc,stats    ]    Subphase: Concurrent References Enqueue                 0.052 / 0.052         0.125 / 0.853         0.125 / 0.853         0.125 / 0.853       ms
[190.258s][info][gc,stats    ]    Subphase: Concurrent References Process                 0.267 / 0.267         1.659 / 8.543         1.659 / 8.543         1.659 / 8.543       ms
[190.259s][info][gc,stats    ]    Subphase: Concurrent Roots ClassLoaderDataGraph         0.349 / 0.648         0.818 / 5.194         0.818 / 5.194         0.818 / 5.194       ms
[190.260s][info][gc,stats    ]    Subphase: Concurrent Roots CodeCache                    0.000 / 0.000         0.000 / 0.000         0.000 / 0.000         0.000 / 0.000       ms
[190.261s][info][gc,stats    ]    Subphase: Concurrent Roots JavaThreads                  2.259 / 2.560        13.046 / 65.654       13.046 / 65.654       13.046 / 65.654      ms
[190.262s][info][gc,stats    ]    Subphase: Concurrent Roots OopStorageSet                0.054 / 0.065         3.532 / 61.934        3.532 / 61.934        3.532 / 61.934      ms
[190.264s][info][gc,stats    ]    Subphase: Concurrent Weak Roots OopStorageSet           1.434 / 1.446         2.592 / 10.261        2.592 / 10.261        2.592 / 10.261      ms
[190.264s][info][gc,stats    ]    Subphase: Pause Mark Try Complete                       0.000 / 0.000         0.000 / 0.000         0.000 / 0.000         0.000 / 0.000       ms
[190.266s][info][gc,stats    ]      System: Java Threads                                     75 / 75               72 / 89               72 / 89               72 / 89          threads
[190.267s][info][gc,stats    ] =========================================================================================================================================================
[200.210s][info][gc,stats    ] === Garbage Collection Statistics =======================================================================================================================
[200.221s][info][gc,stats    ]                                                              Last 10s              Last 10m              Last 10h                Total
[200.223s][info][gc,stats    ]                                                              Avg / Max             Avg / Max             Avg / Max             Avg / Max
[200.225s][info][gc,stats    ]   Collector: Garbage Collection Cycle                      0.000 / 0.000      1051.676 / 3012.479   1051.676 / 3012.479   1051.676 / 3012.479    ms
[200.226s][info][gc,stats    ]  Contention: Mark Segment Reset Contention                     0 / 0                 0 / 1                 0 / 1                 0 / 1           ops/s
[200.228s][info][gc,stats    ]  Contention: Mark SeqNum Reset Contention                      0 / 0                 0 / 0                 0 / 0                 0 / 0           ops/s
[200.230s][info][gc,stats    ]    Critical: Allocation Stall                                  0 / 0                 0 / 0                 0 / 0                 0 / 0           ops/s
[200.233s][info][gc,stats    ]    Critical: Allocation Stall                              0.000 / 0.000         0.000 / 0.000         0.000 / 0.000         0.000 / 0.000       ms
[200.235s][info][gc,stats    ]    Critical: GC Locker Stall                                   0 / 0                 0 / 1                 0 / 1                 0 / 1           ops/s
[200.236s][info][gc,stats    ]    Critical: GC Locker Stall                               0.000 / 0.000         2.267 / 3.375         2.267 / 3.375         2.267 / 3.375       ms
[200.238s][info][gc,stats    ]    Critical: Relocation Stall                                  0 / 0                 0 / 0                 0 / 0                 0 / 0           ops/s
[200.239s][info][gc,stats    ]    Critical: Relocation Stall                              0.000 / 0.000         0.000 / 0.000         0.000 / 0.000         0.000 / 0.000       ms
[200.241s][info][gc,stats    ]      Memory: Allocation Rate                                  73 / 492              65 / 522              65 / 522              65 / 522         MB/s
[200.242s][info][gc,stats    ]      Memory: Out Of Memory                                     0 / 0                 0 / 0                 0 / 0                 0 / 0           ops/s
[200.243s][info][gc,stats    ]      Memory: Page Cache Flush                                  0 / 0                 0 / 0                 0 / 0                 0 / 0           MB/s
[200.245s][info][gc,stats    ]      Memory: Page Cache Hit L1                                12 / 36               11 / 158              11 / 158              11 / 158         ops/s
[200.246s][info][gc,stats    ]      Memory: Page Cache Hit L2                                 0 / 0                 0 / 0                 0 / 0                 0 / 0           ops/s
[200.247s][info][gc,stats    ]      Memory: Page Cache Hit L3                                 0 / 0                 0 / 25                0 / 25                0 / 25          ops/s
[200.249s][info][gc,stats    ]      Memory: Page Cache Miss                                   0 / 0                 2 / 75                2 / 75                2 / 75          ops/s
[200.251s][info][gc,stats    ]      Memory: Uncommit                                          0 / 0                 0 / 0                 0 / 0                 0 / 0           MB/s
[200.257s][info][gc,stats    ]      Memory: Undo Object Allocation Failed                     0 / 0                 0 / 0                 0 / 0                 0 / 0           ops/s
[200.258s][info][gc,stats    ]      Memory: Undo Object Allocation Succeeded                  0 / 0                 0 / 7                 0 / 7                 0 / 7           ops/s
[200.261s][info][gc,stats    ]      Memory: Undo Page Allocation                              0 / 0                 0 / 18                0 / 18                0 / 18          ops/s
[200.262s][info][gc,stats    ]       Phase: Concurrent Mark                               0.000 / 0.000       825.826 / 2323.781    825.826 / 2323.781    825.826 / 2323.781    ms
[200.264s][info][gc,stats    ]       Phase: Concurrent Mark Continue                      0.000 / 0.000         0.000 / 0.000         0.000 / 0.000         0.000 / 0.000       ms
[200.265s][info][gc,stats    ]       Phase: Concurrent Mark Free                          0.000 / 0.000         0.003 / 0.005         0.003 / 0.005         0.003 / 0.005       ms
[200.266s][info][gc,stats    ]       Phase: Concurrent Process Non-Strong References      0.000 / 0.000        51.225 / 112.598      51.225 / 112.598      51.225 / 112.598     ms
[200.268s][info][gc,stats    ]       Phase: Concurrent Relocate                           0.000 / 0.000        99.856 / 714.014      99.856 / 714.014      99.856 / 714.014     ms
[200.269s][info][gc,stats    ]       Phase: Concurrent Reset Relocation Set               0.000 / 0.000         0.048 / 0.309         0.048 / 0.309         0.048 / 0.309       ms
[200.276s][info][gc,stats    ]       Phase: Concurrent Select Relocation Set              0.000 / 0.000        37.620 / 294.604      37.620 / 294.604      37.620 / 294.604     ms
[200.278s][info][gc,stats    ]       Phase: Pause Mark End                                0.000 / 0.000         0.036 / 0.079         0.036 / 0.079         0.036 / 0.079       ms
[200.280s][info][gc,stats    ]       Phase: Pause Mark Start                              0.000 / 0.000         0.035 / 0.114         0.035 / 0.114         0.035 / 0.114       ms
[200.282s][info][gc,stats    ]       Phase: Pause Relocate Start                          0.000 / 0.000         0.021 / 0.086         0.021 / 0.086         0.021 / 0.086       ms
[200.284s][info][gc,stats    ]    Subphase: Concurrent Classes Purge                      0.000 / 0.000         2.071 / 8.008         2.071 / 8.008         2.071 / 8.008       ms
[200.286s][info][gc,stats    ]    Subphase: Concurrent Classes Unlink                     0.000 / 0.000        32.819 / 57.923       32.819 / 57.923       32.819 / 57.923      ms
[200.287s][info][gc,stats    ]    Subphase: Concurrent Mark                               0.000 / 0.000       802.950 / 2316.627    802.950 / 2316.627    802.950 / 2316.627    ms
[200.289s][info][gc,stats    ]    Subphase: Concurrent Mark Try Flush                     0.000 / 0.000         6.501 / 62.746        6.501 / 62.746        6.501 / 62.746      ms
[200.291s][info][gc,stats    ]    Subphase: Concurrent Mark Try Terminate                 0.000 / 0.000         2.756 / 31.245        2.756 / 31.245        2.756 / 31.245      ms
[200.293s][info][gc,stats    ]    Subphase: Concurrent References Enqueue                 0.000 / 0.000         0.125 / 0.853         0.125 / 0.853         0.125 / 0.853       ms
[200.294s][info][gc,stats    ]    Subphase: Concurrent References Process                 0.000 / 0.000         1.659 / 8.543         1.659 / 8.543         1.659 / 8.543       ms
[200.295s][info][gc,stats    ]    Subphase: Concurrent Roots ClassLoaderDataGraph         0.000 / 0.000         0.818 / 5.194         0.818 / 5.194         0.818 / 5.194       ms
[200.297s][info][gc,stats    ]    Subphase: Concurrent Roots CodeCache                    0.000 / 0.000         0.000 / 0.000         0.000 / 0.000         0.000 / 0.000       ms
[200.299s][info][gc,stats    ]    Subphase: Concurrent Roots JavaThreads                  0.000 / 0.000        13.046 / 65.654       13.046 / 65.654       13.046 / 65.654      ms
[200.300s][info][gc,stats    ]    Subphase: Concurrent Roots OopStorageSet                0.000 / 0.000         3.532 / 61.934        3.532 / 61.934        3.532 / 61.934      ms
[200.302s][info][gc,stats    ]    Subphase: Concurrent Weak Roots OopStorageSet           0.000 / 0.000         2.592 / 10.261        2.592 / 10.261        2.592 / 10.261      ms
[200.304s][info][gc,stats    ]    Subphase: Pause Mark Try Complete                       0.000 / 0.000         0.000 / 0.000         0.000 / 0.000         0.000 / 0.000       ms
[200.305s][info][gc,stats    ]      System: Java Threads                                      0 / 0                72 / 89               72 / 89               72 / 89          threads
[200.306s][info][gc,stats    ] =========================================================================================================================================================
[206.609s][info][gc,start    ] GC(12) Garbage Collection (Proactive)
[206.611s][info][gc,task     ] GC(12) Using 2 workers
[206.612s][info][gc,phases   ] GC(12) Pause Mark Start 0.014ms
[206.806s][info][gc,phases   ] GC(12) Concurrent Mark 192.858ms
[206.808s][info][gc,phases   ] GC(12) Pause Mark End 0.066ms
[206.810s][info][gc,phases   ] GC(12) Concurrent Mark Free 0.002ms
[206.838s][info][gc,phases   ] GC(12) Concurrent Process Non-Strong References 26.799ms
[206.839s][info][gc,phases   ] GC(12) Concurrent Reset Relocation Set 0.024ms
[206.849s][info][gc,phases   ] GC(12) Concurrent Select Relocation Set 8.117ms
[206.851s][info][gc,phases   ] GC(12) Pause Relocate Start 0.013ms
[206.866s][info][gc,phases   ] GC(12) Concurrent Relocate 10.662ms
[206.868s][info][gc,load     ] GC(12) Load: 4.33/4.88/3.50
[206.869s][info][gc,mmu      ] GC(12) MMU: 2ms/94.3%, 5ms/97.7%, 10ms/98.9%, 20ms/99.4%, 50ms/99.8%, 100ms/99.9%
[206.871s][info][gc,marking  ] GC(12) Mark: 2 stripe(s), 2 proactive flush(es), 1 terminate flush(es), 0 completion(s), 0 continuation(s) 
[206.872s][info][gc,marking  ] GC(12) Mark Stack Usage: 32M
[206.873s][info][gc,nmethod  ] GC(12) NMethods: 6180 registered, 990 unregistered
[206.875s][info][gc,metaspace] GC(12) Metaspace: 52M used, 53M committed, 1072M reserved
[206.876s][info][gc,ref      ] GC(12) Soft: 5016 encountered, 0 discovered, 0 enqueued
[206.878s][info][gc,ref      ] GC(12) Weak: 3153 encountered, 314 discovered, 0 enqueued
[206.879s][info][gc,ref      ] GC(12) Final: 87 encountered, 4 discovered, 4 enqueued
[206.880s][info][gc,ref      ] GC(12) Phantom: 482 encountered, 318 discovered, 0 enqueued
[206.882s][info][gc,reloc    ] GC(12) Small Pages: 211 / 422M, Empty: 112M, Relocated: 6M, In-Place: 0
[206.884s][info][gc,reloc    ] GC(12) Medium Pages: 1 / 32M, Empty: 0M, Relocated: 0M, In-Place: 0
[206.885s][info][gc,reloc    ] GC(12) Large Pages: 97 / 1210M, Empty: 1176M, Relocated: 0M, In-Place: 0
[206.887s][info][gc,reloc    ] GC(12) Forwarding Usage: 2M
[206.889s][info][gc,heap     ] GC(12) Min Capacity: 256M(6%)
[206.890s][info][gc,heap     ] GC(12) Max Capacity: 4096M(100%)
[206.892s][info][gc,heap     ] GC(12) Soft Max Capacity: 4096M(100%)
[206.893s][info][gc,heap     ] GC(12)                Mark Start          Mark End        Relocate Start      Relocate End           High               Low         
[206.895s][info][gc,heap     ] GC(12)  Capacity:     2972M (73%)        2972M (73%)        2972M (73%)        2972M (73%)        2972M (73%)        2972M (73%)    
[206.896s][info][gc,heap     ] GC(12)      Free:     2432M (59%)        2400M (59%)        3688M (90%)        3896M (95%)        3896M (95%)        2400M (59%)    
[206.897s][info][gc,heap     ] GC(12)      Used:     1664M (41%)        1696M (41%)         408M (10%)         200M (5%)         1696M (41%)         200M (5%)     
[206.899s][info][gc,heap     ] GC(12)      Live:         -               129M (3%)          129M (3%)          129M (3%)             -                  -          
[206.900s][info][gc,heap     ] GC(12) Allocated:         -                32M (1%)           32M (1%)           31M (1%)             -                  -          
[206.901s][info][gc,heap     ] GC(12)   Garbage:         -              1534M (37%)         246M (6%)           38M (1%)             -                  -          
[206.902s][info][gc,heap     ] GC(12) Reclaimed:         -                  -              1288M (31%)        1495M (37%)            -                  -          
[206.903s][info][gc          ] GC(12) Garbage Collection (Proactive) 1664M(41%)->200M(5%)
[210.209s][info][gc,stats    ] === Garbage Collection Statistics =======================================================================================================================
[210.210s][info][gc,stats    ]                                                              Last 10s              Last 10m              Last 10h                Total
[210.211s][info][gc,stats    ]                                                              Avg / Max             Avg / Max             Avg / Max             Avg / Max
[210.212s][info][gc,stats    ]   Collector: Garbage Collection Cycle                    258.604 / 258.604     990.671 / 3012.479    990.671 / 3012.479    990.671 / 3012.479    ms
[210.213s][info][gc,stats    ]  Contention: Mark Segment Reset Contention                     0 / 2                 0 / 2                 0 / 2                 0 / 2           ops/s
[210.215s][info][gc,stats    ]  Contention: Mark SeqNum Reset Contention                      0 / 0                 0 / 0                 0 / 0                 0 / 0           ops/s
[210.215s][info][gc,stats    ]    Critical: Allocation Stall                                  0 / 0                 0 / 0                 0 / 0                 0 / 0           ops/s
[210.217s][info][gc,stats    ]    Critical: Allocation Stall                              0.000 / 0.000         0.000 / 0.000         0.000 / 0.000         0.000 / 0.000       ms
[210.219s][info][gc,stats    ]    Critical: GC Locker Stall                                   0 / 0                 0 / 1                 0 / 1                 0 / 1           ops/s
[210.220s][info][gc,stats    ]    Critical: GC Locker Stall                               0.000 / 0.000         2.267 / 3.375         2.267 / 3.375         2.267 / 3.375       ms
[210.221s][info][gc,stats    ]    Critical: Relocation Stall                                  0 / 0                 0 / 0                 0 / 0                 0 / 0           ops/s
[210.222s][info][gc,stats    ]    Critical: Relocation Stall                              0.000 / 0.000         0.000 / 0.000         0.000 / 0.000         0.000 / 0.000       ms
[210.223s][info][gc,stats    ]      Memory: Allocation Rate                                  74 / 506              65 / 522              65 / 522              65 / 522         MB/s
[210.224s][info][gc,stats    ]      Memory: Out Of Memory                                     0 / 0                 0 / 0                 0 / 0                 0 / 0           ops/s
[210.225s][info][gc,stats    ]      Memory: Page Cache Flush                                  0 / 0                 0 / 0                 0 / 0                 0 / 0           MB/s
[210.226s][info][gc,stats    ]      Memory: Page Cache Hit L1                                13 / 43               11 / 158              11 / 158              11 / 158         ops/s
[210.226s][info][gc,stats    ]      Memory: Page Cache Hit L2                                 0 / 0                 0 / 0                 0 / 0                 0 / 0           ops/s
[210.227s][info][gc,stats    ]      Memory: Page Cache Hit L3                                 0 / 0                 0 / 25                0 / 25                0 / 25          ops/s
[210.228s][info][gc,stats    ]      Memory: Page Cache Miss                                   0 / 0                 2 / 75                2 / 75                2 / 75          ops/s
[210.229s][info][gc,stats    ]      Memory: Uncommit                                          0 / 0                 0 / 0                 0 / 0                 0 / 0           MB/s
[210.230s][info][gc,stats    ]      Memory: Undo Object Allocation Failed                     0 / 0                 0 / 0                 0 / 0                 0 / 0           ops/s
[210.231s][info][gc,stats    ]      Memory: Undo Object Allocation Succeeded                  0 / 0                 0 / 7                 0 / 7                 0 / 7           ops/s
[210.232s][info][gc,stats    ]      Memory: Undo Page Allocation                              0 / 0                 0 / 18                0 / 18                0 / 18          ops/s
[210.233s][info][gc,stats    ]       Phase: Concurrent Mark                             192.858 / 192.858     777.136 / 2323.781    777.136 / 2323.781    777.136 / 2323.781    ms
[210.233s][info][gc,stats    ]       Phase: Concurrent Mark Continue                      0.000 / 0.000         0.000 / 0.000         0.000 / 0.000         0.000 / 0.000       ms
[210.234s][info][gc,stats    ]       Phase: Concurrent Mark Free                          0.002 / 0.002         0.003 / 0.005         0.003 / 0.005         0.003 / 0.005       ms
[210.235s][info][gc,stats    ]       Phase: Concurrent Process Non-Strong References     26.799 / 26.799       49.346 / 112.598      49.346 / 112.598      49.346 / 112.598     ms
[210.236s][info][gc,stats    ]       Phase: Concurrent Relocate                          10.662 / 10.662       92.995 / 714.014      92.995 / 714.014      92.995 / 714.014     ms
[210.236s][info][gc,stats    ]       Phase: Concurrent Reset Relocation Set               0.024 / 0.024         0.046 / 0.309         0.046 / 0.309         0.046 / 0.309       ms
[210.238s][info][gc,stats    ]       Phase: Concurrent Select Relocation Set              8.117 / 8.117        35.351 / 294.604      35.351 / 294.604      35.351 / 294.604     ms
[210.244s][info][gc,stats    ]       Phase: Pause Mark End                                0.066 / 0.066         0.039 / 0.079         0.039 / 0.079         0.039 / 0.079       ms
[210.246s][info][gc,stats    ]       Phase: Pause Mark Start                              0.014 / 0.014         0.033 / 0.114         0.033 / 0.114         0.033 / 0.114       ms
[210.247s][info][gc,stats    ]       Phase: Pause Relocate Start                          0.013 / 0.013         0.020 / 0.086         0.020 / 0.086         0.020 / 0.086       ms
[210.248s][info][gc,stats    ]    Subphase: Concurrent Classes Purge                      0.593 / 0.593         1.957 / 8.008         1.957 / 8.008         1.957 / 8.008       ms
[210.248s][info][gc,stats    ]    Subphase: Concurrent Classes Unlink                    23.579 / 23.579       32.108 / 57.923       32.108 / 57.923       32.108 / 57.923      ms
[210.249s][info][gc,stats    ]    Subphase: Concurrent Mark                             187.792 / 188.159     755.630 / 2316.627    755.630 / 2316.627    755.630 / 2316.627    ms
[210.250s][info][gc,stats    ]    Subphase: Concurrent Mark Try Flush                     0.550 / 0.881         6.104 / 62.746        6.104 / 62.746        6.104 / 62.746      ms
[210.251s][info][gc,stats    ]    Subphase: Concurrent Mark Try Terminate                 0.530 / 1.266         2.731 / 31.245        2.731 / 31.245        2.731 / 31.245      ms
[210.252s][info][gc,stats    ]    Subphase: Concurrent References Enqueue                 0.047 / 0.047         0.119 / 0.853         0.119 / 0.853         0.119 / 0.853       ms
[210.253s][info][gc,stats    ]    Subphase: Concurrent References Process                 0.411 / 0.411         1.563 / 8.543         1.563 / 8.543         1.563 / 8.543       ms
[210.254s][info][gc,stats    ]    Subphase: Concurrent Roots ClassLoaderDataGraph         0.328 / 0.611         0.772 / 5.194         0.772 / 5.194         0.772 / 5.194       ms
[210.255s][info][gc,stats    ]    Subphase: Concurrent Roots CodeCache                    0.000 / 0.000         0.000 / 0.000         0.000 / 0.000         0.000 / 0.000       ms
[210.256s][info][gc,stats    ]    Subphase: Concurrent Roots JavaThreads                  3.516 / 3.750        12.313 / 65.654       12.313 / 65.654       12.313 / 65.654      ms
[210.257s][info][gc,stats    ]    Subphase: Concurrent Roots OopStorageSet                0.157 / 0.256         3.195 / 61.934        3.195 / 61.934        3.195 / 61.934      ms
[210.258s][info][gc,stats    ]    Subphase: Concurrent Weak Roots OopStorageSet           1.420 / 1.436         2.499 / 10.261        2.499 / 10.261        2.499 / 10.261      ms
[210.260s][info][gc,stats    ]    Subphase: Pause Mark Try Complete                       0.000 / 0.000         0.000 / 0.000         0.000 / 0.000         0.000 / 0.000       ms
[210.261s][info][gc,stats    ]      System: Java Threads                                     75 / 75               72 / 89               72 / 89               72 / 89          threads
[210.262s][info][gc,stats    ] =========================================================================================================================================================
[220.209s][info][gc,stats    ] === Garbage Collection Statistics =======================================================================================================================
[220.210s][info][gc,stats    ]                                                              Last 10s              Last 10m              Last 10h                Total
[220.211s][info][gc,stats    ]                                                              Avg / Max             Avg / Max             Avg / Max             Avg / Max
[220.213s][info][gc,stats    ]   Collector: Garbage Collection Cycle                      0.000 / 0.000       990.671 / 3012.479    990.671 / 3012.479    990.671 / 3012.479    ms
[220.214s][info][gc,stats    ]  Contention: Mark Segment Reset Contention                     0 / 0                 0 / 2                 0 / 2                 0 / 2           ops/s
[220.215s][info][gc,stats    ]  Contention: Mark SeqNum Reset Contention                      0 / 0                 0 / 0                 0 / 0                 0 / 0           ops/s
[220.216s][info][gc,stats    ]    Critical: Allocation Stall                                  0 / 0                 0 / 0                 0 / 0                 0 / 0           ops/s
[220.217s][info][gc,stats    ]    Critical: Allocation Stall                              0.000 / 0.000         0.000 / 0.000         0.000 / 0.000         0.000 / 0.000       ms
[220.218s][info][gc,stats    ]    Critical: GC Locker Stall                                   0 / 0                 0 / 1                 0 / 1                 0 / 1           ops/s
[220.219s][info][gc,stats    ]    Critical: GC Locker Stall                               0.000 / 0.000         2.267 / 3.375         2.267 / 3.375         2.267 / 3.375       ms
[220.220s][info][gc,stats    ]    Critical: Relocation Stall                                  0 / 0                 0 / 0                 0 / 0                 0 / 0           ops/s
[220.221s][info][gc,stats    ]    Critical: Relocation Stall                              0.000 / 0.000         0.000 / 0.000         0.000 / 0.000         0.000 / 0.000       ms
[220.221s][info][gc,stats    ]      Memory: Allocation Rate                                  72 / 488              66 / 522              66 / 522              66 / 522         MB/s
[220.222s][info][gc,stats    ]      Memory: Out Of Memory                                     0 / 0                 0 / 0                 0 / 0                 0 / 0           ops/s
[220.223s][info][gc,stats    ]      Memory: Page Cache Flush                                  0 / 0                 0 / 0                 0 / 0                 0 / 0           MB/s
[220.224s][info][gc,stats    ]      Memory: Page Cache Hit L1                                11 / 34               11 / 158              11 / 158              11 / 158         ops/s
[220.225s][info][gc,stats    ]      Memory: Page Cache Hit L2                                 0 / 0                 0 / 0                 0 / 0                 0 / 0           ops/s
[220.226s][info][gc,stats    ]      Memory: Page Cache Hit L3                                 0 / 0                 0 / 25                0 / 25                0 / 25          ops/s
[220.227s][info][gc,stats    ]      Memory: Page Cache Miss                                   0 / 0                 2 / 75                2 / 75                2 / 75          ops/s
[220.229s][info][gc,stats    ]      Memory: Uncommit                                          0 / 0                 0 / 0                 0 / 0                 0 / 0           MB/s
[220.229s][info][gc,stats    ]      Memory: Undo Object Allocation Failed                     0 / 0                 0 / 0                 0 / 0                 0 / 0           ops/s
[220.230s][info][gc,stats    ]      Memory: Undo Object Allocation Succeeded                  0 / 0                 0 / 7                 0 / 7                 0 / 7           ops/s
[220.231s][info][gc,stats    ]      Memory: Undo Page Allocation                              0 / 0                 0 / 18                0 / 18                0 / 18          ops/s
[220.232s][info][gc,stats    ]       Phase: Concurrent Mark                               0.000 / 0.000       777.136 / 2323.781    777.136 / 2323.781    777.136 / 2323.781    ms
[220.233s][info][gc,stats    ]       Phase: Concurrent Mark Continue                      0.000 / 0.000         0.000 / 0.000         0.000 / 0.000         0.000 / 0.000       ms
[220.234s][info][gc,stats    ]       Phase: Concurrent Mark Free                          0.000 / 0.000         0.003 / 0.005         0.003 / 0.005         0.003 / 0.005       ms
[220.235s][info][gc,stats    ]       Phase: Concurrent Process Non-Strong References      0.000 / 0.000        49.346 / 112.598      49.346 / 112.598      49.346 / 112.598     ms
[220.237s][info][gc,stats    ]       Phase: Concurrent Relocate                           0.000 / 0.000        92.995 / 714.014      92.995 / 714.014      92.995 / 714.014     ms
[220.238s][info][gc,stats    ]       Phase: Concurrent Reset Relocation Set               0.000 / 0.000         0.046 / 0.309         0.046 / 0.309         0.046 / 0.309       ms
[220.239s][info][gc,stats    ]       Phase: Concurrent Select Relocation Set              0.000 / 0.000        35.351 / 294.604      35.351 / 294.604      35.351 / 294.604     ms
[220.241s][info][gc,stats    ]       Phase: Pause Mark End                                0.000 / 0.000         0.039 / 0.079         0.039 / 0.079         0.039 / 0.079       ms
[220.242s][info][gc,stats    ]       Phase: Pause Mark Start                              0.000 / 0.000         0.033 / 0.114         0.033 / 0.114         0.033 / 0.114       ms
[220.243s][info][gc,stats    ]       Phase: Pause Relocate Start                          0.000 / 0.000         0.020 / 0.086         0.020 / 0.086         0.020 / 0.086       ms
[220.244s][info][gc,stats    ]    Subphase: Concurrent Classes Purge                      0.000 / 0.000         1.957 / 8.008         1.957 / 8.008         1.957 / 8.008       ms
[220.245s][info][gc,stats    ]    Subphase: Concurrent Classes Unlink                     0.000 / 0.000        32.108 / 57.923       32.108 / 57.923       32.108 / 57.923      ms
[220.246s][info][gc,stats    ]    Subphase: Concurrent Mark                               0.000 / 0.000       755.630 / 2316.627    755.630 / 2316.627    755.630 / 2316.627    ms
[220.247s][info][gc,stats    ]    Subphase: Concurrent Mark Try Flush                     0.000 / 0.000         6.104 / 62.746        6.104 / 62.746        6.104 / 62.746      ms
[220.248s][info][gc,stats    ]    Subphase: Concurrent Mark Try Terminate                 0.000 / 0.000         2.731 / 31.245        2.731 / 31.245        2.731 / 31.245      ms
[220.249s][info][gc,stats    ]    Subphase: Concurrent References Enqueue                 0.000 / 0.000         0.119 / 0.853         0.119 / 0.853         0.119 / 0.853       ms
[220.250s][info][gc,stats    ]    Subphase: Concurrent References Process                 0.000 / 0.000         1.563 / 8.543         1.563 / 8.543         1.563 / 8.543       ms
[220.251s][info][gc,stats    ]    Subphase: Concurrent Roots ClassLoaderDataGraph         0.000 / 0.000         0.772 / 5.194         0.772 / 5.194         0.772 / 5.194       ms
[220.252s][info][gc,stats    ]    Subphase: Concurrent Roots CodeCache                    0.000 / 0.000         0.000 / 0.000         0.000 / 0.000         0.000 / 0.000       ms
[220.253s][info][gc,stats    ]    Subphase: Concurrent Roots JavaThreads                  0.000 / 0.000        12.313 / 65.654       12.313 / 65.654       12.313 / 65.654      ms
[220.253s][info][gc,stats    ]    Subphase: Concurrent Roots OopStorageSet                0.000 / 0.000         3.195 / 61.934        3.195 / 61.934        3.195 / 61.934      ms
[220.254s][info][gc,stats    ]    Subphase: Concurrent Weak Roots OopStorageSet           0.000 / 0.000         2.499 / 10.261        2.499 / 10.261        2.499 / 10.261      ms
[220.255s][info][gc,stats    ]    Subphase: Pause Mark Try Complete                       0.000 / 0.000         0.000 / 0.000         0.000 / 0.000         0.000 / 0.000       ms
[220.256s][info][gc,stats    ]      System: Java Threads                                      0 / 0                72 / 89               72 / 89               72 / 89          threads
[220.257s][info][gc,stats    ] =========================================================================================================================================================
[0.045s][info][gc,init] Initializing The Z Garbage Collector
[0.047s][info][gc,init] Version: 17.0.2+8-86 (release)
[0.048s][info][gc,init] NUMA Support: Disabled
[0.051s][info][gc,init] CPUs: 6 total, 6 available
[0.053s][info][gc,init] Memory: 8192M
[0.054s][info][gc,init] Large Page Support: Disabled
[0.058s][info][gc,init] GC Workers: 2 (dynamic)
[0.066s][info][gc,init] Address Space Type: Contiguous/Unrestricted/Complete
[0.070s][info][gc,init] Address Space Size: 65536M x 3 = 196608M
[0.072s][info][gc,init] Heap Backing File: /memfd:java_heap
[0.074s][info][gc,init] Heap Backing Filesystem: tmpfs (0x1021994)
[0.077s][info][gc,init] Min Capacity: 256M
[0.078s][info][gc,init] Initial Capacity: 256M
[0.082s][info][gc,init] Max Capacity: 4096M
[0.083s][info][gc,init] Medium Page Size: 32M
[0.084s][info][gc,init] Pre-touch: Disabled
[0.086s][info][gc,init] Available space on backing filesystem: N/A
[0.090s][info][gc,init] Uncommit: Enabled
[0.091s][info][gc,init] Uncommit Delay: 300s
[0.197s][info][gc,init] Runtime Workers: 4
[0.202s][info][gc     ] Using The Z Garbage Collector
[0.205s][info][gc,metaspace] CDS archive(s) mapped at: [0x0000000800000000-0x0000000800bb4000-0x0000000800bb4000), size 12271616, SharedBaseAddress: 0x0000000800000000, ArchiveRelocationMode: 0.
[0.206s][info][gc,metaspace] Compressed class space mapped at: 0x0000000800c00000-0x0000000840c00000, reserved size: 1073741824
[0.208s][info][gc,metaspace] Narrow klass base: 0x0000000800000000, Narrow klass shift: 0, Narrow klass range: 0x100000000
[10.283s][info][gc,stats    ] === Garbage Collection Statistics =======================================================================================================================
[10.284s][info][gc,stats    ]                                                              Last 10s              Last 10m              Last 10h                Total
[10.285s][info][gc,stats    ]                                                              Avg / Max             Avg / Max             Avg / Max             Avg / Max
[10.286s][info][gc,stats    ]   Collector: Garbage Collection Cycle                      0.000 / 0.000         0.000 / 0.000         0.000 / 0.000         0.000 / 0.000       ms
[10.287s][info][gc,stats    ]  Contention: Mark Segment Reset Contention                     0 / 0                 0 / 0                 0 / 0                 0 / 0           ops/s
[10.288s][info][gc,stats    ]  Contention: Mark SeqNum Reset Contention                      0 / 0                 0 / 0                 0 / 0                 0 / 0           ops/s
[10.290s][info][gc,stats    ]    Critical: Allocation Stall                                  0 / 0                 0 / 0                 0 / 0                 0 / 0           ops/s
[10.291s][info][gc,stats    ]    Critical: Allocation Stall                              0.000 / 0.000         0.000 / 0.000         0.000 / 0.000         0.000 / 0.000       ms
[10.292s][info][gc,stats    ]    Critical: GC Locker Stall                                   0 / 0                 0 / 0                 0 / 0                 0 / 0           ops/s
[10.293s][info][gc,stats    ]    Critical: GC Locker Stall                               0.000 / 0.000         0.000 / 0.000         0.000 / 0.000         0.000 / 0.000       ms
[10.294s][info][gc,stats    ]    Critical: Relocation Stall                                  0 / 0                 0 / 0                 0 / 0                 0 / 0           ops/s
[10.295s][info][gc,stats    ]    Critical: Relocation Stall                              0.000 / 0.000         0.000 / 0.000         0.000 / 0.000         0.000 / 0.000       ms
[10.296s][info][gc,stats    ]      Memory: Allocation Rate                                  13 / 44               13 / 44               13 / 44               13 / 44          MB/s
[10.297s][info][gc,stats    ]      Memory: Out Of Memory                                     0 / 0                 0 / 0                 0 / 0                 0 / 0           ops/s
[10.299s][info][gc,stats    ]      Memory: Page Cache Flush                                  0 / 0                 0 / 0                 0 / 0                 0 / 0           MB/s
[10.299s][info][gc,stats    ]      Memory: Page Cache Hit L1                                 0 / 0                 0 / 0                 0 / 0                 0 / 0           ops/s
[10.302s][info][gc,stats    ]      Memory: Page Cache Hit L2                                 0 / 0                 0 / 0                 0 / 0                 0 / 0           ops/s
[10.303s][info][gc,stats    ]      Memory: Page Cache Hit L3                                 5 / 10                5 / 10                5 / 10                5 / 10          ops/s
[10.303s][info][gc,stats    ]      Memory: Page Cache Miss                                   0 / 1                 0 / 1                 0 / 1                 0 / 1           ops/s
[10.304s][info][gc,stats    ]      Memory: Uncommit                                          0 / 0                 0 / 0                 0 / 0                 0 / 0           MB/s
[10.305s][info][gc,stats    ]      Memory: Undo Object Allocation Failed                     0 / 0                 0 / 0                 0 / 0                 0 / 0           ops/s
[10.306s][info][gc,stats    ]      Memory: Undo Object Allocation Succeeded                  0 / 0                 0 / 0                 0 / 0                 0 / 0           ops/s
[10.307s][info][gc,stats    ]      Memory: Undo Page Allocation                              0 / 0                 0 / 0                 0 / 0                 0 / 0           ops/s
[10.308s][info][gc,stats    ]       Phase: Concurrent Mark                               0.000 / 0.000         0.000 / 0.000         0.000 / 0.000         0.000 / 0.000       ms
[10.309s][info][gc,stats    ]       Phase: Concurrent Mark Continue                      0.000 / 0.000         0.000 / 0.000         0.000 / 0.000         0.000 / 0.000       ms
[10.310s][info][gc,stats    ]       Phase: Concurrent Mark Free                          0.000 / 0.000         0.000 / 0.000         0.000 / 0.000         0.000 / 0.000       ms
[10.312s][info][gc,stats    ]       Phase: Concurrent Process Non-Strong References      0.000 / 0.000         0.000 / 0.000         0.000 / 0.000         0.000 / 0.000       ms
[10.313s][info][gc,stats    ]       Phase: Concurrent Relocate                           0.000 / 0.000         0.000 / 0.000         0.000 / 0.000         0.000 / 0.000       ms
[10.314s][info][gc,stats    ]       Phase: Concurrent Reset Relocation Set               0.000 / 0.000         0.000 / 0.000         0.000 / 0.000         0.000 / 0.000       ms
[10.314s][info][gc,stats    ]       Phase: Concurrent Select Relocation Set              0.000 / 0.000         0.000 / 0.000         0.000 / 0.000         0.000 / 0.000       ms
[10.322s][info][gc,stats    ]       Phase: Pause Mark End                                0.000 / 0.000         0.000 / 0.000         0.000 / 0.000         0.000 / 0.000       ms
[10.326s][info][gc,stats    ]       Phase: Pause Mark Start                              0.000 / 0.000         0.000 / 0.000         0.000 / 0.000         0.000 / 0.000       ms
[10.330s][info][gc,stats    ]       Phase: Pause Relocate Start                          0.000 / 0.000         0.000 / 0.000         0.000 / 0.000         0.000 / 0.000       ms
[10.332s][info][gc,stats    ]    Subphase: Concurrent Classes Purge                      0.000 / 0.000         0.000 / 0.000         0.000 / 0.000         0.000 / 0.000       ms
[10.332s][info][gc,stats    ]    Subphase: Concurrent Classes Unlink                     0.000 / 0.000         0.000 / 0.000         0.000 / 0.000         0.000 / 0.000       ms
[10.333s][info][gc,stats    ]    Subphase: Concurrent Mark                               0.000 / 0.000         0.000 / 0.000         0.000 / 0.000         0.000 / 0.000       ms
[10.334s][info][gc,stats    ]    Subphase: Concurrent Mark Try Flush                     0.000 / 0.000         0.000 / 0.000         0.000 / 0.000         0.000 / 0.000       ms
[10.335s][info][gc,stats    ]    Subphase: Concurrent Mark Try Terminate                 0.000 / 0.000         0.000 / 0.000         0.000 / 0.000         0.000 / 0.000       ms
[10.336s][info][gc,stats    ]    Subphase: Concurrent References Enqueue                 0.000 / 0.000         0.000 / 0.000         0.000 / 0.000         0.000 / 0.000       ms
[10.338s][info][gc,stats    ]    Subphase: Concurrent References Process                 0.000 / 0.000         0.000 / 0.000         0.000 / 0.000         0.000 / 0.000       ms
[10.339s][info][gc,stats    ]    Subphase: Concurrent Roots ClassLoaderDataGraph         0.000 / 0.000         0.000 / 0.000         0.000 / 0.000         0.000 / 0.000       ms
[10.340s][info][gc,stats    ]    Subphase: Concurrent Roots CodeCache                    0.000 / 0.000         0.000 / 0.000         0.000 / 0.000         0.000 / 0.000       ms
[10.341s][info][gc,stats    ]    Subphase: Concurrent Roots JavaThreads                  0.000 / 0.000         0.000 / 0.000         0.000 / 0.000         0.000 / 0.000       ms
[10.341s][info][gc,stats    ]    Subphase: Concurrent Roots OopStorageSet                0.000 / 0.000         0.000 / 0.000         0.000 / 0.000         0.000 / 0.000       ms
[10.342s][info][gc,stats    ]    Subphase: Concurrent Weak Roots OopStorageSet           0.000 / 0.000         0.000 / 0.000         0.000 / 0.000         0.000 / 0.000       ms
[10.343s][info][gc,stats    ]    Subphase: Pause Mark Try Complete                       0.000 / 0.000         0.000 / 0.000         0.000 / 0.000         0.000 / 0.000       ms
[10.344s][info][gc,stats    ]      System: Java Threads                                      0 / 0                 0 / 0                 0 / 0                 0 / 0           threads
[10.345s][info][gc,stats    ] =========================================================================================================================================================
[13.888s][info][gc,start    ] GC(0) Garbage Collection (Warmup)
[13.893s][info][gc,task     ] GC(0) Using 2 workers
[13.921s][info][gc,phases   ] GC(0) Pause Mark Start 0.012ms
[15.404s][info][gc,phases   ] GC(0) Concurrent Mark 1476.710ms
[15.425s][info][gc,phases   ] GC(0) Pause Mark End 0.018ms
[15.426s][info][gc,phases   ] GC(0) Concurrent Mark Free 0.003ms
[15.541s][info][gc,phases   ] GC(0) Concurrent Process Non-Strong References 113.039ms
[15.547s][info][gc,phases   ] GC(0) Concurrent Reset Relocation Set 0.003ms
[15.747s][info][gc,phases   ] GC(0) Concurrent Select Relocation Set 198.723ms
[15.772s][info][gc,phases   ] GC(0) Pause Relocate Start 0.031ms
[16.285s][info][gc,phases   ] GC(0) Concurrent Relocate 511.550ms
[16.287s][info][gc,load     ] GC(0) Load: 8.31/5.58/3.80
[16.287s][info][gc,mmu      ] GC(0) MMU: 2ms/98.5%, 5ms/99.4%, 10ms/99.7%, 20ms/99.8%, 50ms/99.9%, 100ms/100.0%
[16.288s][info][gc,marking  ] GC(0) Mark: 2 stripe(s), 2 proactive flush(es), 1 terminate flush(es), 0 completion(s), 0 continuation(s) 
[16.295s][info][gc,marking  ] GC(0) Mark Stack Usage: 32M
[16.296s][info][gc,nmethod  ] GC(0) NMethods: 2790 registered, 0 unregistered
[16.297s][info][gc,metaspace] GC(0) Metaspace: 17M used, 17M committed, 1048M reserved
[16.298s][info][gc,ref      ] GC(0) Soft: 3817 encountered, 0 discovered, 0 enqueued
[16.299s][info][gc,ref      ] GC(0) Weak: 1516 encountered, 389 discovered, 241 enqueued
[16.300s][info][gc,ref      ] GC(0) Final: 16 encountered, 13 discovered, 13 enqueued
[16.300s][info][gc,ref      ] GC(0) Phantom: 789 encountered, 560 discovered, 249 enqueued
[16.301s][info][gc,reloc    ] GC(0) Small Pages: 186 / 372M, Empty: 2M, Relocated: 50M, In-Place: 0
[16.302s][info][gc,reloc    ] GC(0) Medium Pages: 1 / 32M, Empty: 0M, Relocated: 0M, In-Place: 0
[16.309s][info][gc,reloc    ] GC(0) Large Pages: 0 / 0M, Empty: 0M, Relocated: 0M, In-Place: 0
[16.310s][info][gc,reloc    ] GC(0) Forwarding Usage: 16M
[16.311s][info][gc,heap     ] GC(0) Min Capacity: 256M(6%)
[16.315s][info][gc,heap     ] GC(0) Max Capacity: 4096M(100%)
[16.316s][info][gc,heap     ] GC(0) Soft Max Capacity: 4096M(100%)
[16.317s][info][gc,heap     ] GC(0)                Mark Start          Mark End        Relocate Start      Relocate End           High               Low         
[16.318s][info][gc,heap     ] GC(0)  Capacity:      414M (10%)         636M (16%)         668M (16%)         670M (16%)         670M (16%)         414M (10%)    
[16.326s][info][gc,heap     ] GC(0)      Free:     3692M (90%)        3460M (84%)        3428M (84%)        3584M (88%)        3692M (90%)        3426M (84%)    
[16.327s][info][gc,heap     ] GC(0)      Used:      404M (10%)         636M (16%)         668M (16%)         512M (12%)         670M (16%)         404M (10%)    
[16.328s][info][gc,heap     ] GC(0)      Live:         -                56M (1%)           56M (1%)           56M (1%)             -                  -          
[16.329s][info][gc,heap     ] GC(0) Allocated:         -               232M (6%)          266M (6%)          420M (10%)            -                  -          
[16.336s][info][gc,heap     ] GC(0)   Garbage:         -               347M (8%)          345M (8%)           35M (1%)             -                  -          
[16.338s][info][gc,heap     ] GC(0) Reclaimed:         -                  -                 2M (0%)          312M (8%)             -                  -          
[16.339s][info][gc          ] GC(0) Garbage Collection (Warmup) 404M(10%)->512M(12%)
[17.683s][info][gc,start    ] GC(1) Garbage Collection (Warmup)
[17.684s][info][gc,task     ] GC(1) Using 2 workers
[17.711s][info][gc,phases   ] GC(1) Pause Mark Start 0.015ms
[19.872s][info][gc,phases   ] GC(1) Concurrent Mark 2153.078ms
[19.880s][info][gc,phases   ] GC(1) Pause Mark End 0.026ms
[19.883s][info][gc,phases   ] GC(1) Concurrent Mark Free 0.003ms
[19.919s][info][gc,phases   ] GC(1) Concurrent Process Non-Strong References 32.342ms
[19.920s][info][gc,phases   ] GC(1) Concurrent Reset Relocation Set 0.037ms
[19.951s][info][gc,phases   ] GC(1) Concurrent Select Relocation Set 28.638ms
[19.961s][info][gc,phases   ] GC(1) Pause Relocate Start 0.015ms
[20.167s][info][gc,phases   ] GC(1) Concurrent Relocate 203.988ms
[20.168s][info][gc,load     ] GC(1) Load: 8.31/5.58/3.80
[20.171s][info][gc,mmu      ] GC(1) MMU: 2ms/98.5%, 5ms/99.4%, 10ms/99.7%, 20ms/99.8%, 50ms/99.9%, 100ms/100.0%
[20.172s][info][gc,marking  ] GC(1) Mark: 2 stripe(s), 3 proactive flush(es), 1 terminate flush(es), 0 completion(s), 0 continuation(s) 
[20.175s][info][gc,marking  ] GC(1) Mark Stack Usage: 32M
[20.176s][info][gc,nmethod  ] GC(1) NMethods: 2896 registered, 0 unregistered
[20.178s][info][gc,metaspace] GC(1) Metaspace: 17M used, 17M committed, 1048M reserved
[20.180s][info][gc,ref      ] GC(1) Soft: 3817 encountered, 0 discovered, 0 enqueued
[20.183s][info][gc,ref      ] GC(1) Weak: 1275 encountered, 293 discovered, 0 enqueued
[20.187s][info][gc,ref      ] GC(1) Final: 3 encountered, 3 discovered, 0 enqueued
[20.189s][info][gc,ref      ] GC(1) Phantom: 540 encountered, 408 discovered, 0 enqueued
[20.192s][info][gc,reloc    ] GC(1) Small Pages: 386 / 772M, Empty: 0M, Relocated: 48M, In-Place: 0
[20.194s][info][gc,reloc    ] GC(1) Medium Pages: 2 / 64M, Empty: 0M, Relocated: 2M, In-Place: 0
[20.197s][info][gc,reloc    ] GC(1) Large Pages: 0 / 0M, Empty: 0M, Relocated: 0M, In-Place: 0
[20.198s][info][gc,reloc    ] GC(1) Forwarding Usage: 9M
[20.201s][info][gc,heap     ] GC(1) Min Capacity: 256M(6%)
[20.205s][info][gc,heap     ] GC(1) Max Capacity: 4096M(100%)
[20.206s][info][gc,heap     ] GC(1) Soft Max Capacity: 4096M(100%)
[20.207s][info][gc,heap     ] GC(1)                Mark Start          Mark End        Relocate Start      Relocate End           High               Low         
[20.213s][info][gc,heap     ] GC(1)  Capacity:      836M (20%)        1166M (28%)        1168M (29%)        1200M (29%)        1200M (29%)         836M (20%)    
[20.214s][info][gc,heap     ] GC(1)      Free:     3260M (80%)        2930M (72%)        2928M (71%)        3626M (89%)        3626M (89%)        2896M (71%)    
[20.217s][info][gc,heap     ] GC(1)      Used:      836M (20%)        1166M (28%)        1168M (29%)         470M (11%)        1200M (29%)         470M (11%)    
[20.219s][info][gc,heap     ] GC(1)      Live:         -                97M (2%)           97M (2%)           97M (2%)             -                  -          
[20.222s][info][gc,heap     ] GC(1) Allocated:         -               330M (8%)          332M (8%)          339M (8%)             -                  -          
[20.226s][info][gc,heap     ] GC(1)   Garbage:         -               738M (18%)         738M (18%)          32M (1%)             -                  -          
[20.229s][info][gc,heap     ] GC(1) Reclaimed:         -                  -                 0M (0%)          705M (17%)            -                  -          
[20.231s][info][gc          ] GC(1) Garbage Collection (Warmup) 836M(20%)->470M(11%)
[20.283s][info][gc,stats    ] === Garbage Collection Statistics =======================================================================================================================
[20.284s][info][gc,stats    ]                                                              Last 10s              Last 10m              Last 10h                Total
[20.285s][info][gc,stats    ]                                                              Avg / Max             Avg / Max             Avg / Max             Avg / Max
[20.290s][info][gc,stats    ]   Collector: Garbage Collection Cycle                   2441.631 / 2485.059   2441.631 / 2485.059   2441.631 / 2485.059   2441.631 / 2485.059    ms
[20.291s][info][gc,stats    ]  Contention: Mark Segment Reset Contention                     0 / 1                 0 / 1                 0 / 1                 0 / 1           ops/s
[20.292s][info][gc,stats    ]  Contention: Mark SeqNum Reset Contention                      0 / 0                 0 / 0                 0 / 0                 0 / 0           ops/s
[20.296s][info][gc,stats    ]    Critical: Allocation Stall                                  0 / 0                 0 / 0                 0 / 0                 0 / 0           ops/s
[20.298s][info][gc,stats    ]    Critical: Allocation Stall                              0.000 / 0.000         0.000 / 0.000         0.000 / 0.000         0.000 / 0.000       ms
[20.299s][info][gc,stats    ]    Critical: GC Locker Stall                                   0 / 1                 0 / 1                 0 / 1                 0 / 1           ops/s
[20.302s][info][gc,stats    ]    Critical: GC Locker Stall                               0.002 / 0.002         0.002 / 0.002         0.002 / 0.002         0.002 / 0.002       ms
[20.303s][info][gc,stats    ]    Critical: Relocation Stall                                  0 / 0                 0 / 0                 0 / 0                 0 / 0           ops/s
[20.305s][info][gc,stats    ]    Critical: Relocation Stall                              0.000 / 0.000         0.000 / 0.000         0.000 / 0.000         0.000 / 0.000       ms
[20.306s][info][gc,stats    ]      Memory: Allocation Rate                                 157 / 246              85 / 246              85 / 246              85 / 246         MB/s
[20.307s][info][gc,stats    ]      Memory: Out Of Memory                                     0 / 0                 0 / 0                 0 / 0                 0 / 0           ops/s
[20.310s][info][gc,stats    ]      Memory: Page Cache Flush                                  0 / 0                 0 / 0                 0 / 0                 0 / 0           MB/s
[20.312s][info][gc,stats    ]      Memory: Page Cache Hit L1                                32 / 112              16 / 112              16 / 112              16 / 112         ops/s
[20.315s][info][gc,stats    ]      Memory: Page Cache Hit L2                                 0 / 0                 0 / 0                 0 / 0                 0 / 0           ops/s
[20.316s][info][gc,stats    ]      Memory: Page Cache Hit L3                                 6 / 31                5 / 31                5 / 31                5 / 31          ops/s
[20.318s][info][gc,stats    ]      Memory: Page Cache Miss                                  42 / 88               21 / 88               21 / 88               21 / 88          ops/s
[20.319s][info][gc,stats    ]      Memory: Uncommit                                          0 / 0                 0 / 0                 0 / 0                 0 / 0           MB/s
[20.320s][info][gc,stats    ]      Memory: Undo Object Allocation Failed                     0 / 0                 0 / 0                 0 / 0                 0 / 0           ops/s
[20.324s][info][gc,stats    ]      Memory: Undo Object Allocation Succeeded                  0 / 0                 0 / 0                 0 / 0                 0 / 0           ops/s
[20.325s][info][gc,stats    ]      Memory: Undo Page Allocation                             11 / 25                5 / 25                5 / 25                5 / 25          ops/s
[20.326s][info][gc,stats    ]       Phase: Concurrent Mark                            1814.894 / 2153.078   1814.894 / 2153.078   1814.894 / 2153.078   1814.894 / 2153.078    ms
[20.331s][info][gc,stats    ]       Phase: Concurrent Mark Continue                      0.000 / 0.000         0.000 / 0.000         0.000 / 0.000         0.000 / 0.000       ms
[20.332s][info][gc,stats    ]       Phase: Concurrent Mark Free                          0.003 / 0.003         0.003 / 0.003         0.003 / 0.003         0.003 / 0.003       ms
[20.333s][info][gc,stats    ]       Phase: Concurrent Process Non-Strong References     72.690 / 113.039      72.690 / 113.039      72.690 / 113.039      72.690 / 113.039     ms
[20.334s][info][gc,stats    ]       Phase: Concurrent Relocate                         357.769 / 511.550     357.769 / 511.550     357.769 / 511.550     357.769 / 511.550     ms
[20.335s][info][gc,stats    ]       Phase: Concurrent Reset Relocation Set               0.020 / 0.037         0.020 / 0.037         0.020 / 0.037         0.020 / 0.037       ms
[20.336s][info][gc,stats    ]       Phase: Concurrent Select Relocation Set            113.680 / 198.723     113.680 / 198.723     113.680 / 198.723     113.680 / 198.723     ms
[20.338s][info][gc,stats    ]       Phase: Pause Mark End                                0.022 / 0.026         0.022 / 0.026         0.022 / 0.026         0.022 / 0.026       ms
[20.339s][info][gc,stats    ]       Phase: Pause Mark Start                              0.013 / 0.015         0.013 / 0.015         0.013 / 0.015         0.013 / 0.015       ms
[20.346s][info][gc,stats    ]       Phase: Pause Relocate Start                          0.023 / 0.031         0.023 / 0.031         0.023 / 0.031         0.023 / 0.031       ms
[20.347s][info][gc,stats    ]    Subphase: Concurrent Classes Purge                      3.233 / 5.183         3.233 / 5.183         3.233 / 5.183         3.233 / 5.183       ms
[20.348s][info][gc,stats    ]    Subphase: Concurrent Classes Unlink                    33.251 / 46.534       33.251 / 46.534       33.251 / 46.534       33.251 / 46.534      ms
[20.349s][info][gc,stats    ]    Subphase: Concurrent Mark                            1798.805 / 2133.644   1798.805 / 2133.644   1798.805 / 2133.644   1798.805 / 2133.644    ms
[20.351s][info][gc,stats    ]    Subphase: Concurrent Mark Try Flush                    19.093 / 43.966       19.093 / 43.966       19.093 / 43.966       19.093 / 43.966      ms
[20.355s][info][gc,stats    ]    Subphase: Concurrent Mark Try Terminate                 2.725 / 17.244        2.725 / 17.244        2.725 / 17.244        2.725 / 17.244      ms
[20.357s][info][gc,stats    ]    Subphase: Concurrent References Enqueue                 0.028 / 0.055         0.028 / 0.055         0.028 / 0.055         0.028 / 0.055       ms
[20.358s][info][gc,stats    ]    Subphase: Concurrent References Process                 1.451 / 2.455         1.451 / 2.455         1.451 / 2.455         1.451 / 2.455       ms
[20.361s][info][gc,stats    ]    Subphase: Concurrent Roots ClassLoaderDataGraph         0.560 / 0.572         0.560 / 0.572         0.560 / 0.572         0.560 / 0.572       ms
[20.366s][info][gc,stats    ]    Subphase: Concurrent Roots CodeCache                    0.000 / 0.000         0.000 / 0.000         0.000 / 0.000         0.000 / 0.000       ms
[20.367s][info][gc,stats    ]    Subphase: Concurrent Roots JavaThreads                  5.112 / 13.595        5.112 / 13.595        5.112 / 13.595        5.112 / 13.595      ms
[20.369s][info][gc,stats    ]    Subphase: Concurrent Roots OopStorageSet                0.139 / 0.151         0.139 / 0.151         0.139 / 0.151         0.139 / 0.151       ms
[20.373s][info][gc,stats    ]    Subphase: Concurrent Weak Roots OopStorageSet           1.737 / 3.370         1.737 / 3.370         1.737 / 3.370         1.737 / 3.370       ms
[20.374s][info][gc,stats    ]    Subphase: Pause Mark Try Complete                       0.000 / 0.000         0.000 / 0.000         0.000 / 0.000         0.000 / 0.000       ms
[20.375s][info][gc,stats    ]      System: Java Threads                                     31 / 32               31 / 32               31 / 32               31 / 32          threads
[20.376s][info][gc,stats    ] =========================================================================================================================================================
[25.723s][info][gc,start    ] GC(2) Garbage Collection (Metadata GC Threshold)
[25.725s][info][gc,task     ] GC(2) Using 2 workers
[25.732s][info][gc,phases   ] GC(2) Pause Mark Start 0.019ms
[26.255s][info][gc,phases   ] GC(2) Concurrent Mark 520.058ms
[26.258s][info][gc,phases   ] GC(2) Pause Mark End 0.022ms
[26.261s][info][gc,phases   ] GC(2) Concurrent Mark Free 0.004ms
[26.311s][info][gc,phases   ] GC(2) Concurrent Process Non-Strong References 48.415ms
[26.315s][info][gc,phases   ] GC(2) Concurrent Reset Relocation Set 0.139ms
[26.324s][info][gc,phases   ] GC(2) Concurrent Select Relocation Set 7.235ms
[26.333s][info][gc,phases   ] GC(2) Pause Relocate Start 0.013ms
[26.424s][info][gc,phases   ] GC(2) Concurrent Relocate 89.852ms
[26.425s][info][gc,load     ] GC(2) Load: 10.07/6.04/3.97
[26.426s][info][gc,mmu      ] GC(2) MMU: 2ms/98.5%, 5ms/99.4%, 10ms/99.7%, 20ms/99.8%, 50ms/99.9%, 100ms/100.0%
[26.427s][info][gc,marking  ] GC(2) Mark: 2 stripe(s), 2 proactive flush(es), 1 terminate flush(es), 0 completion(s), 0 continuation(s) 
[26.428s][info][gc,marking  ] GC(2) Mark Stack Usage: 32M
[26.429s][info][gc,nmethod  ] GC(2) NMethods: 3674 registered, 0 unregistered
[26.430s][info][gc,metaspace] GC(2) Metaspace: 30M used, 30M committed, 1056M reserved
[26.432s][info][gc,ref      ] GC(2) Soft: 4298 encountered, 0 discovered, 0 enqueued
[26.435s][info][gc,ref      ] GC(2) Weak: 2276 encountered, 984 discovered, 515 enqueued
[26.437s][info][gc,ref      ] GC(2) Final: 35 encountered, 10 discovered, 1 enqueued
[26.438s][info][gc,ref      ] GC(2) Phantom: 1066 encountered, 1035 discovered, 632 enqueued
[26.439s][info][gc,reloc    ] GC(2) Small Pages: 248 / 496M, Empty: 6M, Relocated: 22M, In-Place: 0
[26.439s][info][gc,reloc    ] GC(2) Medium Pages: 2 / 64M, Empty: 0M, Relocated: 1M, In-Place: 0
[26.440s][info][gc,reloc    ] GC(2) Large Pages: 0 / 0M, Empty: 0M, Relocated: 0M, In-Place: 0
[26.442s][info][gc,reloc    ] GC(2) Forwarding Usage: 8M
[26.443s][info][gc,heap     ] GC(2) Min Capacity: 256M(6%)
[26.444s][info][gc,heap     ] GC(2) Max Capacity: 4096M(100%)
[26.445s][info][gc,heap     ] GC(2) Soft Max Capacity: 4096M(100%)
[26.446s][info][gc,heap     ] GC(2)                Mark Start          Mark End        Relocate Start      Relocate End           High               Low         
[26.446s][info][gc,heap     ] GC(2)  Capacity:     1200M (29%)        1200M (29%)        1200M (29%)        1200M (29%)        1200M (29%)        1200M (29%)    
[26.447s][info][gc,heap     ] GC(2)      Free:     3536M (86%)        3518M (86%)        3524M (86%)        3958M (97%)        3958M (97%)        3492M (85%)    
[26.448s][info][gc,heap     ] GC(2)      Used:      560M (14%)         578M (14%)         572M (14%)         138M (3%)          604M (15%)         138M (3%)     
[26.449s][info][gc,heap     ] GC(2)      Live:         -                77M (2%)           77M (2%)           77M (2%)             -                  -          
[26.450s][info][gc,heap     ] GC(2) Allocated:         -                18M (0%)           18M (0%)           19M (0%)             -                  -          
[26.453s][info][gc,heap     ] GC(2)   Garbage:         -               482M (12%)         476M (12%)          41M (1%)             -                  -          
[26.455s][info][gc,heap     ] GC(2) Reclaimed:         -                  -                 6M (0%)          441M (11%)            -                  -          
[26.457s][info][gc          ] GC(2) Garbage Collection (Metadata GC Threshold) 560M(14%)->138M(3%)
[30.288s][info][gc,stats    ] === Garbage Collection Statistics =======================================================================================================================
[30.290s][info][gc,stats    ]                                                              Last 10s              Last 10m              Last 10h                Total
[30.294s][info][gc,stats    ]                                                              Avg / Max             Avg / Max             Avg / Max             Avg / Max
[30.296s][info][gc,stats    ]   Collector: Garbage Collection Cycle                    701.384 / 701.384    1861.548 / 2485.059   1861.548 / 2485.059   1861.548 / 2485.059    ms
[30.303s][info][gc,stats    ]  Contention: Mark Segment Reset Contention                     0 / 1                 0 / 1                 0 / 1                 0 / 1           ops/s
[30.304s][info][gc,stats    ]  Contention: Mark SeqNum Reset Contention                      0 / 0                 0 / 0                 0 / 0                 0 / 0           ops/s
[30.309s][info][gc,stats    ]    Critical: Allocation Stall                                  0 / 0                 0 / 0                 0 / 0                 0 / 0           ops/s
[30.310s][info][gc,stats    ]    Critical: Allocation Stall                              0.000 / 0.000         0.000 / 0.000         0.000 / 0.000         0.000 / 0.000       ms
[30.311s][info][gc,stats    ]    Critical: GC Locker Stall                                   0 / 0                 0 / 1                 0 / 1                 0 / 1           ops/s
[30.313s][info][gc,stats    ]    Critical: GC Locker Stall                               0.000 / 0.000         0.002 / 0.002         0.002 / 0.002         0.002 / 0.002       ms
[30.318s][info][gc,stats    ]    Critical: Relocation Stall                                  0 / 0                 0 / 0                 0 / 0                 0 / 0           ops/s
[30.319s][info][gc,stats    ]    Critical: Relocation Stall                              0.000 / 0.000         0.000 / 0.000         0.000 / 0.000         0.000 / 0.000       ms
[30.320s][info][gc,stats    ]      Memory: Allocation Rate                                  22 / 80               64 / 246              64 / 246              64 / 246         MB/s
[30.322s][info][gc,stats    ]      Memory: Out Of Memory                                     0 / 0                 0 / 0                 0 / 0                 0 / 0           ops/s
[30.323s][info][gc,stats    ]      Memory: Page Cache Flush                                  0 / 0                 0 / 0                 0 / 0                 0 / 0           MB/s
[30.328s][info][gc,stats    ]      Memory: Page Cache Hit L1                                 9 / 19               13 / 112              13 / 112              13 / 112         ops/s
[30.329s][info][gc,stats    ]      Memory: Page Cache Hit L2                                 0 / 0                 0 / 0                 0 / 0                 0 / 0           ops/s
[30.330s][info][gc,stats    ]      Memory: Page Cache Hit L3                                 0 / 0                 3 / 31                3 / 31                3 / 31          ops/s
[30.331s][info][gc,stats    ]      Memory: Page Cache Miss                                   0 / 1                14 / 88               14 / 88               14 / 88          ops/s
[30.332s][info][gc,stats    ]      Memory: Uncommit                                          0 / 0                 0 / 0                 0 / 0                 0 / 0           MB/s
[30.334s][info][gc,stats    ]      Memory: Undo Object Allocation Failed                     0 / 0                 0 / 0                 0 / 0                 0 / 0           ops/s
[30.338s][info][gc,stats    ]      Memory: Undo Object Allocation Succeeded                  0 / 0                 0 / 0                 0 / 0                 0 / 0           ops/s
[30.340s][info][gc,stats    ]      Memory: Undo Page Allocation                              0 / 0                 3 / 25                3 / 25                3 / 25          ops/s
[30.344s][info][gc,stats    ]       Phase: Concurrent Mark                             520.058 / 520.058    1383.282 / 2153.078   1383.282 / 2153.078   1383.282 / 2153.078    ms
[30.346s][info][gc,stats    ]       Phase: Concurrent Mark Continue                      0.000 / 0.000         0.000 / 0.000         0.000 / 0.000         0.000 / 0.000       ms
[30.348s][info][gc,stats    ]       Phase: Concurrent Mark Free                          0.004 / 0.004         0.003 / 0.004         0.003 / 0.004         0.003 / 0.004       ms
[30.349s][info][gc,stats    ]       Phase: Concurrent Process Non-Strong References     48.415 / 48.415       64.599 / 113.039      64.599 / 113.039      64.599 / 113.039     ms
[30.350s][info][gc,stats    ]       Phase: Concurrent Relocate                          89.852 / 89.852      268.463 / 511.550     268.463 / 511.550     268.463 / 511.550     ms
[30.354s][info][gc,stats    ]       Phase: Concurrent Reset Relocation Set               0.139 / 0.139         0.059 / 0.139         0.059 / 0.139         0.059 / 0.139       ms
[30.356s][info][gc,stats    ]       Phase: Concurrent Select Relocation Set              7.235 / 7.235        78.199 / 198.723      78.199 / 198.723      78.199 / 198.723     ms
[30.357s][info][gc,stats    ]       Phase: Pause Mark End                                0.022 / 0.022         0.022 / 0.026         0.022 / 0.026         0.022 / 0.026       ms
[30.358s][info][gc,stats    ]       Phase: Pause Mark Start                              0.019 / 0.019         0.015 / 0.019         0.015 / 0.019         0.015 / 0.019       ms
[30.359s][info][gc,stats    ]       Phase: Pause Relocate Start                          0.013 / 0.013         0.020 / 0.031         0.020 / 0.031         0.020 / 0.031       ms
[30.363s][info][gc,stats    ]    Subphase: Concurrent Classes Purge                      0.302 / 0.302         2.256 / 5.183         2.256 / 5.183         2.256 / 5.183       ms
[30.365s][info][gc,stats    ]    Subphase: Concurrent Classes Unlink                    42.854 / 42.854       36.452 / 46.534       36.452 / 46.534       36.452 / 46.534      ms
[30.366s][info][gc,stats    ]    Subphase: Concurrent Mark                             503.362 / 503.679    1366.990 / 2133.644   1366.990 / 2133.644   1366.990 / 2133.644    ms
[30.367s][info][gc,stats    ]    Subphase: Concurrent Mark Try Flush                     5.617 / 14.884       15.050 / 43.966       15.050 / 43.966       15.050 / 43.966      ms
[30.370s][info][gc,stats    ]    Subphase: Concurrent Mark Try Terminate                 1.306 / 5.097         2.596 / 17.244        2.596 / 17.244        2.596 / 17.244      ms
[30.371s][info][gc,stats    ]    Subphase: Concurrent References Enqueue                 0.042 / 0.042         0.033 / 0.055         0.033 / 0.055         0.033 / 0.055       ms
[30.372s][info][gc,stats    ]    Subphase: Concurrent References Process                 2.468 / 2.468         1.790 / 2.468         1.790 / 2.468         1.790 / 2.468       ms
[30.373s][info][gc,stats    ]    Subphase: Concurrent Roots ClassLoaderDataGraph         0.563 / 0.563         0.561 / 0.572         0.561 / 0.572         0.561 / 0.572       ms
[30.375s][info][gc,stats    ]    Subphase: Concurrent Roots CodeCache                    0.000 / 0.000         0.000 / 0.000         0.000 / 0.000         0.000 / 0.000       ms
[30.376s][info][gc,stats    ]    Subphase: Concurrent Roots JavaThreads                  3.504 / 3.717         4.576 / 13.595        4.576 / 13.595        4.576 / 13.595      ms
[30.378s][info][gc,stats    ]    Subphase: Concurrent Roots OopStorageSet                0.097 / 0.097         0.125 / 0.151         0.125 / 0.151         0.125 / 0.151       ms
[30.385s][info][gc,stats    ]    Subphase: Concurrent Weak Roots OopStorageSet           1.567 / 1.567         1.695 / 3.370         1.695 / 3.370         1.695 / 3.370       ms
[30.386s][info][gc,stats    ]    Subphase: Pause Mark Try Complete                       0.000 / 0.000         0.000 / 0.000         0.000 / 0.000         0.000 / 0.000       ms
[30.387s][info][gc,stats    ]      System: Java Threads                                     50 / 50               37 / 50               37 / 50               37 / 50          threads
[30.388s][info][gc,stats    ] =========================================================================================================================================================
[37.384s][info][gc,start    ] GC(3) Garbage Collection (Metadata GC Threshold)
[37.386s][info][gc,task     ] GC(3) Using 2 workers
[37.403s][info][gc,phases   ] GC(3) Pause Mark Start 6.286ms
[38.507s][info][gc,phases   ] GC(3) Concurrent Mark 1092.667ms
[38.530s][info][gc,phases   ] GC(3) Pause Mark End 0.041ms
[38.533s][info][gc,phases   ] GC(3) Concurrent Mark Free 0.003ms
[38.791s][info][gc,phases   ] GC(3) Concurrent Process Non-Strong References 257.265ms
[38.795s][info][gc,phases   ] GC(3) Concurrent Reset Relocation Set 0.050ms
[38.851s][info][gc,phases   ] GC(3) Concurrent Select Relocation Set 48.724ms
[38.859s][info][gc,phases   ] GC(3) Pause Relocate Start 0.139ms
[39.280s][info][gc,phases   ] GC(3) Concurrent Relocate 414.818ms
[39.285s][info][gc,load     ] GC(3) Load: 11.07/6.38/4.11
[39.287s][info][gc,mmu      ] GC(3) MMU: 2ms/0.0%, 5ms/0.0%, 10ms/37.1%, 20ms/68.6%, 50ms/87.4%, 100ms/93.7%
[39.291s][info][gc,marking  ] GC(3) Mark: 2 stripe(s), 2 proactive flush(es), 1 terminate flush(es), 0 completion(s), 0 continuation(s) 
[39.296s][info][gc,marking  ] GC(3) Mark Stack Usage: 32M
[39.300s][info][gc,nmethod  ] GC(3) NMethods: 5160 registered, 0 unregistered
[39.302s][info][gc,metaspace] GC(3) Metaspace: 51M used, 51M committed, 1072M reserved
[39.305s][info][gc,ref      ] GC(3) Soft: 4991 encountered, 0 discovered, 0 enqueued
[39.307s][info][gc,ref      ] GC(3) Weak: 3556 encountered, 736 discovered, 484 enqueued
[39.311s][info][gc,ref      ] GC(3) Final: 84 encountered, 4 discovered, 1 enqueued
[39.315s][info][gc,ref      ] GC(3) Phantom: 1075 encountered, 842 discovered, 595 enqueued
[39.320s][info][gc,reloc    ] GC(3) Small Pages: 179 / 358M, Empty: 88M, Relocated: 15M, In-Place: 0
[39.323s][info][gc,reloc    ] GC(3) Medium Pages: 2 / 64M, Empty: 0M, Relocated: 2M, In-Place: 0
[39.327s][info][gc,reloc    ] GC(3) Large Pages: 4 / 52M, Empty: 12M, Relocated: 0M, In-Place: 0
[39.335s][info][gc,reloc    ] GC(3) Forwarding Usage: 4M
[39.339s][info][gc,heap     ] GC(3) Min Capacity: 256M(6%)
[39.341s][info][gc,heap     ] GC(3) Max Capacity: 4096M(100%)
[39.344s][info][gc,heap     ] GC(3) Soft Max Capacity: 4096M(100%)
[39.347s][info][gc,heap     ] GC(3)                Mark Start          Mark End        Relocate Start      Relocate End           High               Low         
[39.349s][info][gc,heap     ] GC(3)  Capacity:     1234M (30%)        1234M (30%)        1234M (30%)        1266M (31%)        1266M (31%)        1234M (30%)    
[39.352s][info][gc,heap     ] GC(3)      Free:     3622M (88%)        3542M (86%)        3624M (88%)        3822M (93%)        3822M (93%)        3526M (86%)    
[39.358s][info][gc,heap     ] GC(3)      Used:      474M (12%)         554M (14%)         472M (12%)         274M (7%)          570M (14%)         274M (7%)     
[39.379s][info][gc,heap     ] GC(3)      Live:         -               133M (3%)          133M (3%)          133M (3%)             -                  -          
[39.387s][info][gc,heap     ] GC(3) Allocated:         -                80M (2%)           98M (2%)          100M (2%)             -                  -          
[39.393s][info][gc,heap     ] GC(3)   Garbage:         -               340M (8%)          240M (6%)           39M (1%)             -                  -          
[39.395s][info][gc,heap     ] GC(3) Reclaimed:         -                  -               100M (2%)          300M (7%)             -                  -          
[39.399s][info][gc          ] GC(3) Garbage Collection (Metadata GC Threshold) 474M(12%)->274M(7%)
[40.283s][info][gc,stats    ] === Garbage Collection Statistics =======================================================================================================================
[40.285s][info][gc,stats    ]                                                              Last 10s              Last 10m              Last 10h                Total
[40.286s][info][gc,stats    ]                                                              Avg / Max             Avg / Max             Avg / Max             Avg / Max
[40.288s][info][gc,stats    ]   Collector: Garbage Collection Cycle                   1899.884 / 1899.884   1871.132 / 2485.059   1871.132 / 2485.059   1871.132 / 2485.059    ms
[40.289s][info][gc,stats    ]  Contention: Mark Segment Reset Contention                     0 / 0                 0 / 1                 0 / 1                 0 / 1           ops/s
[40.290s][info][gc,stats    ]  Contention: Mark SeqNum Reset Contention                      0 / 0                 0 / 0                 0 / 0                 0 / 0           ops/s
[40.296s][info][gc,stats    ]    Critical: Allocation Stall                                  0 / 0                 0 / 0                 0 / 0                 0 / 0           ops/s
[40.297s][info][gc,stats    ]    Critical: Allocation Stall                              0.000 / 0.000         0.000 / 0.000         0.000 / 0.000         0.000 / 0.000       ms
[40.299s][info][gc,stats    ]    Critical: GC Locker Stall                                   0 / 0                 0 / 1                 0 / 1                 0 / 1           ops/s
[40.301s][info][gc,stats    ]    Critical: GC Locker Stall                               0.000 / 0.000         0.002 / 0.002         0.002 / 0.002         0.002 / 0.002       ms
[40.307s][info][gc,stats    ]    Critical: Relocation Stall                                  0 / 0                 0 / 0                 0 / 0                 0 / 0           ops/s
[40.308s][info][gc,stats    ]    Critical: Relocation Stall                              0.000 / 0.000         0.000 / 0.000         0.000 / 0.000         0.000 / 0.000       ms
[40.313s][info][gc,stats    ]      Memory: Allocation Rate                                  32 / 70               56 / 246              56 / 246              56 / 246         MB/s
[40.315s][info][gc,stats    ]      Memory: Out Of Memory                                     0 / 0                 0 / 0                 0 / 0                 0 / 0           ops/s
[40.316s][info][gc,stats    ]      Memory: Page Cache Flush                                  0 / 0                 0 / 0                 0 / 0                 0 / 0           MB/s
[40.324s][info][gc,stats    ]      Memory: Page Cache Hit L1                                14 / 33               14 / 112              14 / 112              14 / 112         ops/s
[40.325s][info][gc,stats    ]      Memory: Page Cache Hit L2                                 0 / 0                 0 / 0                 0 / 0                 0 / 0           ops/s
[40.327s][info][gc,stats    ]      Memory: Page Cache Hit L3                                 0 / 2                 2 / 31                2 / 31                2 / 31          ops/s
[40.329s][info][gc,stats    ]      Memory: Page Cache Miss                                   0 / 1                10 / 88               10 / 88               10 / 88          ops/s
[40.335s][info][gc,stats    ]      Memory: Uncommit                                          0 / 0                 0 / 0                 0 / 0                 0 / 0           MB/s
[40.336s][info][gc,stats    ]      Memory: Undo Object Allocation Failed                     0 / 1                 0 / 1                 0 / 1                 0 / 1           ops/s
[40.341s][info][gc,stats    ]      Memory: Undo Object Allocation Succeeded                  0 / 1                 0 / 1                 0 / 1                 0 / 1           ops/s
[40.348s][info][gc,stats    ]      Memory: Undo Page Allocation                              0 / 0                 2 / 25                2 / 25                2 / 25          ops/s
[40.355s][info][gc,stats    ]       Phase: Concurrent Mark                            1092.667 / 1092.667   1310.628 / 2153.078   1310.628 / 2153.078   1310.628 / 2153.078    ms
[40.356s][info][gc,stats    ]       Phase: Concurrent Mark Continue                      0.000 / 0.000         0.000 / 0.000         0.000 / 0.000         0.000 / 0.000       ms
[40.357s][info][gc,stats    ]       Phase: Concurrent Mark Free                          0.003 / 0.003         0.003 / 0.004         0.003 / 0.004         0.003 / 0.004       ms
[40.358s][info][gc,stats    ]       Phase: Concurrent Process Non-Strong References    257.265 / 257.265     112.765 / 257.265     112.765 / 257.265     112.765 / 257.265     ms
[40.365s][info][gc,stats    ]       Phase: Concurrent Relocate                         414.818 / 414.818     305.052 / 511.550     305.052 / 511.550     305.052 / 511.550     ms
[40.367s][info][gc,stats    ]       Phase: Concurrent Reset Relocation Set               0.050 / 0.050         0.057 / 0.139         0.057 / 0.139         0.057 / 0.139       ms
[40.374s][info][gc,stats    ]       Phase: Concurrent Select Relocation Set             48.724 / 48.724       70.830 / 198.723      70.830 / 198.723      70.830 / 198.723     ms
[40.376s][info][gc,stats    ]       Phase: Pause Mark End                                0.041 / 0.041         0.027 / 0.041         0.027 / 0.041         0.027 / 0.041       ms
[40.377s][info][gc,stats    ]       Phase: Pause Mark Start                              6.286 / 6.286         1.583 / 6.286         1.583 / 6.286         1.583 / 6.286       ms
[40.378s][info][gc,stats    ]       Phase: Pause Relocate Start                          0.139 / 0.139         0.050 / 0.139         0.050 / 0.139         0.050 / 0.139       ms
[40.380s][info][gc,stats    ]    Subphase: Concurrent Classes Purge                     10.871 / 10.871        4.410 / 10.871        4.410 / 10.871        4.410 / 10.871      ms
[40.385s][info][gc,stats    ]    Subphase: Concurrent Classes Unlink                   206.267 / 206.267      78.906 / 206.267      78.906 / 206.267      78.906 / 206.267     ms
[40.386s][info][gc,stats    ]    Subphase: Concurrent Mark                            1054.881 / 1058.614   1288.963 / 2133.644   1288.963 / 2133.644   1288.963 / 2133.644    ms
[40.388s][info][gc,stats    ]    Subphase: Concurrent Mark Try Flush                    18.764 / 29.593       15.907 / 43.966       15.907 / 43.966       15.907 / 43.966      ms
[40.389s][info][gc,stats    ]    Subphase: Concurrent Mark Try Terminate                 3.808 / 13.000        2.731 / 17.244        2.731 / 17.244        2.731 / 17.244      ms
[40.396s][info][gc,stats    ]    Subphase: Concurrent References Enqueue                 0.006 / 0.006         0.026 / 0.055         0.026 / 0.055         0.026 / 0.055       ms
[40.404s][info][gc,stats    ]    Subphase: Concurrent References Process                 0.705 / 0.705         1.519 / 2.468         1.519 / 2.468         1.519 / 2.468       ms
[40.405s][info][gc,stats    ]    Subphase: Concurrent Roots ClassLoaderDataGraph         0.477 / 0.904         0.527 / 0.904         0.527 / 0.904         0.527 / 0.904       ms
[40.407s][info][gc,stats    ]    Subphase: Concurrent Roots CodeCache                    0.000 / 0.000         0.000 / 0.000         0.000 / 0.000         0.000 / 0.000       ms
[40.408s][info][gc,stats    ]    Subphase: Concurrent Roots JavaThreads                 29.513 / 32.896       10.810 / 32.896       10.810 / 32.896       10.810 / 32.896      ms
[40.410s][info][gc,stats    ]    Subphase: Concurrent Roots OopStorageSet                0.456 / 0.683         0.257 / 0.683         0.257 / 0.683         0.257 / 0.683       ms
[40.411s][info][gc,stats    ]    Subphase: Concurrent Weak Roots OopStorageSet          11.927 / 13.591        5.105 / 13.591        5.105 / 13.591        5.105 / 13.591      ms
[40.418s][info][gc,stats    ]    Subphase: Pause Mark Try Complete                       0.000 / 0.000         0.000 / 0.000         0.000 / 0.000         0.000 / 0.000       ms
[40.419s][info][gc,stats    ]      System: Java Threads                                     89 / 89               50 / 89               50 / 89               50 / 89          threads
[40.421s][info][gc,stats    ] =========================================================================================================================================================
[50.283s][info][gc,stats    ] === Garbage Collection Statistics =======================================================================================================================
[50.287s][info][gc,stats    ]                                                              Last 10s              Last 10m              Last 10h                Total
[50.293s][info][gc,stats    ]                                                              Avg / Max             Avg / Max             Avg / Max             Avg / Max
[50.297s][info][gc,stats    ]   Collector: Garbage Collection Cycle                      0.000 / 0.000      1871.132 / 2485.059   1871.132 / 2485.059   1871.132 / 2485.059    ms
[50.312s][info][gc,stats    ]  Contention: Mark Segment Reset Contention                     0 / 0                 0 / 1                 0 / 1                 0 / 1           ops/s
[50.317s][info][gc,stats    ]  Contention: Mark SeqNum Reset Contention                      0 / 0                 0 / 0                 0 / 0                 0 / 0           ops/s
[50.327s][info][gc,stats    ]    Critical: Allocation Stall                                  0 / 0                 0 / 0                 0 / 0                 0 / 0           ops/s
[50.338s][info][gc,stats    ]    Critical: Allocation Stall                              0.000 / 0.000         0.000 / 0.000         0.000 / 0.000         0.000 / 0.000       ms
[50.351s][info][gc,stats    ]    Critical: GC Locker Stall                                   0 / 0                 0 / 1                 0 / 1                 0 / 1           ops/s
[50.379s][info][gc,stats    ]    Critical: GC Locker Stall                               0.000 / 0.000         0.002 / 0.002         0.002 / 0.002         0.002 / 0.002       ms
[50.389s][info][gc,stats    ]    Critical: Relocation Stall                                  0 / 0                 0 / 0                 0 / 0                 0 / 0           ops/s
[50.396s][info][gc,stats    ]    Critical: Relocation Stall                              0.000 / 0.000         0.000 / 0.000         0.000 / 0.000         0.000 / 0.000       ms
[50.406s][info][gc,stats    ]      Memory: Allocation Rate                                  28 / 56               50 / 246              50 / 246              50 / 246         MB/s
[50.407s][info][gc,stats    ]      Memory: Out Of Memory                                     0 / 0                 0 / 0                 0 / 0                 0 / 0           ops/s
[50.413s][info][gc,stats    ]      Memory: Page Cache Flush                                  0 / 0                 0 / 0                 0 / 0                 0 / 0           MB/s
[50.416s][info][gc,stats    ]      Memory: Page Cache Hit L1                                 6 / 12               12 / 112              12 / 112              12 / 112         ops/s
[50.418s][info][gc,stats    ]      Memory: Page Cache Hit L2                                 0 / 0                 0 / 0                 0 / 0                 0 / 0           ops/s
[50.420s][info][gc,stats    ]      Memory: Page Cache Hit L3                                 1 / 4                 2 / 31                2 / 31                2 / 31          ops/s
[50.430s][info][gc,stats    ]      Memory: Page Cache Miss                                   0 / 3                 8 / 88                8 / 88                8 / 88          ops/s
[50.432s][info][gc,stats    ]      Memory: Uncommit                                          0 / 0                 0 / 0                 0 / 0                 0 / 0           MB/s
[50.442s][info][gc,stats    ]      Memory: Undo Object Allocation Failed                     0 / 0                 0 / 1                 0 / 1                 0 / 1           ops/s
[50.450s][info][gc,stats    ]      Memory: Undo Object Allocation Succeeded                  0 / 0                 0 / 1                 0 / 1                 0 / 1           ops/s
[50.452s][info][gc,stats    ]      Memory: Undo Page Allocation                              0 / 0                 2 / 25                2 / 25                2 / 25          ops/s
[50.460s][info][gc,stats    ]       Phase: Concurrent Mark                               0.000 / 0.000      1310.628 / 2153.078   1310.628 / 2153.078   1310.628 / 2153.078    ms
[50.461s][info][gc,stats    ]       Phase: Concurrent Mark Continue                      0.000 / 0.000         0.000 / 0.000         0.000 / 0.000         0.000 / 0.000       ms
[50.466s][info][gc,stats    ]       Phase: Concurrent Mark Free                          0.000 / 0.000         0.003 / 0.004         0.003 / 0.004         0.003 / 0.004       ms
[50.468s][info][gc,stats    ]       Phase: Concurrent Process Non-Strong References      0.000 / 0.000       112.765 / 257.265     112.765 / 257.265     112.765 / 257.265     ms
[50.474s][info][gc,stats    ]       Phase: Concurrent Relocate                           0.000 / 0.000       305.052 / 511.550     305.052 / 511.550     305.052 / 511.550     ms
[50.477s][info][gc,stats    ]       Phase: Concurrent Reset Relocation Set               0.000 / 0.000         0.057 / 0.139         0.057 / 0.139         0.057 / 0.139       ms
[50.479s][info][gc,stats    ]       Phase: Concurrent Select Relocation Set              0.000 / 0.000        70.830 / 198.723      70.830 / 198.723      70.830 / 198.723     ms
[50.483s][info][gc,stats    ]       Phase: Pause Mark End                                0.000 / 0.000         0.027 / 0.041         0.027 / 0.041         0.027 / 0.041       ms
[50.484s][info][gc,stats    ]       Phase: Pause Mark Start                              0.000 / 0.000         1.583 / 6.286         1.583 / 6.286         1.583 / 6.286       ms
[50.490s][info][gc,stats    ]       Phase: Pause Relocate Start                          0.000 / 0.000         0.050 / 0.139         0.050 / 0.139         0.050 / 0.139       ms
[50.492s][info][gc,stats    ]    Subphase: Concurrent Classes Purge                      0.000 / 0.000         4.410 / 10.871        4.410 / 10.871        4.410 / 10.871      ms
[50.493s][info][gc,stats    ]    Subphase: Concurrent Classes Unlink                     0.000 / 0.000        78.906 / 206.267      78.906 / 206.267      78.906 / 206.267     ms
[50.499s][info][gc,stats    ]    Subphase: Concurrent Mark                               0.000 / 0.000      1288.963 / 2133.644   1288.963 / 2133.644   1288.963 / 2133.644    ms
[50.501s][info][gc,stats    ]    Subphase: Concurrent Mark Try Flush                     0.000 / 0.000        15.907 / 43.966       15.907 / 43.966       15.907 / 43.966      ms
[50.503s][info][gc,stats    ]    Subphase: Concurrent Mark Try Terminate                 0.000 / 0.000         2.731 / 17.244        2.731 / 17.244        2.731 / 17.244      ms
[50.505s][info][gc,stats    ]    Subphase: Concurrent References Enqueue                 0.000 / 0.000         0.026 / 0.055         0.026 / 0.055         0.026 / 0.055       ms
[50.507s][info][gc,stats    ]    Subphase: Concurrent References Process                 0.000 / 0.000         1.519 / 2.468         1.519 / 2.468         1.519 / 2.468       ms
[50.513s][info][gc,stats    ]    Subphase: Concurrent Roots ClassLoaderDataGraph         0.000 / 0.000         0.527 / 0.904         0.527 / 0.904         0.527 / 0.904       ms
[50.516s][info][gc,stats    ]    Subphase: Concurrent Roots CodeCache                    0.000 / 0.000         0.000 / 0.000         0.000 / 0.000         0.000 / 0.000       ms
[50.522s][info][gc,stats    ]    Subphase: Concurrent Roots JavaThreads                  0.000 / 0.000        10.810 / 32.896       10.810 / 32.896       10.810 / 32.896      ms
[50.526s][info][gc,stats    ]    Subphase: Concurrent Roots OopStorageSet                0.000 / 0.000         0.257 / 0.683         0.257 / 0.683         0.257 / 0.683       ms
[50.528s][info][gc,stats    ]    Subphase: Concurrent Weak Roots OopStorageSet           0.000 / 0.000         5.105 / 13.591        5.105 / 13.591        5.105 / 13.591      ms
[50.530s][info][gc,stats    ]    Subphase: Pause Mark Try Complete                       0.000 / 0.000         0.000 / 0.000         0.000 / 0.000         0.000 / 0.000       ms
[50.536s][info][gc,stats    ]      System: Java Threads                                      0 / 0                50 / 89               50 / 89               50 / 89          threads
[50.539s][info][gc,stats    ] =========================================================================================================================================================
[60.282s][info][gc,stats    ] === Garbage Collection Statistics =======================================================================================================================
[60.286s][info][gc,stats    ]                                                              Last 10s              Last 10m              Last 10h                Total
[60.290s][info][gc,stats    ]                                                              Avg / Max             Avg / Max             Avg / Max             Avg / Max
[60.292s][info][gc,stats    ]   Collector: Garbage Collection Cycle                      0.000 / 0.000      1871.132 / 2485.059   1871.132 / 2485.059   1871.132 / 2485.059    ms
[60.295s][info][gc,stats    ]  Contention: Mark Segment Reset Contention                     0 / 0                 0 / 1                 0 / 1                 0 / 1           ops/s
[60.298s][info][gc,stats    ]  Contention: Mark SeqNum Reset Contention                      0 / 0                 0 / 0                 0 / 0                 0 / 0           ops/s
[60.299s][info][gc,stats    ]    Critical: Allocation Stall                                  0 / 0                 0 / 0                 0 / 0                 0 / 0           ops/s
[60.306s][info][gc,stats    ]    Critical: Allocation Stall                              0.000 / 0.000         0.000 / 0.000         0.000 / 0.000         0.000 / 0.000       ms
[60.309s][info][gc,stats    ]    Critical: GC Locker Stall                                   0 / 0                 0 / 1                 0 / 1                 0 / 1           ops/s
[60.314s][info][gc,stats    ]    Critical: GC Locker Stall                               0.000 / 0.000         0.002 / 0.002         0.002 / 0.002         0.002 / 0.002       ms
[60.315s][info][gc,stats    ]    Critical: Relocation Stall                                  0 / 0                 0 / 0                 0 / 0                 0 / 0           ops/s
[60.319s][info][gc,stats    ]    Critical: Relocation Stall                              0.000 / 0.000         0.000 / 0.000         0.000 / 0.000         0.000 / 0.000       ms
[60.321s][info][gc,stats    ]      Memory: Allocation Rate                                  62 / 170              52 / 246              52 / 246              52 / 246         MB/s
[60.326s][info][gc,stats    ]      Memory: Out Of Memory                                     0 / 0                 0 / 0                 0 / 0                 0 / 0           ops/s
[60.329s][info][gc,stats    ]      Memory: Page Cache Flush                                  0 / 0                 0 / 0                 0 / 0                 0 / 0           MB/s
[60.334s][info][gc,stats    ]      Memory: Page Cache Hit L1                                 6 / 12               11 / 112              11 / 112              11 / 112         ops/s
[60.336s][info][gc,stats    ]      Memory: Page Cache Hit L2                                 0 / 0                 0 / 0                 0 / 0                 0 / 0           ops/s
[60.338s][info][gc,stats    ]      Memory: Page Cache Hit L3                                 0 / 0                 2 / 31                2 / 31                2 / 31          ops/s
[60.343s][info][gc,stats    ]      Memory: Page Cache Miss                                   4 / 10                7 / 88                7 / 88                7 / 88          ops/s
[60.346s][info][gc,stats    ]      Memory: Uncommit                                          0 / 0                 0 / 0                 0 / 0                 0 / 0           MB/s
[60.348s][info][gc,stats    ]      Memory: Undo Object Allocation Failed                     0 / 0                 0 / 1                 0 / 1                 0 / 1           ops/s
[60.351s][info][gc,stats    ]      Memory: Undo Object Allocation Succeeded                  0 / 0                 0 / 1                 0 / 1                 0 / 1           ops/s
[60.354s][info][gc,stats    ]      Memory: Undo Page Allocation                              0 / 0                 1 / 25                1 / 25                1 / 25          ops/s
[60.355s][info][gc,stats    ]       Phase: Concurrent Mark                               0.000 / 0.000      1310.628 / 2153.078   1310.628 / 2153.078   1310.628 / 2153.078    ms
[60.357s][info][gc,stats    ]       Phase: Concurrent Mark Continue                      0.000 / 0.000         0.000 / 0.000         0.000 / 0.000         0.000 / 0.000       ms
[60.360s][info][gc,stats    ]       Phase: Concurrent Mark Free                          0.000 / 0.000         0.003 / 0.004         0.003 / 0.004         0.003 / 0.004       ms
[60.362s][info][gc,stats    ]       Phase: Concurrent Process Non-Strong References      0.000 / 0.000       112.765 / 257.265     112.765 / 257.265     112.765 / 257.265     ms
[60.367s][info][gc,stats    ]       Phase: Concurrent Relocate                           0.000 / 0.000       305.052 / 511.550     305.052 / 511.550     305.052 / 511.550     ms
[60.370s][info][gc,stats    ]       Phase: Concurrent Reset Relocation Set               0.000 / 0.000         0.057 / 0.139         0.057 / 0.139         0.057 / 0.139       ms
[60.371s][info][gc,stats    ]       Phase: Concurrent Select Relocation Set              0.000 / 0.000        70.830 / 198.723      70.830 / 198.723      70.830 / 198.723     ms
[60.373s][info][gc,stats    ]       Phase: Pause Mark End                                0.000 / 0.000         0.027 / 0.041         0.027 / 0.041         0.027 / 0.041       ms
[60.374s][info][gc,stats    ]       Phase: Pause Mark Start                              0.000 / 0.000         1.583 / 6.286         1.583 / 6.286         1.583 / 6.286       ms
[60.376s][info][gc,stats    ]       Phase: Pause Relocate Start                          0.000 / 0.000         0.050 / 0.139         0.050 / 0.139         0.050 / 0.139       ms
[60.377s][info][gc,stats    ]    Subphase: Concurrent Classes Purge                      0.000 / 0.000         4.410 / 10.871        4.410 / 10.871        4.410 / 10.871      ms
[60.379s][info][gc,stats    ]    Subphase: Concurrent Classes Unlink                     0.000 / 0.000        78.906 / 206.267      78.906 / 206.267      78.906 / 206.267     ms
[60.380s][info][gc,stats    ]    Subphase: Concurrent Mark                               0.000 / 0.000      1288.963 / 2133.644   1288.963 / 2133.644   1288.963 / 2133.644    ms
[60.383s][info][gc,stats    ]    Subphase: Concurrent Mark Try Flush                     0.000 / 0.000        15.907 / 43.966       15.907 / 43.966       15.907 / 43.966      ms
[60.386s][info][gc,stats    ]    Subphase: Concurrent Mark Try Terminate                 0.000 / 0.000         2.731 / 17.244        2.731 / 17.244        2.731 / 17.244      ms
[60.389s][info][gc,stats    ]    Subphase: Concurrent References Enqueue                 0.000 / 0.000         0.026 / 0.055         0.026 / 0.055         0.026 / 0.055       ms
[60.393s][info][gc,stats    ]    Subphase: Concurrent References Process                 0.000 / 0.000         1.519 / 2.468         1.519 / 2.468         1.519 / 2.468       ms
[60.396s][info][gc,stats    ]    Subphase: Concurrent Roots ClassLoaderDataGraph         0.000 / 0.000         0.527 / 0.904         0.527 / 0.904         0.527 / 0.904       ms
[60.404s][info][gc,stats    ]    Subphase: Concurrent Roots CodeCache                    0.000 / 0.000         0.000 / 0.000         0.000 / 0.000         0.000 / 0.000       ms
[60.408s][info][gc,stats    ]    Subphase: Concurrent Roots JavaThreads                  0.000 / 0.000        10.810 / 32.896       10.810 / 32.896       10.810 / 32.896      ms
[60.411s][info][gc,stats    ]    Subphase: Concurrent Roots OopStorageSet                0.000 / 0.000         0.257 / 0.683         0.257 / 0.683         0.257 / 0.683       ms
[60.414s][info][gc,stats    ]    Subphase: Concurrent Weak Roots OopStorageSet           0.000 / 0.000         5.105 / 13.591        5.105 / 13.591        5.105 / 13.591      ms
[60.418s][info][gc,stats    ]    Subphase: Pause Mark Try Complete                       0.000 / 0.000         0.000 / 0.000         0.000 / 0.000         0.000 / 0.000       ms
[60.420s][info][gc,stats    ]      System: Java Threads                                      0 / 0                50 / 89               50 / 89               50 / 89          threads
[60.422s][info][gc,stats    ] =========================================================================================================================================================
[61.485s][info][gc,start    ] GC(4) Garbage Collection (Warmup)
[61.493s][info][gc,task     ] GC(4) Using 2 workers
[61.504s][info][gc,phases   ] GC(4) Pause Mark Start 0.020ms
[63.112s][info][gc,phases   ] GC(4) Concurrent Mark 1605.284ms
[63.135s][info][gc,phases   ] GC(4) Pause Mark End 0.044ms
[63.137s][info][gc,phases   ] GC(4) Concurrent Mark Free 0.004ms
[63.229s][info][gc,phases   ] GC(4) Concurrent Process Non-Strong References 90.264ms
[63.238s][info][gc,phases   ] GC(4) Concurrent Reset Relocation Set 0.024ms
[63.267s][info][gc,phases   ] GC(4) Concurrent Select Relocation Set 26.421ms
[63.270s][info][gc,phases   ] GC(4) Pause Relocate Start 0.017ms
[63.331s][info][gc,phases   ] GC(4) Concurrent Relocate 58.129ms
[63.333s][info][gc,load     ] GC(4) Load: 12.36/7.07/4.40
[63.341s][info][gc,mmu      ] GC(4) MMU: 2ms/0.0%, 5ms/0.0%, 10ms/37.1%, 20ms/68.6%, 50ms/87.4%, 100ms/93.7%
[63.343s][info][gc,marking  ] GC(4) Mark: 2 stripe(s), 2 proactive flush(es), 1 terminate flush(es), 0 completion(s), 0 continuation(s) 
[63.345s][info][gc,marking  ] GC(4) Mark Stack Usage: 32M
[63.349s][info][gc,nmethod  ] GC(4) NMethods: 6158 registered, 0 unregistered
[63.351s][info][gc,metaspace] GC(4) Metaspace: 52M used, 52M committed, 1072M reserved
[63.353s][info][gc,ref      ] GC(4) Soft: 5017 encountered, 0 discovered, 0 enqueued
[63.357s][info][gc,ref      ] GC(4) Weak: 3184 encountered, 139 discovered, 26 enqueued
[63.359s][info][gc,ref      ] GC(4) Final: 87 encountered, 4 discovered, 4 enqueued
[63.366s][info][gc,ref      ] GC(4) Phantom: 534 encountered, 382 discovered, 26 enqueued
[63.368s][info][gc,reloc    ] GC(4) Small Pages: 219 / 438M, Empty: 112M, Relocated: 5M, In-Place: 0
[63.370s][info][gc,reloc    ] GC(4) Medium Pages: 2 / 64M, Empty: 0M, Relocated: 2M, In-Place: 0
[63.371s][info][gc,reloc    ] GC(4) Large Pages: 69 / 730M, Empty: 684M, Relocated: 0M, In-Place: 0
[63.373s][info][gc,reloc    ] GC(4) Forwarding Usage: 1M
[63.377s][info][gc,heap     ] GC(4) Min Capacity: 256M(6%)
[63.379s][info][gc,heap     ] GC(4) Max Capacity: 4096M(100%)
[63.386s][info][gc,heap     ] GC(4) Soft Max Capacity: 4096M(100%)
[63.387s][info][gc,heap     ] GC(4)                Mark Start          Mark End        Relocate Start      Relocate End           High               Low         
[63.389s][info][gc,heap     ] GC(4)  Capacity:     1872M (46%)        1884M (46%)        1884M (46%)        1916M (47%)        1916M (47%)        1872M (46%)    
[63.391s][info][gc,heap     ] GC(4)      Free:     2864M (70%)        2824M (69%)        3620M (88%)        3872M (95%)        3872M (95%)        2824M (69%)    
[63.394s][info][gc,heap     ] GC(4)      Used:     1232M (30%)        1272M (31%)         476M (12%)         224M (5%)         1272M (31%)         224M (5%)     
[63.401s][info][gc,heap     ] GC(4)      Live:         -               140M (3%)          140M (3%)          140M (3%)             -                  -          
[63.407s][info][gc,heap     ] GC(4) Allocated:         -                40M (1%)           40M (1%)           39M (1%)             -                  -          
[63.409s][info][gc,heap     ] GC(4)   Garbage:         -              1091M (27%)         295M (7%)           43M (1%)             -                  -          
[63.411s][info][gc,heap     ] GC(4) Reclaimed:         -                  -               796M (19%)        1047M (26%)            -                  -          
[63.413s][info][gc          ] GC(4) Garbage Collection (Warmup) 1232M(30%)->224M(5%)
[63.786s][info][gc,start    ] GC(5) Garbage Collection (Allocation Rate)
[63.788s][info][gc,task     ] GC(5) Using 2 workers
[63.798s][info][gc,phases   ] GC(5) Pause Mark Start 0.018ms
[64.362s][info][gc,phases   ] GC(5) Concurrent Mark 560.204ms
[64.370s][info][gc,phases   ] GC(5) Pause Mark End 0.033ms
[64.374s][info][gc,phases   ] GC(5) Concurrent Mark Free 0.004ms
[64.442s][info][gc,phases   ] GC(5) Concurrent Process Non-Strong References 66.336ms
[64.444s][info][gc,phases   ] GC(5) Concurrent Reset Relocation Set 0.025ms
[64.467s][info][gc,phases   ] GC(5) Concurrent Select Relocation Set 21.353ms
[64.469s][info][gc,phases   ] GC(5) Pause Relocate Start 0.015ms
[64.478s][info][gc,phases   ] GC(5) Concurrent Relocate 5.004ms
[64.480s][info][gc,load     ] GC(5) Load: 12.36/7.07/4.40
[64.484s][info][gc,mmu      ] GC(5) MMU: 2ms/0.0%, 5ms/0.0%, 10ms/37.1%, 20ms/68.6%, 50ms/87.4%, 100ms/93.7%
[64.488s][info][gc,marking  ] GC(5) Mark: 2 stripe(s), 2 proactive flush(es), 1 terminate flush(es), 0 completion(s), 0 continuation(s) 
[64.490s][info][gc,marking  ] GC(5) Mark Stack Usage: 32M
[64.494s][info][gc,nmethod  ] GC(5) NMethods: 6230 registered, 0 unregistered
[64.497s][info][gc,metaspace] GC(5) Metaspace: 52M used, 52M committed, 1072M reserved
[64.499s][info][gc,ref      ] GC(5) Soft: 5017 encountered, 0 discovered, 0 enqueued
[64.501s][info][gc,ref      ] GC(5) Weak: 3163 encountered, 191 discovered, 2 enqueued
[64.502s][info][gc,ref      ] GC(5) Final: 84 encountered, 1 discovered, 1 enqueued
[64.504s][info][gc,ref      ] GC(5) Phantom: 511 encountered, 417 discovered, 2 enqueued
[64.509s][info][gc,reloc    ] GC(5) Small Pages: 76 / 152M, Empty: 18M, Relocated: 1M, In-Place: 0
[64.513s][info][gc,reloc    ] GC(5) Medium Pages: 1 / 32M, Empty: 0M, Relocated: 0M, In-Place: 0
[64.514s][info][gc,reloc    ] GC(5) Large Pages: 28 / 418M, Empty: 270M, Relocated: 0M, In-Place: 0
[64.515s][info][gc,reloc    ] GC(5) Forwarding Usage: 0M
[64.517s][info][gc,heap     ] GC(5) Min Capacity: 256M(6%)
[64.518s][info][gc,heap     ] GC(5) Max Capacity: 4096M(100%)
[64.522s][info][gc,heap     ] GC(5) Soft Max Capacity: 4096M(100%)
[64.526s][info][gc,heap     ] GC(5)                Mark Start          Mark End        Relocate Start      Relocate End           High               Low         
[64.527s][info][gc,heap     ] GC(5)  Capacity:     1916M (47%)        1916M (47%)        1916M (47%)        1916M (47%)        1916M (47%)        1916M (47%)    
[64.529s][info][gc,heap     ] GC(5)      Free:     3494M (85%)        3372M (82%)        3656M (89%)        3682M (90%)        3682M (90%)        3368M (82%)    
[64.533s][info][gc,heap     ] GC(5)      Used:      602M (15%)         724M (18%)         440M (11%)         414M (10%)         728M (18%)         414M (10%)    
[64.537s][info][gc,heap     ] GC(5)      Live:         -               242M (6%)          242M (6%)          242M (6%)             -                  -          
[64.539s][info][gc,heap     ] GC(5) Allocated:         -               122M (3%)          126M (3%)          127M (3%)             -                  -          
[64.540s][info][gc,heap     ] GC(5)   Garbage:         -               359M (9%)           71M (2%)           43M (1%)             -                  -          
[64.546s][info][gc,heap     ] GC(5) Reclaimed:         -                  -               288M (7%)          315M (8%)             -                  -          
[64.548s][info][gc          ] GC(5) Garbage Collection (Allocation Rate) 602M(15%)->414M(10%)
[64.984s][info][gc,start    ] GC(6) Garbage Collection (Allocation Rate)
[64.989s][info][gc,task     ] GC(6) Using 2 workers
[64.994s][info][gc,phases   ] GC(6) Pause Mark Start 0.018ms
[65.748s][info][gc,phases   ] GC(6) Concurrent Mark 750.066ms
[65.759s][info][gc,phases   ] GC(6) Pause Mark End 0.033ms
[65.764s][info][gc,phases   ] GC(6) Concurrent Mark Free 0.005ms
[65.833s][info][gc,phases   ] GC(6) Concurrent Process Non-Strong References 67.330ms
[65.836s][info][gc,phases   ] GC(6) Concurrent Reset Relocation Set 0.005ms
[65.854s][info][gc,phases   ] GC(6) Concurrent Select Relocation Set 16.144ms
[65.860s][info][gc,phases   ] GC(6) Pause Relocate Start 0.020ms
[65.876s][info][gc,phases   ] GC(6) Concurrent Relocate 12.106ms
[65.878s][info][gc,load     ] GC(6) Load: 12.36/7.07/4.40
[65.882s][info][gc,mmu      ] GC(6) MMU: 2ms/0.0%, 5ms/0.0%, 10ms/37.1%, 20ms/68.6%, 50ms/87.4%, 100ms/93.7%
[65.884s][info][gc,marking  ] GC(6) Mark: 2 stripe(s), 2 proactive flush(es), 1 terminate flush(es), 0 completion(s), 0 continuation(s) 
[65.886s][info][gc,marking  ] GC(6) Mark Stack Usage: 32M
[65.888s][info][gc,nmethod  ] GC(6) NMethods: 6275 registered, 0 unregistered
[65.889s][info][gc,metaspace] GC(6) Metaspace: 52M used, 52M committed, 1072M reserved
[65.893s][info][gc,ref      ] GC(6) Soft: 5017 encountered, 0 discovered, 0 enqueued
[65.895s][info][gc,ref      ] GC(6) Weak: 3161 encountered, 1017 discovered, 0 enqueued
[65.896s][info][gc,ref      ] GC(6) Final: 83 encountered, 44 discovered, 0 enqueued
[65.898s][info][gc,ref      ] GC(6) Phantom: 495 encountered, 402 discovered, 0 enqueued
[65.901s][info][gc,reloc    ] GC(6) Small Pages: 71 / 142M, Empty: 0M, Relocated: 5M, In-Place: 0
[65.905s][info][gc,reloc    ] GC(6) Medium Pages: 1 / 32M, Empty: 0M, Relocated: 0M, In-Place: 0
[65.906s][info][gc,reloc    ] GC(6) Large Pages: 16 / 262M, Empty: 228M, Relocated: 0M, In-Place: 0
[65.911s][info][gc,reloc    ] GC(6) Forwarding Usage: 1M
[65.916s][info][gc,heap     ] GC(6) Min Capacity: 256M(6%)
[65.918s][info][gc,heap     ] GC(6) Max Capacity: 4096M(100%)
[65.919s][info][gc,heap     ] GC(6) Soft Max Capacity: 4096M(100%)
[65.923s][info][gc,heap     ] GC(6)                Mark Start          Mark End        Relocate Start      Relocate End           High               Low         
[65.926s][info][gc,heap     ] GC(6)  Capacity:     1916M (47%)        1916M (47%)        1916M (47%)        1916M (47%)        1916M (47%)        1916M (47%)    
[65.928s][info][gc,heap     ] GC(6)      Free:     3660M (89%)        3624M (88%)        3848M (94%)        3882M (95%)        3882M (95%)        3620M (88%)    
[65.932s][info][gc,heap     ] GC(6)      Used:      436M (11%)         472M (12%)         248M (6%)          214M (5%)          476M (12%)         214M (5%)     
[65.935s][info][gc,heap     ] GC(6)      Live:         -               129M (3%)          129M (3%)          129M (3%)             -                  -          
[65.937s][info][gc,heap     ] GC(6) Allocated:         -                36M (1%)           40M (1%)           41M (1%)             -                  -          
[65.940s][info][gc,heap     ] GC(6)   Garbage:         -               306M (7%)           78M (2%)           42M (1%)             -                  -          
[65.942s][info][gc,heap     ] GC(6) Reclaimed:         -                  -               228M (6%)          263M (6%)             -                  -          
[65.943s][info][gc          ] GC(6) Garbage Collection (Allocation Rate) 436M(11%)->214M(5%)
[70.283s][info][gc,stats    ] === Garbage Collection Statistics =======================================================================================================================
[70.289s][info][gc,stats    ]                                                              Last 10s              Last 10m              Last 10h                Total
[70.293s][info][gc,stats    ]                                                              Avg / Max             Avg / Max             Avg / Max             Avg / Max
[70.295s][info][gc,stats    ]   Collector: Garbage Collection Cycle                   1144.967 / 1847.674   1559.919 / 2485.059   1559.919 / 2485.059   1559.919 / 2485.059    ms
[70.298s][info][gc,stats    ]  Contention: Mark Segment Reset Contention                     0 / 1                 0 / 1                 0 / 1                 0 / 1           ops/s
[70.301s][info][gc,stats    ]  Contention: Mark SeqNum Reset Contention                      0 / 0                 0 / 0                 0 / 0                 0 / 0           ops/s
[70.303s][info][gc,stats    ]    Critical: Allocation Stall                                  0 / 0                 0 / 0                 0 / 0                 0 / 0           ops/s
[70.305s][info][gc,stats    ]    Critical: Allocation Stall                              0.000 / 0.000         0.000 / 0.000         0.000 / 0.000         0.000 / 0.000       ms
[70.308s][info][gc,stats    ]    Critical: GC Locker Stall                                   0 / 0                 0 / 1                 0 / 1                 0 / 1           ops/s
[70.310s][info][gc,stats    ]    Critical: GC Locker Stall                               0.000 / 0.000         0.002 / 0.002         0.002 / 0.002         0.002 / 0.002       ms
[70.312s][info][gc,stats    ]    Critical: Relocation Stall                                  0 / 0                 0 / 0                 0 / 0                 0 / 0           ops/s
[70.314s][info][gc,stats    ]    Critical: Relocation Stall                              0.000 / 0.000         0.000 / 0.000         0.000 / 0.000         0.000 / 0.000       ms
[70.316s][info][gc,stats    ]      Memory: Allocation Rate                                  84 / 498              57 / 498              57 / 498              57 / 498         MB/s
[70.319s][info][gc,stats    ]      Memory: Out Of Memory                                     0 / 0                 0 / 0                 0 / 0                 0 / 0           ops/s
[70.321s][info][gc,stats    ]      Memory: Page Cache Flush                                  0 / 0                 0 / 0                 0 / 0                 0 / 0           MB/s
[70.323s][info][gc,stats    ]      Memory: Page Cache Hit L1                                17 / 51               12 / 112              12 / 112              12 / 112         ops/s
[70.330s][info][gc,stats    ]      Memory: Page Cache Hit L2                                 0 / 0                 0 / 0                 0 / 0                 0 / 0           ops/s
[70.334s][info][gc,stats    ]      Memory: Page Cache Hit L3                                 0 / 0                 1 / 31                1 / 31                1 / 31          ops/s
[70.336s][info][gc,stats    ]      Memory: Page Cache Miss                                   0 / 3                 6 / 88                6 / 88                6 / 88          ops/s
[70.341s][info][gc,stats    ]      Memory: Uncommit                                          0 / 0                 0 / 0                 0 / 0                 0 / 0           MB/s
[70.347s][info][gc,stats    ]      Memory: Undo Object Allocation Failed                     0 / 0                 0 / 1                 0 / 1                 0 / 1           ops/s
[70.352s][info][gc,stats    ]      Memory: Undo Object Allocation Succeeded                  0 / 2                 0 / 2                 0 / 2                 0 / 2           ops/s
[70.355s][info][gc,stats    ]      Memory: Undo Page Allocation                              0 / 0                 1 / 25                1 / 25                1 / 25          ops/s
[70.358s][info][gc,stats    ]       Phase: Concurrent Mark                             971.851 / 1605.284   1165.438 / 2153.078   1165.438 / 2153.078   1165.438 / 2153.078    ms
[70.360s][info][gc,stats    ]       Phase: Concurrent Mark Continue                      0.000 / 0.000         0.000 / 0.000         0.000 / 0.000         0.000 / 0.000       ms
[70.367s][info][gc,stats    ]       Phase: Concurrent Mark Free                          0.004 / 0.005         0.004 / 0.005         0.004 / 0.005         0.004 / 0.005       ms
[70.373s][info][gc,stats    ]       Phase: Concurrent Process Non-Strong References     74.643 / 90.264       96.427 / 257.265      96.427 / 257.265      96.427 / 257.265     ms
[70.377s][info][gc,stats    ]       Phase: Concurrent Relocate                          25.080 / 58.129      185.064 / 511.550     185.064 / 511.550     185.064 / 511.550     ms
[70.379s][info][gc,stats    ]       Phase: Concurrent Reset Relocation Set               0.018 / 0.025         0.040 / 0.139         0.040 / 0.139         0.040 / 0.139       ms
[70.382s][info][gc,stats    ]       Phase: Concurrent Select Relocation Set             21.306 / 26.421       49.605 / 198.723      49.605 / 198.723      49.605 / 198.723     ms
[70.387s][info][gc,stats    ]       Phase: Pause Mark End                                0.037 / 0.044         0.031 / 0.044         0.031 / 0.044         0.031 / 0.044       ms
[70.390s][info][gc,stats    ]       Phase: Pause Mark Start                              0.019 / 0.020         0.913 / 6.286         0.913 / 6.286         0.913 / 6.286       ms
[70.394s][info][gc,stats    ]       Phase: Pause Relocate Start                          0.017 / 0.020         0.036 / 0.139         0.036 / 0.139         0.036 / 0.139       ms
[70.405s][info][gc,stats    ]    Subphase: Concurrent Classes Purge                      3.289 / 4.669         3.929 / 10.871        3.929 / 10.871        3.929 / 10.871      ms
[70.411s][info][gc,stats    ]    Subphase: Concurrent Classes Unlink                    57.280 / 72.560       69.638 / 206.267      69.638 / 206.267      69.638 / 206.267     ms
[70.416s][info][gc,stats    ]    Subphase: Concurrent Mark                             891.990 / 1437.717   1118.832 / 2133.644   1118.832 / 2133.644   1118.832 / 2133.644    ms
[70.420s][info][gc,stats    ]    Subphase: Concurrent Mark Try Flush                     7.771 / 17.292       12.579 / 43.966       12.579 / 43.966       12.579 / 43.966      ms
[70.423s][info][gc,stats    ]    Subphase: Concurrent Mark Try Terminate                 3.616 / 24.031        2.805 / 24.031        2.805 / 24.031        2.805 / 24.031      ms
[70.427s][info][gc,stats    ]    Subphase: Concurrent References Enqueue                 0.041 / 0.066         0.032 / 0.066         0.032 / 0.066         0.032 / 0.066       ms
[70.433s][info][gc,stats    ]    Subphase: Concurrent References Process                 2.204 / 3.359         1.812 / 3.359         1.812 / 3.359         1.812 / 3.359       ms
[70.438s][info][gc,stats    ]    Subphase: Concurrent Roots ClassLoaderDataGraph         8.261 / 47.494        4.745 / 47.494        4.745 / 47.494        4.745 / 47.494      ms
[70.442s][info][gc,stats    ]    Subphase: Concurrent Roots CodeCache                    0.000 / 0.000         0.000 / 0.000         0.000 / 0.000         0.000 / 0.000       ms
[70.445s][info][gc,stats    ]    Subphase: Concurrent Roots JavaThreads                 23.304 / 36.567       16.165 / 36.567       16.165 / 36.567       16.165 / 36.567      ms
[70.448s][info][gc,stats    ]    Subphase: Concurrent Roots OopStorageSet               20.003 / 72.582       10.130 / 72.582       10.130 / 72.582       10.130 / 72.582      ms
[70.451s][info][gc,stats    ]    Subphase: Concurrent Weak Roots OopStorageSet           6.095 / 12.929        5.555 / 13.591        5.555 / 13.591        5.555 / 13.591      ms
[70.455s][info][gc,stats    ]    Subphase: Pause Mark Try Complete                       0.000 / 0.000         0.000 / 0.000         0.000 / 0.000         0.000 / 0.000       ms
[70.462s][info][gc,stats    ]      System: Java Threads                                     88 / 89               66 / 89               66 / 89               66 / 89          threads
[70.466s][info][gc,stats    ] =========================================================================================================================================================
[70.785s][info][gc,start    ] GC(7) Garbage Collection (Allocation Rate)
[70.808s][info][gc,task     ] GC(7) Using 2 workers
[70.818s][info][gc,phases   ] GC(7) Pause Mark Start 0.024ms
[71.863s][info][gc,phases   ] GC(7) Concurrent Mark 1039.266ms
[71.880s][info][gc,phases   ] GC(7) Pause Mark End 0.054ms
[71.898s][info][gc,phases   ] GC(7) Concurrent Mark Free 0.006ms
[71.992s][info][gc,phases   ] GC(7) Concurrent Process Non-Strong References 80.973ms
[71.999s][info][gc,phases   ] GC(7) Concurrent Reset Relocation Set 0.012ms
[72.041s][info][gc,phases   ] GC(7) Concurrent Select Relocation Set 38.912ms
[72.056s][info][gc,phases   ] GC(7) Pause Relocate Start 0.025ms
[72.102s][info][gc,phases   ] GC(7) Concurrent Relocate 41.108ms
[72.106s][info][gc,load     ] GC(7) Load: 12.70/7.32/4.51
[72.107s][info][gc,mmu      ] GC(7) MMU: 2ms/0.0%, 5ms/0.0%, 10ms/37.1%, 20ms/68.6%, 50ms/87.4%, 100ms/93.7%
[72.111s][info][gc,marking  ] GC(7) Mark: 2 stripe(s), 2 proactive flush(es), 1 terminate flush(es), 0 completion(s), 0 continuation(s) 
[72.112s][info][gc,marking  ] GC(7) Mark Stack Usage: 32M
[72.113s][info][gc,nmethod  ] GC(7) NMethods: 6399 registered, 0 unregistered
[72.117s][info][gc,metaspace] GC(7) Metaspace: 52M used, 52M committed, 1072M reserved
[72.119s][info][gc,ref      ] GC(7) Soft: 5017 encountered, 0 discovered, 0 enqueued
[72.125s][info][gc,ref      ] GC(7) Weak: 3161 encountered, 720 discovered, 0 enqueued
[72.130s][info][gc,ref      ] GC(7) Final: 84 encountered, 8 discovered, 1 enqueued
[72.136s][info][gc,ref      ] GC(7) Phantom: 515 encountered, 476 discovered, 0 enqueued
[72.139s][info][gc,reloc    ] GC(7) Small Pages: 117 / 234M, Empty: 22M, Relocated: 3M, In-Place: 0
[72.142s][info][gc,reloc    ] GC(7) Medium Pages: 1 / 32M, Empty: 0M, Relocated: 0M, In-Place: 0
[72.146s][info][gc,reloc    ] GC(7) Large Pages: 48 / 610M, Empty: 372M, Relocated: 0M, In-Place: 0
[72.149s][info][gc,reloc    ] GC(7) Forwarding Usage: 0M
[72.151s][info][gc,heap     ] GC(7) Min Capacity: 256M(6%)
[72.153s][info][gc,heap     ] GC(7) Max Capacity: 4096M(100%)
[72.157s][info][gc,heap     ] GC(7) Soft Max Capacity: 4096M(100%)
[72.163s][info][gc,heap     ] GC(7)                Mark Start          Mark End        Relocate Start      Relocate End           High               Low         
[72.164s][info][gc,heap     ] GC(7)  Capacity:     1916M (47%)        1934M (47%)        1934M (47%)        1934M (47%)        1934M (47%)        1916M (47%)    
[72.169s][info][gc,heap     ] GC(7)      Free:     3220M (79%)        3136M (77%)        3530M (86%)        3632M (89%)        3632M (89%)        3136M (77%)    
[72.176s][info][gc,heap     ] GC(7)      Used:      876M (21%)         960M (23%)         566M (14%)         464M (11%)         960M (23%)         464M (11%)    
[72.179s][info][gc,heap     ] GC(7)      Live:         -               332M (8%)          332M (8%)          332M (8%)             -                  -          
[72.184s][info][gc,heap     ] GC(7) Allocated:         -                84M (2%)           84M (2%)           87M (2%)             -                  -          
[72.187s][info][gc,heap     ] GC(7)   Garbage:         -               543M (13%)         149M (4%)           43M (1%)             -                  -          
[72.199s][info][gc,heap     ] GC(7) Reclaimed:         -                  -               394M (10%)         499M (12%)            -                  -          
[72.202s][info][gc          ] GC(7) Garbage Collection (Allocation Rate) 876M(21%)->464M(11%)
[72.286s][info][gc,start    ] GC(8) Garbage Collection (Allocation Rate)
[72.290s][info][gc,task     ] GC(8) Using 2 workers
[72.299s][info][gc,phases   ] GC(8) Pause Mark Start 0.026ms
[73.582s][info][gc,phases   ] GC(8) Concurrent Mark 1280.396ms
[73.592s][info][gc,phases   ] GC(8) Pause Mark End 0.044ms
[73.611s][info][gc,phases   ] GC(8) Concurrent Mark Free 0.007ms
[73.736s][info][gc,phases   ] GC(8) Concurrent Process Non-Strong References 115.687ms
[73.741s][info][gc,phases   ] GC(8) Concurrent Reset Relocation Set 0.021ms
[73.758s][info][gc,phases   ] GC(8) Concurrent Select Relocation Set 13.769ms
[73.765s][info][gc,phases   ] GC(8) Pause Relocate Start 0.022ms
[73.792s][info][gc,phases   ] GC(8) Concurrent Relocate 16.833ms
[73.796s][info][gc,load     ] GC(8) Load: 12.70/7.32/4.51
[73.802s][info][gc,mmu      ] GC(8) MMU: 2ms/0.0%, 5ms/0.0%, 10ms/37.1%, 20ms/68.6%, 50ms/87.4%, 100ms/93.7%
[73.805s][info][gc,marking  ] GC(8) Mark: 2 stripe(s), 2 proactive flush(es), 1 terminate flush(es), 0 completion(s), 0 continuation(s) 
[73.807s][info][gc,marking  ] GC(8) Mark Stack Usage: 32M
[73.809s][info][gc,nmethod  ] GC(8) NMethods: 6417 registered, 0 unregistered
[73.812s][info][gc,metaspace] GC(8) Metaspace: 52M used, 52M committed, 1072M reserved
[73.814s][info][gc,ref      ] GC(8) Soft: 5017 encountered, 0 discovered, 0 enqueued
[73.816s][info][gc,ref      ] GC(8) Weak: 3161 encountered, 212 discovered, 0 enqueued
[73.818s][info][gc,ref      ] GC(8) Final: 84 encountered, 1 discovered, 1 enqueued
[73.820s][info][gc,ref      ] GC(8) Phantom: 493 encountered, 456 discovered, 0 enqueued
[73.822s][info][gc,reloc    ] GC(8) Small Pages: 68 / 136M, Empty: 0M, Relocated: 4M, In-Place: 0
[73.824s][info][gc,reloc    ] GC(8) Medium Pages: 1 / 32M, Empty: 0M, Relocated: 0M, In-Place: 0
[73.825s][info][gc,reloc    ] GC(8) Large Pages: 18 / 298M, Empty: 264M, Relocated: 0M, In-Place: 0
[73.827s][info][gc,reloc    ] GC(8) Forwarding Usage: 0M
[73.829s][info][gc,heap     ] GC(8) Min Capacity: 256M(6%)
[73.831s][info][gc,heap     ] GC(8) Max Capacity: 4096M(100%)
[73.833s][info][gc,heap     ] GC(8) Soft Max Capacity: 4096M(100%)
[73.836s][info][gc,heap     ] GC(8)                Mark Start          Mark End        Relocate Start      Relocate End           High               Low         
[73.838s][info][gc,heap     ] GC(8)  Capacity:     1934M (47%)        1934M (47%)        1934M (47%)        1934M (47%)        1934M (47%)        1934M (47%)    
[73.842s][info][gc,heap     ] GC(8)      Free:     3630M (89%)        3578M (87%)        3840M (94%)        3872M (95%)        3872M (95%)        3576M (87%)    
[73.847s][info][gc,heap     ] GC(8)      Used:      466M (11%)         518M (13%)         256M (6%)          224M (5%)          520M (13%)         224M (5%)     
[73.848s][info][gc,heap     ] GC(8)      Live:         -               128M (3%)          128M (3%)          128M (3%)             -                  -          
[73.853s][info][gc,heap     ] GC(8) Allocated:         -                52M (1%)           54M (1%)           53M (1%)             -                  -          
[73.856s][info][gc,heap     ] GC(8)   Garbage:         -               337M (8%)           73M (2%)           41M (1%)             -                  -          
[73.859s][info][gc,heap     ] GC(8) Reclaimed:         -                  -               264M (6%)          295M (7%)             -                  -          
[73.861s][info][gc          ] GC(8) Garbage Collection (Allocation Rate) 466M(11%)->224M(5%)
[80.284s][info][gc,stats    ] === Garbage Collection Statistics =======================================================================================================================
[80.290s][info][gc,stats    ]                                                              Last 10s              Last 10m              Last 10h                Total
[80.295s][info][gc,stats    ]                                                              Avg / Max             Avg / Max             Avg / Max             Avg / Max
[80.298s][info][gc,stats    ]   Collector: Garbage Collection Cycle                   1415.445 / 1509.969   1527.813 / 2485.059   1527.813 / 2485.059   1527.813 / 2485.059    ms
[80.303s][info][gc,stats    ]  Contention: Mark Segment Reset Contention                     0 / 1                 0 / 1                 0 / 1                 0 / 1           ops/s
[80.305s][info][gc,stats    ]  Contention: Mark SeqNum Reset Contention                      0 / 0                 0 / 0                 0 / 0                 0 / 0           ops/s
[80.316s][info][gc,stats    ]    Critical: Allocation Stall                                  0 / 0                 0 / 0                 0 / 0                 0 / 0           ops/s
[80.323s][info][gc,stats    ]    Critical: Allocation Stall                              0.000 / 0.000         0.000 / 0.000         0.000 / 0.000         0.000 / 0.000       ms
[80.327s][info][gc,stats    ]    Critical: GC Locker Stall                                   0 / 0                 0 / 1                 0 / 1                 0 / 1           ops/s
[80.330s][info][gc,stats    ]    Critical: GC Locker Stall                               0.000 / 0.000         0.002 / 0.002         0.002 / 0.002         0.002 / 0.002       ms
[80.332s][info][gc,stats    ]    Critical: Relocation Stall                                  0 / 0                 0 / 0                 0 / 0                 0 / 0           ops/s
[80.335s][info][gc,stats    ]    Critical: Relocation Stall                              0.000 / 0.000         0.000 / 0.000         0.000 / 0.000         0.000 / 0.000       ms
[80.337s][info][gc,stats    ]      Memory: Allocation Rate                                  82 / 552              60 / 552              60 / 552              60 / 552         MB/s
[80.340s][info][gc,stats    ]      Memory: Out Of Memory                                     0 / 0                 0 / 0                 0 / 0                 0 / 0           ops/s
[80.343s][info][gc,stats    ]      Memory: Page Cache Flush                                  0 / 0                 0 / 0                 0 / 0                 0 / 0           MB/s
[80.345s][info][gc,stats    ]      Memory: Page Cache Hit L1                                14 / 47               12 / 112              12 / 112              12 / 112         ops/s
[80.348s][info][gc,stats    ]      Memory: Page Cache Hit L2                                 0 / 0                 0 / 0                 0 / 0                 0 / 0           ops/s
[80.350s][info][gc,stats    ]      Memory: Page Cache Hit L3                                 0 / 2                 1 / 31                1 / 31                1 / 31          ops/s
[80.352s][info][gc,stats    ]      Memory: Page Cache Miss                                   0 / 1                 6 / 88                6 / 88                6 / 88          ops/s
[80.354s][info][gc,stats    ]      Memory: Uncommit                                          0 / 0                 0 / 0                 0 / 0                 0 / 0           MB/s
[80.356s][info][gc,stats    ]      Memory: Undo Object Allocation Failed                     0 / 0                 0 / 1                 0 / 1                 0 / 1           ops/s
[80.359s][info][gc,stats    ]      Memory: Undo Object Allocation Succeeded                  0 / 0                 0 / 2                 0 / 2                 0 / 2           ops/s
[80.360s][info][gc,stats    ]      Memory: Undo Page Allocation                              0 / 6                 1 / 25                1 / 25                1 / 25          ops/s
[80.363s][info][gc,stats    ]       Phase: Concurrent Mark                            1159.831 / 1280.396   1164.192 / 2153.078   1164.192 / 2153.078   1164.192 / 2153.078    ms
[80.364s][info][gc,stats    ]       Phase: Concurrent Mark Continue                      0.000 / 0.000         0.000 / 0.000         0.000 / 0.000         0.000 / 0.000       ms
[80.366s][info][gc,stats    ]       Phase: Concurrent Mark Free                          0.006 / 0.007         0.004 / 0.007         0.004 / 0.007         0.004 / 0.007       ms
[80.368s][info][gc,stats    ]       Phase: Concurrent Process Non-Strong References     98.330 / 115.687      96.850 / 257.265      96.850 / 257.265      96.850 / 257.265     ms
[80.369s][info][gc,stats    ]       Phase: Concurrent Relocate                          28.971 / 41.108      150.377 / 511.550     150.377 / 511.550     150.377 / 511.550     ms
[80.376s][info][gc,stats    ]       Phase: Concurrent Reset Relocation Set               0.016 / 0.021         0.035 / 0.139         0.035 / 0.139         0.035 / 0.139       ms
[80.384s][info][gc,stats    ]       Phase: Concurrent Select Relocation Set             26.341 / 38.912       44.435 / 198.723      44.435 / 198.723      44.435 / 198.723     ms
[80.387s][info][gc,stats    ]       Phase: Pause Mark End                                0.049 / 0.054         0.035 / 0.054         0.035 / 0.054         0.035 / 0.054       ms
[80.389s][info][gc,stats    ]       Phase: Pause Mark Start                              0.025 / 0.026         0.715 / 6.286         0.715 / 6.286         0.715 / 6.286       ms
[80.399s][info][gc,stats    ]       Phase: Pause Relocate Start                          0.023 / 0.025         0.033 / 0.139         0.033 / 0.139         0.033 / 0.139       ms
[80.402s][info][gc,stats    ]    Subphase: Concurrent Classes Purge                      4.766 / 5.505         4.115 / 10.871        4.115 / 10.871        4.115 / 10.871      ms
[80.404s][info][gc,stats    ]    Subphase: Concurrent Classes Unlink                    68.319 / 86.900       69.345 / 206.267      69.345 / 206.267      69.345 / 206.267     ms
[80.406s][info][gc,stats    ]    Subphase: Concurrent Mark                            1105.141 / 1243.929   1115.789 / 2133.644   1115.789 / 2133.644   1115.789 / 2133.644    ms
[80.409s][info][gc,stats    ]    Subphase: Concurrent Mark Try Flush                    11.198 / 21.648       12.283 / 43.966       12.283 / 43.966       12.283 / 43.966      ms
[80.411s][info][gc,stats    ]    Subphase: Concurrent Mark Try Terminate                 3.793 / 21.652        2.881 / 24.031        2.881 / 24.031        2.881 / 24.031      ms
[80.414s][info][gc,stats    ]    Subphase: Concurrent References Enqueue                 1.347 / 2.610         0.324 / 2.610         0.324 / 2.610         0.324 / 2.610       ms
[80.416s][info][gc,stats    ]    Subphase: Concurrent References Process                 4.485 / 6.377         2.406 / 6.377         2.406 / 6.377         2.406 / 6.377       ms
[80.421s][info][gc,stats    ]    Subphase: Concurrent Roots ClassLoaderDataGraph         1.958 / 6.380         4.002 / 47.494        4.002 / 47.494        4.002 / 47.494      ms
[80.423s][info][gc,stats    ]    Subphase: Concurrent Roots CodeCache                    0.000 / 0.000         0.000 / 0.000         0.000 / 0.000         0.000 / 0.000       ms
[80.426s][info][gc,stats    ]    Subphase: Concurrent Roots JavaThreads                 40.204 / 61.015       21.507 / 61.015       21.507 / 61.015       21.507 / 61.015      ms
[80.431s][info][gc,stats    ]    Subphase: Concurrent Roots OopStorageSet                0.088 / 0.138         7.261 / 72.582        7.261 / 72.582        7.261 / 72.582      ms
[80.436s][info][gc,stats    ]    Subphase: Concurrent Weak Roots OopStorageSet           8.208 / 14.084        6.263 / 14.084        6.263 / 14.084        6.263 / 14.084      ms
[80.443s][info][gc,stats    ]    Subphase: Pause Mark Try Complete                       0.000 / 0.000         0.000 / 0.000         0.000 / 0.000         0.000 / 0.000       ms
[80.449s][info][gc,stats    ]      System: Java Threads                                     88 / 89               71 / 89               71 / 89               71 / 89          threads
[80.460s][info][gc,stats    ] =========================================================================================================================================================
[81.889s][info][gc,start    ] GC(9) Garbage Collection (Allocation Rate)
[81.891s][info][gc,task     ] GC(9) Using 2 workers
[81.914s][info][gc,phases   ] GC(9) Pause Mark Start 0.021ms
[82.878s][info][gc,phases   ] GC(9) Concurrent Mark 959.601ms
[82.888s][info][gc,phases   ] GC(9) Pause Mark End 0.155ms
[82.920s][info][gc,phases   ] GC(9) Concurrent Mark Free 0.006ms
[82.968s][info][gc,phases   ] GC(9) Concurrent Process Non-Strong References 40.608ms
[82.970s][info][gc,phases   ] GC(9) Concurrent Reset Relocation Set 0.011ms
[82.986s][info][gc,phases   ] GC(9) Concurrent Select Relocation Set 12.889ms
[83.007s][info][gc,phases   ] GC(9) Pause Relocate Start 0.017ms
[83.030s][info][gc,phases   ] GC(9) Concurrent Relocate 18.596ms
[83.033s][info][gc,load     ] GC(9) Load: 12.93/7.54/4.61
[83.035s][info][gc,mmu      ] GC(9) MMU: 2ms/0.0%, 5ms/0.0%, 10ms/37.1%, 20ms/68.6%, 50ms/87.4%, 100ms/93.7%
[83.038s][info][gc,marking  ] GC(9) Mark: 2 stripe(s), 2 proactive flush(es), 1 terminate flush(es), 0 completion(s), 0 continuation(s) 
[83.041s][info][gc,marking  ] GC(9) Mark Stack Usage: 32M
[83.045s][info][gc,nmethod  ] GC(9) NMethods: 6544 registered, 0 unregistered
[83.047s][info][gc,metaspace] GC(9) Metaspace: 52M used, 52M committed, 1072M reserved
[83.050s][info][gc,ref      ] GC(9) Soft: 5017 encountered, 0 discovered, 0 enqueued
[83.053s][info][gc,ref      ] GC(9) Weak: 3161 encountered, 297 discovered, 0 enqueued
[83.059s][info][gc,ref      ] GC(9) Final: 84 encountered, 1 discovered, 1 enqueued
[83.071s][info][gc,ref      ] GC(9) Phantom: 493 encountered, 464 discovered, 0 enqueued
[83.074s][info][gc,reloc    ] GC(9) Small Pages: 129 / 258M, Empty: 42M, Relocated: 3M, In-Place: 0
[83.076s][info][gc,reloc    ] GC(9) Medium Pages: 1 / 32M, Empty: 0M, Relocated: 0M, In-Place: 0
[83.078s][info][gc,reloc    ] GC(9) Large Pages: 51 / 634M, Empty: 600M, Relocated: 0M, In-Place: 0
[83.080s][info][gc,reloc    ] GC(9) Forwarding Usage: 0M
[83.083s][info][gc,heap     ] GC(9) Min Capacity: 256M(6%)
[83.086s][info][gc,heap     ] GC(9) Max Capacity: 4096M(100%)
[83.087s][info][gc,heap     ] GC(9) Soft Max Capacity: 4096M(100%)
[83.089s][info][gc,heap     ] GC(9)                Mark Start          Mark End        Relocate Start      Relocate End           High               Low         
[83.091s][info][gc,heap     ] GC(9)  Capacity:     1934M (47%)        1934M (47%)        1934M (47%)        1934M (47%)        1934M (47%)        1934M (47%)    
[83.094s][info][gc,heap     ] GC(9)      Free:     3172M (77%)        3138M (77%)        3776M (92%)        3886M (95%)        3886M (95%)        3134M (77%)    
[83.098s][info][gc,heap     ] GC(9)      Used:      924M (23%)         958M (23%)         320M (8%)          210M (5%)          962M (23%)         210M (5%)     
[83.105s][info][gc,heap     ] GC(9)      Live:         -               128M (3%)          128M (3%)          128M (3%)             -                  -          
[83.108s][info][gc,heap     ] GC(9) Allocated:         -                34M (1%)           38M (1%)           39M (1%)             -                  -          
[83.109s][info][gc,heap     ] GC(9)   Garbage:         -               795M (19%)         153M (4%)           41M (1%)             -                  -          
[83.112s][info][gc,heap     ] GC(9) Reclaimed:         -                  -               642M (16%)         753M (18%)            -                  -          
[83.114s][info][gc          ] GC(9) Garbage Collection (Allocation Rate) 924M(23%)->210M(5%)
[90.283s][info][gc,stats    ] === Garbage Collection Statistics =======================================================================================================================
[90.286s][info][gc,stats    ]                                                              Last 10s              Last 10m              Last 10h                Total
[90.288s][info][gc,stats    ]                                                              Avg / Max             Avg / Max             Avg / Max             Avg / Max
[90.289s][info][gc,stats    ]   Collector: Garbage Collection Cycle                   1143.947 / 1143.947   1489.427 / 2485.059   1489.427 / 2485.059   1489.427 / 2485.059    ms
[90.291s][info][gc,stats    ]  Contention: Mark Segment Reset Contention                     0 / 0                 0 / 1                 0 / 1                 0 / 1           ops/s
[90.293s][info][gc,stats    ]  Contention: Mark SeqNum Reset Contention                      0 / 0                 0 / 0                 0 / 0                 0 / 0           ops/s
[90.294s][info][gc,stats    ]    Critical: Allocation Stall                                  0 / 0                 0 / 0                 0 / 0                 0 / 0           ops/s
[90.297s][info][gc,stats    ]    Critical: Allocation Stall                              0.000 / 0.000         0.000 / 0.000         0.000 / 0.000         0.000 / 0.000       ms
[90.299s][info][gc,stats    ]    Critical: GC Locker Stall                                   0 / 0                 0 / 1                 0 / 1                 0 / 1           ops/s
[90.300s][info][gc,stats    ]    Critical: GC Locker Stall                               0.000 / 0.000         0.002 / 0.002         0.002 / 0.002         0.002 / 0.002       ms
[90.301s][info][gc,stats    ]    Critical: Relocation Stall                                  0 / 0                 0 / 0                 0 / 0                 0 / 0           ops/s
[90.302s][info][gc,stats    ]    Critical: Relocation Stall                              0.000 / 0.000         0.000 / 0.000         0.000 / 0.000         0.000 / 0.000       ms
[90.304s][info][gc,stats    ]      Memory: Allocation Rate                                  74 / 504              61 / 552              61 / 552              61 / 552         MB/s
[90.305s][info][gc,stats    ]      Memory: Out Of Memory                                     0 / 0                 0 / 0                 0 / 0                 0 / 0           ops/s
[90.306s][info][gc,stats    ]      Memory: Page Cache Flush                                  0 / 0                 0 / 0                 0 / 0                 0 / 0           MB/s
[90.309s][info][gc,stats    ]      Memory: Page Cache Hit L1                                12 / 42               12 / 112              12 / 112              12 / 112         ops/s
[90.310s][info][gc,stats    ]      Memory: Page Cache Hit L2                                 0 / 0                 0 / 0                 0 / 0                 0 / 0           ops/s
[90.312s][info][gc,stats    ]      Memory: Page Cache Hit L3                                 0 / 0                 1 / 31                1 / 31                1 / 31          ops/s
[90.313s][info][gc,stats    ]      Memory: Page Cache Miss                                   0 / 0                 5 / 88                5 / 88                5 / 88          ops/s
[90.315s][info][gc,stats    ]      Memory: Uncommit                                          0 / 0                 0 / 0                 0 / 0                 0 / 0           MB/s
[90.316s][info][gc,stats    ]      Memory: Undo Object Allocation Failed                     0 / 0                 0 / 1                 0 / 1                 0 / 1           ops/s
[90.318s][info][gc,stats    ]      Memory: Undo Object Allocation Succeeded                  0 / 0                 0 / 2                 0 / 2                 0 / 2           ops/s
[90.319s][info][gc,stats    ]      Memory: Undo Page Allocation                              0 / 0                 1 / 25                1 / 25                1 / 25          ops/s
[90.321s][info][gc,stats    ]       Phase: Concurrent Mark                             959.601 / 959.601    1143.733 / 2153.078   1143.733 / 2153.078   1143.733 / 2153.078    ms
[90.325s][info][gc,stats    ]       Phase: Concurrent Mark Continue                      0.000 / 0.000         0.000 / 0.000         0.000 / 0.000         0.000 / 0.000       ms
[90.328s][info][gc,stats    ]       Phase: Concurrent Mark Free                          0.006 / 0.006         0.004 / 0.007         0.004 / 0.007         0.004 / 0.007       ms
[90.329s][info][gc,stats    ]       Phase: Concurrent Process Non-Strong References     40.608 / 40.608       91.226 / 257.265      91.226 / 257.265      91.226 / 257.265     ms
[90.331s][info][gc,stats    ]       Phase: Concurrent Relocate                          18.596 / 18.596      137.199 / 511.550     137.199 / 511.550     137.199 / 511.550     ms
[90.332s][info][gc,stats    ]       Phase: Concurrent Reset Relocation Set               0.011 / 0.011         0.033 / 0.139         0.033 / 0.139         0.033 / 0.139       ms
[90.334s][info][gc,stats    ]       Phase: Concurrent Select Relocation Set             12.889 / 12.889       41.281 / 198.723      41.281 / 198.723      41.281 / 198.723     ms
[90.337s][info][gc,stats    ]       Phase: Pause Mark End                                0.155 / 0.155         0.047 / 0.155         0.047 / 0.155         0.047 / 0.155       ms
[90.338s][info][gc,stats    ]       Phase: Pause Mark Start                              0.021 / 0.021         0.646 / 6.286         0.646 / 6.286         0.646 / 6.286       ms
[90.340s][info][gc,stats    ]       Phase: Pause Relocate Start                          0.017 / 0.017         0.031 / 0.139         0.031 / 0.139         0.031 / 0.139       ms
[90.341s][info][gc,stats    ]    Subphase: Concurrent Classes Purge                      3.012 / 3.012         4.005 / 10.871        4.005 / 10.871        4.005 / 10.871      ms
[90.350s][info][gc,stats    ]    Subphase: Concurrent Classes Unlink                    23.785 / 23.785       64.789 / 206.267      64.789 / 206.267      64.789 / 206.267     ms
[90.352s][info][gc,stats    ]    Subphase: Concurrent Mark                             928.511 / 929.042    1097.062 / 2133.644   1097.062 / 2133.644   1097.062 / 2133.644    ms
[90.353s][info][gc,stats    ]    Subphase: Concurrent Mark Try Flush                     4.678 / 12.027       11.547 / 43.966       11.547 / 43.966       11.547 / 43.966      ms
[90.354s][info][gc,stats    ]    Subphase: Concurrent Mark Try Terminate                 1.454 / 4.038         2.861 / 24.031        2.861 / 24.031        2.861 / 24.031      ms
[90.356s][info][gc,stats    ]    Subphase: Concurrent References Enqueue                 0.020 / 0.020         0.294 / 2.610         0.294 / 2.610         0.294 / 2.610       ms
[90.357s][info][gc,stats    ]    Subphase: Concurrent References Process                 4.062 / 4.062         2.572 / 6.377         2.572 / 6.377         2.572 / 6.377       ms
[90.358s][info][gc,stats    ]    Subphase: Concurrent Roots ClassLoaderDataGraph         2.417 / 4.754         3.816 / 47.494        3.816 / 47.494        3.816 / 47.494      ms
[90.360s][info][gc,stats    ]    Subphase: Concurrent Roots CodeCache                    0.000 / 0.000         0.000 / 0.000         0.000 / 0.000         0.000 / 0.000       ms
[90.361s][info][gc,stats    ]    Subphase: Concurrent Roots JavaThreads                 23.432 / 25.470       21.699 / 61.015       21.699 / 61.015       21.699 / 61.015      ms
[90.362s][info][gc,stats    ]    Subphase: Concurrent Roots OopStorageSet                0.276 / 0.276         6.795 / 72.582        6.795 / 72.582        6.795 / 72.582      ms
[90.364s][info][gc,stats    ]    Subphase: Concurrent Weak Roots OopStorageSet           2.976 / 3.045         5.876 / 14.084        5.876 / 14.084        5.876 / 14.084      ms
[90.365s][info][gc,stats    ]    Subphase: Pause Mark Try Complete                       0.000 / 0.000         0.000 / 0.000         0.000 / 0.000         0.000 / 0.000       ms
[90.367s][info][gc,stats    ]      System: Java Threads                                     88 / 89               73 / 89               73 / 89               73 / 89          threads
[90.368s][info][gc,stats    ] =========================================================================================================================================================
[92.683s][info][gc,start    ] GC(10) Garbage Collection (Allocation Rate)
[92.685s][info][gc,task     ] GC(10) Using 2 workers
[92.688s][info][gc,phases   ] GC(10) Pause Mark Start 0.015ms
[93.060s][info][gc,phases   ] GC(10) Concurrent Mark 367.391ms
[93.063s][info][gc,phases   ] GC(10) Pause Mark End 0.117ms
[93.065s][info][gc,phases   ] GC(10) Concurrent Mark Free 0.003ms
[93.097s][info][gc,phases   ] GC(10) Concurrent Process Non-Strong References 30.318ms
[93.101s][info][gc,phases   ] GC(10) Concurrent Reset Relocation Set 0.014ms
[93.110s][info][gc,phases   ] GC(10) Concurrent Select Relocation Set 8.264ms
[93.114s][info][gc,phases   ] GC(10) Pause Relocate Start 0.016ms
[93.131s][info][gc,phases   ] GC(10) Concurrent Relocate 9.186ms
[93.135s][info][gc,load     ] GC(10) Load: 12.25/7.57/4.65
[93.136s][info][gc,mmu      ] GC(10) MMU: 2ms/0.0%, 5ms/0.0%, 10ms/37.1%, 20ms/68.6%, 50ms/87.4%, 100ms/93.7%
[93.138s][info][gc,marking  ] GC(10) Mark: 2 stripe(s), 2 proactive flush(es), 1 terminate flush(es), 0 completion(s), 0 continuation(s) 
[93.140s][info][gc,marking  ] GC(10) Mark Stack Usage: 32M
[93.144s][info][gc,nmethod  ] GC(10) NMethods: 6661 registered, 0 unregistered
[93.146s][info][gc,metaspace] GC(10) Metaspace: 52M used, 52M committed, 1072M reserved
[93.148s][info][gc,ref      ] GC(10) Soft: 5017 encountered, 0 discovered, 0 enqueued
[93.150s][info][gc,ref      ] GC(10) Weak: 3168 encountered, 1147 discovered, 5 enqueued
[93.154s][info][gc,ref      ] GC(10) Final: 86 encountered, 49 discovered, 3 enqueued
[93.155s][info][gc,ref      ] GC(10) Phantom: 492 encountered, 450 discovered, 1 enqueued
[93.156s][info][gc,reloc    ] GC(10) Small Pages: 140 / 280M, Empty: 56M, Relocated: 6M, In-Place: 0
[93.158s][info][gc,reloc    ] GC(10) Medium Pages: 1 / 32M, Empty: 0M, Relocated: 0M, In-Place: 0
[93.160s][info][gc,reloc    ] GC(10) Large Pages: 49 / 622M, Empty: 588M, Relocated: 0M, In-Place: 0
[93.161s][info][gc,reloc    ] GC(10) Forwarding Usage: 1M
[93.163s][info][gc,heap     ] GC(10) Min Capacity: 256M(6%)
[93.164s][info][gc,heap     ] GC(10) Max Capacity: 4096M(100%)
[93.166s][info][gc,heap     ] GC(10) Soft Max Capacity: 4096M(100%)
[93.168s][info][gc,heap     ] GC(10)                Mark Start          Mark End        Relocate Start      Relocate End           High               Low         
[93.170s][info][gc,heap     ] GC(10)  Capacity:     1934M (47%)        1934M (47%)        1934M (47%)        1934M (47%)        1934M (47%)        1934M (47%)    
[93.172s][info][gc,heap     ] GC(10)      Free:     3162M (77%)        3130M (76%)        3774M (92%)        3892M (95%)        3892M (95%)        3130M (76%)    
[93.174s][info][gc,heap     ] GC(10)      Used:      934M (23%)         966M (24%)         322M (8%)          204M (5%)          966M (24%)         204M (5%)     
[93.177s][info][gc,heap     ] GC(10)      Live:         -               129M (3%)          129M (3%)          129M (3%)             -                  -          
[93.178s][info][gc,heap     ] GC(10) Allocated:         -                32M (1%)           32M (1%)           33M (1%)             -                  -          
[93.180s][info][gc,heap     ] GC(10)   Garbage:         -               804M (20%)         160M (4%)           40M (1%)             -                  -          
[93.182s][info][gc,heap     ] GC(10) Reclaimed:         -                  -               644M (16%)         763M (19%)            -                  -          
[93.184s][info][gc          ] GC(10) Garbage Collection (Allocation Rate) 934M(23%)->204M(5%)
[93.284s][info][gc,start    ] GC(11) Garbage Collection (Allocation Rate)
[93.286s][info][gc,task     ] GC(11) Using 2 workers
[93.288s][info][gc,phases   ] GC(11) Pause Mark Start 0.017ms
[93.789s][info][gc,phases   ] GC(11) Concurrent Mark 496.258ms
[93.794s][info][gc,phases   ] GC(11) Pause Mark End 0.036ms
[93.799s][info][gc,phases   ] GC(11) Concurrent Mark Free 0.005ms
[93.851s][info][gc,phases   ] GC(11) Concurrent Process Non-Strong References 50.798ms
[93.853s][info][gc,phases   ] GC(11) Concurrent Reset Relocation Set 0.017ms
[93.862s][info][gc,phases   ] GC(11) Concurrent Select Relocation Set 6.808ms
[93.865s][info][gc,phases   ] GC(11) Pause Relocate Start 0.021ms
[93.875s][info][gc,phases   ] GC(11) Concurrent Relocate 6.701ms
[93.877s][info][gc,load     ] GC(11) Load: 12.25/7.57/4.65
[93.879s][info][gc,mmu      ] GC(11) MMU: 2ms/0.0%, 5ms/0.0%, 10ms/37.1%, 20ms/68.6%, 50ms/87.4%, 100ms/93.7%
[93.881s][info][gc,marking  ] GC(11) Mark: 2 stripe(s), 3 proactive flush(es), 1 terminate flush(es), 0 completion(s), 0 continuation(s) 
[93.883s][info][gc,marking  ] GC(11) Mark Stack Usage: 32M
[93.884s][info][gc,nmethod  ] GC(11) NMethods: 6664 registered, 0 unregistered
[93.886s][info][gc,metaspace] GC(11) Metaspace: 52M used, 52M committed, 1072M reserved
[93.890s][info][gc,ref      ] GC(11) Soft: 5017 encountered, 0 discovered, 0 enqueued
[93.892s][info][gc,ref      ] GC(11) Weak: 3159 encountered, 1777 discovered, 2 enqueued
[93.893s][info][gc,ref      ] GC(11) Final: 83 encountered, 1 discovered, 0 enqueued
[93.895s][info][gc,ref      ] GC(11) Phantom: 490 encountered, 329 discovered, 0 enqueued
[93.896s][info][gc,reloc    ] GC(11) Small Pages: 63 / 126M, Empty: 2M, Relocated: 3M, In-Place: 0
[93.898s][info][gc,reloc    ] GC(11) Medium Pages: 1 / 32M, Empty: 0M, Relocated: 0M, In-Place: 0
[93.900s][info][gc,reloc    ] GC(11) Large Pages: 3 / 46M, Empty: 12M, Relocated: 0M, In-Place: 0
[93.904s][info][gc,reloc    ] GC(11) Forwarding Usage: 0M
[93.905s][info][gc,heap     ] GC(11) Min Capacity: 256M(6%)
[93.909s][info][gc,heap     ] GC(11) Max Capacity: 4096M(100%)
[93.912s][info][gc,heap     ] GC(11) Soft Max Capacity: 4096M(100%)
[93.913s][info][gc,heap     ] GC(11)                Mark Start          Mark End        Relocate Start      Relocate End           High               Low         
[93.915s][info][gc,heap     ] GC(11)  Capacity:     1934M (47%)        1934M (47%)        1934M (47%)        1934M (47%)        1934M (47%)        1934M (47%)    
[93.916s][info][gc,heap     ] GC(11)      Free:     3892M (95%)        3870M (94%)        3884M (95%)        3904M (95%)        3904M (95%)        3870M (94%)    
[93.918s][info][gc,heap     ] GC(11)      Used:      204M (5%)          226M (6%)          212M (5%)          192M (5%)          226M (6%)          192M (5%)     
[93.919s][info][gc,heap     ] GC(11)      Live:         -               128M (3%)          128M (3%)          128M (3%)             -                  -          
[93.921s][info][gc,heap     ] GC(11) Allocated:         -                22M (1%)           22M (1%)           21M (1%)             -                  -          
[93.922s][info][gc,heap     ] GC(11)   Garbage:         -                75M (2%)           61M (1%)           41M (1%)             -                  -          
[93.924s][info][gc,heap     ] GC(11) Reclaimed:         -                  -                14M (0%)           33M (1%)             -                  -          
[93.926s][info][gc          ] GC(11) Garbage Collection (Allocation Rate) 204M(5%)->192M(5%)
[100.283s][info][gc,stats    ] === Garbage Collection Statistics =======================================================================================================================
[100.285s][info][gc,stats    ]                                                              Last 10s              Last 10m              Last 10h                Total
[100.287s][info][gc,stats    ]                                                              Avg / Max             Avg / Max             Avg / Max             Avg / Max
[100.288s][info][gc,stats    ]   Collector: Garbage Collection Cycle                    522.062 / 593.003    1328.199 / 2485.059   1328.199 / 2485.059   1328.199 / 2485.059    ms
[100.290s][info][gc,stats    ]  Contention: Mark Segment Reset Contention                     0 / 2                 0 / 2                 0 / 2                 0 / 2           ops/s
[100.292s][info][gc,stats    ]  Contention: Mark SeqNum Reset Contention                      0 / 0                 0 / 0                 0 / 0                 0 / 0           ops/s
[100.294s][info][gc,stats    ]    Critical: Allocation Stall                                  0 / 0                 0 / 0                 0 / 0                 0 / 0           ops/s
[100.296s][info][gc,stats    ]    Critical: Allocation Stall                              0.000 / 0.000         0.000 / 0.000         0.000 / 0.000         0.000 / 0.000       ms
[100.299s][info][gc,stats    ]    Critical: GC Locker Stall                                   0 / 0                 0 / 1                 0 / 1                 0 / 1           ops/s
[100.301s][info][gc,stats    ]    Critical: GC Locker Stall                               0.000 / 0.000         0.002 / 0.002         0.002 / 0.002         0.002 / 0.002       ms
[100.305s][info][gc,stats    ]    Critical: Relocation Stall                                  0 / 0                 0 / 0                 0 / 0                 0 / 0           ops/s
[100.307s][info][gc,stats    ]    Critical: Relocation Stall                              0.000 / 0.000         0.000 / 0.000         0.000 / 0.000         0.000 / 0.000       ms
[100.308s][info][gc,stats    ]      Memory: Allocation Rate                                  75 / 506              63 / 552              63 / 552              63 / 552         MB/s
[100.310s][info][gc,stats    ]      Memory: Out Of Memory                                     0 / 0                 0 / 0                 0 / 0                 0 / 0           ops/s
[100.311s][info][gc,stats    ]      Memory: Page Cache Flush                                  0 / 0                 0 / 0                 0 / 0                 0 / 0           MB/s
[100.313s][info][gc,stats    ]      Memory: Page Cache Hit L1                                13 / 47               12 / 112              12 / 112              12 / 112         ops/s
[100.315s][info][gc,stats    ]      Memory: Page Cache Hit L2                                 0 / 0                 0 / 0                 0 / 0                 0 / 0           ops/s
[100.317s][info][gc,stats    ]      Memory: Page Cache Hit L3                                 0 / 0                 1 / 31                1 / 31                1 / 31          ops/s
[100.318s][info][gc,stats    ]      Memory: Page Cache Miss                                   0 / 0                 4 / 88                4 / 88                4 / 88          ops/s
[100.320s][info][gc,stats    ]      Memory: Uncommit                                          0 / 0                 0 / 0                 0 / 0                 0 / 0           MB/s
[100.322s][info][gc,stats    ]      Memory: Undo Object Allocation Failed                     0 / 0                 0 / 1                 0 / 1                 0 / 1           ops/s
[100.324s][info][gc,stats    ]      Memory: Undo Object Allocation Succeeded                  0 / 0                 0 / 2                 0 / 2                 0 / 2           ops/s
[100.325s][info][gc,stats    ]      Memory: Undo Page Allocation                              0 / 0                 1 / 25                1 / 25                1 / 25          ops/s
[100.328s][info][gc,stats    ]       Phase: Concurrent Mark                             431.825 / 496.258    1025.082 / 2153.078   1025.082 / 2153.078   1025.082 / 2153.078    ms
[100.329s][info][gc,stats    ]       Phase: Concurrent Mark Continue                      0.000 / 0.000         0.000 / 0.000         0.000 / 0.000         0.000 / 0.000       ms
[100.331s][info][gc,stats    ]       Phase: Concurrent Mark Free                          0.004 / 0.005         0.004 / 0.007         0.004 / 0.007         0.004 / 0.007       ms
[100.332s][info][gc,stats    ]       Phase: Concurrent Process Non-Strong References     40.558 / 50.798       82.781 / 257.265      82.781 / 257.265      82.781 / 257.265     ms
[100.334s][info][gc,stats    ]       Phase: Concurrent Relocate                           7.943 / 9.186       115.656 / 511.550     115.656 / 511.550     115.656 / 511.550     ms
[100.336s][info][gc,stats    ]       Phase: Concurrent Reset Relocation Set               0.015 / 0.017         0.030 / 0.139         0.030 / 0.139         0.030 / 0.139       ms
[100.338s][info][gc,stats    ]       Phase: Concurrent Select Relocation Set              7.536 / 8.264        35.657 / 198.723      35.657 / 198.723      35.657 / 198.723     ms
[100.340s][info][gc,stats    ]       Phase: Pause Mark End                                0.076 / 0.117         0.052 / 0.155         0.052 / 0.155         0.052 / 0.155       ms
[100.342s][info][gc,stats    ]       Phase: Pause Mark Start                              0.016 / 0.017         0.541 / 6.286         0.541 / 6.286         0.541 / 6.286       ms
[100.344s][info][gc,stats    ]       Phase: Pause Relocate Start                          0.018 / 0.021         0.029 / 0.139         0.029 / 0.139         0.029 / 0.139       ms
[100.348s][info][gc,stats    ]    Subphase: Concurrent Classes Purge                      1.329 / 1.366         3.559 / 10.871        3.559 / 10.871        3.559 / 10.871      ms
[100.350s][info][gc,stats    ]    Subphase: Concurrent Classes Unlink                    32.988 / 43.155       59.489 / 206.267      59.489 / 206.267      59.489 / 206.267     ms
[100.351s][info][gc,stats    ]    Subphase: Concurrent Mark                             411.539 / 478.418     982.808 / 2133.644    982.808 / 2133.644    982.808 / 2133.644    ms
[100.354s][info][gc,stats    ]    Subphase: Concurrent Mark Try Flush                     3.683 / 10.928       10.098 / 43.966       10.098 / 43.966       10.098 / 43.966      ms
[100.356s][info][gc,stats    ]    Subphase: Concurrent Mark Try Terminate                 1.584 / 5.797         2.783 / 24.031        2.783 / 24.031        2.783 / 24.031      ms
[100.358s][info][gc,stats    ]    Subphase: Concurrent References Enqueue                 0.191 / 0.266         0.277 / 2.610         0.277 / 2.610         0.277 / 2.610       ms
[100.359s][info][gc,stats    ]    Subphase: Concurrent References Process                 1.407 / 1.832         2.378 / 6.377         2.378 / 6.377         2.378 / 6.377       ms
[100.362s][info][gc,stats    ]    Subphase: Concurrent Roots ClassLoaderDataGraph         0.481 / 0.912         3.180 / 47.494        3.180 / 47.494        3.180 / 47.494      ms
[100.363s][info][gc,stats    ]    Subphase: Concurrent Roots CodeCache                    0.000 / 0.000         0.000 / 0.000         0.000 / 0.000         0.000 / 0.000       ms
[100.365s][info][gc,stats    ]    Subphase: Concurrent Roots JavaThreads                 11.606 / 14.086       20.017 / 61.015       20.017 / 61.015       20.017 / 61.015      ms
[100.366s][info][gc,stats    ]    Subphase: Concurrent Roots OopStorageSet                0.071 / 0.123         5.380 / 72.582        5.380 / 72.582        5.380 / 72.582      ms
[100.368s][info][gc,stats    ]    Subphase: Concurrent Weak Roots OopStorageSet           2.601 / 2.945         5.252 / 14.084        5.252 / 14.084        5.252 / 14.084      ms
[100.370s][info][gc,stats    ]    Subphase: Pause Mark Try Complete                       0.000 / 0.000         0.000 / 0.000         0.000 / 0.000         0.000 / 0.000       ms
[100.371s][info][gc,stats    ]      System: Java Threads                                     81 / 87               74 / 89               74 / 89               74 / 89          threads
[100.373s][info][gc,stats    ] =========================================================================================================================================================
[103.783s][info][gc,start    ] GC(12) Garbage Collection (Allocation Rate)
[103.786s][info][gc,task     ] GC(12) Using 2 workers
[103.789s][info][gc,phases   ] GC(12) Pause Mark Start 0.114ms
[104.033s][info][gc,phases   ] GC(12) Concurrent Mark 242.626ms
[104.043s][info][gc,phases   ] GC(12) Pause Mark End 0.133ms
[104.044s][info][gc,phases   ] GC(12) Concurrent Mark Free 0.003ms
[104.066s][info][gc,phases   ] GC(12) Concurrent Process Non-Strong References 20.733ms
[104.068s][info][gc,phases   ] GC(12) Concurrent Reset Relocation Set 0.006ms
[104.076s][info][gc,phases   ] GC(12) Concurrent Select Relocation Set 5.959ms
[104.090s][info][gc,phases   ] GC(12) Pause Relocate Start 0.017ms
[104.103s][info][gc,phases   ] GC(12) Concurrent Relocate 6.964ms
[104.104s][info][gc,load     ] GC(12) Load: 10.99/7.46/4.64
[104.106s][info][gc,mmu      ] GC(12) MMU: 2ms/0.0%, 5ms/0.0%, 10ms/37.1%, 20ms/68.6%, 50ms/87.4%, 100ms/93.7%
[104.108s][info][gc,marking  ] GC(12) Mark: 2 stripe(s), 2 proactive flush(es), 1 terminate flush(es), 0 completion(s), 0 continuation(s) 
[104.110s][info][gc,marking  ] GC(12) Mark Stack Usage: 32M
[104.112s][info][gc,nmethod  ] GC(12) NMethods: 6271 registered, 480 unregistered
[104.114s][info][gc,metaspace] GC(12) Metaspace: 52M used, 52M committed, 1072M reserved
[104.117s][info][gc,ref      ] GC(12) Soft: 5017 encountered, 0 discovered, 0 enqueued
[104.121s][info][gc,ref      ] GC(12) Weak: 3154 encountered, 970 discovered, 0 enqueued
[104.123s][info][gc,ref      ] GC(12) Final: 85 encountered, 83 discovered, 2 enqueued
[104.125s][info][gc,ref      ] GC(12) Phantom: 479 encountered, 395 discovered, 0 enqueued
[104.127s][info][gc,reloc    ] GC(12) Small Pages: 131 / 262M, Empty: 42M, Relocated: 5M, In-Place: 0
[104.130s][info][gc,reloc    ] GC(12) Medium Pages: 1 / 32M, Empty: 0M, Relocated: 0M, In-Place: 0
[104.133s][info][gc,reloc    ] GC(12) Large Pages: 49 / 622M, Empty: 588M, Relocated: 0M, In-Place: 0
[104.134s][info][gc,reloc    ] GC(12) Forwarding Usage: 1M
[104.136s][info][gc,heap     ] GC(12) Min Capacity: 256M(6%)
[104.139s][info][gc,heap     ] GC(12) Max Capacity: 4096M(100%)
[104.142s][info][gc,heap     ] GC(12) Soft Max Capacity: 4096M(100%)
[104.143s][info][gc,heap     ] GC(12)                Mark Start          Mark End        Relocate Start      Relocate End           High               Low         
[104.145s][info][gc,heap     ] GC(12)  Capacity:     1934M (47%)        1934M (47%)        1934M (47%)        1934M (47%)        1934M (47%)        1934M (47%)    
[104.148s][info][gc,heap     ] GC(12)      Free:     3180M (78%)        3132M (76%)        3762M (92%)        3878M (95%)        3878M (95%)        3132M (76%)    
[104.151s][info][gc,heap     ] GC(12)      Used:      916M (22%)         964M (24%)         334M (8%)          218M (5%)          964M (24%)         218M (5%)     
[104.153s][info][gc,heap     ] GC(12)      Live:         -               128M (3%)          128M (3%)          128M (3%)             -                  -          
[104.155s][info][gc,heap     ] GC(12) Allocated:         -                48M (1%)           48M (1%)           47M (1%)             -                  -          
[104.157s][info][gc,heap     ] GC(12)   Garbage:         -               787M (19%)         157M (4%)           41M (1%)             -                  -          
[104.160s][info][gc,heap     ] GC(12) Reclaimed:         -                  -               630M (15%)         745M (18%)            -                  -          
[104.164s][info][gc          ] GC(12) Garbage Collection (Allocation Rate) 916M(22%)->218M(5%)
[110.282s][info][gc,stats    ] === Garbage Collection Statistics =======================================================================================================================
[110.284s][info][gc,stats    ]                                                              Last 10s              Last 10m              Last 10h                Total
[110.286s][info][gc,stats    ]                                                              Avg / Max             Avg / Max             Avg / Max             Avg / Max
[110.287s][info][gc,stats    ]   Collector: Garbage Collection Cycle                    321.259 / 321.259    1250.742 / 2485.059   1250.742 / 2485.059   1250.742 / 2485.059    ms
[110.288s][info][gc,stats    ]  Contention: Mark Segment Reset Contention                     0 / 0                 0 / 2                 0 / 2                 0 / 2           ops/s
[110.290s][info][gc,stats    ]  Contention: Mark SeqNum Reset Contention                      0 / 0                 0 / 0                 0 / 0                 0 / 0           ops/s
[110.291s][info][gc,stats    ]    Critical: Allocation Stall                                  0 / 0                 0 / 0                 0 / 0                 0 / 0           ops/s
[110.293s][info][gc,stats    ]    Critical: Allocation Stall                              0.000 / 0.000         0.000 / 0.000         0.000 / 0.000         0.000 / 0.000       ms
[110.294s][info][gc,stats    ]    Critical: GC Locker Stall                                   0 / 0                 0 / 1                 0 / 1                 0 / 1           ops/s
[110.296s][info][gc,stats    ]    Critical: GC Locker Stall                               0.000 / 0.000         0.002 / 0.002         0.002 / 0.002         0.002 / 0.002       ms
[110.297s][info][gc,stats    ]    Critical: Relocation Stall                                  0 / 0                 0 / 0                 0 / 0                 0 / 0           ops/s
[110.299s][info][gc,stats    ]    Critical: Relocation Stall                              0.000 / 0.000         0.000 / 0.000         0.000 / 0.000         0.000 / 0.000       ms
[110.300s][info][gc,stats    ]      Memory: Allocation Rate                                  75 / 520              64 / 552              64 / 552              64 / 552         MB/s
[110.302s][info][gc,stats    ]      Memory: Out Of Memory                                     0 / 0                 0 / 0                 0 / 0                 0 / 0           ops/s
[110.303s][info][gc,stats    ]      Memory: Page Cache Flush                                  0 / 0                 0 / 0                 0 / 0                 0 / 0           MB/s
[110.305s][info][gc,stats    ]      Memory: Page Cache Hit L1                                13 / 53               12 / 112              12 / 112              12 / 112         ops/s
[110.306s][info][gc,stats    ]      Memory: Page Cache Hit L2                                 0 / 0                 0 / 0                 0 / 0                 0 / 0           ops/s
[110.308s][info][gc,stats    ]      Memory: Page Cache Hit L3                                 0 / 0                 1 / 31                1 / 31                1 / 31          ops/s
[110.309s][info][gc,stats    ]      Memory: Page Cache Miss                                   0 / 0                 4 / 88                4 / 88                4 / 88          ops/s
[110.310s][info][gc,stats    ]      Memory: Uncommit                                          0 / 0                 0 / 0                 0 / 0                 0 / 0           MB/s
[110.312s][info][gc,stats    ]      Memory: Undo Object Allocation Failed                     0 / 0                 0 / 1                 0 / 1                 0 / 1           ops/s
[110.314s][info][gc,stats    ]      Memory: Undo Object Allocation Succeeded                  0 / 0                 0 / 2                 0 / 2                 0 / 2           ops/s
[110.315s][info][gc,stats    ]      Memory: Undo Page Allocation                              0 / 0                 1 / 25                1 / 25                1 / 25          ops/s
[110.317s][info][gc,stats    ]       Phase: Concurrent Mark                             242.626 / 242.626     964.893 / 2153.078    964.893 / 2153.078    964.893 / 2153.078    ms
[110.318s][info][gc,stats    ]       Phase: Concurrent Mark Continue                      0.000 / 0.000         0.000 / 0.000         0.000 / 0.000         0.000 / 0.000       ms
[110.320s][info][gc,stats    ]       Phase: Concurrent Mark Free                          0.003 / 0.003         0.004 / 0.007         0.004 / 0.007         0.004 / 0.007       ms
[110.321s][info][gc,stats    ]       Phase: Concurrent Process Non-Strong References     20.733 / 20.733       78.008 / 257.265      78.008 / 257.265      78.008 / 257.265     ms
[110.322s][info][gc,stats    ]       Phase: Concurrent Relocate                           6.964 / 6.964       107.295 / 511.550     107.295 / 511.550     107.295 / 511.550     ms
[110.324s][info][gc,stats    ]       Phase: Concurrent Reset Relocation Set               0.006 / 0.006         0.028 / 0.139         0.028 / 0.139         0.028 / 0.139       ms
[110.325s][info][gc,stats    ]       Phase: Concurrent Select Relocation Set              5.959 / 5.959        33.372 / 198.723      33.372 / 198.723      33.372 / 198.723     ms
[110.327s][info][gc,stats    ]       Phase: Pause Mark End                                0.133 / 0.133         0.058 / 0.155         0.058 / 0.155         0.058 / 0.155       ms
[110.328s][info][gc,stats    ]       Phase: Pause Mark Start                              0.114 / 0.114         0.508 / 6.286         0.508 / 6.286         0.508 / 6.286       ms
[110.329s][info][gc,stats    ]       Phase: Pause Relocate Start                          0.017 / 0.017         0.028 / 0.139         0.028 / 0.139         0.028 / 0.139       ms
[110.332s][info][gc,stats    ]    Subphase: Concurrent Classes Purge                      2.068 / 2.068         3.444 / 10.871        3.444 / 10.871        3.444 / 10.871      ms
[110.334s][info][gc,stats    ]    Subphase: Concurrent Classes Unlink                    15.293 / 15.293       56.089 / 206.267      56.089 / 206.267      56.089 / 206.267     ms
[110.335s][info][gc,stats    ]    Subphase: Concurrent Mark                             234.381 / 234.695     925.236 / 2133.644    925.236 / 2133.644    925.236 / 2133.644    ms
[110.336s][info][gc,stats    ]    Subphase: Concurrent Mark Try Flush                     1.053 / 1.614         9.436 / 43.966        9.436 / 43.966        9.436 / 43.966      ms
[110.338s][info][gc,stats    ]    Subphase: Concurrent Mark Try Terminate                 0.851 / 1.382         2.758 / 24.031        2.758 / 24.031        2.758 / 24.031      ms
[110.339s][info][gc,stats    ]    Subphase: Concurrent References Enqueue                 0.138 / 0.138         0.266 / 2.610         0.266 / 2.610         0.266 / 2.610       ms
[110.340s][info][gc,stats    ]    Subphase: Concurrent References Process                 0.957 / 0.957         2.268 / 6.377         2.268 / 6.377         2.268 / 6.377       ms
[110.342s][info][gc,stats    ]    Subphase: Concurrent Roots ClassLoaderDataGraph         0.350 / 0.644         2.934 / 47.494        2.934 / 47.494        2.934 / 47.494      ms
[110.343s][info][gc,stats    ]    Subphase: Concurrent Roots CodeCache                    0.000 / 0.000         0.000 / 0.000         0.000 / 0.000         0.000 / 0.000       ms
[110.345s][info][gc,stats    ]    Subphase: Concurrent Roots JavaThreads                  5.813 / 6.703        18.925 / 61.015       18.925 / 61.015       18.925 / 61.015      ms
[110.347s][info][gc,stats    ]    Subphase: Concurrent Roots OopStorageSet                0.125 / 0.125         5.117 / 72.582        5.117 / 72.582        5.117 / 72.582      ms
[110.349s][info][gc,stats    ]    Subphase: Concurrent Weak Roots OopStorageSet           1.266 / 1.284         4.905 / 14.084        4.905 / 14.084        4.905 / 14.084      ms
[110.350s][info][gc,stats    ]    Subphase: Pause Mark Try Complete                       0.000 / 0.000         0.000 / 0.000         0.000 / 0.000         0.000 / 0.000       ms
[110.352s][info][gc,stats    ]      System: Java Threads                                     76 / 76               74 / 89               74 / 89               74 / 89          threads
[110.354s][info][gc,stats    ] =========================================================================================================================================================
[120.283s][info][gc,stats    ] === Garbage Collection Statistics =======================================================================================================================
[120.285s][info][gc,stats    ]                                                              Last 10s              Last 10m              Last 10h                Total
[120.286s][info][gc,stats    ]                                                              Avg / Max             Avg / Max             Avg / Max             Avg / Max
[120.287s][info][gc,stats    ]   Collector: Garbage Collection Cycle                      0.000 / 0.000      1250.742 / 2485.059   1250.742 / 2485.059   1250.742 / 2485.059    ms
[120.289s][info][gc,stats    ]  Contention: Mark Segment Reset Contention                     0 / 0                 0 / 2                 0 / 2                 0 / 2           ops/s
[120.290s][info][gc,stats    ]  Contention: Mark SeqNum Reset Contention                      0 / 0                 0 / 0                 0 / 0                 0 / 0           ops/s
[120.291s][info][gc,stats    ]    Critical: Allocation Stall                                  0 / 0                 0 / 0                 0 / 0                 0 / 0           ops/s
[120.292s][info][gc,stats    ]    Critical: Allocation Stall                              0.000 / 0.000         0.000 / 0.000         0.000 / 0.000         0.000 / 0.000       ms
[120.295s][info][gc,stats    ]    Critical: GC Locker Stall                                   0 / 0                 0 / 1                 0 / 1                 0 / 1           ops/s
[120.296s][info][gc,stats    ]    Critical: GC Locker Stall                               0.000 / 0.000         0.002 / 0.002         0.002 / 0.002         0.002 / 0.002       ms
[120.297s][info][gc,stats    ]    Critical: Relocation Stall                                  0 / 0                 0 / 0                 0 / 0                 0 / 0           ops/s
[120.298s][info][gc,stats    ]    Critical: Relocation Stall                              0.000 / 0.000         0.000 / 0.000         0.000 / 0.000         0.000 / 0.000       ms
[120.300s][info][gc,stats    ]      Memory: Allocation Rate                                  72 / 490              65 / 552              65 / 552              65 / 552         MB/s
[120.301s][info][gc,stats    ]      Memory: Out Of Memory                                     0 / 0                 0 / 0                 0 / 0                 0 / 0           ops/s
[120.302s][info][gc,stats    ]      Memory: Page Cache Flush                                  0 / 0                 0 / 0                 0 / 0                 0 / 0           MB/s
[120.303s][info][gc,stats    ]      Memory: Page Cache Hit L1                                11 / 35               12 / 112              12 / 112              12 / 112         ops/s
[120.304s][info][gc,stats    ]      Memory: Page Cache Hit L2                                 0 / 0                 0 / 0                 0 / 0                 0 / 0           ops/s
[120.305s][info][gc,stats    ]      Memory: Page Cache Hit L3                                 0 / 0                 1 / 31                1 / 31                1 / 31          ops/s
[120.307s][info][gc,stats    ]      Memory: Page Cache Miss                                   0 / 0                 4 / 88                4 / 88                4 / 88          ops/s
[120.309s][info][gc,stats    ]      Memory: Uncommit                                          0 / 0                 0 / 0                 0 / 0                 0 / 0           MB/s
[120.310s][info][gc,stats    ]      Memory: Undo Object Allocation Failed                     0 / 0                 0 / 1                 0 / 1                 0 / 1           ops/s
[120.311s][info][gc,stats    ]      Memory: Undo Object Allocation Succeeded                  0 / 0                 0 / 2                 0 / 2                 0 / 2           ops/s
[120.313s][info][gc,stats    ]      Memory: Undo Page Allocation                              0 / 0                 0 / 25                0 / 25                0 / 25          ops/s
[120.314s][info][gc,stats    ]       Phase: Concurrent Mark                               0.000 / 0.000       964.893 / 2153.078    964.893 / 2153.078    964.893 / 2153.078    ms
[120.315s][info][gc,stats    ]       Phase: Concurrent Mark Continue                      0.000 / 0.000         0.000 / 0.000         0.000 / 0.000         0.000 / 0.000       ms
[120.316s][info][gc,stats    ]       Phase: Concurrent Mark Free                          0.000 / 0.000         0.004 / 0.007         0.004 / 0.007         0.004 / 0.007       ms
[120.317s][info][gc,stats    ]       Phase: Concurrent Process Non-Strong References      0.000 / 0.000        78.008 / 257.265      78.008 / 257.265      78.008 / 257.265     ms
[120.318s][info][gc,stats    ]       Phase: Concurrent Relocate                           0.000 / 0.000       107.295 / 511.550     107.295 / 511.550     107.295 / 511.550     ms
[120.319s][info][gc,stats    ]       Phase: Concurrent Reset Relocation Set               0.000 / 0.000         0.028 / 0.139         0.028 / 0.139         0.028 / 0.139       ms
[120.320s][info][gc,stats    ]       Phase: Concurrent Select Relocation Set              0.000 / 0.000        33.372 / 198.723      33.372 / 198.723      33.372 / 198.723     ms
[120.322s][info][gc,stats    ]       Phase: Pause Mark End                                0.000 / 0.000         0.058 / 0.155         0.058 / 0.155         0.058 / 0.155       ms
[120.324s][info][gc,stats    ]       Phase: Pause Mark Start                              0.000 / 0.000         0.508 / 6.286         0.508 / 6.286         0.508 / 6.286       ms
[120.325s][info][gc,stats    ]       Phase: Pause Relocate Start                          0.000 / 0.000         0.028 / 0.139         0.028 / 0.139         0.028 / 0.139       ms
[120.326s][info][gc,stats    ]    Subphase: Concurrent Classes Purge                      0.000 / 0.000         3.444 / 10.871        3.444 / 10.871        3.444 / 10.871      ms
[120.327s][info][gc,stats    ]    Subphase: Concurrent Classes Unlink                     0.000 / 0.000        56.089 / 206.267      56.089 / 206.267      56.089 / 206.267     ms
[120.328s][info][gc,stats    ]    Subphase: Concurrent Mark                               0.000 / 0.000       925.236 / 2133.644    925.236 / 2133.644    925.236 / 2133.644    ms
[120.330s][info][gc,stats    ]    Subphase: Concurrent Mark Try Flush                     0.000 / 0.000         9.436 / 43.966        9.436 / 43.966        9.436 / 43.966      ms
[120.331s][info][gc,stats    ]    Subphase: Concurrent Mark Try Terminate                 0.000 / 0.000         2.758 / 24.031        2.758 / 24.031        2.758 / 24.031      ms
[120.332s][info][gc,stats    ]    Subphase: Concurrent References Enqueue                 0.000 / 0.000         0.266 / 2.610         0.266 / 2.610         0.266 / 2.610       ms
[120.333s][info][gc,stats    ]    Subphase: Concurrent References Process                 0.000 / 0.000         2.268 / 6.377         2.268 / 6.377         2.268 / 6.377       ms
[120.334s][info][gc,stats    ]    Subphase: Concurrent Roots ClassLoaderDataGraph         0.000 / 0.000         2.934 / 47.494        2.934 / 47.494        2.934 / 47.494      ms
[120.335s][info][gc,stats    ]    Subphase: Concurrent Roots CodeCache                    0.000 / 0.000         0.000 / 0.000         0.000 / 0.000         0.000 / 0.000       ms
[120.337s][info][gc,stats    ]    Subphase: Concurrent Roots JavaThreads                  0.000 / 0.000        18.925 / 61.015       18.925 / 61.015       18.925 / 61.015      ms
[120.338s][info][gc,stats    ]    Subphase: Concurrent Roots OopStorageSet                0.000 / 0.000         5.117 / 72.582        5.117 / 72.582        5.117 / 72.582      ms
[120.339s][info][gc,stats    ]    Subphase: Concurrent Weak Roots OopStorageSet           0.000 / 0.000         4.905 / 14.084        4.905 / 14.084        4.905 / 14.084      ms
[120.340s][info][gc,stats    ]    Subphase: Pause Mark Try Complete                       0.000 / 0.000         0.000 / 0.000         0.000 / 0.000         0.000 / 0.000       ms
[120.341s][info][gc,stats    ]      System: Java Threads                                      0 / 0                74 / 89               74 / 89               74 / 89          threads
[120.343s][info][gc,stats    ] =========================================================================================================================================================
[130.283s][info][gc,stats    ] === Garbage Collection Statistics =======================================================================================================================
[130.285s][info][gc,stats    ]                                                              Last 10s              Last 10m              Last 10h                Total
[130.286s][info][gc,stats    ]                                                              Avg / Max             Avg / Max             Avg / Max             Avg / Max
[130.287s][info][gc,stats    ]   Collector: Garbage Collection Cycle                      0.000 / 0.000      1250.742 / 2485.059   1250.742 / 2485.059   1250.742 / 2485.059    ms
[130.288s][info][gc,stats    ]  Contention: Mark Segment Reset Contention                     0 / 0                 0 / 2                 0 / 2                 0 / 2           ops/s
[130.289s][info][gc,stats    ]  Contention: Mark SeqNum Reset Contention                      0 / 0                 0 / 0                 0 / 0                 0 / 0           ops/s
[130.291s][info][gc,stats    ]    Critical: Allocation Stall                                  0 / 0                 0 / 0                 0 / 0                 0 / 0           ops/s
[130.292s][info][gc,stats    ]    Critical: Allocation Stall                              0.000 / 0.000         0.000 / 0.000         0.000 / 0.000         0.000 / 0.000       ms
[130.293s][info][gc,stats    ]    Critical: GC Locker Stall                                   0 / 0                 0 / 1                 0 / 1                 0 / 1           ops/s
[130.294s][info][gc,stats    ]    Critical: GC Locker Stall                               0.000 / 0.000         0.002 / 0.002         0.002 / 0.002         0.002 / 0.002       ms
[130.295s][info][gc,stats    ]    Critical: Relocation Stall                                  0 / 0                 0 / 0                 0 / 0                 0 / 0           ops/s
[130.296s][info][gc,stats    ]    Critical: Relocation Stall                              0.000 / 0.000         0.000 / 0.000         0.000 / 0.000         0.000 / 0.000       ms
[130.297s][info][gc,stats    ]      Memory: Allocation Rate                                  73 / 490              65 / 552              65 / 552              65 / 552         MB/s
[130.298s][info][gc,stats    ]      Memory: Out Of Memory                                     0 / 0                 0 / 0                 0 / 0                 0 / 0           ops/s
[130.299s][info][gc,stats    ]      Memory: Page Cache Flush                                  0 / 0                 0 / 0                 0 / 0                 0 / 0           MB/s
[130.301s][info][gc,stats    ]      Memory: Page Cache Hit L1                                 8 / 17               12 / 112              12 / 112              12 / 112         ops/s
[130.301s][info][gc,stats    ]      Memory: Page Cache Hit L2                                 0 / 0                 0 / 0                 0 / 0                 0 / 0           ops/s
[130.303s][info][gc,stats    ]      Memory: Page Cache Hit L3                                 0 / 3                 1 / 31                1 / 31                1 / 31          ops/s
[130.304s][info][gc,stats    ]      Memory: Page Cache Miss                                   3 / 25                4 / 88                4 / 88                4 / 88          ops/s
[130.305s][info][gc,stats    ]      Memory: Uncommit                                          0 / 0                 0 / 0                 0 / 0                 0 / 0           MB/s
[130.306s][info][gc,stats    ]      Memory: Undo Object Allocation Failed                     0 / 0                 0 / 1                 0 / 1                 0 / 1           ops/s
[130.307s][info][gc,stats    ]      Memory: Undo Object Allocation Succeeded                  0 / 0                 0 / 2                 0 / 2                 0 / 2           ops/s
[130.308s][info][gc,stats    ]      Memory: Undo Page Allocation                              0 / 0                 0 / 25                0 / 25                0 / 25          ops/s
[130.309s][info][gc,stats    ]       Phase: Concurrent Mark                               0.000 / 0.000       964.893 / 2153.078    964.893 / 2153.078    964.893 / 2153.078    ms
[130.311s][info][gc,stats    ]       Phase: Concurrent Mark Continue                      0.000 / 0.000         0.000 / 0.000         0.000 / 0.000         0.000 / 0.000       ms
[130.313s][info][gc,stats    ]       Phase: Concurrent Mark Free                          0.000 / 0.000         0.004 / 0.007         0.004 / 0.007         0.004 / 0.007       ms
[130.313s][info][gc,stats    ]       Phase: Concurrent Process Non-Strong References      0.000 / 0.000        78.008 / 257.265      78.008 / 257.265      78.008 / 257.265     ms
[130.315s][info][gc,stats    ]       Phase: Concurrent Relocate                           0.000 / 0.000       107.295 / 511.550     107.295 / 511.550     107.295 / 511.550     ms
[130.317s][info][gc,stats    ]       Phase: Concurrent Reset Relocation Set               0.000 / 0.000         0.028 / 0.139         0.028 / 0.139         0.028 / 0.139       ms
[130.319s][info][gc,stats    ]       Phase: Concurrent Select Relocation Set              0.000 / 0.000        33.372 / 198.723      33.372 / 198.723      33.372 / 198.723     ms
[130.320s][info][gc,stats    ]       Phase: Pause Mark End                                0.000 / 0.000         0.058 / 0.155         0.058 / 0.155         0.058 / 0.155       ms
[130.320s][info][gc,stats    ]       Phase: Pause Mark Start                              0.000 / 0.000         0.508 / 6.286         0.508 / 6.286         0.508 / 6.286       ms
[130.321s][info][gc,stats    ]       Phase: Pause Relocate Start                          0.000 / 0.000         0.028 / 0.139         0.028 / 0.139         0.028 / 0.139       ms
[130.322s][info][gc,stats    ]    Subphase: Concurrent Classes Purge                      0.000 / 0.000         3.444 / 10.871        3.444 / 10.871        3.444 / 10.871      ms
[130.323s][info][gc,stats    ]    Subphase: Concurrent Classes Unlink                     0.000 / 0.000        56.089 / 206.267      56.089 / 206.267      56.089 / 206.267     ms
[130.324s][info][gc,stats    ]    Subphase: Concurrent Mark                               0.000 / 0.000       925.236 / 2133.644    925.236 / 2133.644    925.236 / 2133.644    ms
[130.325s][info][gc,stats    ]    Subphase: Concurrent Mark Try Flush                     0.000 / 0.000         9.436 / 43.966        9.436 / 43.966        9.436 / 43.966      ms
[130.327s][info][gc,stats    ]    Subphase: Concurrent Mark Try Terminate                 0.000 / 0.000         2.758 / 24.031        2.758 / 24.031        2.758 / 24.031      ms
[130.328s][info][gc,stats    ]    Subphase: Concurrent References Enqueue                 0.000 / 0.000         0.266 / 2.610         0.266 / 2.610         0.266 / 2.610       ms
[130.329s][info][gc,stats    ]    Subphase: Concurrent References Process                 0.000 / 0.000         2.268 / 6.377         2.268 / 6.377         2.268 / 6.377       ms
[130.330s][info][gc,stats    ]    Subphase: Concurrent Roots ClassLoaderDataGraph         0.000 / 0.000         2.934 / 47.494        2.934 / 47.494        2.934 / 47.494      ms
[130.331s][info][gc,stats    ]    Subphase: Concurrent Roots CodeCache                    0.000 / 0.000         0.000 / 0.000         0.000 / 0.000         0.000 / 0.000       ms
[130.332s][info][gc,stats    ]    Subphase: Concurrent Roots JavaThreads                  0.000 / 0.000        18.925 / 61.015       18.925 / 61.015       18.925 / 61.015      ms
[130.333s][info][gc,stats    ]    Subphase: Concurrent Roots OopStorageSet                0.000 / 0.000         5.117 / 72.582        5.117 / 72.582        5.117 / 72.582      ms
[130.334s][info][gc,stats    ]    Subphase: Concurrent Weak Roots OopStorageSet           0.000 / 0.000         4.905 / 14.084        4.905 / 14.084        4.905 / 14.084      ms
[130.335s][info][gc,stats    ]    Subphase: Pause Mark Try Complete                       0.000 / 0.000         0.000 / 0.000         0.000 / 0.000         0.000 / 0.000       ms
[130.336s][info][gc,stats    ]      System: Java Threads                                      0 / 0                74 / 89               74 / 89               74 / 89          threads
[130.338s][info][gc,stats    ] =========================================================================================================================================================
[137.002s][info][gc,start    ] GC(13) Garbage Collection (Allocation Rate)
[137.009s][info][gc,task     ] GC(13) Using 2 workers
[137.035s][info][gc,phases   ] GC(13) Pause Mark Start 2.380ms
[137.226s][info][gc,phases   ] GC(13) Concurrent Mark 188.617ms
[137.229s][info][gc,phases   ] GC(13) Pause Mark End 1.316ms
[137.232s][info][gc,phases   ] GC(13) Concurrent Mark Free 0.003ms
[137.254s][info][gc,phases   ] GC(13) Concurrent Process Non-Strong References 20.280ms
[137.255s][info][gc,phases   ] GC(13) Concurrent Reset Relocation Set 0.011ms
[137.263s][info][gc,phases   ] GC(13) Concurrent Select Relocation Set 5.945ms
[137.264s][info][gc,phases   ] GC(13) Pause Relocate Start 0.010ms
[137.270s][info][gc,phases   ] GC(13) Concurrent Relocate 5.217ms
[137.271s][info][gc,load     ] GC(13) Load: 7.65/7.01/4.60
[137.273s][info][gc,mmu      ] GC(13) MMU: 2ms/0.0%, 5ms/0.0%, 10ms/37.1%, 20ms/68.6%, 50ms/87.4%, 100ms/93.7%
[137.274s][info][gc,marking  ] GC(13) Mark: 2 stripe(s), 2 proactive flush(es), 1 terminate flush(es), 0 completion(s), 0 continuation(s) 
[137.276s][info][gc,marking  ] GC(13) Mark Stack Usage: 32M
[137.277s][info][gc,nmethod  ] GC(13) NMethods: 6027 registered, 920 unregistered
[137.278s][info][gc,metaspace] GC(13) Metaspace: 52M used, 52M committed, 1072M reserved
[137.278s][info][gc,ref      ] GC(13) Soft: 5017 encountered, 0 discovered, 0 enqueued
[137.279s][info][gc,ref      ] GC(13) Weak: 3154 encountered, 1667 discovered, 0 enqueued
[137.280s][info][gc,ref      ] GC(13) Final: 89 encountered, 46 discovered, 6 enqueued
[137.281s][info][gc,ref      ] GC(13) Phantom: 500 encountered, 349 discovered, 0 enqueued
[137.283s][info][gc,reloc    ] GC(13) Small Pages: 296 / 592M, Empty: 216M, Relocated: 6M, In-Place: 0
[137.284s][info][gc,reloc    ] GC(13) Medium Pages: 1 / 32M, Empty: 0M, Relocated: 0M, In-Place: 0
[137.285s][info][gc,reloc    ] GC(13) Large Pages: 147 / 1768M, Empty: 1566M, Relocated: 0M, In-Place: 0
[137.288s][info][gc,reloc    ] GC(13) Forwarding Usage: 1M
[137.289s][info][gc,heap     ] GC(13) Min Capacity: 256M(6%)
[137.290s][info][gc,heap     ] GC(13) Max Capacity: 4096M(100%)
[137.291s][info][gc,heap     ] GC(13) Soft Max Capacity: 4096M(100%)
[137.293s][info][gc,heap     ] GC(13)                Mark Start          Mark End        Relocate Start      Relocate End           High               Low         
[137.293s][info][gc,heap     ] GC(13)  Capacity:     2882M (70%)        2948M (72%)        2948M (72%)        2948M (72%)        2948M (72%)        2882M (70%)    
[137.295s][info][gc,heap     ] GC(13)      Free:     1704M (42%)        1604M (39%)        3386M (83%)        3658M (89%)        3658M (89%)        1604M (39%)    
[137.295s][info][gc,heap     ] GC(13)      Used:     2392M (58%)        2492M (61%)         710M (17%)         438M (11%)        2492M (61%)         438M (11%)    
[137.296s][info][gc,heap     ] GC(13)      Live:         -               296M (7%)          296M (7%)          296M (7%)             -                  -          
[137.297s][info][gc,heap     ] GC(13) Allocated:         -               100M (2%)          100M (2%)           99M (2%)             -                  -          
[137.298s][info][gc,heap     ] GC(13)   Garbage:         -              2095M (51%)         313M (8%)           41M (1%)             -                  -          
[137.299s][info][gc,heap     ] GC(13) Reclaimed:         -                  -              1782M (44%)        2053M (50%)            -                  -          
[137.300s][info][gc          ] GC(13) Garbage Collection (Allocation Rate) 2392M(58%)->438M(11%)
[140.283s][info][gc,stats    ] === Garbage Collection Statistics =======================================================================================================================
[140.284s][info][gc,stats    ]                                                              Last 10s              Last 10m              Last 10h                Total
[140.285s][info][gc,stats    ]                                                              Avg / Max             Avg / Max             Avg / Max             Avg / Max
[140.286s][info][gc,stats    ]   Collector: Garbage Collection Cycle                    276.583 / 276.583    1181.160 / 2485.059   1181.160 / 2485.059   1181.160 / 2485.059    ms
[140.291s][info][gc,stats    ]  Contention: Mark Segment Reset Contention                     0 / 0                 0 / 2                 0 / 2                 0 / 2           ops/s
[140.293s][info][gc,stats    ]  Contention: Mark SeqNum Reset Contention                      0 / 0                 0 / 0                 0 / 0                 0 / 0           ops/s
[140.295s][info][gc,stats    ]    Critical: Allocation Stall                                  0 / 0                 0 / 0                 0 / 0                 0 / 0           ops/s
[140.296s][info][gc,stats    ]    Critical: Allocation Stall                              0.000 / 0.000         0.000 / 0.000         0.000 / 0.000         0.000 / 0.000       ms
[140.297s][info][gc,stats    ]    Critical: GC Locker Stall                                   0 / 0                 0 / 1                 0 / 1                 0 / 1           ops/s
[140.298s][info][gc,stats    ]    Critical: GC Locker Stall                               0.000 / 0.000         0.002 / 0.002         0.002 / 0.002         0.002 / 0.002       ms
[140.299s][info][gc,stats    ]    Critical: Relocation Stall                                  0 / 0                 0 / 0                 0 / 0                 0 / 0           ops/s
[140.300s][info][gc,stats    ]    Critical: Relocation Stall                              0.000 / 0.000         0.000 / 0.000         0.000 / 0.000         0.000 / 0.000       ms
[140.302s][info][gc,stats    ]      Memory: Allocation Rate                                  74 / 510              66 / 552              66 / 552              66 / 552         MB/s
[140.304s][info][gc,stats    ]      Memory: Out Of Memory                                     0 / 0                 0 / 0                 0 / 0                 0 / 0           ops/s
[140.305s][info][gc,stats    ]      Memory: Page Cache Flush                                  0 / 0                 0 / 0                 0 / 0                 0 / 0           MB/s
[140.306s][info][gc,stats    ]      Memory: Page Cache Hit L1                                 9 / 25               12 / 112              12 / 112              12 / 112         ops/s
[140.307s][info][gc,stats    ]      Memory: Page Cache Hit L2                                 0 / 0                 0 / 0                 0 / 0                 0 / 0           ops/s
[140.308s][info][gc,stats    ]      Memory: Page Cache Hit L3                                 0 / 0                 0 / 31                0 / 31                0 / 31          ops/s
[140.308s][info][gc,stats    ]      Memory: Page Cache Miss                                   4 / 28                4 / 88                4 / 88                4 / 88          ops/s
[140.309s][info][gc,stats    ]      Memory: Uncommit                                          0 / 0                 0 / 0                 0 / 0                 0 / 0           MB/s
[140.310s][info][gc,stats    ]      Memory: Undo Object Allocation Failed                     0 / 0                 0 / 1                 0 / 1                 0 / 1           ops/s
[140.311s][info][gc,stats    ]      Memory: Undo Object Allocation Succeeded                  0 / 0                 0 / 2                 0 / 2                 0 / 2           ops/s
[140.312s][info][gc,stats    ]      Memory: Undo Page Allocation                              0 / 0                 0 / 25                0 / 25                0 / 25          ops/s
[140.314s][info][gc,stats    ]       Phase: Concurrent Mark                             188.617 / 188.617     909.444 / 2153.078    909.444 / 2153.078    909.444 / 2153.078    ms
[140.314s][info][gc,stats    ]       Phase: Concurrent Mark Continue                      0.000 / 0.000         0.000 / 0.000         0.000 / 0.000         0.000 / 0.000       ms
[140.315s][info][gc,stats    ]       Phase: Concurrent Mark Free                          0.003 / 0.003         0.004 / 0.007         0.004 / 0.007         0.004 / 0.007       ms
[140.316s][info][gc,stats    ]       Phase: Concurrent Process Non-Strong References     20.280 / 20.280       73.885 / 257.265      73.885 / 257.265      73.885 / 257.265     ms
[140.317s][info][gc,stats    ]       Phase: Concurrent Relocate                           5.217 / 5.217       100.004 / 511.550     100.004 / 511.550     100.004 / 511.550     ms
[140.318s][info][gc,stats    ]       Phase: Concurrent Reset Relocation Set               0.011 / 0.011         0.027 / 0.139         0.027 / 0.139         0.027 / 0.139       ms
[140.320s][info][gc,stats    ]       Phase: Concurrent Select Relocation Set              5.945 / 5.945        31.413 / 198.723      31.413 / 198.723      31.413 / 198.723     ms
[140.321s][info][gc,stats    ]       Phase: Pause Mark End                                1.316 / 1.316         0.148 / 1.316         0.148 / 1.316         0.148 / 1.316       ms
[140.322s][info][gc,stats    ]       Phase: Pause Mark Start                              2.380 / 2.380         0.642 / 6.286         0.642 / 6.286         0.642 / 6.286       ms
[140.323s][info][gc,stats    ]       Phase: Pause Relocate Start                          0.010 / 0.010         0.027 / 0.139         0.027 / 0.139         0.027 / 0.139       ms
[140.324s][info][gc,stats    ]    Subphase: Concurrent Classes Purge                      0.486 / 0.486         3.233 / 10.871        3.233 / 10.871        3.233 / 10.871      ms
[140.325s][info][gc,stats    ]    Subphase: Concurrent Classes Unlink                    16.944 / 16.944       53.293 / 206.267      53.293 / 206.267      53.293 / 206.267     ms
[140.326s][info][gc,stats    ]    Subphase: Concurrent Mark                             172.514 / 172.764     871.471 / 2133.644    871.471 / 2133.644    871.471 / 2133.644    ms
[140.327s][info][gc,stats    ]    Subphase: Concurrent Mark Try Flush                     0.144 / 0.354         8.803 / 43.966        8.803 / 43.966        8.803 / 43.966      ms
[140.328s][info][gc,stats    ]    Subphase: Concurrent Mark Try Terminate                 0.406 / 1.188         2.740 / 24.031        2.740 / 24.031        2.740 / 24.031      ms
[140.330s][info][gc,stats    ]    Subphase: Concurrent References Enqueue                 0.050 / 0.050         0.251 / 2.610         0.251 / 2.610         0.251 / 2.610       ms
[140.331s][info][gc,stats    ]    Subphase: Concurrent References Process                 0.940 / 0.940         2.174 / 6.377         2.174 / 6.377         2.174 / 6.377       ms
[140.332s][info][gc,stats    ]    Subphase: Concurrent Roots ClassLoaderDataGraph         0.287 / 0.540         2.723 / 47.494        2.723 / 47.494        2.723 / 47.494      ms
[140.333s][info][gc,stats    ]    Subphase: Concurrent Roots CodeCache                    0.000 / 0.000         0.000 / 0.000         0.000 / 0.000         0.000 / 0.000       ms
[140.334s][info][gc,stats    ]    Subphase: Concurrent Roots JavaThreads                 12.550 / 12.589       18.469 / 61.015       18.469 / 61.015       18.469 / 61.015      ms
[140.335s][info][gc,stats    ]    Subphase: Concurrent Roots OopStorageSet                0.072 / 0.072         4.877 / 72.582        4.877 / 72.582        4.877 / 72.582      ms
[140.335s][info][gc,stats    ]    Subphase: Concurrent Weak Roots OopStorageSet           1.208 / 1.237         4.610 / 14.084        4.610 / 14.084        4.610 / 14.084      ms
[140.337s][info][gc,stats    ]    Subphase: Pause Mark Try Complete                       0.000 / 0.000         0.000 / 0.000         0.000 / 0.000         0.000 / 0.000       ms
[140.338s][info][gc,stats    ]      System: Java Threads                                     76 / 76               74 / 89               74 / 89               74 / 89          threads
[140.340s][info][gc,stats    ] =========================================================================================================================================================
[150.283s][info][gc,stats    ] === Garbage Collection Statistics =======================================================================================================================
[150.284s][info][gc,stats    ]                                                              Last 10s              Last 10m              Last 10h                Total
[150.285s][info][gc,stats    ]                                                              Avg / Max             Avg / Max             Avg / Max             Avg / Max
[150.286s][info][gc,stats    ]   Collector: Garbage Collection Cycle                      0.000 / 0.000      1181.160 / 2485.059   1181.160 / 2485.059   1181.160 / 2485.059    ms
[150.288s][info][gc,stats    ]  Contention: Mark Segment Reset Contention                     0 / 0                 0 / 2                 0 / 2                 0 / 2           ops/s
[150.289s][info][gc,stats    ]  Contention: Mark SeqNum Reset Contention                      0 / 0                 0 / 0                 0 / 0                 0 / 0           ops/s
[150.290s][info][gc,stats    ]    Critical: Allocation Stall                                  0 / 0                 0 / 0                 0 / 0                 0 / 0           ops/s
[150.291s][info][gc,stats    ]    Critical: Allocation Stall                              0.000 / 0.000         0.000 / 0.000         0.000 / 0.000         0.000 / 0.000       ms
[150.292s][info][gc,stats    ]    Critical: GC Locker Stall                                   0 / 0                 0 / 1                 0 / 1                 0 / 1           ops/s
[150.293s][info][gc,stats    ]    Critical: GC Locker Stall                               0.000 / 0.000         0.002 / 0.002         0.002 / 0.002         0.002 / 0.002       ms
[150.294s][info][gc,stats    ]    Critical: Relocation Stall                                  0 / 0                 0 / 0                 0 / 0                 0 / 0           ops/s
[150.295s][info][gc,stats    ]    Critical: Relocation Stall                              0.000 / 0.000         0.000 / 0.000         0.000 / 0.000         0.000 / 0.000       ms
[150.296s][info][gc,stats    ]      Memory: Allocation Rate                                  72 / 486              66 / 552              66 / 552              66 / 552         MB/s
[150.297s][info][gc,stats    ]      Memory: Out Of Memory                                     0 / 0                 0 / 0                 0 / 0                 0 / 0           ops/s
[150.297s][info][gc,stats    ]      Memory: Page Cache Flush                                  0 / 0                 0 / 0                 0 / 0                 0 / 0           MB/s
[150.298s][info][gc,stats    ]      Memory: Page Cache Hit L1                                11 / 33               12 / 112              12 / 112              12 / 112         ops/s
[150.299s][info][gc,stats    ]      Memory: Page Cache Hit L2                                 0 / 0                 0 / 0                 0 / 0                 0 / 0           ops/s
[150.300s][info][gc,stats    ]      Memory: Page Cache Hit L3                                 0 / 0                 0 / 31                0 / 31                0 / 31          ops/s
[150.301s][info][gc,stats    ]      Memory: Page Cache Miss                                   0 / 0                 3 / 88                3 / 88                3 / 88          ops/s
[150.302s][info][gc,stats    ]      Memory: Uncommit                                          0 / 0                 0 / 0                 0 / 0                 0 / 0           MB/s
[150.303s][info][gc,stats    ]      Memory: Undo Object Allocation Failed                     0 / 0                 0 / 1                 0 / 1                 0 / 1           ops/s
[150.304s][info][gc,stats    ]      Memory: Undo Object Allocation Succeeded                  0 / 0                 0 / 2                 0 / 2                 0 / 2           ops/s
[150.305s][info][gc,stats    ]      Memory: Undo Page Allocation                              0 / 0                 0 / 25                0 / 25                0 / 25          ops/s
[150.306s][info][gc,stats    ]       Phase: Concurrent Mark                               0.000 / 0.000       909.444 / 2153.078    909.444 / 2153.078    909.444 / 2153.078    ms
[150.306s][info][gc,stats    ]       Phase: Concurrent Mark Continue                      0.000 / 0.000         0.000 / 0.000         0.000 / 0.000         0.000 / 0.000       ms
[150.309s][info][gc,stats    ]       Phase: Concurrent Mark Free                          0.000 / 0.000         0.004 / 0.007         0.004 / 0.007         0.004 / 0.007       ms
[150.311s][info][gc,stats    ]       Phase: Concurrent Process Non-Strong References      0.000 / 0.000        73.885 / 257.265      73.885 / 257.265      73.885 / 257.265     ms
[150.312s][info][gc,stats    ]       Phase: Concurrent Relocate                           0.000 / 0.000       100.004 / 511.550     100.004 / 511.550     100.004 / 511.550     ms
[150.313s][info][gc,stats    ]       Phase: Concurrent Reset Relocation Set               0.000 / 0.000         0.027 / 0.139         0.027 / 0.139         0.027 / 0.139       ms
[150.314s][info][gc,stats    ]       Phase: Concurrent Select Relocation Set              0.000 / 0.000        31.413 / 198.723      31.413 / 198.723      31.413 / 198.723     ms
[150.315s][info][gc,stats    ]       Phase: Pause Mark End                                0.000 / 0.000         0.148 / 1.316         0.148 / 1.316         0.148 / 1.316       ms
[150.316s][info][gc,stats    ]       Phase: Pause Mark Start                              0.000 / 0.000         0.642 / 6.286         0.642 / 6.286         0.642 / 6.286       ms
[150.316s][info][gc,stats    ]       Phase: Pause Relocate Start                          0.000 / 0.000         0.027 / 0.139         0.027 / 0.139         0.027 / 0.139       ms
[150.317s][info][gc,stats    ]    Subphase: Concurrent Classes Purge                      0.000 / 0.000         3.233 / 10.871        3.233 / 10.871        3.233 / 10.871      ms
[150.318s][info][gc,stats    ]    Subphase: Concurrent Classes Unlink                     0.000 / 0.000        53.293 / 206.267      53.293 / 206.267      53.293 / 206.267     ms
[150.319s][info][gc,stats    ]    Subphase: Concurrent Mark                               0.000 / 0.000       871.471 / 2133.644    871.471 / 2133.644    871.471 / 2133.644    ms
[150.320s][info][gc,stats    ]    Subphase: Concurrent Mark Try Flush                     0.000 / 0.000         8.803 / 43.966        8.803 / 43.966        8.803 / 43.966      ms
[150.322s][info][gc,stats    ]    Subphase: Concurrent Mark Try Terminate                 0.000 / 0.000         2.740 / 24.031        2.740 / 24.031        2.740 / 24.031      ms
[150.323s][info][gc,stats    ]    Subphase: Concurrent References Enqueue                 0.000 / 0.000         0.251 / 2.610         0.251 / 2.610         0.251 / 2.610       ms
[150.324s][info][gc,stats    ]    Subphase: Concurrent References Process                 0.000 / 0.000         2.174 / 6.377         2.174 / 6.377         2.174 / 6.377       ms
[150.325s][info][gc,stats    ]    Subphase: Concurrent Roots ClassLoaderDataGraph         0.000 / 0.000         2.723 / 47.494        2.723 / 47.494        2.723 / 47.494      ms
[150.326s][info][gc,stats    ]    Subphase: Concurrent Roots CodeCache                    0.000 / 0.000         0.000 / 0.000         0.000 / 0.000         0.000 / 0.000       ms
[150.327s][info][gc,stats    ]    Subphase: Concurrent Roots JavaThreads                  0.000 / 0.000        18.469 / 61.015       18.469 / 61.015       18.469 / 61.015      ms
[150.328s][info][gc,stats    ]    Subphase: Concurrent Roots OopStorageSet                0.000 / 0.000         4.877 / 72.582        4.877 / 72.582        4.877 / 72.582      ms
[150.330s][info][gc,stats    ]    Subphase: Concurrent Weak Roots OopStorageSet           0.000 / 0.000         4.610 / 14.084        4.610 / 14.084        4.610 / 14.084      ms
[150.331s][info][gc,stats    ]    Subphase: Pause Mark Try Complete                       0.000 / 0.000         0.000 / 0.000         0.000 / 0.000         0.000 / 0.000       ms
[150.332s][info][gc,stats    ]      System: Java Threads                                      0 / 0                74 / 89               74 / 89               74 / 89          threads
[150.333s][info][gc,stats    ] =========================================================================================================================================================
[158.682s][info][gc,start    ] GC(14) Garbage Collection (Allocation Rate)
[158.684s][info][gc,task     ] GC(14) Using 2 workers
[158.687s][info][gc,phases   ] GC(14) Pause Mark Start 0.474ms
[158.806s][info][gc,phases   ] GC(14) Concurrent Mark 117.867ms
[158.807s][info][gc,phases   ] GC(14) Pause Mark End 0.017ms
[158.808s][info][gc,phases   ] GC(14) Concurrent Mark Free 0.002ms
[158.821s][info][gc,phases   ] GC(14) Concurrent Process Non-Strong References 12.122ms
[158.822s][info][gc,phases   ] GC(14) Concurrent Reset Relocation Set 0.022ms
[158.826s][info][gc,phases   ] GC(14) Concurrent Select Relocation Set 2.536ms
[158.827s][info][gc,phases   ] GC(14) Pause Relocate Start 0.010ms
[158.830s][info][gc,phases   ] GC(14) Concurrent Relocate 2.482ms
[158.831s][info][gc,load     ] GC(14) Load: 5.97/6.67/4.54
[158.832s][info][gc,mmu      ] GC(14) MMU: 2ms/0.0%, 5ms/0.0%, 10ms/37.1%, 20ms/68.6%, 50ms/87.4%, 100ms/93.7%
[158.833s][info][gc,marking  ] GC(14) Mark: 2 stripe(s), 2 proactive flush(es), 1 terminate flush(es), 0 completion(s), 0 continuation(s) 
[158.834s][info][gc,marking  ] GC(14) Mark Stack Usage: 32M
[158.835s][info][gc,nmethod  ] GC(14) NMethods: 6141 registered, 920 unregistered
[158.836s][info][gc,metaspace] GC(14) Metaspace: 52M used, 52M committed, 1072M reserved
[158.837s][info][gc,ref      ] GC(14) Soft: 5017 encountered, 0 discovered, 0 enqueued
[158.838s][info][gc,ref      ] GC(14) Weak: 3154 encountered, 654 discovered, 0 enqueued
[158.839s][info][gc,ref      ] GC(14) Final: 88 encountered, 11 discovered, 5 enqueued
[158.840s][info][gc,ref      ] GC(14) Phantom: 479 encountered, 449 discovered, 0 enqueued
[158.841s][info][gc,reloc    ] GC(14) Small Pages: 219 / 438M, Empty: 124M, Relocated: 3M, In-Place: 0
[158.842s][info][gc,reloc    ] GC(14) Medium Pages: 1 / 32M, Empty: 0M, Relocated: 0M, In-Place: 0
[158.842s][info][gc,reloc    ] GC(14) Large Pages: 115 / 1468M, Empty: 1434M, Relocated: 0M, In-Place: 0
[158.843s][info][gc,reloc    ] GC(14) Forwarding Usage: 1M
[158.844s][info][gc,heap     ] GC(14) Min Capacity: 256M(6%)
[158.845s][info][gc,heap     ] GC(14) Max Capacity: 4096M(100%)
[158.845s][info][gc,heap     ] GC(14) Soft Max Capacity: 4096M(100%)
[158.846s][info][gc,heap     ] GC(14)                Mark Start          Mark End        Relocate Start      Relocate End           High               Low         
[158.848s][info][gc,heap     ] GC(14)  Capacity:     2948M (72%)        2948M (72%)        2948M (72%)        2948M (72%)        2948M (72%)        2948M (72%)    
[158.848s][info][gc,heap     ] GC(14)      Free:     2158M (53%)        2144M (52%)        3702M (90%)        3912M (96%)        3912M (96%)        2144M (52%)    
[158.849s][info][gc,heap     ] GC(14)      Used:     1938M (47%)        1952M (48%)         394M (10%)         184M (4%)         1952M (48%)         184M (4%)     
[158.850s][info][gc,heap     ] GC(14)      Live:         -               128M (3%)          128M (3%)          128M (3%)             -                  -          
[158.851s][info][gc,heap     ] GC(14) Allocated:         -                14M (0%)           14M (0%)           13M (0%)             -                  -          
[158.852s][info][gc,heap     ] GC(14)   Garbage:         -              1809M (44%)         251M (6%)           41M (1%)             -                  -          
[158.852s][info][gc,heap     ] GC(14) Reclaimed:         -                  -              1558M (38%)        1767M (43%)            -                  -          
[158.853s][info][gc          ] GC(14) Garbage Collection (Allocation Rate) 1938M(47%)->184M(4%)
[160.283s][info][gc,stats    ] === Garbage Collection Statistics =======================================================================================================================
[160.284s][info][gc,stats    ]                                                              Last 10s              Last 10m              Last 10h                Total
[160.285s][info][gc,stats    ]                                                              Avg / Max             Avg / Max             Avg / Max             Avg / Max
[160.285s][info][gc,stats    ]   Collector: Garbage Collection Cycle                    148.855 / 148.855    1112.339 / 2485.059   1112.339 / 2485.059   1112.339 / 2485.059    ms
[160.287s][info][gc,stats    ]  Contention: Mark Segment Reset Contention                     0 / 0                 0 / 2                 0 / 2                 0 / 2           ops/s
[160.288s][info][gc,stats    ]  Contention: Mark SeqNum Reset Contention                      0 / 0                 0 / 0                 0 / 0                 0 / 0           ops/s
[160.289s][info][gc,stats    ]    Critical: Allocation Stall                                  0 / 0                 0 / 0                 0 / 0                 0 / 0           ops/s
[160.289s][info][gc,stats    ]    Critical: Allocation Stall                              0.000 / 0.000         0.000 / 0.000         0.000 / 0.000         0.000 / 0.000       ms
[160.291s][info][gc,stats    ]    Critical: GC Locker Stall                                   0 / 0                 0 / 1                 0 / 1                 0 / 1           ops/s
[160.291s][info][gc,stats    ]    Critical: GC Locker Stall                               0.000 / 0.000         0.002 / 0.002         0.002 / 0.002         0.002 / 0.002       ms
[160.292s][info][gc,stats    ]    Critical: Relocation Stall                                  0 / 0                 0 / 0                 0 / 0                 0 / 0           ops/s
[160.293s][info][gc,stats    ]    Critical: Relocation Stall                              0.000 / 0.000         0.000 / 0.000         0.000 / 0.000         0.000 / 0.000       ms
[160.294s][info][gc,stats    ]      Memory: Allocation Rate                                  74 / 516              67 / 552              67 / 552              67 / 552         MB/s
[160.295s][info][gc,stats    ]      Memory: Out Of Memory                                     0 / 0                 0 / 0                 0 / 0                 0 / 0           ops/s
[160.296s][info][gc,stats    ]      Memory: Page Cache Flush                                  0 / 0                 0 / 0                 0 / 0                 0 / 0           MB/s
[160.297s][info][gc,stats    ]      Memory: Page Cache Hit L1                                12 / 50               12 / 112              12 / 112              12 / 112         ops/s
[160.298s][info][gc,stats    ]      Memory: Page Cache Hit L2                                 0 / 0                 0 / 0                 0 / 0                 0 / 0           ops/s
[160.298s][info][gc,stats    ]      Memory: Page Cache Hit L3                                 0 / 0                 0 / 31                0 / 31                0 / 31          ops/s
[160.300s][info][gc,stats    ]      Memory: Page Cache Miss                                   0 / 0                 3 / 88                3 / 88                3 / 88          ops/s
[160.301s][info][gc,stats    ]      Memory: Uncommit                                          0 / 0                 0 / 0                 0 / 0                 0 / 0           MB/s
[160.302s][info][gc,stats    ]      Memory: Undo Object Allocation Failed                     0 / 0                 0 / 1                 0 / 1                 0 / 1           ops/s
[160.302s][info][gc,stats    ]      Memory: Undo Object Allocation Succeeded                  0 / 1                 0 / 2                 0 / 2                 0 / 2           ops/s
[160.303s][info][gc,stats    ]      Memory: Undo Page Allocation                              0 / 0                 0 / 25                0 / 25                0 / 25          ops/s
[160.304s][info][gc,stats    ]       Phase: Concurrent Mark                             117.867 / 117.867     856.673 / 2153.078    856.673 / 2153.078    856.673 / 2153.078    ms
[160.305s][info][gc,stats    ]       Phase: Concurrent Mark Continue                      0.000 / 0.000         0.000 / 0.000         0.000 / 0.000         0.000 / 0.000       ms
[160.306s][info][gc,stats    ]       Phase: Concurrent Mark Free                          0.002 / 0.002         0.004 / 0.007         0.004 / 0.007         0.004 / 0.007       ms
[160.307s][info][gc,stats    ]       Phase: Concurrent Process Non-Strong References     12.122 / 12.122       69.767 / 257.265      69.767 / 257.265      69.767 / 257.265     ms
[160.308s][info][gc,stats    ]       Phase: Concurrent Relocate                           2.482 / 2.482        93.502 / 511.550      93.502 / 511.550      93.502 / 511.550     ms
[160.308s][info][gc,stats    ]       Phase: Concurrent Reset Relocation Set               0.022 / 0.022         0.026 / 0.139         0.026 / 0.139         0.026 / 0.139       ms
[160.309s][info][gc,stats    ]       Phase: Concurrent Select Relocation Set              2.536 / 2.536        29.488 / 198.723      29.488 / 198.723      29.488 / 198.723     ms
[160.310s][info][gc,stats    ]       Phase: Pause Mark End                                0.017 / 0.017         0.139 / 1.316         0.139 / 1.316         0.139 / 1.316       ms
[160.310s][info][gc,stats    ]       Phase: Pause Mark Start                              0.474 / 0.474         0.631 / 6.286         0.631 / 6.286         0.631 / 6.286       ms
[160.311s][info][gc,stats    ]       Phase: Pause Relocate Start                          0.010 / 0.010         0.026 / 0.139         0.026 / 0.139         0.026 / 0.139       ms
[160.312s][info][gc,stats    ]    Subphase: Concurrent Classes Purge                      0.478 / 0.478         3.049 / 10.871        3.049 / 10.871        3.049 / 10.871      ms
[160.313s][info][gc,stats    ]    Subphase: Concurrent Classes Unlink                    10.234 / 10.234       50.422 / 206.267      50.422 / 206.267      50.422 / 206.267     ms
[160.313s][info][gc,stats    ]    Subphase: Concurrent Mark                             115.191 / 115.564     821.052 / 2133.644    821.052 / 2133.644    821.052 / 2133.644    ms
[160.314s][info][gc,stats    ]    Subphase: Concurrent Mark Try Flush                     0.087 / 0.200         8.246 / 43.966        8.246 / 43.966        8.246 / 43.966      ms
[160.315s][info][gc,stats    ]    Subphase: Concurrent Mark Try Terminate                 0.412 / 1.208         2.722 / 24.031        2.722 / 24.031        2.722 / 24.031      ms
[160.315s][info][gc,stats    ]    Subphase: Concurrent References Enqueue                 0.034 / 0.034         0.236 / 2.610         0.236 / 2.610         0.236 / 2.610       ms
[160.316s][info][gc,stats    ]    Subphase: Concurrent References Process                 0.317 / 0.317         2.050 / 6.377         2.050 / 6.377         2.050 / 6.377       ms
[160.317s][info][gc,stats    ]    Subphase: Concurrent Roots ClassLoaderDataGraph         0.193 / 0.351         2.535 / 47.494        2.535 / 47.494        2.535 / 47.494      ms
[160.318s][info][gc,stats    ]    Subphase: Concurrent Roots CodeCache                    0.000 / 0.000         0.000 / 0.000         0.000 / 0.000         0.000 / 0.000       ms
[160.319s][info][gc,stats    ]    Subphase: Concurrent Roots JavaThreads                  1.567 / 1.694        17.342 / 61.015       17.342 / 61.015       17.342 / 61.015      ms
[160.319s][info][gc,stats    ]    Subphase: Concurrent Roots OopStorageSet                0.102 / 0.181         4.462 / 72.582        4.462 / 72.582        4.462 / 72.582      ms
[160.320s][info][gc,stats    ]    Subphase: Concurrent Weak Roots OopStorageSet           0.777 / 0.797         4.326 / 14.084        4.326 / 14.084        4.326 / 14.084      ms
[160.321s][info][gc,stats    ]    Subphase: Pause Mark Try Complete                       0.000 / 0.000         0.000 / 0.000         0.000 / 0.000         0.000 / 0.000       ms
[160.322s][info][gc,stats    ]      System: Java Threads                                     75 / 75               74 / 89               74 / 89               74 / 89          threads
[160.323s][info][gc,stats    ] =========================================================================================================================================================
[170.282s][info][gc,stats    ] === Garbage Collection Statistics =======================================================================================================================
[170.288s][info][gc,stats    ]                                                              Last 10s              Last 10m              Last 10h                Total
[170.289s][info][gc,stats    ]                                                              Avg / Max             Avg / Max             Avg / Max             Avg / Max
[170.291s][info][gc,stats    ]   Collector: Garbage Collection Cycle                      0.000 / 0.000      1112.339 / 2485.059   1112.339 / 2485.059   1112.339 / 2485.059    ms
[170.291s][info][gc,stats    ]  Contention: Mark Segment Reset Contention                     0 / 0                 0 / 2                 0 / 2                 0 / 2           ops/s
[170.292s][info][gc,stats    ]  Contention: Mark SeqNum Reset Contention                      0 / 0                 0 / 0                 0 / 0                 0 / 0           ops/s
[170.294s][info][gc,stats    ]    Critical: Allocation Stall                                  0 / 0                 0 / 0                 0 / 0                 0 / 0           ops/s
[170.295s][info][gc,stats    ]    Critical: Allocation Stall                              0.000 / 0.000         0.000 / 0.000         0.000 / 0.000         0.000 / 0.000       ms
[170.296s][info][gc,stats    ]    Critical: GC Locker Stall                                   0 / 0                 0 / 1                 0 / 1                 0 / 1           ops/s
[170.297s][info][gc,stats    ]    Critical: GC Locker Stall                               0.000 / 0.000         0.002 / 0.002         0.002 / 0.002         0.002 / 0.002       ms
[170.298s][info][gc,stats    ]    Critical: Relocation Stall                                  0 / 0                 0 / 0                 0 / 0                 0 / 0           ops/s
[170.301s][info][gc,stats    ]    Critical: Relocation Stall                              0.000 / 0.000         0.000 / 0.000         0.000 / 0.000         0.000 / 0.000       ms
[170.302s][info][gc,stats    ]      Memory: Allocation Rate                                  25 / 40               64 / 552              64 / 552              64 / 552         MB/s
[170.304s][info][gc,stats    ]      Memory: Out Of Memory                                     0 / 0                 0 / 0                 0 / 0                 0 / 0           ops/s
[170.306s][info][gc,stats    ]      Memory: Page Cache Flush                                  0 / 0                 0 / 0                 0 / 0                 0 / 0           MB/s
[170.307s][info][gc,stats    ]      Memory: Page Cache Hit L1                                 8 / 16               11 / 112              11 / 112              11 / 112         ops/s
[170.308s][info][gc,stats    ]      Memory: Page Cache Hit L2                                 0 / 0                 0 / 0                 0 / 0                 0 / 0           ops/s
[170.309s][info][gc,stats    ]      Memory: Page Cache Hit L3                                 0 / 0                 0 / 31                0 / 31                0 / 31          ops/s
[170.311s][info][gc,stats    ]      Memory: Page Cache Miss                                   0 / 0                 3 / 88                3 / 88                3 / 88          ops/s
[170.312s][info][gc,stats    ]      Memory: Uncommit                                          0 / 0                 0 / 0                 0 / 0                 0 / 0           MB/s
[170.314s][info][gc,stats    ]      Memory: Undo Object Allocation Failed                     0 / 0                 0 / 1                 0 / 1                 0 / 1           ops/s
[170.315s][info][gc,stats    ]      Memory: Undo Object Allocation Succeeded                  0 / 0                 0 / 2                 0 / 2                 0 / 2           ops/s
[170.316s][info][gc,stats    ]      Memory: Undo Page Allocation                              0 / 0                 0 / 25                0 / 25                0 / 25          ops/s
[170.317s][info][gc,stats    ]       Phase: Concurrent Mark                               0.000 / 0.000       856.673 / 2153.078    856.673 / 2153.078    856.673 / 2153.078    ms
[170.318s][info][gc,stats    ]       Phase: Concurrent Mark Continue                      0.000 / 0.000         0.000 / 0.000         0.000 / 0.000         0.000 / 0.000       ms
[170.319s][info][gc,stats    ]       Phase: Concurrent Mark Free                          0.000 / 0.000         0.004 / 0.007         0.004 / 0.007         0.004 / 0.007       ms
[170.321s][info][gc,stats    ]       Phase: Concurrent Process Non-Strong References      0.000 / 0.000        69.767 / 257.265      69.767 / 257.265      69.767 / 257.265     ms
[170.322s][info][gc,stats    ]       Phase: Concurrent Relocate                           0.000 / 0.000        93.502 / 511.550      93.502 / 511.550      93.502 / 511.550     ms
[170.323s][info][gc,stats    ]       Phase: Concurrent Reset Relocation Set               0.000 / 0.000         0.026 / 0.139         0.026 / 0.139         0.026 / 0.139       ms
[170.325s][info][gc,stats    ]       Phase: Concurrent Select Relocation Set              0.000 / 0.000        29.488 / 198.723      29.488 / 198.723      29.488 / 198.723     ms
[170.326s][info][gc,stats    ]       Phase: Pause Mark End                                0.000 / 0.000         0.139 / 1.316         0.139 / 1.316         0.139 / 1.316       ms
[170.327s][info][gc,stats    ]       Phase: Pause Mark Start                              0.000 / 0.000         0.631 / 6.286         0.631 / 6.286         0.631 / 6.286       ms
[170.328s][info][gc,stats    ]       Phase: Pause Relocate Start                          0.000 / 0.000         0.026 / 0.139         0.026 / 0.139         0.026 / 0.139       ms
[170.330s][info][gc,stats    ]    Subphase: Concurrent Classes Purge                      0.000 / 0.000         3.049 / 10.871        3.049 / 10.871        3.049 / 10.871      ms
[170.331s][info][gc,stats    ]    Subphase: Concurrent Classes Unlink                     0.000 / 0.000        50.422 / 206.267      50.422 / 206.267      50.422 / 206.267     ms
[170.332s][info][gc,stats    ]    Subphase: Concurrent Mark                               0.000 / 0.000       821.052 / 2133.644    821.052 / 2133.644    821.052 / 2133.644    ms
[170.333s][info][gc,stats    ]    Subphase: Concurrent Mark Try Flush                     0.000 / 0.000         8.246 / 43.966        8.246 / 43.966        8.246 / 43.966      ms
[170.335s][info][gc,stats    ]    Subphase: Concurrent Mark Try Terminate                 0.000 / 0.000         2.722 / 24.031        2.722 / 24.031        2.722 / 24.031      ms
[170.336s][info][gc,stats    ]    Subphase: Concurrent References Enqueue                 0.000 / 0.000         0.236 / 2.610         0.236 / 2.610         0.236 / 2.610       ms
[170.337s][info][gc,stats    ]    Subphase: Concurrent References Process                 0.000 / 0.000         2.050 / 6.377         2.050 / 6.377         2.050 / 6.377       ms
[170.338s][info][gc,stats    ]    Subphase: Concurrent Roots ClassLoaderDataGraph         0.000 / 0.000         2.535 / 47.494        2.535 / 47.494        2.535 / 47.494      ms
[170.340s][info][gc,stats    ]    Subphase: Concurrent Roots CodeCache                    0.000 / 0.000         0.000 / 0.000         0.000 / 0.000         0.000 / 0.000       ms
[170.341s][info][gc,stats    ]    Subphase: Concurrent Roots JavaThreads                  0.000 / 0.000        17.342 / 61.015       17.342 / 61.015       17.342 / 61.015      ms
[170.342s][info][gc,stats    ]    Subphase: Concurrent Roots OopStorageSet                0.000 / 0.000         4.462 / 72.582        4.462 / 72.582        4.462 / 72.582      ms
[170.343s][info][gc,stats    ]    Subphase: Concurrent Weak Roots OopStorageSet           0.000 / 0.000         4.326 / 14.084        4.326 / 14.084        4.326 / 14.084      ms
[170.344s][info][gc,stats    ]    Subphase: Pause Mark Try Complete                       0.000 / 0.000         0.000 / 0.000         0.000 / 0.000         0.000 / 0.000       ms
[170.345s][info][gc,stats    ]      System: Java Threads                                      0 / 0                74 / 89               74 / 89               74 / 89          threads
[170.347s][info][gc,stats    ] =========================================================================================================================================================
[180.283s][info][gc,stats    ] === Garbage Collection Statistics =======================================================================================================================
[180.285s][info][gc,stats    ]                                                              Last 10s              Last 10m              Last 10h                Total
[180.285s][info][gc,stats    ]                                                              Avg / Max             Avg / Max             Avg / Max             Avg / Max
[180.286s][info][gc,stats    ]   Collector: Garbage Collection Cycle                      0.000 / 0.000      1112.339 / 2485.059   1112.339 / 2485.059   1112.339 / 2485.059    ms
[180.287s][info][gc,stats    ]  Contention: Mark Segment Reset Contention                     0 / 0                 0 / 2                 0 / 2                 0 / 2           ops/s
[180.288s][info][gc,stats    ]  Contention: Mark SeqNum Reset Contention                      0 / 0                 0 / 0                 0 / 0                 0 / 0           ops/s
[180.289s][info][gc,stats    ]    Critical: Allocation Stall                                  0 / 0                 0 / 0                 0 / 0                 0 / 0           ops/s
[180.290s][info][gc,stats    ]    Critical: Allocation Stall                              0.000 / 0.000         0.000 / 0.000         0.000 / 0.000         0.000 / 0.000       ms
[180.291s][info][gc,stats    ]    Critical: GC Locker Stall                                   0 / 0                 0 / 1                 0 / 1                 0 / 1           ops/s
[180.292s][info][gc,stats    ]    Critical: GC Locker Stall                               0.000 / 0.000         0.002 / 0.002         0.002 / 0.002         0.002 / 0.002       ms
[180.292s][info][gc,stats    ]    Critical: Relocation Stall                                  0 / 0                 0 / 0                 0 / 0                 0 / 0           ops/s
[180.293s][info][gc,stats    ]    Critical: Relocation Stall                              0.000 / 0.000         0.000 / 0.000         0.000 / 0.000         0.000 / 0.000       ms
[180.294s][info][gc,stats    ]      Memory: Allocation Rate                                  76 / 524              65 / 552              65 / 552              65 / 552         MB/s
[180.295s][info][gc,stats    ]      Memory: Out Of Memory                                     0 / 0                 0 / 0                 0 / 0                 0 / 0           ops/s
[180.296s][info][gc,stats    ]      Memory: Page Cache Flush                                  0 / 0                 0 / 0                 0 / 0                 0 / 0           MB/s
[180.297s][info][gc,stats    ]      Memory: Page Cache Hit L1                                12 / 44               11 / 112              11 / 112              11 / 112         ops/s
[180.298s][info][gc,stats    ]      Memory: Page Cache Hit L2                                 0 / 0                 0 / 0                 0 / 0                 0 / 0           ops/s
[180.299s][info][gc,stats    ]      Memory: Page Cache Hit L3                                 0 / 0                 0 / 31                0 / 31                0 / 31          ops/s
[180.300s][info][gc,stats    ]      Memory: Page Cache Miss                                   0 / 0                 3 / 88                3 / 88                3 / 88          ops/s
[180.301s][info][gc,stats    ]      Memory: Uncommit                                          0 / 0                 0 / 0                 0 / 0                 0 / 0           MB/s
[180.301s][info][gc,stats    ]      Memory: Undo Object Allocation Failed                     0 / 0                 0 / 1                 0 / 1                 0 / 1           ops/s
[180.302s][info][gc,stats    ]      Memory: Undo Object Allocation Succeeded                  0 / 0                 0 / 2                 0 / 2                 0 / 2           ops/s
[180.303s][info][gc,stats    ]      Memory: Undo Page Allocation                              0 / 0                 0 / 25                0 / 25                0 / 25          ops/s
[180.304s][info][gc,stats    ]       Phase: Concurrent Mark                               0.000 / 0.000       856.673 / 2153.078    856.673 / 2153.078    856.673 / 2153.078    ms
[180.304s][info][gc,stats    ]       Phase: Concurrent Mark Continue                      0.000 / 0.000         0.000 / 0.000         0.000 / 0.000         0.000 / 0.000       ms
[180.305s][info][gc,stats    ]       Phase: Concurrent Mark Free                          0.000 / 0.000         0.004 / 0.007         0.004 / 0.007         0.004 / 0.007       ms
[180.306s][info][gc,stats    ]       Phase: Concurrent Process Non-Strong References      0.000 / 0.000        69.767 / 257.265      69.767 / 257.265      69.767 / 257.265     ms
[180.307s][info][gc,stats    ]       Phase: Concurrent Relocate                           0.000 / 0.000        93.502 / 511.550      93.502 / 511.550      93.502 / 511.550     ms
[180.308s][info][gc,stats    ]       Phase: Concurrent Reset Relocation Set               0.000 / 0.000         0.026 / 0.139         0.026 / 0.139         0.026 / 0.139       ms
[180.309s][info][gc,stats    ]       Phase: Concurrent Select Relocation Set              0.000 / 0.000        29.488 / 198.723      29.488 / 198.723      29.488 / 198.723     ms
[180.310s][info][gc,stats    ]       Phase: Pause Mark End                                0.000 / 0.000         0.139 / 1.316         0.139 / 1.316         0.139 / 1.316       ms
[180.311s][info][gc,stats    ]       Phase: Pause Mark Start                              0.000 / 0.000         0.631 / 6.286         0.631 / 6.286         0.631 / 6.286       ms
[180.311s][info][gc,stats    ]       Phase: Pause Relocate Start                          0.000 / 0.000         0.026 / 0.139         0.026 / 0.139         0.026 / 0.139       ms
[180.312s][info][gc,stats    ]    Subphase: Concurrent Classes Purge                      0.000 / 0.000         3.049 / 10.871        3.049 / 10.871        3.049 / 10.871      ms
[180.313s][info][gc,stats    ]    Subphase: Concurrent Classes Unlink                     0.000 / 0.000        50.422 / 206.267      50.422 / 206.267      50.422 / 206.267     ms
[180.314s][info][gc,stats    ]    Subphase: Concurrent Mark                               0.000 / 0.000       821.052 / 2133.644    821.052 / 2133.644    821.052 / 2133.644    ms
[180.314s][info][gc,stats    ]    Subphase: Concurrent Mark Try Flush                     0.000 / 0.000         8.246 / 43.966        8.246 / 43.966        8.246 / 43.966      ms
[180.315s][info][gc,stats    ]    Subphase: Concurrent Mark Try Terminate                 0.000 / 0.000         2.722 / 24.031        2.722 / 24.031        2.722 / 24.031      ms
[180.316s][info][gc,stats    ]    Subphase: Concurrent References Enqueue                 0.000 / 0.000         0.236 / 2.610         0.236 / 2.610         0.236 / 2.610       ms
[180.317s][info][gc,stats    ]    Subphase: Concurrent References Process                 0.000 / 0.000         2.050 / 6.377         2.050 / 6.377         2.050 / 6.377       ms
[180.317s][info][gc,stats    ]    Subphase: Concurrent Roots ClassLoaderDataGraph         0.000 / 0.000         2.535 / 47.494        2.535 / 47.494        2.535 / 47.494      ms
[180.318s][info][gc,stats    ]    Subphase: Concurrent Roots CodeCache                    0.000 / 0.000         0.000 / 0.000         0.000 / 0.000         0.000 / 0.000       ms
[180.319s][info][gc,stats    ]    Subphase: Concurrent Roots JavaThreads                  0.000 / 0.000        17.342 / 61.015       17.342 / 61.015       17.342 / 61.015      ms
[180.319s][info][gc,stats    ]    Subphase: Concurrent Roots OopStorageSet                0.000 / 0.000         4.462 / 72.582        4.462 / 72.582        4.462 / 72.582      ms
[180.321s][info][gc,stats    ]    Subphase: Concurrent Weak Roots OopStorageSet           0.000 / 0.000         4.326 / 14.084        4.326 / 14.084        4.326 / 14.084      ms
[180.321s][info][gc,stats    ]    Subphase: Pause Mark Try Complete                       0.000 / 0.000         0.000 / 0.000         0.000 / 0.000         0.000 / 0.000       ms
[180.322s][info][gc,stats    ]      System: Java Threads                                      0 / 0                74 / 89               74 / 89               74 / 89          threads
[180.323s][info][gc,stats    ] =========================================================================================================================================================
[184.983s][info][gc,start    ] GC(15) Garbage Collection (Proactive)
[184.984s][info][gc,task     ] GC(15) Using 2 workers
[184.985s][info][gc,phases   ] GC(15) Pause Mark Start 0.008ms
[185.091s][info][gc,phases   ] GC(15) Concurrent Mark 105.024ms
[185.092s][info][gc,phases   ] GC(15) Pause Mark End 0.014ms
[185.093s][info][gc,phases   ] GC(15) Concurrent Mark Free 0.001ms
[185.103s][info][gc,phases   ] GC(15) Concurrent Process Non-Strong References 9.319ms
[185.104s][info][gc,phases   ] GC(15) Concurrent Reset Relocation Set 0.016ms
[185.108s][info][gc,phases   ] GC(15) Concurrent Select Relocation Set 3.002ms
[185.110s][info][gc,phases   ] GC(15) Pause Relocate Start 0.011ms
[185.113s][info][gc,phases   ] GC(15) Concurrent Relocate 2.829ms
[185.115s][info][gc,load     ] GC(15) Load: 4.93/6.37/4.50
[185.116s][info][gc,mmu      ] GC(15) MMU: 2ms/0.0%, 5ms/0.0%, 10ms/37.1%, 20ms/68.6%, 50ms/87.4%, 100ms/93.7%
[185.117s][info][gc,marking  ] GC(15) Mark: 2 stripe(s), 2 proactive flush(es), 1 terminate flush(es), 0 completion(s), 0 continuation(s) 
[185.118s][info][gc,marking  ] GC(15) Mark Stack Usage: 32M
[185.119s][info][gc,nmethod  ] GC(15) NMethods: 6238 registered, 920 unregistered
[185.119s][info][gc,metaspace] GC(15) Metaspace: 52M used, 53M committed, 1072M reserved
[185.120s][info][gc,ref      ] GC(15) Soft: 5017 encountered, 0 discovered, 0 enqueued
[185.121s][info][gc,ref      ] GC(15) Weak: 3154 encountered, 802 discovered, 0 enqueued
[185.122s][info][gc,ref      ] GC(15) Final: 88 encountered, 5 discovered, 5 enqueued
[185.122s][info][gc,ref      ] GC(15) Phantom: 487 encountered, 329 discovered, 0 enqueued
[185.123s][info][gc,reloc    ] GC(15) Small Pages: 241 / 482M, Empty: 128M, Relocated: 4M, In-Place: 0
[185.124s][info][gc,reloc    ] GC(15) Medium Pages: 1 / 32M, Empty: 0M, Relocated: 0M, In-Place: 0
[185.125s][info][gc,reloc    ] GC(15) Large Pages: 109 / 1282M, Empty: 1248M, Relocated: 0M, In-Place: 0
[185.126s][info][gc,reloc    ] GC(15) Forwarding Usage: 1M
[185.126s][info][gc,heap     ] GC(15) Min Capacity: 256M(6%)
[185.127s][info][gc,heap     ] GC(15) Max Capacity: 4096M(100%)
[185.128s][info][gc,heap     ] GC(15) Soft Max Capacity: 4096M(100%)
[185.129s][info][gc,heap     ] GC(15)                Mark Start          Mark End        Relocate Start      Relocate End           High               Low         
[185.130s][info][gc,heap     ] GC(15)  Capacity:     2948M (72%)        2948M (72%)        2948M (72%)        2948M (72%)        2948M (72%)        2948M (72%)    
[185.130s][info][gc,heap     ] GC(15)      Free:     2300M (56%)        2286M (56%)        3662M (89%)        3912M (96%)        3912M (96%)        2286M (56%)    
[185.131s][info][gc,heap     ] GC(15)      Used:     1796M (44%)        1810M (44%)         434M (11%)         184M (4%)         1810M (44%)         184M (4%)     
[185.132s][info][gc,heap     ] GC(15)      Live:         -               128M (3%)          128M (3%)          128M (3%)             -                  -          
[185.132s][info][gc,heap     ] GC(15) Allocated:         -                14M (0%)           14M (0%)           13M (0%)             -                  -          
[185.133s][info][gc,heap     ] GC(15)   Garbage:         -              1667M (41%)         291M (7%)           41M (1%)             -                  -          
[185.135s][info][gc,heap     ] GC(15) Reclaimed:         -                  -              1376M (34%)        1625M (40%)            -                  -          
[185.136s][info][gc          ] GC(15) Garbage Collection (Proactive) 1796M(44%)->184M(4%)
[190.283s][info][gc,stats    ] === Garbage Collection Statistics =======================================================================================================================
[190.284s][info][gc,stats    ]                                                              Last 10s              Last 10m              Last 10h                Total
[190.285s][info][gc,stats    ]                                                              Avg / Max             Avg / Max             Avg / Max             Avg / Max
[190.285s][info][gc,stats    ]   Collector: Garbage Collection Cycle                    132.009 / 132.009    1051.069 / 2485.059   1051.069 / 2485.059   1051.069 / 2485.059    ms
[190.286s][info][gc,stats    ]  Contention: Mark Segment Reset Contention                     0 / 0                 0 / 2                 0 / 2                 0 / 2           ops/s
[190.287s][info][gc,stats    ]  Contention: Mark SeqNum Reset Contention                      0 / 0                 0 / 0                 0 / 0                 0 / 0           ops/s
[190.288s][info][gc,stats    ]    Critical: Allocation Stall                                  0 / 0                 0 / 0                 0 / 0                 0 / 0           ops/s
[190.288s][info][gc,stats    ]    Critical: Allocation Stall                              0.000 / 0.000         0.000 / 0.000         0.000 / 0.000         0.000 / 0.000       ms
[190.289s][info][gc,stats    ]    Critical: GC Locker Stall                                   0 / 0                 0 / 1                 0 / 1                 0 / 1           ops/s
[190.290s][info][gc,stats    ]    Critical: GC Locker Stall                               0.000 / 0.000         0.002 / 0.002         0.002 / 0.002         0.002 / 0.002       ms
[190.290s][info][gc,stats    ]    Critical: Relocation Stall                                  0 / 0                 0 / 0                 0 / 0                 0 / 0           ops/s
[190.291s][info][gc,stats    ]    Critical: Relocation Stall                              0.000 / 0.000         0.000 / 0.000         0.000 / 0.000         0.000 / 0.000       ms
[190.291s][info][gc,stats    ]      Memory: Allocation Rate                                  72 / 472              65 / 552              65 / 552              65 / 552         MB/s
[190.292s][info][gc,stats    ]      Memory: Out Of Memory                                     0 / 0                 0 / 0                 0 / 0                 0 / 0           ops/s
[190.293s][info][gc,stats    ]      Memory: Page Cache Flush                                  0 / 0                 0 / 0                 0 / 0                 0 / 0           MB/s
[190.293s][info][gc,stats    ]      Memory: Page Cache Hit L1                                12 / 34               12 / 112              12 / 112              12 / 112         ops/s
[190.294s][info][gc,stats    ]      Memory: Page Cache Hit L2                                 0 / 0                 0 / 0                 0 / 0                 0 / 0           ops/s
[190.295s][info][gc,stats    ]      Memory: Page Cache Hit L3                                 0 / 0                 0 / 31                0 / 31                0 / 31          ops/s
[190.295s][info][gc,stats    ]      Memory: Page Cache Miss                                   0 / 0                 2 / 88                2 / 88                2 / 88          ops/s
[190.296s][info][gc,stats    ]      Memory: Uncommit                                          0 / 0                 0 / 0                 0 / 0                 0 / 0           MB/s
[190.296s][info][gc,stats    ]      Memory: Undo Object Allocation Failed                     0 / 0                 0 / 1                 0 / 1                 0 / 1           ops/s
[190.297s][info][gc,stats    ]      Memory: Undo Object Allocation Succeeded                  0 / 0                 0 / 2                 0 / 2                 0 / 2           ops/s
[190.298s][info][gc,stats    ]      Memory: Undo Page Allocation                              0 / 0                 0 / 25                0 / 25                0 / 25          ops/s
[190.299s][info][gc,stats    ]       Phase: Concurrent Mark                             105.024 / 105.024     809.695 / 2153.078    809.695 / 2153.078    809.695 / 2153.078    ms
[190.299s][info][gc,stats    ]       Phase: Concurrent Mark Continue                      0.000 / 0.000         0.000 / 0.000         0.000 / 0.000         0.000 / 0.000       ms
[190.300s][info][gc,stats    ]       Phase: Concurrent Mark Free                          0.001 / 0.001         0.004 / 0.007         0.004 / 0.007         0.004 / 0.007       ms
[190.301s][info][gc,stats    ]       Phase: Concurrent Process Non-Strong References      9.319 / 9.319        65.989 / 257.265      65.989 / 257.265      65.989 / 257.265     ms
[190.302s][info][gc,stats    ]       Phase: Concurrent Relocate                           2.829 / 2.829        87.835 / 511.550      87.835 / 511.550      87.835 / 511.550     ms
[190.302s][info][gc,stats    ]       Phase: Concurrent Reset Relocation Set               0.016 / 0.016         0.026 / 0.139         0.026 / 0.139         0.026 / 0.139       ms
[190.303s][info][gc,stats    ]       Phase: Concurrent Select Relocation Set              3.002 / 3.002        27.833 / 198.723      27.833 / 198.723      27.833 / 198.723     ms
[190.304s][info][gc,stats    ]       Phase: Pause Mark End                                0.014 / 0.014         0.131 / 1.316         0.131 / 1.316         0.131 / 1.316       ms
[190.304s][info][gc,stats    ]       Phase: Pause Mark Start                              0.008 / 0.008         0.592 / 6.286         0.592 / 6.286         0.592 / 6.286       ms
[190.305s][info][gc,stats    ]       Phase: Pause Relocate Start                          0.011 / 0.011         0.025 / 0.139         0.025 / 0.139         0.025 / 0.139       ms
[190.306s][info][gc,stats    ]    Subphase: Concurrent Classes Purge                      0.449 / 0.449         2.887 / 10.871        2.887 / 10.871        2.887 / 10.871      ms
[190.307s][info][gc,stats    ]    Subphase: Concurrent Classes Unlink                     7.276 / 7.276        47.726 / 206.267      47.726 / 206.267      47.726 / 206.267     ms
[190.307s][info][gc,stats    ]    Subphase: Concurrent Mark                             102.545 / 103.033     776.145 / 2133.644    776.145 / 2133.644    776.145 / 2133.644    ms
[190.308s][info][gc,stats    ]    Subphase: Concurrent Mark Try Flush                     0.487 / 0.795         7.781 / 43.966        7.781 / 43.966        7.781 / 43.966      ms
[190.312s][info][gc,stats    ]    Subphase: Concurrent Mark Try Terminate                 0.634 / 1.348         2.701 / 24.031        2.701 / 24.031        2.701 / 24.031      ms
[190.313s][info][gc,stats    ]    Subphase: Concurrent References Enqueue                 0.005 / 0.005         0.222 / 2.610         0.222 / 2.610         0.222 / 2.610       ms
[190.313s][info][gc,stats    ]    Subphase: Concurrent References Process                 0.447 / 0.447         1.950 / 6.377         1.950 / 6.377         1.950 / 6.377       ms
[190.314s][info][gc,stats    ]    Subphase: Concurrent Roots ClassLoaderDataGraph         0.170 / 0.311         2.372 / 47.494        2.372 / 47.494        2.372 / 47.494      ms
[190.315s][info][gc,stats    ]    Subphase: Concurrent Roots CodeCache                    0.000 / 0.000         0.000 / 0.000         0.000 / 0.000         0.000 / 0.000       ms
[190.315s][info][gc,stats    ]    Subphase: Concurrent Roots JavaThreads                  1.442 / 1.556        16.349 / 61.015       16.349 / 61.015       16.349 / 61.015      ms
[190.316s][info][gc,stats    ]    Subphase: Concurrent Roots OopStorageSet                0.038 / 0.051         4.108 / 72.582        4.108 / 72.582        4.108 / 72.582      ms
[190.317s][info][gc,stats    ]    Subphase: Concurrent Weak Roots OopStorageSet           0.949 / 0.987         4.093 / 14.084        4.093 / 14.084        4.093 / 14.084      ms
[190.319s][info][gc,stats    ]    Subphase: Pause Mark Try Complete                       0.000 / 0.000         0.000 / 0.000         0.000 / 0.000         0.000 / 0.000       ms
[190.319s][info][gc,stats    ]      System: Java Threads                                     75 / 75               74 / 89               74 / 89               74 / 89          threads
[190.320s][info][gc,stats    ] =========================================================================================================================================================
[200.282s][info][gc,stats    ] === Garbage Collection Statistics =======================================================================================================================
[200.284s][info][gc,stats    ]                                                              Last 10s              Last 10m              Last 10h                Total
[200.285s][info][gc,stats    ]                                                              Avg / Max             Avg / Max             Avg / Max             Avg / Max
[200.286s][info][gc,stats    ]   Collector: Garbage Collection Cycle                      0.000 / 0.000      1051.069 / 2485.059   1051.069 / 2485.059   1051.069 / 2485.059    ms
[200.287s][info][gc,stats    ]  Contention: Mark Segment Reset Contention                     0 / 0                 0 / 2                 0 / 2                 0 / 2           ops/s
[200.288s][info][gc,stats    ]  Contention: Mark SeqNum Reset Contention                      0 / 0                 0 / 0                 0 / 0                 0 / 0           ops/s
[200.288s][info][gc,stats    ]    Critical: Allocation Stall                                  0 / 0                 0 / 0                 0 / 0                 0 / 0           ops/s
[200.290s][info][gc,stats    ]    Critical: Allocation Stall                              0.000 / 0.000         0.000 / 0.000         0.000 / 0.000         0.000 / 0.000       ms
[200.291s][info][gc,stats    ]    Critical: GC Locker Stall                                   0 / 0                 0 / 1                 0 / 1                 0 / 1           ops/s
[200.291s][info][gc,stats    ]    Critical: GC Locker Stall                               0.000 / 0.000         0.002 / 0.002         0.002 / 0.002         0.002 / 0.002       ms
[200.292s][info][gc,stats    ]    Critical: Relocation Stall                                  0 / 0                 0 / 0                 0 / 0                 0 / 0           ops/s
[200.293s][info][gc,stats    ]    Critical: Relocation Stall                              0.000 / 0.000         0.000 / 0.000         0.000 / 0.000         0.000 / 0.000       ms
[200.294s][info][gc,stats    ]      Memory: Allocation Rate                                  72 / 492              66 / 552              66 / 552              66 / 552         MB/s
[200.295s][info][gc,stats    ]      Memory: Out Of Memory                                     0 / 0                 0 / 0                 0 / 0                 0 / 0           ops/s
[200.295s][info][gc,stats    ]      Memory: Page Cache Flush                                  0 / 0                 0 / 0                 0 / 0                 0 / 0           MB/s
[200.296s][info][gc,stats    ]      Memory: Page Cache Hit L1                                11 / 36               11 / 112              11 / 112              11 / 112         ops/s
[200.297s][info][gc,stats    ]      Memory: Page Cache Hit L2                                 0 / 0                 0 / 0                 0 / 0                 0 / 0           ops/s
[200.298s][info][gc,stats    ]      Memory: Page Cache Hit L3                                 0 / 0                 0 / 31                0 / 31                0 / 31          ops/s
[200.299s][info][gc,stats    ]      Memory: Page Cache Miss                                   0 / 0                 2 / 88                2 / 88                2 / 88          ops/s
[200.300s][info][gc,stats    ]      Memory: Uncommit                                          0 / 0                 0 / 0                 0 / 0                 0 / 0           MB/s
[200.301s][info][gc,stats    ]      Memory: Undo Object Allocation Failed                     0 / 0                 0 / 1                 0 / 1                 0 / 1           ops/s
[200.302s][info][gc,stats    ]      Memory: Undo Object Allocation Succeeded                  0 / 0                 0 / 2                 0 / 2                 0 / 2           ops/s
[200.303s][info][gc,stats    ]      Memory: Undo Page Allocation                              0 / 0                 0 / 25                0 / 25                0 / 25          ops/s
[200.304s][info][gc,stats    ]       Phase: Concurrent Mark                               0.000 / 0.000       809.695 / 2153.078    809.695 / 2153.078    809.695 / 2153.078    ms
[200.305s][info][gc,stats    ]       Phase: Concurrent Mark Continue                      0.000 / 0.000         0.000 / 0.000         0.000 / 0.000         0.000 / 0.000       ms
[200.306s][info][gc,stats    ]       Phase: Concurrent Mark Free                          0.000 / 0.000         0.004 / 0.007         0.004 / 0.007         0.004 / 0.007       ms
[200.307s][info][gc,stats    ]       Phase: Concurrent Process Non-Strong References      0.000 / 0.000        65.989 / 257.265      65.989 / 257.265      65.989 / 257.265     ms
[200.308s][info][gc,stats    ]       Phase: Concurrent Relocate                           0.000 / 0.000        87.835 / 511.550      87.835 / 511.550      87.835 / 511.550     ms
[200.308s][info][gc,stats    ]       Phase: Concurrent Reset Relocation Set               0.000 / 0.000         0.026 / 0.139         0.026 / 0.139         0.026 / 0.139       ms
[200.309s][info][gc,stats    ]       Phase: Concurrent Select Relocation Set              0.000 / 0.000        27.833 / 198.723      27.833 / 198.723      27.833 / 198.723     ms
[200.310s][info][gc,stats    ]       Phase: Pause Mark End                                0.000 / 0.000         0.131 / 1.316         0.131 / 1.316         0.131 / 1.316       ms
[200.311s][info][gc,stats    ]       Phase: Pause Mark Start                              0.000 / 0.000         0.592 / 6.286         0.592 / 6.286         0.592 / 6.286       ms
[200.312s][info][gc,stats    ]       Phase: Pause Relocate Start                          0.000 / 0.000         0.025 / 0.139         0.025 / 0.139         0.025 / 0.139       ms
[200.313s][info][gc,stats    ]    Subphase: Concurrent Classes Purge                      0.000 / 0.000         2.887 / 10.871        2.887 / 10.871        2.887 / 10.871      ms
[200.314s][info][gc,stats    ]    Subphase: Concurrent Classes Unlink                     0.000 / 0.000        47.726 / 206.267      47.726 / 206.267      47.726 / 206.267     ms
[200.315s][info][gc,stats    ]    Subphase: Concurrent Mark                               0.000 / 0.000       776.145 / 2133.644    776.145 / 2133.644    776.145 / 2133.644    ms
[200.315s][info][gc,stats    ]    Subphase: Concurrent Mark Try Flush                     0.000 / 0.000         7.781 / 43.966        7.781 / 43.966        7.781 / 43.966      ms
[200.316s][info][gc,stats    ]    Subphase: Concurrent Mark Try Terminate                 0.000 / 0.000         2.701 / 24.031        2.701 / 24.031        2.701 / 24.031      ms
[200.317s][info][gc,stats    ]    Subphase: Concurrent References Enqueue                 0.000 / 0.000         0.222 / 2.610         0.222 / 2.610         0.222 / 2.610       ms
[200.318s][info][gc,stats    ]    Subphase: Concurrent References Process                 0.000 / 0.000         1.950 / 6.377         1.950 / 6.377         1.950 / 6.377       ms
[200.318s][info][gc,stats    ]    Subphase: Concurrent Roots ClassLoaderDataGraph         0.000 / 0.000         2.372 / 47.494        2.372 / 47.494        2.372 / 47.494      ms
[200.319s][info][gc,stats    ]    Subphase: Concurrent Roots CodeCache                    0.000 / 0.000         0.000 / 0.000         0.000 / 0.000         0.000 / 0.000       ms
[200.321s][info][gc,stats    ]    Subphase: Concurrent Roots JavaThreads                  0.000 / 0.000        16.349 / 61.015       16.349 / 61.015       16.349 / 61.015      ms
[200.322s][info][gc,stats    ]    Subphase: Concurrent Roots OopStorageSet                0.000 / 0.000         4.108 / 72.582        4.108 / 72.582        4.108 / 72.582      ms
[200.323s][info][gc,stats    ]    Subphase: Concurrent Weak Roots OopStorageSet           0.000 / 0.000         4.093 / 14.084        4.093 / 14.084        4.093 / 14.084      ms
[200.324s][info][gc,stats    ]    Subphase: Pause Mark Try Complete                       0.000 / 0.000         0.000 / 0.000         0.000 / 0.000         0.000 / 0.000       ms
[200.325s][info][gc,stats    ]      System: Java Threads                                      0 / 0                74 / 89               74 / 89               74 / 89          threads
[200.325s][info][gc,stats    ] =========================================================================================================================================================
[202.783s][info][gc,start    ] GC(16) Garbage Collection (Proactive)
[202.784s][info][gc,task     ] GC(16) Using 2 workers
[202.785s][info][gc,phases   ] GC(16) Pause Mark Start 0.016ms
[202.910s][info][gc,phases   ] GC(16) Concurrent Mark 123.245ms
[202.911s][info][gc,phases   ] GC(16) Pause Mark End 0.069ms
[202.912s][info][gc,phases   ] GC(16) Concurrent Mark Free 0.002ms
[202.925s][info][gc,phases   ] GC(16) Concurrent Process Non-Strong References 11.652ms
[202.926s][info][gc,phases   ] GC(16) Concurrent Reset Relocation Set 0.020ms
[202.930s][info][gc,phases   ] GC(16) Concurrent Select Relocation Set 2.802ms
[202.931s][info][gc,phases   ] GC(16) Pause Relocate Start 0.011ms
[202.938s][info][gc,phases   ] GC(16) Concurrent Relocate 4.820ms
[202.939s][info][gc,load     ] GC(16) Load: 3.77/6.01/4.41
[202.940s][info][gc,mmu      ] GC(16) MMU: 2ms/0.0%, 5ms/0.0%, 10ms/37.1%, 20ms/68.6%, 50ms/87.4%, 100ms/93.7%
[202.940s][info][gc,marking  ] GC(16) Mark: 2 stripe(s), 2 proactive flush(es), 1 terminate flush(es), 0 completion(s), 0 continuation(s) 
[202.941s][info][gc,marking  ] GC(16) Mark Stack Usage: 32M
[202.942s][info][gc,nmethod  ] GC(16) NMethods: 6284 registered, 920 unregistered
[202.943s][info][gc,metaspace] GC(16) Metaspace: 52M used, 53M committed, 1072M reserved
[202.944s][info][gc,ref      ] GC(16) Soft: 5017 encountered, 0 discovered, 0 enqueued
[202.945s][info][gc,ref      ] GC(16) Weak: 3154 encountered, 897 discovered, 0 enqueued
[202.946s][info][gc,ref      ] GC(16) Final: 87 encountered, 55 discovered, 4 enqueued
[202.947s][info][gc,ref      ] GC(16) Phantom: 501 encountered, 458 discovered, 0 enqueued
[202.948s][info][gc,reloc    ] GC(16) Small Pages: 186 / 372M, Empty: 90M, Relocated: 6M, In-Place: 0
[202.949s][info][gc,reloc    ] GC(16) Medium Pages: 1 / 32M, Empty: 0M, Relocated: 0M, In-Place: 0
[202.949s][info][gc,reloc    ] GC(16) Large Pages: 65 / 718M, Empty: 684M, Relocated: 0M, In-Place: 0
[202.951s][info][gc,reloc    ] GC(16) Forwarding Usage: 1M
[202.951s][info][gc,heap     ] GC(16) Min Capacity: 256M(6%)
[202.952s][info][gc,heap     ] GC(16) Max Capacity: 4096M(100%)
[202.953s][info][gc,heap     ] GC(16) Soft Max Capacity: 4096M(100%)
[202.954s][info][gc,heap     ] GC(16)                Mark Start          Mark End        Relocate Start      Relocate End           High               Low         
[202.954s][info][gc,heap     ] GC(16)  Capacity:     2948M (72%)        2948M (72%)        2948M (72%)        2948M (72%)        2948M (72%)        2948M (72%)    
[202.955s][info][gc,heap     ] GC(16)      Free:     2974M (73%)        2956M (72%)        3730M (91%)        3910M (95%)        3910M (95%)        2956M (72%)    
[202.956s][info][gc,heap     ] GC(16)      Used:     1122M (27%)        1140M (28%)         366M (9%)          186M (5%)         1140M (28%)         186M (5%)     
[202.957s][info][gc,heap     ] GC(16)      Live:         -               128M (3%)          128M (3%)          128M (3%)             -                  -          
[202.958s][info][gc,heap     ] GC(16) Allocated:         -                18M (0%)           18M (0%)           17M (0%)             -                  -          
[202.959s][info][gc,heap     ] GC(16)   Garbage:         -               993M (24%)         219M (5%)           39M (1%)             -                  -          
[202.960s][info][gc,heap     ] GC(16) Reclaimed:         -                  -               774M (19%)         953M (23%)            -                  -          
[202.961s][info][gc          ] GC(16) Garbage Collection (Proactive) 1122M(27%)->186M(5%)
[210.284s][info][gc,stats    ] === Garbage Collection Statistics =======================================================================================================================
[210.285s][info][gc,stats    ]                                                              Last 10s              Last 10m              Last 10h                Total
[210.286s][info][gc,stats    ]                                                              Avg / Max             Avg / Max             Avg / Max             Avg / Max
[210.286s][info][gc,stats    ]   Collector: Garbage Collection Cycle                    155.849 / 155.849     998.409 / 2485.059    998.409 / 2485.059    998.409 / 2485.059    ms
[210.287s][info][gc,stats    ]  Contention: Mark Segment Reset Contention                     0 / 1                 0 / 2                 0 / 2                 0 / 2           ops/s
[210.288s][info][gc,stats    ]  Contention: Mark SeqNum Reset Contention                      0 / 0                 0 / 0                 0 / 0                 0 / 0           ops/s
[210.289s][info][gc,stats    ]    Critical: Allocation Stall                                  0 / 0                 0 / 0                 0 / 0                 0 / 0           ops/s
[210.290s][info][gc,stats    ]    Critical: Allocation Stall                              0.000 / 0.000         0.000 / 0.000         0.000 / 0.000         0.000 / 0.000       ms
[210.290s][info][gc,stats    ]    Critical: GC Locker Stall                                   0 / 0                 0 / 1                 0 / 1                 0 / 1           ops/s
[210.291s][info][gc,stats    ]    Critical: GC Locker Stall                               0.000 / 0.000         0.002 / 0.002         0.002 / 0.002         0.002 / 0.002       ms
[210.292s][info][gc,stats    ]    Critical: Relocation Stall                                  0 / 0                 0 / 0                 0 / 0                 0 / 0           ops/s
[210.293s][info][gc,stats    ]    Critical: Relocation Stall                              0.000 / 0.000         0.000 / 0.000         0.000 / 0.000         0.000 / 0.000       ms
[210.294s][info][gc,stats    ]      Memory: Allocation Rate                                  75 / 504              66 / 552              66 / 552              66 / 552         MB/s
[210.295s][info][gc,stats    ]      Memory: Out Of Memory                                     0 / 0                 0 / 0                 0 / 0                 0 / 0           ops/s
[210.296s][info][gc,stats    ]      Memory: Page Cache Flush                                  0 / 0                 0 / 0                 0 / 0                 0 / 0           MB/s
[210.297s][info][gc,stats    ]      Memory: Page Cache Hit L1                                13 / 42               12 / 112              12 / 112              12 / 112         ops/s
[210.298s][info][gc,stats    ]      Memory: Page Cache Hit L2                                 0 / 0                 0 / 0                 0 / 0                 0 / 0           ops/s
[210.301s][info][gc,stats    ]      Memory: Page Cache Hit L3                                 0 / 0                 0 / 31                0 / 31                0 / 31          ops/s
[210.303s][info][gc,stats    ]      Memory: Page Cache Miss                                   0 / 0                 2 / 88                2 / 88                2 / 88          ops/s
[210.303s][info][gc,stats    ]      Memory: Uncommit                                          0 / 0                 0 / 0                 0 / 0                 0 / 0           MB/s
[210.305s][info][gc,stats    ]      Memory: Undo Object Allocation Failed                     0 / 0                 0 / 1                 0 / 1                 0 / 1           ops/s
[210.306s][info][gc,stats    ]      Memory: Undo Object Allocation Succeeded                  0 / 0                 0 / 2                 0 / 2                 0 / 2           ops/s
[210.307s][info][gc,stats    ]      Memory: Undo Page Allocation                              0 / 0                 0 / 25                0 / 25                0 / 25          ops/s
[210.308s][info][gc,stats    ]       Phase: Concurrent Mark                             123.245 / 123.245     769.315 / 2153.078    769.315 / 2153.078    769.315 / 2153.078    ms
[210.309s][info][gc,stats    ]       Phase: Concurrent Mark Continue                      0.000 / 0.000         0.000 / 0.000         0.000 / 0.000         0.000 / 0.000       ms
[210.310s][info][gc,stats    ]       Phase: Concurrent Mark Free                          0.002 / 0.002         0.004 / 0.007         0.004 / 0.007         0.004 / 0.007       ms
[210.311s][info][gc,stats    ]       Phase: Concurrent Process Non-Strong References     11.652 / 11.652       62.793 / 257.265      62.793 / 257.265      62.793 / 257.265     ms
[210.312s][info][gc,stats    ]       Phase: Concurrent Relocate                           4.820 / 4.820        82.952 / 511.550      82.952 / 511.550      82.952 / 511.550     ms
[210.313s][info][gc,stats    ]       Phase: Concurrent Reset Relocation Set               0.020 / 0.020         0.025 / 0.139         0.025 / 0.139         0.025 / 0.139       ms
[210.313s][info][gc,stats    ]       Phase: Concurrent Select Relocation Set              2.802 / 2.802        26.360 / 198.723      26.360 / 198.723      26.360 / 198.723     ms
[210.314s][info][gc,stats    ]       Phase: Pause Mark End                                0.069 / 0.069         0.128 / 1.316         0.128 / 1.316         0.128 / 1.316       ms
[210.315s][info][gc,stats    ]       Phase: Pause Mark Start                              0.016 / 0.016         0.558 / 6.286         0.558 / 6.286         0.558 / 6.286       ms
[210.316s][info][gc,stats    ]       Phase: Pause Relocate Start                          0.011 / 0.011         0.024 / 0.139         0.024 / 0.139         0.024 / 0.139       ms
[210.316s][info][gc,stats    ]    Subphase: Concurrent Classes Purge                      0.434 / 0.434         2.743 / 10.871        2.743 / 10.871        2.743 / 10.871      ms
[210.317s][info][gc,stats    ]    Subphase: Concurrent Classes Unlink                     8.872 / 8.872        45.440 / 206.267      45.440 / 206.267      45.440 / 206.267     ms
[210.318s][info][gc,stats    ]    Subphase: Concurrent Mark                             118.417 / 118.945     737.455 / 2133.644    737.455 / 2133.644    737.455 / 2133.644    ms
[210.319s][info][gc,stats    ]    Subphase: Concurrent Mark Try Flush                     0.077 / 0.178         7.345 / 43.966        7.345 / 43.966        7.345 / 43.966      ms
[210.320s][info][gc,stats    ]    Subphase: Concurrent Mark Try Terminate                 0.386 / 1.134         2.683 / 24.031        2.683 / 24.031        2.683 / 24.031      ms
[210.321s][info][gc,stats    ]    Subphase: Concurrent References Enqueue                 0.031 / 0.031         0.211 / 2.610         0.211 / 2.610         0.211 / 2.610       ms
[210.322s][info][gc,stats    ]    Subphase: Concurrent References Process                 0.405 / 0.405         1.859 / 6.377         1.859 / 6.377         1.859 / 6.377       ms
[210.322s][info][gc,stats    ]    Subphase: Concurrent Roots ClassLoaderDataGraph         0.295 / 0.538         2.238 / 47.494        2.238 / 47.494        2.238 / 47.494      ms
[210.323s][info][gc,stats    ]    Subphase: Concurrent Roots CodeCache                    0.000 / 0.000         0.000 / 0.000         0.000 / 0.000         0.000 / 0.000       ms
[210.325s][info][gc,stats    ]    Subphase: Concurrent Roots JavaThreads                  3.123 / 3.513        15.571 / 61.015       15.571 / 61.015       15.571 / 61.015      ms
[210.325s][info][gc,stats    ]    Subphase: Concurrent Roots OopStorageSet                0.048 / 0.095         3.807 / 72.582        3.807 / 72.582        3.807 / 72.582      ms
[210.326s][info][gc,stats    ]    Subphase: Concurrent Weak Roots OopStorageSet           1.458 / 1.705         3.923 / 14.084        3.923 / 14.084        3.923 / 14.084      ms
[210.327s][info][gc,stats    ]    Subphase: Pause Mark Try Complete                       0.000 / 0.000         0.000 / 0.000         0.000 / 0.000         0.000 / 0.000       ms
[210.328s][info][gc,stats    ]      System: Java Threads                                     75 / 75               74 / 89               74 / 89               74 / 89          threads
[210.329s][info][gc,stats    ] =========================================================================================================================================================
[216.182s][info][gc,start    ] GC(17) Garbage Collection (Proactive)
[216.184s][info][gc,task     ] GC(17) Using 2 workers
[216.185s][info][gc,phases   ] GC(17) Pause Mark Start 0.008ms
[216.317s][info][gc,phases   ] GC(17) Concurrent Mark 131.189ms
[216.318s][info][gc,phases   ] GC(17) Pause Mark End 0.017ms
[216.320s][info][gc,phases   ] GC(17) Concurrent Mark Free 0.002ms
[216.333s][info][gc,phases   ] GC(17) Concurrent Process Non-Strong References 12.672ms
[216.334s][info][gc,phases   ] GC(17) Concurrent Reset Relocation Set 0.082ms
[216.339s][info][gc,phases   ] GC(17) Concurrent Select Relocation Set 4.330ms
[216.341s][info][gc,phases   ] GC(17) Pause Relocate Start 0.009ms
[216.344s][info][gc,phases   ] GC(17) Concurrent Relocate 2.303ms
[216.345s][info][gc,load     ] GC(17) Load: 2.93/5.71/4.34
[216.346s][info][gc,mmu      ] GC(17) MMU: 2ms/0.0%, 5ms/0.0%, 10ms/37.1%, 20ms/68.6%, 50ms/87.4%, 100ms/93.7%
[216.346s][info][gc,marking  ] GC(17) Mark: 2 stripe(s), 2 proactive flush(es), 1 terminate flush(es), 0 completion(s), 0 continuation(s) 
[216.347s][info][gc,marking  ] GC(17) Mark Stack Usage: 32M
[216.348s][info][gc,nmethod  ] GC(17) NMethods: 6333 registered, 920 unregistered
[216.349s][info][gc,metaspace] GC(17) Metaspace: 52M used, 53M committed, 1072M reserved
[216.350s][info][gc,ref      ] GC(17) Soft: 5017 encountered, 0 discovered, 0 enqueued
[216.350s][info][gc,ref      ] GC(17) Weak: 3154 encountered, 400 discovered, 0 enqueued
[216.351s][info][gc,ref      ] GC(17) Final: 85 encountered, 2 discovered, 2 enqueued
[216.352s][info][gc,ref      ] GC(17) Phantom: 483 encountered, 397 discovered, 0 enqueued
[216.352s][info][gc,reloc    ] GC(17) Small Pages: 157 / 314M, Empty: 70M, Relocated: 2M, In-Place: 0
[216.353s][info][gc,reloc    ] GC(17) Medium Pages: 1 / 32M, Empty: 0M, Relocated: 0M, In-Place: 0
[216.354s][info][gc,reloc    ] GC(17) Large Pages: 83 / 1126M, Empty: 1092M, Relocated: 0M, In-Place: 0
[216.354s][info][gc,reloc    ] GC(17) Forwarding Usage: 0M
[216.355s][info][gc,heap     ] GC(17) Min Capacity: 256M(6%)
[216.356s][info][gc,heap     ] GC(17) Max Capacity: 4096M(100%)
[216.356s][info][gc,heap     ] GC(17) Soft Max Capacity: 4096M(100%)
[216.357s][info][gc,heap     ] GC(17)                Mark Start          Mark End        Relocate Start      Relocate End           High               Low         
[216.358s][info][gc,heap     ] GC(17)  Capacity:     2948M (72%)        2948M (72%)        2948M (72%)        2948M (72%)        2948M (72%)        2948M (72%)    
[216.359s][info][gc,heap     ] GC(17)      Free:     2624M (64%)        2608M (64%)        3770M (92%)        3910M (95%)        3910M (95%)        2608M (64%)    
[216.359s][info][gc,heap     ] GC(17)      Used:     1472M (36%)        1488M (36%)         326M (8%)          186M (5%)         1488M (36%)         186M (5%)     
[216.360s][info][gc,heap     ] GC(17)      Live:         -               128M (3%)          128M (3%)          128M (3%)             -                  -          
[216.362s][info][gc,heap     ] GC(17) Allocated:         -                16M (0%)           16M (0%)           15M (0%)             -                  -          
[216.363s][info][gc,heap     ] GC(17)   Garbage:         -              1343M (33%)         181M (4%)           41M (1%)             -                  -          
[216.363s][info][gc,heap     ] GC(17) Reclaimed:         -                  -              1162M (28%)        1301M (32%)            -                  -          
[216.364s][info][gc          ] GC(17) Garbage Collection (Proactive) 1472M(36%)->186M(5%)
[220.282s][info][gc,stats    ] === Garbage Collection Statistics =======================================================================================================================
[220.284s][info][gc,stats    ]                                                              Last 10s              Last 10m              Last 10h                Total
[220.285s][info][gc,stats    ]                                                              Avg / Max             Avg / Max             Avg / Max             Avg / Max
[220.286s][info][gc,stats    ]   Collector: Garbage Collection Cycle                    162.566 / 162.566     951.973 / 2485.059    951.973 / 2485.059    951.973 / 2485.059    ms
[220.286s][info][gc,stats    ]  Contention: Mark Segment Reset Contention                     0 / 0                 0 / 2                 0 / 2                 0 / 2           ops/s
[220.287s][info][gc,stats    ]  Contention: Mark SeqNum Reset Contention                      0 / 0                 0 / 0                 0 / 0                 0 / 0           ops/s
[220.288s][info][gc,stats    ]    Critical: Allocation Stall                                  0 / 0                 0 / 0                 0 / 0                 0 / 0           ops/s
[220.289s][info][gc,stats    ]    Critical: Allocation Stall                              0.000 / 0.000         0.000 / 0.000         0.000 / 0.000         0.000 / 0.000       ms
[220.290s][info][gc,stats    ]    Critical: GC Locker Stall                                   0 / 0                 0 / 1                 0 / 1                 0 / 1           ops/s
[220.290s][info][gc,stats    ]    Critical: GC Locker Stall                               0.000 / 0.000         0.002 / 0.002         0.002 / 0.002         0.002 / 0.002       ms
[220.291s][info][gc,stats    ]    Critical: Relocation Stall                                  0 / 0                 0 / 0                 0 / 0                 0 / 0           ops/s
[220.292s][info][gc,stats    ]    Critical: Relocation Stall                              0.000 / 0.000         0.000 / 0.000         0.000 / 0.000         0.000 / 0.000       ms
[220.293s][info][gc,stats    ]      Memory: Allocation Rate                                  74 / 490              66 / 552              66 / 552              66 / 552         MB/s
[220.294s][info][gc,stats    ]      Memory: Out Of Memory                                     0 / 0                 0 / 0                 0 / 0                 0 / 0           ops/s
[220.295s][info][gc,stats    ]      Memory: Page Cache Flush                                  0 / 0                 0 / 0                 0 / 0                 0 / 0           MB/s
[220.295s][info][gc,stats    ]      Memory: Page Cache Hit L1                                12 / 35               12 / 112              12 / 112              12 / 112         ops/s
[220.296s][info][gc,stats    ]      Memory: Page Cache Hit L2                                 0 / 0                 0 / 0                 0 / 0                 0 / 0           ops/s
[220.297s][info][gc,stats    ]      Memory: Page Cache Hit L3                                 0 / 0                 0 / 31                0 / 31                0 / 31          ops/s
[220.298s][info][gc,stats    ]      Memory: Page Cache Miss                                   0 / 0                 2 / 88                2 / 88                2 / 88          ops/s
[220.298s][info][gc,stats    ]      Memory: Uncommit                                          0 / 0                 0 / 0                 0 / 0                 0 / 0           MB/s
[220.300s][info][gc,stats    ]      Memory: Undo Object Allocation Failed                     0 / 0                 0 / 1                 0 / 1                 0 / 1           ops/s
[220.301s][info][gc,stats    ]      Memory: Undo Object Allocation Succeeded                  0 / 0                 0 / 2                 0 / 2                 0 / 2           ops/s
[220.302s][info][gc,stats    ]      Memory: Undo Page Allocation                              0 / 0                 0 / 25                0 / 25                0 / 25          ops/s
[220.303s][info][gc,stats    ]       Phase: Concurrent Mark                             131.189 / 131.189     733.864 / 2153.078    733.864 / 2153.078    733.864 / 2153.078    ms
[220.303s][info][gc,stats    ]       Phase: Concurrent Mark Continue                      0.000 / 0.000         0.000 / 0.000         0.000 / 0.000         0.000 / 0.000       ms
[220.304s][info][gc,stats    ]       Phase: Concurrent Mark Free                          0.002 / 0.002         0.004 / 0.007         0.004 / 0.007         0.004 / 0.007       ms
[220.305s][info][gc,stats    ]       Phase: Concurrent Process Non-Strong References     12.672 / 12.672       60.008 / 257.265      60.008 / 257.265      60.008 / 257.265     ms
[220.306s][info][gc,stats    ]       Phase: Concurrent Relocate                           2.303 / 2.303        78.471 / 511.550      78.471 / 511.550      78.471 / 511.550     ms
[220.307s][info][gc,stats    ]       Phase: Concurrent Reset Relocation Set               0.082 / 0.082         0.029 / 0.139         0.029 / 0.139         0.029 / 0.139       ms
[220.307s][info][gc,stats    ]       Phase: Concurrent Select Relocation Set              4.330 / 4.330        25.136 / 198.723      25.136 / 198.723      25.136 / 198.723     ms
[220.308s][info][gc,stats    ]       Phase: Pause Mark End                                0.017 / 0.017         0.122 / 1.316         0.122 / 1.316         0.122 / 1.316       ms
[220.308s][info][gc,stats    ]       Phase: Pause Mark Start                              0.008 / 0.008         0.527 / 6.286         0.527 / 6.286         0.527 / 6.286       ms
[220.309s][info][gc,stats    ]       Phase: Pause Relocate Start                          0.009 / 0.009         0.023 / 0.139         0.023 / 0.139         0.023 / 0.139       ms
[220.310s][info][gc,stats    ]    Subphase: Concurrent Classes Purge                      0.940 / 0.940         2.642 / 10.871        2.642 / 10.871        2.642 / 10.871      ms
[220.311s][info][gc,stats    ]    Subphase: Concurrent Classes Unlink                     9.207 / 9.207        43.427 / 206.267      43.427 / 206.267      43.427 / 206.267     ms
[220.311s][info][gc,stats    ]    Subphase: Concurrent Mark                             128.206 / 128.559     703.608 / 2133.644    703.608 / 2133.644    703.608 / 2133.644    ms
[220.312s][info][gc,stats    ]    Subphase: Concurrent Mark Try Flush                     0.356 / 0.502         6.970 / 43.966        6.970 / 43.966        6.970 / 43.966      ms
[220.313s][info][gc,stats    ]    Subphase: Concurrent Mark Try Terminate                 0.524 / 1.264         2.667 / 24.031        2.667 / 24.031        2.667 / 24.031      ms
[220.313s][info][gc,stats    ]    Subphase: Concurrent References Enqueue                 0.033 / 0.033         0.201 / 2.610         0.201 / 2.610         0.201 / 2.610       ms
[220.314s][info][gc,stats    ]    Subphase: Concurrent References Process                 0.419 / 0.419         1.779 / 6.377         1.779 / 6.377         1.779 / 6.377       ms
[220.315s][info][gc,stats    ]    Subphase: Concurrent Roots ClassLoaderDataGraph         0.429 / 0.828         2.128 / 47.494        2.128 / 47.494        2.128 / 47.494      ms
[220.316s][info][gc,stats    ]    Subphase: Concurrent Roots CodeCache                    0.000 / 0.000         0.000 / 0.000         0.000 / 0.000         0.000 / 0.000       ms
[220.316s][info][gc,stats    ]    Subphase: Concurrent Roots JavaThreads                  1.598 / 2.017        14.794 / 61.015       14.794 / 61.015       14.794 / 61.015      ms
[220.318s][info][gc,stats    ]    Subphase: Concurrent Roots OopStorageSet                0.060 / 0.075         3.549 / 72.582        3.549 / 72.582        3.549 / 72.582      ms
[220.320s][info][gc,stats    ]    Subphase: Concurrent Weak Roots OopStorageSet           1.139 / 1.171         3.754 / 14.084        3.754 / 14.084        3.754 / 14.084      ms
[220.321s][info][gc,stats    ]    Subphase: Pause Mark Try Complete                       0.000 / 0.000         0.000 / 0.000         0.000 / 0.000         0.000 / 0.000       ms
[220.324s][info][gc,stats    ]      System: Java Threads                                     74 / 74               74 / 89               74 / 89               74 / 89          threads
[220.325s][info][gc,stats    ] =========================================================================================================================================================
[227.383s][info][gc,start    ] GC(18) Garbage Collection (Proactive)
[227.385s][info][gc,task     ] GC(18) Using 2 workers
[227.386s][info][gc,phases   ] GC(18) Pause Mark Start 0.010ms
[227.488s][info][gc,phases   ] GC(18) Concurrent Mark 101.940ms
[227.490s][info][gc,phases   ] GC(18) Pause Mark End 0.014ms
[227.490s][info][gc,phases   ] GC(18) Concurrent Mark Free 0.001ms
[227.500s][info][gc,phases   ] GC(18) Concurrent Process Non-Strong References 8.583ms
[227.500s][info][gc,phases   ] GC(18) Concurrent Reset Relocation Set 0.009ms
[227.503s][info][gc,phases   ] GC(18) Concurrent Select Relocation Set 1.841ms
[227.504s][info][gc,phases   ] GC(18) Pause Relocate Start 0.009ms
[227.507s][info][gc,phases   ] GC(18) Concurrent Relocate 2.107ms
[227.508s][info][gc,load     ] GC(18) Load: 2.55/5.54/4.30
[227.508s][info][gc,mmu      ] GC(18) MMU: 2ms/0.0%, 5ms/0.0%, 10ms/37.1%, 20ms/68.6%, 50ms/87.4%, 100ms/93.7%
[227.509s][info][gc,marking  ] GC(18) Mark: 2 stripe(s), 2 proactive flush(es), 1 terminate flush(es), 0 completion(s), 0 continuation(s) 
[227.510s][info][gc,marking  ] GC(18) Mark Stack Usage: 32M
[227.511s][info][gc,nmethod  ] GC(18) NMethods: 6349 registered, 920 unregistered
[227.511s][info][gc,metaspace] GC(18) Metaspace: 52M used, 53M committed, 1072M reserved
[227.512s][info][gc,ref      ] GC(18) Soft: 5017 encountered, 0 discovered, 0 enqueued
[227.512s][info][gc,ref      ] GC(18) Weak: 3154 encountered, 407 discovered, 0 enqueued
[227.513s][info][gc,ref      ] GC(18) Final: 86 encountered, 84 discovered, 3 enqueued
[227.514s][info][gc,ref      ] GC(18) Phantom: 483 encountered, 391 discovered, 0 enqueued
[227.514s][info][gc,reloc    ] GC(18) Small Pages: 133 / 266M, Empty: 46M, Relocated: 3M, In-Place: 0
[227.515s][info][gc,reloc    ] GC(18) Medium Pages: 1 / 32M, Empty: 0M, Relocated: 0M, In-Place: 0
[227.515s][info][gc,reloc    ] GC(18) Large Pages: 51 / 634M, Empty: 600M, Relocated: 0M, In-Place: 0
[227.516s][info][gc,reloc    ] GC(18) Forwarding Usage: 0M
[227.517s][info][gc,heap     ] GC(18) Min Capacity: 256M(6%)
[227.517s][info][gc,heap     ] GC(18) Max Capacity: 4096M(100%)
[227.518s][info][gc,heap     ] GC(18) Soft Max Capacity: 4096M(100%)
[227.518s][info][gc,heap     ] GC(18)                Mark Start          Mark End        Relocate Start      Relocate End           High               Low         
[227.519s][info][gc,heap     ] GC(18)  Capacity:     2948M (72%)        2948M (72%)        2948M (72%)        2948M (72%)        2948M (72%)        2948M (72%)    
[227.519s][info][gc,heap     ] GC(18)      Free:     3164M (77%)        3148M (77%)        3794M (93%)        3908M (95%)        3908M (95%)        3148M (77%)    
[227.520s][info][gc,heap     ] GC(18)      Used:      932M (23%)         948M (23%)         302M (7%)          188M (5%)          948M (23%)         188M (5%)     
[227.521s][info][gc,heap     ] GC(18)      Live:         -               128M (3%)          128M (3%)          128M (3%)             -                  -          
[227.521s][info][gc,heap     ] GC(18) Allocated:         -                16M (0%)           16M (0%)           17M (0%)             -                  -          
[227.522s][info][gc,heap     ] GC(18)   Garbage:         -               803M (20%)         157M (4%)           41M (1%)             -                  -          
[227.523s][info][gc,heap     ] GC(18) Reclaimed:         -                  -               646M (16%)         761M (19%)            -                  -          
[227.523s][info][gc          ] GC(18) Garbage Collection (Proactive) 932M(23%)->188M(5%)
[230.283s][info][gc,stats    ] === Garbage Collection Statistics =======================================================================================================================
[230.285s][info][gc,stats    ]                                                              Last 10s              Last 10m              Last 10h                Total
[230.286s][info][gc,stats    ]                                                              Avg / Max             Avg / Max             Avg / Max             Avg / Max
[230.287s][info][gc,stats    ]   Collector: Garbage Collection Cycle                    124.739 / 124.739     908.434 / 2485.059    908.434 / 2485.059    908.434 / 2485.059    ms
[230.288s][info][gc,stats    ]  Contention: Mark Segment Reset Contention                     0 / 0                 0 / 2                 0 / 2                 0 / 2           ops/s
[230.289s][info][gc,stats    ]  Contention: Mark SeqNum Reset Contention                      0 / 0                 0 / 0                 0 / 0                 0 / 0           ops/s
[230.290s][info][gc,stats    ]    Critical: Allocation Stall                                  0 / 0                 0 / 0                 0 / 0                 0 / 0           ops/s
[230.291s][info][gc,stats    ]    Critical: Allocation Stall                              0.000 / 0.000         0.000 / 0.000         0.000 / 0.000         0.000 / 0.000       ms
[230.292s][info][gc,stats    ]    Critical: GC Locker Stall                                   0 / 0                 0 / 1                 0 / 1                 0 / 1           ops/s
[230.293s][info][gc,stats    ]    Critical: GC Locker Stall                               0.000 / 0.000         0.002 / 0.002         0.002 / 0.002         0.002 / 0.002       ms
[230.294s][info][gc,stats    ]    Critical: Relocation Stall                                  0 / 0                 0 / 0                 0 / 0                 0 / 0           ops/s
[230.294s][info][gc,stats    ]    Critical: Relocation Stall                              0.000 / 0.000         0.000 / 0.000         0.000 / 0.000         0.000 / 0.000       ms
[230.295s][info][gc,stats    ]      Memory: Allocation Rate                                  74 / 492              67 / 552              67 / 552              67 / 552         MB/s
[230.297s][info][gc,stats    ]      Memory: Out Of Memory                                     0 / 0                 0 / 0                 0 / 0                 0 / 0           ops/s
[230.297s][info][gc,stats    ]      Memory: Page Cache Flush                                  0 / 0                 0 / 0                 0 / 0                 0 / 0           MB/s
[230.298s][info][gc,stats    ]      Memory: Page Cache Hit L1                                12 / 36               12 / 112              12 / 112              12 / 112         ops/s
[230.299s][info][gc,stats    ]      Memory: Page Cache Hit L2                                 0 / 0                 0 / 0                 0 / 0                 0 / 0           ops/s
[230.300s][info][gc,stats    ]      Memory: Page Cache Hit L3                                 0 / 0                 0 / 31                0 / 31                0 / 31          ops/s
[230.301s][info][gc,stats    ]      Memory: Page Cache Miss                                   0 / 0                 2 / 88                2 / 88                2 / 88          ops/s
[230.301s][info][gc,stats    ]      Memory: Uncommit                                          0 / 0                 0 / 0                 0 / 0                 0 / 0           MB/s
[230.303s][info][gc,stats    ]      Memory: Undo Object Allocation Failed                     0 / 0                 0 / 1                 0 / 1                 0 / 1           ops/s
[230.304s][info][gc,stats    ]      Memory: Undo Object Allocation Succeeded                  0 / 0                 0 / 2                 0 / 2                 0 / 2           ops/s
[230.305s][info][gc,stats    ]      Memory: Undo Page Allocation                              0 / 0                 0 / 25                0 / 25                0 / 25          ops/s
[230.305s][info][gc,stats    ]       Phase: Concurrent Mark                             101.940 / 101.940     700.605 / 2153.078    700.605 / 2153.078    700.605 / 2153.078    ms
[230.306s][info][gc,stats    ]       Phase: Concurrent Mark Continue                      0.000 / 0.000         0.000 / 0.000         0.000 / 0.000         0.000 / 0.000       ms
[230.307s][info][gc,stats    ]       Phase: Concurrent Mark Free                          0.001 / 0.001         0.003 / 0.007         0.003 / 0.007         0.003 / 0.007       ms
[230.308s][info][gc,stats    ]       Phase: Concurrent Process Non-Strong References      8.583 / 8.583        57.302 / 257.265      57.302 / 257.265      57.302 / 257.265     ms
[230.309s][info][gc,stats    ]       Phase: Concurrent Relocate                           2.107 / 2.107        74.452 / 511.550      74.452 / 511.550      74.452 / 511.550     ms
[230.309s][info][gc,stats    ]       Phase: Concurrent Reset Relocation Set               0.009 / 0.009         0.028 / 0.139         0.028 / 0.139         0.028 / 0.139       ms
[230.310s][info][gc,stats    ]       Phase: Concurrent Select Relocation Set              1.841 / 1.841        23.910 / 198.723      23.910 / 198.723      23.910 / 198.723     ms
[230.311s][info][gc,stats    ]       Phase: Pause Mark End                                0.014 / 0.014         0.116 / 1.316         0.116 / 1.316         0.116 / 1.316       ms
[230.312s][info][gc,stats    ]       Phase: Pause Mark Start                              0.010 / 0.010         0.500 / 6.286         0.500 / 6.286         0.500 / 6.286       ms
[230.313s][info][gc,stats    ]       Phase: Pause Relocate Start                          0.009 / 0.009         0.023 / 0.139         0.023 / 0.139         0.023 / 0.139       ms
[230.314s][info][gc,stats    ]    Subphase: Concurrent Classes Purge                      0.816 / 0.816         2.546 / 10.871        2.546 / 10.871        2.546 / 10.871      ms
[230.314s][info][gc,stats    ]    Subphase: Concurrent Classes Unlink                     6.506 / 6.506        41.484 / 206.267      41.484 / 206.267      41.484 / 206.267     ms
[230.315s][info][gc,stats    ]    Subphase: Concurrent Mark                              99.912 / 100.282     671.835 / 2133.644    671.835 / 2133.644    671.835 / 2133.644    ms
[230.316s][info][gc,stats    ]    Subphase: Concurrent Mark Try Flush                     0.264 / 0.363         6.629 / 43.966        6.629 / 43.966        6.629 / 43.966      ms
[230.324s][info][gc,stats    ]    Subphase: Concurrent Mark Try Terminate                 0.514 / 1.378         2.651 / 24.031        2.651 / 24.031        2.651 / 24.031      ms
[230.326s][info][gc,stats    ]    Subphase: Concurrent References Enqueue                 0.030 / 0.030         0.192 / 2.610         0.192 / 2.610         0.192 / 2.610       ms
[230.327s][info][gc,stats    ]    Subphase: Concurrent References Process                 0.206 / 0.206         1.696 / 6.377         1.696 / 6.377         1.696 / 6.377       ms
[230.328s][info][gc,stats    ]    Subphase: Concurrent Roots ClassLoaderDataGraph         0.143 / 0.263         2.015 / 47.494        2.015 / 47.494        2.015 / 47.494      ms
[230.328s][info][gc,stats    ]    Subphase: Concurrent Roots CodeCache                    0.000 / 0.000         0.000 / 0.000         0.000 / 0.000         0.000 / 0.000       ms
[230.329s][info][gc,stats    ]    Subphase: Concurrent Roots JavaThreads                  1.145 / 1.294        14.076 / 61.015       14.076 / 61.015       14.076 / 61.015      ms
[230.331s][info][gc,stats    ]    Subphase: Concurrent Roots OopStorageSet                0.031 / 0.037         3.322 / 72.582        3.322 / 72.582        3.322 / 72.582      ms
[230.332s][info][gc,stats    ]    Subphase: Concurrent Weak Roots OopStorageSet           0.611 / 0.615         3.575 / 14.084        3.575 / 14.084        3.575 / 14.084      ms
[230.333s][info][gc,stats    ]    Subphase: Pause Mark Try Complete                       0.000 / 0.000         0.000 / 0.000         0.000 / 0.000         0.000 / 0.000       ms
[230.334s][info][gc,stats    ]      System: Java Threads                                     74 / 74               74 / 89               74 / 89               74 / 89          threads
[230.335s][info][gc,stats    ] =========================================================================================================================================================
[237.283s][info][gc,start    ] GC(19) Garbage Collection (Proactive)
[237.285s][info][gc,task     ] GC(19) Using 2 workers
[237.286s][info][gc,phases   ] GC(19) Pause Mark Start 0.043ms
[237.403s][info][gc,phases   ] GC(19) Concurrent Mark 115.872ms
[237.405s][info][gc,phases   ] GC(19) Pause Mark End 0.027ms
[237.406s][info][gc,phases   ] GC(19) Concurrent Mark Free 0.003ms
[237.417s][info][gc,phases   ] GC(19) Concurrent Process Non-Strong References 10.257ms
[237.419s][info][gc,phases   ] GC(19) Concurrent Reset Relocation Set 0.009ms
[237.421s][info][gc,phases   ] GC(19) Concurrent Select Relocation Set 2.117ms
[237.423s][info][gc,phases   ] GC(19) Pause Relocate Start 0.012ms
[237.425s][info][gc,phases   ] GC(19) Concurrent Relocate 1.189ms
[237.426s][info][gc,load     ] GC(19) Load: 2.48/5.42/4.28
[237.427s][info][gc,mmu      ] GC(19) MMU: 2ms/0.0%, 5ms/0.0%, 10ms/37.1%, 20ms/68.6%, 50ms/87.4%, 100ms/93.7%
[237.427s][info][gc,marking  ] GC(19) Mark: 2 stripe(s), 3 proactive flush(es), 1 terminate flush(es), 0 completion(s), 0 continuation(s) 
[237.428s][info][gc,marking  ] GC(19) Mark Stack Usage: 32M
[237.429s][info][gc,nmethod  ] GC(19) NMethods: 6375 registered, 920 unregistered
[237.429s][info][gc,metaspace] GC(19) Metaspace: 52M used, 53M committed, 1072M reserved
[237.430s][info][gc,ref      ] GC(19) Soft: 5017 encountered, 0 discovered, 0 enqueued
[237.430s][info][gc,ref      ] GC(19) Weak: 3154 encountered, 166 discovered, 0 enqueued
[237.431s][info][gc,ref      ] GC(19) Final: 84 encountered, 2 discovered, 1 enqueued
[237.432s][info][gc,ref      ] GC(19) Phantom: 481 encountered, 381 discovered, 0 enqueued
[237.433s][info][gc,reloc    ] GC(19) Small Pages: 136 / 272M, Empty: 58M, Relocated: 1M, In-Place: 0
[237.433s][info][gc,reloc    ] GC(19) Medium Pages: 1 / 32M, Empty: 0M, Relocated: 0M, In-Place: 0
[237.434s][info][gc,reloc    ] GC(19) Large Pages: 49 / 622M, Empty: 588M, Relocated: 0M, In-Place: 0
[237.435s][info][gc,reloc    ] GC(19) Forwarding Usage: 0M
[237.435s][info][gc,heap     ] GC(19) Min Capacity: 256M(6%)
[237.436s][info][gc,heap     ] GC(19) Max Capacity: 4096M(100%)
[237.436s][info][gc,heap     ] GC(19) Soft Max Capacity: 4096M(100%)
[237.437s][info][gc,heap     ] GC(19)                Mark Start          Mark End        Relocate Start      Relocate End           High               Low         
[237.437s][info][gc,heap     ] GC(19)  Capacity:     2948M (72%)        2948M (72%)        2948M (72%)        2948M (72%)        2948M (72%)        2948M (72%)    
[237.438s][info][gc,heap     ] GC(19)      Free:     3170M (77%)        3152M (77%)        3798M (93%)        3906M (95%)        3906M (95%)        3152M (77%)    
[237.439s][info][gc,heap     ] GC(19)      Used:      926M (23%)         944M (23%)         298M (7%)          190M (5%)          944M (23%)         190M (5%)     
[237.439s][info][gc,heap     ] GC(19)      Live:         -               128M (3%)          128M (3%)          128M (3%)             -                  -          
[237.440s][info][gc,heap     ] GC(19) Allocated:         -                18M (0%)           18M (0%)           17M (0%)             -                  -          
[237.442s][info][gc,heap     ] GC(19)   Garbage:         -               797M (19%)         151M (4%)           43M (1%)             -                  -          
[237.442s][info][gc,heap     ] GC(19) Reclaimed:         -                  -               646M (16%)         753M (18%)            -                  -          
[237.443s][info][gc          ] GC(19) Garbage Collection (Proactive) 926M(23%)->190M(5%)
[240.282s][info][gc,stats    ] === Garbage Collection Statistics =======================================================================================================================
[240.284s][info][gc,stats    ]                                                              Last 10s              Last 10m              Last 10h                Total
[240.284s][info][gc,stats    ]                                                              Avg / Max             Avg / Max             Avg / Max             Avg / Max
[240.285s][info][gc,stats    ]   Collector: Garbage Collection Cycle                    143.177 / 143.177     870.172 / 2485.059    870.172 / 2485.059    870.172 / 2485.059    ms
[240.286s][info][gc,stats    ]  Contention: Mark Segment Reset Contention                     0 / 0                 0 / 2                 0 / 2                 0 / 2           ops/s
[240.287s][info][gc,stats    ]  Contention: Mark SeqNum Reset Contention                      0 / 0                 0 / 0                 0 / 0                 0 / 0           ops/s
[240.287s][info][gc,stats    ]    Critical: Allocation Stall                                  0 / 0                 0 / 0                 0 / 0                 0 / 0           ops/s
[240.288s][info][gc,stats    ]    Critical: Allocation Stall                              0.000 / 0.000         0.000 / 0.000         0.000 / 0.000         0.000 / 0.000       ms
[240.288s][info][gc,stats    ]    Critical: GC Locker Stall                                   0 / 0                 0 / 1                 0 / 1                 0 / 1           ops/s
[240.289s][info][gc,stats    ]    Critical: GC Locker Stall                               0.000 / 0.000         0.002 / 0.002         0.002 / 0.002         0.002 / 0.002       ms
[240.290s][info][gc,stats    ]    Critical: Relocation Stall                                  0 / 0                 0 / 0                 0 / 0                 0 / 0           ops/s
[240.290s][info][gc,stats    ]    Critical: Relocation Stall                              0.000 / 0.000         0.000 / 0.000         0.000 / 0.000         0.000 / 0.000       ms
[240.291s][info][gc,stats    ]      Memory: Allocation Rate                                  75 / 504              67 / 552              67 / 552              67 / 552         MB/s
[240.292s][info][gc,stats    ]      Memory: Out Of Memory                                     0 / 0                 0 / 0                 0 / 0                 0 / 0           ops/s
[240.292s][info][gc,stats    ]      Memory: Page Cache Flush                                  0 / 0                 0 / 0                 0 / 0                 0 / 0           MB/s
[240.293s][info][gc,stats    ]      Memory: Page Cache Hit L1                                13 / 42               12 / 112              12 / 112              12 / 112         ops/s
[240.293s][info][gc,stats    ]      Memory: Page Cache Hit L2                                 0 / 0                 0 / 0                 0 / 0                 0 / 0           ops/s
[240.294s][info][gc,stats    ]      Memory: Page Cache Hit L3                                 0 / 0                 0 / 31                0 / 31                0 / 31          ops/s
[240.295s][info][gc,stats    ]      Memory: Page Cache Miss                                   0 / 0                 2 / 88                2 / 88                2 / 88          ops/s
[240.295s][info][gc,stats    ]      Memory: Uncommit                                          0 / 0                 0 / 0                 0 / 0                 0 / 0           MB/s
[240.296s][info][gc,stats    ]      Memory: Undo Object Allocation Failed                     0 / 0                 0 / 1                 0 / 1                 0 / 1           ops/s
[240.297s][info][gc,stats    ]      Memory: Undo Object Allocation Succeeded                  0 / 0                 0 / 2                 0 / 2                 0 / 2           ops/s
[240.297s][info][gc,stats    ]      Memory: Undo Page Allocation                              0 / 0                 0 / 25                0 / 25                0 / 25          ops/s
[240.298s][info][gc,stats    ]       Phase: Concurrent Mark                             115.872 / 115.872     671.368 / 2153.078    671.368 / 2153.078    671.368 / 2153.078    ms
[240.299s][info][gc,stats    ]       Phase: Concurrent Mark Continue                      0.000 / 0.000         0.000 / 0.000         0.000 / 0.000         0.000 / 0.000       ms
[240.300s][info][gc,stats    ]       Phase: Concurrent Mark Free                          0.003 / 0.003         0.003 / 0.007         0.003 / 0.007         0.003 / 0.007       ms
[240.300s][info][gc,stats    ]       Phase: Concurrent Process Non-Strong References     10.257 / 10.257       54.950 / 257.265      54.950 / 257.265      54.950 / 257.265     ms
[240.301s][info][gc,stats    ]       Phase: Concurrent Relocate                           1.189 / 1.189        70.789 / 511.550      70.789 / 511.550      70.789 / 511.550     ms
[240.302s][info][gc,stats    ]       Phase: Concurrent Reset Relocation Set               0.009 / 0.009         0.027 / 0.139         0.027 / 0.139         0.027 / 0.139       ms
[240.302s][info][gc,stats    ]       Phase: Concurrent Select Relocation Set              2.117 / 2.117        22.821 / 198.723      22.821 / 198.723      22.821 / 198.723     ms
[240.303s][info][gc,stats    ]       Phase: Pause Mark End                                0.027 / 0.027         0.112 / 1.316         0.112 / 1.316         0.112 / 1.316       ms
[240.303s][info][gc,stats    ]       Phase: Pause Mark Start                              0.043 / 0.043         0.477 / 6.286         0.477 / 6.286         0.477 / 6.286       ms
[240.304s][info][gc,stats    ]       Phase: Pause Relocate Start                          0.012 / 0.012         0.022 / 0.139         0.022 / 0.139         0.022 / 0.139       ms
[240.304s][info][gc,stats    ]    Subphase: Concurrent Classes Purge                      0.545 / 0.545         2.446 / 10.871        2.446 / 10.871        2.446 / 10.871      ms
[240.305s][info][gc,stats    ]    Subphase: Concurrent Classes Unlink                     8.128 / 8.128        39.816 / 206.267      39.816 / 206.267      39.816 / 206.267     ms
[240.306s][info][gc,stats    ]    Subphase: Concurrent Mark                             113.120 / 113.585     643.899 / 2133.644    643.899 / 2133.644    643.899 / 2133.644    ms
[240.306s][info][gc,stats    ]    Subphase: Concurrent Mark Try Flush                     0.263 / 0.417         6.225 / 43.966        6.225 / 43.966        6.225 / 43.966      ms
[240.307s][info][gc,stats    ]    Subphase: Concurrent Mark Try Terminate                 0.509 / 1.303         2.635 / 24.031        2.635 / 24.031        2.635 / 24.031      ms
[240.307s][info][gc,stats    ]    Subphase: Concurrent References Enqueue                 0.032 / 0.032         0.184 / 2.610         0.184 / 2.610         0.184 / 2.610       ms
[240.308s][info][gc,stats    ]    Subphase: Concurrent References Process                 0.328 / 0.328         1.628 / 6.377         1.628 / 6.377         1.628 / 6.377       ms
[240.309s][info][gc,stats    ]    Subphase: Concurrent Roots ClassLoaderDataGraph         0.225 / 0.419         1.918 / 47.494        1.918 / 47.494        1.918 / 47.494      ms
[240.309s][info][gc,stats    ]    Subphase: Concurrent Roots CodeCache                    0.000 / 0.000         0.000 / 0.000         0.000 / 0.000         0.000 / 0.000       ms
[240.310s][info][gc,stats    ]    Subphase: Concurrent Roots JavaThreads                  1.181 / 1.350        13.431 / 61.015       13.431 / 61.015       13.431 / 61.015      ms
[240.311s][info][gc,stats    ]    Subphase: Concurrent Roots OopStorageSet                0.072 / 0.072         3.220 / 72.582        3.220 / 72.582        3.220 / 72.582      ms
[240.311s][info][gc,stats    ]    Subphase: Concurrent Weak Roots OopStorageSet           0.756 / 0.762         3.422 / 14.084        3.422 / 14.084        3.422 / 14.084      ms
[240.312s][info][gc,stats    ]    Subphase: Pause Mark Try Complete                       0.000 / 0.000         0.000 / 0.000         0.000 / 0.000         0.000 / 0.000       ms
[240.313s][info][gc,stats    ]      System: Java Threads                                     74 / 74               74 / 89               74 / 89               74 / 89          threads
[240.313s][info][gc,stats    ] =========================================================================================================================================================
[247.583s][info][gc,start    ] GC(20) Garbage Collection (Proactive)
[247.585s][info][gc,task     ] GC(20) Using 2 workers
[247.585s][info][gc,phases   ] GC(20) Pause Mark Start 0.007ms
[247.680s][info][gc,phases   ] GC(20) Concurrent Mark 93.491ms
[247.681s][info][gc,phases   ] GC(20) Pause Mark End 0.014ms
[247.681s][info][gc,phases   ] GC(20) Concurrent Mark Free 0.002ms
[247.691s][info][gc,phases   ] GC(20) Concurrent Process Non-Strong References 9.210ms
[247.692s][info][gc,phases   ] GC(20) Concurrent Reset Relocation Set 0.008ms
[247.695s][info][gc,phases   ] GC(20) Concurrent Select Relocation Set 2.103ms
[247.696s][info][gc,phases   ] GC(20) Pause Relocate Start 0.017ms
[247.699s][info][gc,phases   ] GC(20) Concurrent Relocate 2.281ms
[247.700s][info][gc,load     ] GC(20) Load: 2.17/5.26/4.24
[247.701s][info][gc,mmu      ] GC(20) MMU: 2ms/0.0%, 5ms/0.0%, 10ms/37.1%, 20ms/68.6%, 50ms/87.4%, 100ms/93.7%
[247.701s][info][gc,marking  ] GC(20) Mark: 2 stripe(s), 6 proactive flush(es), 1 terminate flush(es), 0 completion(s), 0 continuation(s) 
[247.702s][info][gc,marking  ] GC(20) Mark Stack Usage: 32M
[247.702s][info][gc,nmethod  ] GC(20) NMethods: 6390 registered, 920 unregistered
[247.703s][info][gc,metaspace] GC(20) Metaspace: 52M used, 53M committed, 1072M reserved
[247.703s][info][gc,ref      ] GC(20) Soft: 5017 encountered, 0 discovered, 0 enqueued
[247.704s][info][gc,ref      ] GC(20) Weak: 3154 encountered, 365 discovered, 0 enqueued
[247.705s][info][gc,ref      ] GC(20) Final: 86 encountered, 3 discovered, 3 enqueued
[247.705s][info][gc,ref      ] GC(20) Phantom: 479 encountered, 382 discovered, 0 enqueued
[247.706s][info][gc,reloc    ] GC(20) Small Pages: 129 / 258M, Empty: 44M, Relocated: 3M, In-Place: 0
[247.706s][info][gc,reloc    ] GC(20) Medium Pages: 1 / 32M, Empty: 0M, Relocated: 0M, In-Place: 0
[247.707s][info][gc,reloc    ] GC(20) Large Pages: 49 / 622M, Empty: 588M, Relocated: 0M, In-Place: 0
[247.708s][info][gc,reloc    ] GC(20) Forwarding Usage: 0M
[247.709s][info][gc,heap     ] GC(20) Min Capacity: 256M(6%)
[247.709s][info][gc,heap     ] GC(20) Max Capacity: 4096M(100%)
[247.710s][info][gc,heap     ] GC(20) Soft Max Capacity: 4096M(100%)
[247.710s][info][gc,heap     ] GC(20)                Mark Start          Mark End        Relocate Start      Relocate End           High               Low         
[247.711s][info][gc,heap     ] GC(20)  Capacity:     2948M (72%)        2948M (72%)        2948M (72%)        2948M (72%)        2948M (72%)        2948M (72%)    
[247.712s][info][gc,heap     ] GC(20)      Free:     3184M (78%)        3170M (77%)        3802M (93%)        3912M (96%)        3912M (96%)        3170M (77%)    
[247.712s][info][gc,heap     ] GC(20)      Used:      912M (22%)         926M (23%)         294M (7%)          184M (4%)          926M (23%)         184M (4%)     
[247.713s][info][gc,heap     ] GC(20)      Live:         -               128M (3%)          128M (3%)          128M (3%)             -                  -          
[247.713s][info][gc,heap     ] GC(20) Allocated:         -                14M (0%)           14M (0%)           13M (0%)             -                  -          
[247.715s][info][gc,heap     ] GC(20)   Garbage:         -               783M (19%)         151M (4%)           41M (1%)             -                  -          
[247.715s][info][gc,heap     ] GC(20) Reclaimed:         -                  -               632M (15%)         741M (18%)            -                  -          
[247.716s][info][gc          ] GC(20) Garbage Collection (Proactive) 912M(22%)->184M(4%)
[250.283s][info][gc,stats    ] === Garbage Collection Statistics =======================================================================================================================
[250.284s][info][gc,stats    ]                                                              Last 10s              Last 10m              Last 10h                Total
[250.285s][info][gc,stats    ]                                                              Avg / Max             Avg / Max             Avg / Max             Avg / Max
[250.286s][info][gc,stats    ]   Collector: Garbage Collection Cycle                    116.746 / 116.746     834.294 / 2485.059    834.294 / 2485.059    834.294 / 2485.059    ms
[250.286s][info][gc,stats    ]  Contention: Mark Segment Reset Contention                     0 / 0                 0 / 2                 0 / 2                 0 / 2           ops/s
[250.287s][info][gc,stats    ]  Contention: Mark SeqNum Reset Contention                      0 / 0                 0 / 0                 0 / 0                 0 / 0           ops/s
[250.288s][info][gc,stats    ]    Critical: Allocation Stall                                  0 / 0                 0 / 0                 0 / 0                 0 / 0           ops/s
[250.288s][info][gc,stats    ]    Critical: Allocation Stall                              0.000 / 0.000         0.000 / 0.000         0.000 / 0.000         0.000 / 0.000       ms
[250.289s][info][gc,stats    ]    Critical: GC Locker Stall                                   0 / 0                 0 / 1                 0 / 1                 0 / 1           ops/s
[250.290s][info][gc,stats    ]    Critical: GC Locker Stall                               0.000 / 0.000         0.002 / 0.002         0.002 / 0.002         0.002 / 0.002       ms
[250.291s][info][gc,stats    ]    Critical: Relocation Stall                                  0 / 0                 0 / 0                 0 / 0                 0 / 0           ops/s
[250.292s][info][gc,stats    ]    Critical: Relocation Stall                              0.000 / 0.000         0.000 / 0.000         0.000 / 0.000         0.000 / 0.000       ms
[250.292s][info][gc,stats    ]      Memory: Allocation Rate                                  73 / 500              67 / 552              67 / 552              67 / 552         MB/s
[250.293s][info][gc,stats    ]      Memory: Out Of Memory                                     0 / 0                 0 / 0                 0 / 0                 0 / 0           ops/s
[250.294s][info][gc,stats    ]      Memory: Page Cache Flush                                  0 / 0                 0 / 0                 0 / 0                 0 / 0           MB/s
[250.295s][info][gc,stats    ]      Memory: Page Cache Hit L1                                12 / 42               12 / 112              12 / 112              12 / 112         ops/s
[250.296s][info][gc,stats    ]      Memory: Page Cache Hit L2                                 0 / 0                 0 / 0                 0 / 0                 0 / 0           ops/s
[250.297s][info][gc,stats    ]      Memory: Page Cache Hit L3                                 0 / 0                 0 / 31                0 / 31                0 / 31          ops/s
[250.298s][info][gc,stats    ]      Memory: Page Cache Miss                                   0 / 0                 2 / 88                2 / 88                2 / 88          ops/s
[250.298s][info][gc,stats    ]      Memory: Uncommit                                          0 / 0                 0 / 0                 0 / 0                 0 / 0           MB/s
[250.299s][info][gc,stats    ]      Memory: Undo Object Allocation Failed                     0 / 0                 0 / 1                 0 / 1                 0 / 1           ops/s
[250.301s][info][gc,stats    ]      Memory: Undo Object Allocation Succeeded                  0 / 0                 0 / 2                 0 / 2                 0 / 2           ops/s
[250.301s][info][gc,stats    ]      Memory: Undo Page Allocation                              0 / 0                 0 / 25                0 / 25                0 / 25          ops/s
[250.302s][info][gc,stats    ]       Phase: Concurrent Mark                              93.491 / 93.491      643.850 / 2153.078    643.850 / 2153.078    643.850 / 2153.078    ms
[250.303s][info][gc,stats    ]       Phase: Concurrent Mark Continue                      0.000 / 0.000         0.000 / 0.000         0.000 / 0.000         0.000 / 0.000       ms
[250.303s][info][gc,stats    ]       Phase: Concurrent Mark Free                          0.002 / 0.002         0.003 / 0.007         0.003 / 0.007         0.003 / 0.007       ms
[250.304s][info][gc,stats    ]       Phase: Concurrent Process Non-Strong References      9.210 / 9.210        52.772 / 257.265      52.772 / 257.265      52.772 / 257.265     ms
[250.306s][info][gc,stats    ]       Phase: Concurrent Relocate                           2.281 / 2.281        67.527 / 511.550      67.527 / 511.550      67.527 / 511.550     ms
[250.307s][info][gc,stats    ]       Phase: Concurrent Reset Relocation Set               0.008 / 0.008         0.026 / 0.139         0.026 / 0.139         0.026 / 0.139       ms
[250.308s][info][gc,stats    ]       Phase: Concurrent Select Relocation Set              2.103 / 2.103        21.834 / 198.723      21.834 / 198.723      21.834 / 198.723     ms
[250.308s][info][gc,stats    ]       Phase: Pause Mark End                                0.014 / 0.014         0.107 / 1.316         0.107 / 1.316         0.107 / 1.316       ms
[250.309s][info][gc,stats    ]       Phase: Pause Mark Start                              0.007 / 0.007         0.455 / 6.286         0.455 / 6.286         0.455 / 6.286       ms
[250.310s][info][gc,stats    ]       Phase: Pause Relocate Start                          0.017 / 0.017         0.022 / 0.139         0.022 / 0.139         0.022 / 0.139       ms
[250.310s][info][gc,stats    ]    Subphase: Concurrent Classes Purge                      0.481 / 0.481         2.353 / 10.871        2.353 / 10.871        2.353 / 10.871      ms
[250.311s][info][gc,stats    ]    Subphase: Concurrent Classes Unlink                     7.460 / 7.460        38.275 / 206.267      38.275 / 206.267      38.275 / 206.267     ms
[250.312s][info][gc,stats    ]    Subphase: Concurrent Mark                              91.644 / 91.675      617.601 / 2133.644    617.601 / 2133.644    617.601 / 2133.644    ms
[250.313s][info][gc,stats    ]    Subphase: Concurrent Mark Try Flush                     0.200 / 0.307         5.623 / 43.966        5.623 / 43.966        5.623 / 43.966      ms
[250.314s][info][gc,stats    ]    Subphase: Concurrent Mark Try Terminate                 0.874 / 1.307         2.605 / 24.031        2.605 / 24.031        2.605 / 24.031      ms
[250.314s][info][gc,stats    ]    Subphase: Concurrent References Enqueue                 0.006 / 0.006         0.175 / 2.610         0.175 / 2.610         0.175 / 2.610       ms
[250.315s][info][gc,stats    ]    Subphase: Concurrent References Process                 0.304 / 0.304         1.565 / 6.377         1.565 / 6.377         1.565 / 6.377       ms
[250.315s][info][gc,stats    ]    Subphase: Concurrent Roots ClassLoaderDataGraph         0.148 / 0.268         1.827 / 47.494        1.827 / 47.494        1.827 / 47.494      ms
[250.316s][info][gc,stats    ]    Subphase: Concurrent Roots CodeCache                    0.000 / 0.000         0.000 / 0.000         0.000 / 0.000         0.000 / 0.000       ms
[250.317s][info][gc,stats    ]    Subphase: Concurrent Roots JavaThreads                  1.242 / 1.388        12.851 / 61.015       12.851 / 61.015       12.851 / 61.015      ms
[250.318s][info][gc,stats    ]    Subphase: Concurrent Roots OopStorageSet                0.030 / 0.047         3.032 / 72.582        3.032 / 72.582        3.032 / 72.582      ms
[250.319s][info][gc,stats    ]    Subphase: Concurrent Weak Roots OopStorageSet           0.594 / 0.607         3.277 / 14.084        3.277 / 14.084        3.277 / 14.084      ms
[250.320s][info][gc,stats    ]    Subphase: Pause Mark Try Complete                       0.000 / 0.000         0.000 / 0.000         0.000 / 0.000         0.000 / 0.000       ms
[250.321s][info][gc,stats    ]      System: Java Threads                                     74 / 74               74 / 89               74 / 89               74 / 89          threads
[250.322s][info][gc,stats    ] =========================================================================================================================================================
[258.582s][info][gc,start    ] GC(21) Garbage Collection (Proactive)
[258.584s][info][gc,task     ] GC(21) Using 2 workers
[258.585s][info][gc,phases   ] GC(21) Pause Mark Start 0.008ms
[258.671s][info][gc,phases   ] GC(21) Concurrent Mark 85.515ms
[258.673s][info][gc,phases   ] GC(21) Pause Mark End 0.011ms
[258.674s][info][gc,phases   ] GC(21) Concurrent Mark Free 0.001ms
[258.683s][info][gc,phases   ] GC(21) Concurrent Process Non-Strong References 8.208ms
[258.683s][info][gc,phases   ] GC(21) Concurrent Reset Relocation Set 0.007ms
[258.686s][info][gc,phases   ] GC(21) Concurrent Select Relocation Set 1.683ms
[258.686s][info][gc,phases   ] GC(21) Pause Relocate Start 0.008ms
[258.689s][info][gc,phases   ] GC(21) Concurrent Relocate 2.021ms
[258.690s][info][gc,load     ] GC(21) Load: 1.91/5.10/4.19
[258.690s][info][gc,mmu      ] GC(21) MMU: 2ms/0.0%, 5ms/0.0%, 10ms/37.1%, 20ms/68.6%, 50ms/87.4%, 100ms/93.7%
[258.691s][info][gc,marking  ] GC(21) Mark: 2 stripe(s), 2 proactive flush(es), 1 terminate flush(es), 0 completion(s), 0 continuation(s) 
[258.691s][info][gc,marking  ] GC(21) Mark Stack Usage: 32M
[258.692s][info][gc,nmethod  ] GC(21) NMethods: 6405 registered, 920 unregistered
[258.692s][info][gc,metaspace] GC(21) Metaspace: 52M used, 53M committed, 1072M reserved
[258.693s][info][gc,ref      ] GC(21) Soft: 5017 encountered, 0 discovered, 0 enqueued
[258.693s][info][gc,ref      ] GC(21) Weak: 3154 encountered, 134 discovered, 0 enqueued
[258.694s][info][gc,ref      ] GC(21) Final: 85 encountered, 2 discovered, 2 enqueued
[258.694s][info][gc,ref      ] GC(21) Phantom: 479 encountered, 379 discovered, 0 enqueued
[258.695s][info][gc,reloc    ] GC(21) Small Pages: 141 / 282M, Empty: 62M, Relocated: 2M, In-Place: 0
[258.695s][info][gc,reloc    ] GC(21) Medium Pages: 1 / 32M, Empty: 0M, Relocated: 0M, In-Place: 0
[258.696s][info][gc,reloc    ] GC(21) Large Pages: 51 / 634M, Empty: 600M, Relocated: 0M, In-Place: 0
[258.696s][info][gc,reloc    ] GC(21) Forwarding Usage: 0M
[258.697s][info][gc,heap     ] GC(21) Min Capacity: 256M(6%)
[258.697s][info][gc,heap     ] GC(21) Max Capacity: 4096M(100%)
[258.698s][info][gc,heap     ] GC(21) Soft Max Capacity: 4096M(100%)
[258.698s][info][gc,heap     ] GC(21)                Mark Start          Mark End        Relocate Start      Relocate End           High               Low         
[258.699s][info][gc,heap     ] GC(21)  Capacity:     2948M (72%)        2948M (72%)        2948M (72%)        2948M (72%)        2948M (72%)        2948M (72%)    
[258.699s][info][gc,heap     ] GC(21)      Free:     3148M (77%)        3132M (76%)        3794M (93%)        3910M (95%)        3910M (95%)        3132M (76%)    
[258.700s][info][gc,heap     ] GC(21)      Used:      948M (23%)         964M (24%)         302M (7%)          186M (5%)          964M (24%)         186M (5%)     
[258.700s][info][gc,heap     ] GC(21)      Live:         -               128M (3%)          128M (3%)          128M (3%)             -                  -          
[258.701s][info][gc,heap     ] GC(21) Allocated:         -                16M (0%)           16M (0%)           16M (0%)             -                  -          
[258.701s][info][gc,heap     ] GC(21)   Garbage:         -               819M (20%)         157M (4%)           41M (1%)             -                  -          
[258.702s][info][gc,heap     ] GC(21) Reclaimed:         -                  -               662M (16%)         778M (19%)            -                  -          
[258.702s][info][gc          ] GC(21) Garbage Collection (Proactive) 948M(23%)->186M(5%)
[260.284s][info][gc,stats    ] === Garbage Collection Statistics =======================================================================================================================
[260.284s][info][gc,stats    ]                                                              Last 10s              Last 10m              Last 10h                Total
[260.285s][info][gc,stats    ]                                                              Avg / Max             Avg / Max             Avg / Max             Avg / Max
[260.285s][info][gc,stats    ]   Collector: Garbage Collection Cycle                    107.154 / 107.154     801.242 / 2485.059    801.242 / 2485.059    801.242 / 2485.059    ms
[260.286s][info][gc,stats    ]  Contention: Mark Segment Reset Contention                     0 / 0                 0 / 2                 0 / 2                 0 / 2           ops/s
[260.287s][info][gc,stats    ]  Contention: Mark SeqNum Reset Contention                      0 / 0                 0 / 0                 0 / 0                 0 / 0           ops/s
[260.287s][info][gc,stats    ]    Critical: Allocation Stall                                  0 / 0                 0 / 0                 0 / 0                 0 / 0           ops/s
[260.288s][info][gc,stats    ]    Critical: Allocation Stall                              0.000 / 0.000         0.000 / 0.000         0.000 / 0.000         0.000 / 0.000       ms
[260.288s][info][gc,stats    ]    Critical: GC Locker Stall                                   0 / 0                 0 / 1                 0 / 1                 0 / 1           ops/s
[260.289s][info][gc,stats    ]    Critical: GC Locker Stall                               0.000 / 0.000         0.002 / 0.002         0.002 / 0.002         0.002 / 0.002       ms
[260.289s][info][gc,stats    ]    Critical: Relocation Stall                                  0 / 0                 0 / 0                 0 / 0                 0 / 0           ops/s
[260.290s][info][gc,stats    ]    Critical: Relocation Stall                              0.000 / 0.000         0.000 / 0.000         0.000 / 0.000         0.000 / 0.000       ms
[260.290s][info][gc,stats    ]      Memory: Allocation Rate                                  74 / 506              68 / 552              68 / 552              68 / 552         MB/s
[260.291s][info][gc,stats    ]      Memory: Out Of Memory                                     0 / 0                 0 / 0                 0 / 0                 0 / 0           ops/s
[260.291s][info][gc,stats    ]      Memory: Page Cache Flush                                  0 / 0                 0 / 0                 0 / 0                 0 / 0           MB/s
[260.292s][info][gc,stats    ]      Memory: Page Cache Hit L1                                12 / 45               12 / 112              12 / 112              12 / 112         ops/s
[260.292s][info][gc,stats    ]      Memory: Page Cache Hit L2                                 0 / 0                 0 / 0                 0 / 0                 0 / 0           ops/s
[260.292s][info][gc,stats    ]      Memory: Page Cache Hit L3                                 0 / 0                 0 / 31                0 / 31                0 / 31          ops/s
[260.293s][info][gc,stats    ]      Memory: Page Cache Miss                                   0 / 0                 2 / 88                2 / 88                2 / 88          ops/s
[260.294s][info][gc,stats    ]      Memory: Uncommit                                          0 / 0                 0 / 0                 0 / 0                 0 / 0           MB/s
[260.294s][info][gc,stats    ]      Memory: Undo Object Allocation Failed                     0 / 0                 0 / 1                 0 / 1                 0 / 1           ops/s
[260.295s][info][gc,stats    ]      Memory: Undo Object Allocation Succeeded                  0 / 0                 0 / 2                 0 / 2                 0 / 2           ops/s
[260.295s][info][gc,stats    ]      Memory: Undo Page Allocation                              0 / 1                 0 / 25                0 / 25                0 / 25          ops/s
[260.296s][info][gc,stats    ]       Phase: Concurrent Mark                              85.515 / 85.515      618.471 / 2153.078    618.471 / 2153.078    618.471 / 2153.078    ms
[260.296s][info][gc,stats    ]       Phase: Concurrent Mark Continue                      0.000 / 0.000         0.000 / 0.000         0.000 / 0.000         0.000 / 0.000       ms
[260.297s][info][gc,stats    ]       Phase: Concurrent Mark Free                          0.001 / 0.001         0.003 / 0.007         0.003 / 0.007         0.003 / 0.007       ms
[260.297s][info][gc,stats    ]       Phase: Concurrent Process Non-Strong References      8.208 / 8.208        50.746 / 257.265      50.746 / 257.265      50.746 / 257.265     ms
[260.298s][info][gc,stats    ]       Phase: Concurrent Relocate                           2.021 / 2.021        64.549 / 511.550      64.549 / 511.550      64.549 / 511.550     ms
[260.298s][info][gc,stats    ]       Phase: Concurrent Reset Relocation Set               0.007 / 0.007         0.025 / 0.139         0.025 / 0.139         0.025 / 0.139       ms
[260.298s][info][gc,stats    ]       Phase: Concurrent Select Relocation Set              1.683 / 1.683        20.918 / 198.723      20.918 / 198.723      20.918 / 198.723     ms
[260.299s][info][gc,stats    ]       Phase: Pause Mark End                                0.011 / 0.011         0.103 / 1.316         0.103 / 1.316         0.103 / 1.316       ms
[260.299s][info][gc,stats    ]       Phase: Pause Mark Start                              0.008 / 0.008         0.435 / 6.286         0.435 / 6.286         0.435 / 6.286       ms
[260.300s][info][gc,stats    ]       Phase: Pause Relocate Start                          0.008 / 0.008         0.021 / 0.139         0.021 / 0.139         0.021 / 0.139       ms
[260.300s][info][gc,stats    ]    Subphase: Concurrent Classes Purge                      0.367 / 0.367         2.262 / 10.871        2.262 / 10.871        2.262 / 10.871      ms
[260.301s][info][gc,stats    ]    Subphase: Concurrent Classes Unlink                     6.427 / 6.427        36.828 / 206.267      36.828 / 206.267      36.828 / 206.267     ms
[260.301s][info][gc,stats    ]    Subphase: Concurrent Mark                              83.577 / 83.791      593.327 / 2133.644    593.327 / 2133.644    593.327 / 2133.644    ms
[260.302s][info][gc,stats    ]    Subphase: Concurrent Mark Try Flush                     0.207 / 0.286         5.400 / 43.966        5.400 / 43.966        5.400 / 43.966      ms
[260.303s][info][gc,stats    ]    Subphase: Concurrent Mark Try Terminate                 0.433 / 1.112         2.589 / 24.031        2.589 / 24.031        2.589 / 24.031      ms
[260.303s][info][gc,stats    ]    Subphase: Concurrent References Enqueue                 0.006 / 0.006         0.168 / 2.610         0.168 / 2.610         0.168 / 2.610       ms
[260.304s][info][gc,stats    ]    Subphase: Concurrent References Process                 0.222 / 0.222         1.504 / 6.377         1.504 / 6.377         1.504 / 6.377       ms
[260.304s][info][gc,stats    ]    Subphase: Concurrent Roots ClassLoaderDataGraph         0.195 / 0.337         1.748 / 47.494        1.748 / 47.494        1.748 / 47.494      ms
[260.305s][info][gc,stats    ]    Subphase: Concurrent Roots CodeCache                    0.000 / 0.000         0.000 / 0.000         0.000 / 0.000         0.000 / 0.000       ms
[260.305s][info][gc,stats    ]    Subphase: Concurrent Roots JavaThreads                  1.066 / 1.175        12.315 / 61.015       12.315 / 61.015       12.315 / 61.015      ms
[260.306s][info][gc,stats    ]    Subphase: Concurrent Roots OopStorageSet                0.059 / 0.059         2.947 / 72.582        2.947 / 72.582        2.947 / 72.582      ms
[260.306s][info][gc,stats    ]    Subphase: Concurrent Weak Roots OopStorageSet           0.782 / 0.788         3.155 / 14.084        3.155 / 14.084        3.155 / 14.084      ms
[260.307s][info][gc,stats    ]    Subphase: Pause Mark Try Complete                       0.000 / 0.000         0.000 / 0.000         0.000 / 0.000         0.000 / 0.000       ms
[260.307s][info][gc,stats    ]      System: Java Threads                                     74 / 74               74 / 89               74 / 89               74 / 89          threads
[260.308s][info][gc,stats    ] =========================================================================================================================================================
[269.583s][info][gc,start    ] GC(22) Garbage Collection (Proactive)
[269.584s][info][gc,task     ] GC(22) Using 2 workers
[269.585s][info][gc,phases   ] GC(22) Pause Mark Start 0.006ms
[269.668s][info][gc,phases   ] GC(22) Concurrent Mark 82.911ms
[269.669s][info][gc,phases   ] GC(22) Pause Mark End 0.013ms
[269.670s][info][gc,phases   ] GC(22) Concurrent Mark Free 0.001ms
[269.679s][info][gc,phases   ] GC(22) Concurrent Process Non-Strong References 8.700ms
[269.680s][info][gc,phases   ] GC(22) Concurrent Reset Relocation Set 0.007ms
[269.682s][info][gc,phases   ] GC(22) Concurrent Select Relocation Set 1.630ms
[269.683s][info][gc,phases   ] GC(22) Pause Relocate Start 0.007ms
[269.685s][info][gc,phases   ] GC(22) Concurrent Relocate 1.370ms
[269.685s][info][gc,load     ] GC(22) Load: 1.70/4.95/4.15
[269.686s][info][gc,mmu      ] GC(22) MMU: 2ms/0.0%, 5ms/0.0%, 10ms/37.1%, 20ms/68.6%, 50ms/87.4%, 100ms/93.7%
[269.687s][info][gc,marking  ] GC(22) Mark: 2 stripe(s), 2 proactive flush(es), 1 terminate flush(es), 0 completion(s), 0 continuation(s) 
[269.687s][info][gc,marking  ] GC(22) Mark Stack Usage: 32M
[269.688s][info][gc,nmethod  ] GC(22) NMethods: 6414 registered, 920 unregistered
[269.688s][info][gc,metaspace] GC(22) Metaspace: 52M used, 53M committed, 1072M reserved
[269.688s][info][gc,ref      ] GC(22) Soft: 5017 encountered, 0 discovered, 0 enqueued
[269.689s][info][gc,ref      ] GC(22) Weak: 3154 encountered, 373 discovered, 0 enqueued
[269.689s][info][gc,ref      ] GC(22) Final: 85 encountered, 2 discovered, 2 enqueued
[269.690s][info][gc,ref      ] GC(22) Phantom: 479 encountered, 381 discovered, 0 enqueued
[269.690s][info][gc,reloc    ] GC(22) Small Pages: 132 / 264M, Empty: 40M, Relocated: 2M, In-Place: 0
[269.691s][info][gc,reloc    ] GC(22) Medium Pages: 1 / 32M, Empty: 0M, Relocated: 0M, In-Place: 0
[269.691s][info][gc,reloc    ] GC(22) Large Pages: 51 / 634M, Empty: 600M, Relocated: 0M, In-Place: 0
[269.692s][info][gc,reloc    ] GC(22) Forwarding Usage: 0M
[269.692s][info][gc,heap     ] GC(22) Min Capacity: 256M(6%)
[269.693s][info][gc,heap     ] GC(22) Max Capacity: 4096M(100%)
[269.693s][info][gc,heap     ] GC(22) Soft Max Capacity: 4096M(100%)
[269.694s][info][gc,heap     ] GC(22)                Mark Start          Mark End        Relocate Start      Relocate End           High               Low         
[269.694s][info][gc,heap     ] GC(22)  Capacity:     2948M (72%)        2948M (72%)        2948M (72%)        2948M (72%)        2948M (72%)        2948M (72%)    
[269.695s][info][gc,heap     ] GC(22)      Free:     3166M (77%)        3150M (77%)        3790M (93%)        3910M (95%)        3910M (95%)        3150M (77%)    
[269.695s][info][gc,heap     ] GC(22)      Used:      930M (23%)         946M (23%)         306M (7%)          186M (5%)          946M (23%)         186M (5%)     
[269.695s][info][gc,heap     ] GC(22)      Live:         -               128M (3%)          128M (3%)          128M (3%)             -                  -          
[269.696s][info][gc,heap     ] GC(22) Allocated:         -                16M (0%)           16M (0%)           15M (0%)             -                  -          
[269.696s][info][gc,heap     ] GC(22)   Garbage:         -               801M (20%)         161M (4%)           41M (1%)             -                  -          
[269.697s][info][gc,heap     ] GC(22) Reclaimed:         -                  -               640M (16%)         759M (19%)            -                  -          
[269.698s][info][gc          ] GC(22) Garbage Collection (Proactive) 930M(23%)->186M(5%)
[270.283s][info][gc,stats    ] === Garbage Collection Statistics =======================================================================================================================
[270.285s][info][gc,stats    ]                                                              Last 10s              Last 10m              Last 10h                Total
[270.286s][info][gc,stats    ]                                                              Avg / Max             Avg / Max             Avg / Max             Avg / Max
[270.286s][info][gc,stats    ]   Collector: Garbage Collection Cycle                    102.495 / 102.495     770.862 / 2485.059    770.862 / 2485.059    770.862 / 2485.059    ms
[270.287s][info][gc,stats    ]  Contention: Mark Segment Reset Contention                     0 / 0                 0 / 2                 0 / 2                 0 / 2           ops/s
[270.288s][info][gc,stats    ]  Contention: Mark SeqNum Reset Contention                      0 / 0                 0 / 0                 0 / 0                 0 / 0           ops/s
[270.289s][info][gc,stats    ]    Critical: Allocation Stall                                  0 / 0                 0 / 0                 0 / 0                 0 / 0           ops/s
[270.291s][info][gc,stats    ]    Critical: Allocation Stall                              0.000 / 0.000         0.000 / 0.000         0.000 / 0.000         0.000 / 0.000       ms
[270.292s][info][gc,stats    ]    Critical: GC Locker Stall                                   0 / 0                 0 / 1                 0 / 1                 0 / 1           ops/s
[270.292s][info][gc,stats    ]    Critical: GC Locker Stall                               0.000 / 0.000         0.002 / 0.002         0.002 / 0.002         0.002 / 0.002       ms
[270.294s][info][gc,stats    ]    Critical: Relocation Stall                                  0 / 0                 0 / 0                 0 / 0                 0 / 0           ops/s
[270.296s][info][gc,stats    ]    Critical: Relocation Stall                              0.000 / 0.000         0.000 / 0.000         0.000 / 0.000         0.000 / 0.000       ms
[270.297s][info][gc,stats    ]      Memory: Allocation Rate                                  75 / 516              68 / 552              68 / 552              68 / 552         MB/s
[270.298s][info][gc,stats    ]      Memory: Out Of Memory                                     0 / 0                 0 / 0                 0 / 0                 0 / 0           ops/s
[270.299s][info][gc,stats    ]      Memory: Page Cache Flush                                  0 / 0                 0 / 0                 0 / 0                 0 / 0           MB/s
[270.300s][info][gc,stats    ]      Memory: Page Cache Hit L1                                13 / 50               12 / 112              12 / 112              12 / 112         ops/s
[270.302s][info][gc,stats    ]      Memory: Page Cache Hit L2                                 0 / 0                 0 / 0                 0 / 0                 0 / 0           ops/s
[270.303s][info][gc,stats    ]      Memory: Page Cache Hit L3                                 0 / 0                 0 / 31                0 / 31                0 / 31          ops/s
[270.304s][info][gc,stats    ]      Memory: Page Cache Miss                                   0 / 0                 2 / 88                2 / 88                2 / 88          ops/s
[270.305s][info][gc,stats    ]      Memory: Uncommit                                          0 / 0                 0 / 0                 0 / 0                 0 / 0           MB/s
[270.306s][info][gc,stats    ]      Memory: Undo Object Allocation Failed                     0 / 0                 0 / 1                 0 / 1                 0 / 1           ops/s
[270.310s][info][gc,stats    ]      Memory: Undo Object Allocation Succeeded                  0 / 0                 0 / 2                 0 / 2                 0 / 2           ops/s
[270.312s][info][gc,stats    ]      Memory: Undo Page Allocation                              0 / 0                 0 / 25                0 / 25                0 / 25          ops/s
[270.313s][info][gc,stats    ]       Phase: Concurrent Mark                              82.911 / 82.911      595.186 / 2153.078    595.186 / 2153.078    595.186 / 2153.078    ms
[270.314s][info][gc,stats    ]       Phase: Concurrent Mark Continue                      0.000 / 0.000         0.000 / 0.000         0.000 / 0.000         0.000 / 0.000       ms
[270.315s][info][gc,stats    ]       Phase: Concurrent Mark Free                          0.001 / 0.001         0.003 / 0.007         0.003 / 0.007         0.003 / 0.007       ms
[270.317s][info][gc,stats    ]       Phase: Concurrent Process Non-Strong References      8.700 / 8.700        48.918 / 257.265      48.918 / 257.265      48.918 / 257.265     ms
[270.318s][info][gc,stats    ]       Phase: Concurrent Relocate                           1.370 / 1.370        61.802 / 511.550      61.802 / 511.550      61.802 / 511.550     ms
[270.320s][info][gc,stats    ]       Phase: Concurrent Reset Relocation Set               0.007 / 0.007         0.024 / 0.139         0.024 / 0.139         0.024 / 0.139       ms
[270.322s][info][gc,stats    ]       Phase: Concurrent Select Relocation Set              1.630 / 1.630        20.079 / 198.723      20.079 / 198.723      20.079 / 198.723     ms
[270.324s][info][gc,stats    ]       Phase: Pause Mark End                                0.013 / 0.013         0.099 / 1.316         0.099 / 1.316         0.099 / 1.316       ms
[270.325s][info][gc,stats    ]       Phase: Pause Mark Start                              0.006 / 0.006         0.416 / 6.286         0.416 / 6.286         0.416 / 6.286       ms
[270.326s][info][gc,stats    ]       Phase: Pause Relocate Start                          0.007 / 0.007         0.021 / 0.139         0.021 / 0.139         0.021 / 0.139       ms
[270.327s][info][gc,stats    ]    Subphase: Concurrent Classes Purge                      0.405 / 0.405         2.182 / 10.871        2.182 / 10.871        2.182 / 10.871      ms
[270.327s][info][gc,stats    ]    Subphase: Concurrent Classes Unlink                     6.958 / 6.958        35.529 / 206.267      35.529 / 206.267      35.529 / 206.267     ms
[270.328s][info][gc,stats    ]    Subphase: Concurrent Mark                              80.463 / 80.572      571.029 / 2133.644    571.029 / 2133.644    571.029 / 2133.644    ms
[270.329s][info][gc,stats    ]    Subphase: Concurrent Mark Try Flush                     0.210 / 0.287         5.195 / 43.966        5.195 / 43.966        5.195 / 43.966      ms
[270.330s][info][gc,stats    ]    Subphase: Concurrent Mark Try Terminate                 0.642 / 1.250         2.571 / 24.031        2.571 / 24.031        2.571 / 24.031      ms
[270.331s][info][gc,stats    ]    Subphase: Concurrent References Enqueue                 0.005 / 0.005         0.160 / 2.610         0.160 / 2.610         0.160 / 2.610       ms
[270.332s][info][gc,stats    ]    Subphase: Concurrent References Process                 0.210 / 0.210         1.447 / 6.377         1.447 / 6.377         1.447 / 6.377       ms
[270.333s][info][gc,stats    ]    Subphase: Concurrent Roots ClassLoaderDataGraph         0.164 / 0.298         1.674 / 47.494        1.674 / 47.494        1.674 / 47.494      ms
[270.334s][info][gc,stats    ]    Subphase: Concurrent Roots CodeCache                    0.000 / 0.000         0.000 / 0.000         0.000 / 0.000         0.000 / 0.000       ms
[270.335s][info][gc,stats    ]    Subphase: Concurrent Roots JavaThreads                  1.399 / 1.588        11.840 / 61.015       11.840 / 61.015       11.840 / 61.015      ms
[270.336s][info][gc,stats    ]    Subphase: Concurrent Roots OopStorageSet                0.056 / 0.067         2.791 / 72.582        2.791 / 72.582        2.791 / 72.582      ms
[270.338s][info][gc,stats    ]    Subphase: Concurrent Weak Roots OopStorageSet           0.753 / 0.759         3.044 / 14.084        3.044 / 14.084        3.044 / 14.084      ms
[270.339s][info][gc,stats    ]    Subphase: Pause Mark Try Complete                       0.000 / 0.000         0.000 / 0.000         0.000 / 0.000         0.000 / 0.000       ms
[270.341s][info][gc,stats    ]      System: Java Threads                                     74 / 74               74 / 89               74 / 89               74 / 89          threads
[270.341s][info][gc,stats    ] =========================================================================================================================================================
[280.282s][info][gc,stats    ] === Garbage Collection Statistics =======================================================================================================================
[280.284s][info][gc,stats    ]                                                              Last 10s              Last 10m              Last 10h                Total
[280.284s][info][gc,stats    ]                                                              Avg / Max             Avg / Max             Avg / Max             Avg / Max
[280.285s][info][gc,stats    ]   Collector: Garbage Collection Cycle                      0.000 / 0.000       770.862 / 2485.059    770.862 / 2485.059    770.862 / 2485.059    ms
[280.285s][info][gc,stats    ]  Contention: Mark Segment Reset Contention                     0 / 0                 0 / 2                 0 / 2                 0 / 2           ops/s
[280.286s][info][gc,stats    ]  Contention: Mark SeqNum Reset Contention                      0 / 0                 0 / 0                 0 / 0                 0 / 0           ops/s
[280.287s][info][gc,stats    ]    Critical: Allocation Stall                                  0 / 0                 0 / 0                 0 / 0                 0 / 0           ops/s
[280.287s][info][gc,stats    ]    Critical: Allocation Stall                              0.000 / 0.000         0.000 / 0.000         0.000 / 0.000         0.000 / 0.000       ms
[280.288s][info][gc,stats    ]    Critical: GC Locker Stall                                   0 / 0                 0 / 1                 0 / 1                 0 / 1           ops/s
[280.288s][info][gc,stats    ]    Critical: GC Locker Stall                               0.000 / 0.000         0.002 / 0.002         0.002 / 0.002         0.002 / 0.002       ms
[280.289s][info][gc,stats    ]    Critical: Relocation Stall                                  0 / 0                 0 / 0                 0 / 0                 0 / 0           ops/s
[280.289s][info][gc,stats    ]    Critical: Relocation Stall                              0.000 / 0.000         0.000 / 0.000         0.000 / 0.000         0.000 / 0.000       ms
[280.290s][info][gc,stats    ]      Memory: Allocation Rate                                  26 / 38               66 / 552              66 / 552              66 / 552         MB/s
[280.290s][info][gc,stats    ]      Memory: Out Of Memory                                     0 / 0                 0 / 0                 0 / 0                 0 / 0           ops/s
[280.291s][info][gc,stats    ]      Memory: Page Cache Flush                                  0 / 0                 0 / 0                 0 / 0                 0 / 0           MB/s
[280.291s][info][gc,stats    ]      Memory: Page Cache Hit L1                                 9 / 15               12 / 112              12 / 112              12 / 112         ops/s
[280.292s][info][gc,stats    ]      Memory: Page Cache Hit L2                                 0 / 0                 0 / 0                 0 / 0                 0 / 0           ops/s
[280.292s][info][gc,stats    ]      Memory: Page Cache Hit L3                                 0 / 0                 0 / 31                0 / 31                0 / 31          ops/s
[280.293s][info][gc,stats    ]      Memory: Page Cache Miss                                   0 / 0                 2 / 88                2 / 88                2 / 88          ops/s
[280.294s][info][gc,stats    ]      Memory: Uncommit                                          0 / 0                 0 / 0                 0 / 0                 0 / 0           MB/s
[280.294s][info][gc,stats    ]      Memory: Undo Object Allocation Failed                     0 / 0                 0 / 1                 0 / 1                 0 / 1           ops/s
[280.295s][info][gc,stats    ]      Memory: Undo Object Allocation Succeeded                  0 / 0                 0 / 2                 0 / 2                 0 / 2           ops/s
[280.295s][info][gc,stats    ]      Memory: Undo Page Allocation                              0 / 0                 0 / 25                0 / 25                0 / 25          ops/s
[280.296s][info][gc,stats    ]       Phase: Concurrent Mark                               0.000 / 0.000       595.186 / 2153.078    595.186 / 2153.078    595.186 / 2153.078    ms
[280.297s][info][gc,stats    ]       Phase: Concurrent Mark Continue                      0.000 / 0.000         0.000 / 0.000         0.000 / 0.000         0.000 / 0.000       ms
[280.297s][info][gc,stats    ]       Phase: Concurrent Mark Free                          0.000 / 0.000         0.003 / 0.007         0.003 / 0.007         0.003 / 0.007       ms
[280.298s][info][gc,stats    ]       Phase: Concurrent Process Non-Strong References      0.000 / 0.000        48.918 / 257.265      48.918 / 257.265      48.918 / 257.265     ms
[280.298s][info][gc,stats    ]       Phase: Concurrent Relocate                           0.000 / 0.000        61.802 / 511.550      61.802 / 511.550      61.802 / 511.550     ms
[280.298s][info][gc,stats    ]       Phase: Concurrent Reset Relocation Set               0.000 / 0.000         0.024 / 0.139         0.024 / 0.139         0.024 / 0.139       ms
[280.299s][info][gc,stats    ]       Phase: Concurrent Select Relocation Set              0.000 / 0.000        20.079 / 198.723      20.079 / 198.723      20.079 / 198.723     ms
[280.299s][info][gc,stats    ]       Phase: Pause Mark End                                0.000 / 0.000         0.099 / 1.316         0.099 / 1.316         0.099 / 1.316       ms
[280.300s][info][gc,stats    ]       Phase: Pause Mark Start                              0.000 / 0.000         0.416 / 6.286         0.416 / 6.286         0.416 / 6.286       ms
[280.300s][info][gc,stats    ]       Phase: Pause Relocate Start                          0.000 / 0.000         0.021 / 0.139         0.021 / 0.139         0.021 / 0.139       ms
[280.301s][info][gc,stats    ]    Subphase: Concurrent Classes Purge                      0.000 / 0.000         2.182 / 10.871        2.182 / 10.871        2.182 / 10.871      ms
[280.301s][info][gc,stats    ]    Subphase: Concurrent Classes Unlink                     0.000 / 0.000        35.529 / 206.267      35.529 / 206.267      35.529 / 206.267     ms
[280.301s][info][gc,stats    ]    Subphase: Concurrent Mark                               0.000 / 0.000       571.029 / 2133.644    571.029 / 2133.644    571.029 / 2133.644    ms
[280.302s][info][gc,stats    ]    Subphase: Concurrent Mark Try Flush                     0.000 / 0.000         5.195 / 43.966        5.195 / 43.966        5.195 / 43.966      ms
[280.302s][info][gc,stats    ]    Subphase: Concurrent Mark Try Terminate                 0.000 / 0.000         2.571 / 24.031        2.571 / 24.031        2.571 / 24.031      ms
[280.303s][info][gc,stats    ]    Subphase: Concurrent References Enqueue                 0.000 / 0.000         0.160 / 2.610         0.160 / 2.610         0.160 / 2.610       ms
[280.303s][info][gc,stats    ]    Subphase: Concurrent References Process                 0.000 / 0.000         1.447 / 6.377         1.447 / 6.377         1.447 / 6.377       ms
[280.304s][info][gc,stats    ]    Subphase: Concurrent Roots ClassLoaderDataGraph         0.000 / 0.000         1.674 / 47.494        1.674 / 47.494        1.674 / 47.494      ms
[280.304s][info][gc,stats    ]    Subphase: Concurrent Roots CodeCache                    0.000 / 0.000         0.000 / 0.000         0.000 / 0.000         0.000 / 0.000       ms
[280.305s][info][gc,stats    ]    Subphase: Concurrent Roots JavaThreads                  0.000 / 0.000        11.840 / 61.015       11.840 / 61.015       11.840 / 61.015      ms
[280.305s][info][gc,stats    ]    Subphase: Concurrent Roots OopStorageSet                0.000 / 0.000         2.791 / 72.582        2.791 / 72.582        2.791 / 72.582      ms
[280.306s][info][gc,stats    ]    Subphase: Concurrent Weak Roots OopStorageSet           0.000 / 0.000         3.044 / 14.084        3.044 / 14.084        3.044 / 14.084      ms
[280.306s][info][gc,stats    ]    Subphase: Pause Mark Try Complete                       0.000 / 0.000         0.000 / 0.000         0.000 / 0.000         0.000 / 0.000       ms
[280.307s][info][gc,stats    ]      System: Java Threads                                      0 / 0                74 / 89               74 / 89               74 / 89          threads
[280.307s][info][gc,stats    ] =========================================================================================================================================================
[280.583s][info][gc,start    ] GC(23) Garbage Collection (Proactive)
[280.584s][info][gc,task     ] GC(23) Using 2 workers
[280.585s][info][gc,phases   ] GC(23) Pause Mark Start 0.008ms
[280.670s][info][gc,phases   ] GC(23) Concurrent Mark 84.783ms
[280.672s][info][gc,phases   ] GC(23) Pause Mark End 0.015ms
[280.673s][info][gc,phases   ] GC(23) Concurrent Mark Free 0.001ms
[280.683s][info][gc,phases   ] GC(23) Concurrent Process Non-Strong References 9.406ms
[280.684s][info][gc,phases   ] GC(23) Concurrent Reset Relocation Set 0.009ms
[280.687s][info][gc,phases   ] GC(23) Concurrent Select Relocation Set 2.492ms
[280.688s][info][gc,phases   ] GC(23) Pause Relocate Start 0.010ms
[280.692s][info][gc,phases   ] GC(23) Concurrent Relocate 2.926ms
[280.692s][info][gc,load     ] GC(23) Load: 1.44/4.79/4.11
[280.693s][info][gc,mmu      ] GC(23) MMU: 2ms/0.0%, 5ms/0.0%, 10ms/37.1%, 20ms/68.6%, 50ms/87.4%, 100ms/93.7%
[280.694s][info][gc,marking  ] GC(23) Mark: 2 stripe(s), 2 proactive flush(es), 1 terminate flush(es), 0 completion(s), 0 continuation(s) 
[280.694s][info][gc,marking  ] GC(23) Mark Stack Usage: 32M
[280.695s][info][gc,nmethod  ] GC(23) NMethods: 6429 registered, 920 unregistered
[280.695s][info][gc,metaspace] GC(23) Metaspace: 52M used, 53M committed, 1072M reserved
[280.696s][info][gc,ref      ] GC(23) Soft: 5017 encountered, 0 discovered, 0 enqueued
[280.696s][info][gc,ref      ] GC(23) Weak: 3154 encountered, 380 discovered, 0 enqueued
[280.697s][info][gc,ref      ] GC(23) Final: 85 encountered, 2 discovered, 2 enqueued
[280.697s][info][gc,ref      ] GC(23) Phantom: 479 encountered, 378 discovered, 0 enqueued
[280.698s][info][gc,reloc    ] GC(23) Small Pages: 141 / 282M, Empty: 58M, Relocated: 5M, In-Place: 0
[280.698s][info][gc,reloc    ] GC(23) Medium Pages: 1 / 32M, Empty: 0M, Relocated: 0M, In-Place: 0
[280.699s][info][gc,reloc    ] GC(23) Large Pages: 51 / 634M, Empty: 600M, Relocated: 0M, In-Place: 0
[280.699s][info][gc,reloc    ] GC(23) Forwarding Usage: 1M
[280.700s][info][gc,heap     ] GC(23) Min Capacity: 256M(6%)
[280.700s][info][gc,heap     ] GC(23) Max Capacity: 4096M(100%)
[280.701s][info][gc,heap     ] GC(23) Soft Max Capacity: 4096M(100%)
[280.701s][info][gc,heap     ] GC(23)                Mark Start          Mark End        Relocate Start      Relocate End           High               Low         
[280.702s][info][gc,heap     ] GC(23)  Capacity:     2948M (72%)        2948M (72%)        2948M (72%)        2948M (72%)        2948M (72%)        2948M (72%)    
[280.702s][info][gc,heap     ] GC(23)      Free:     3148M (77%)        3130M (76%)        3788M (92%)        3910M (95%)        3910M (95%)        3130M (76%)    
[280.703s][info][gc,heap     ] GC(23)      Used:      948M (23%)         966M (24%)         308M (8%)          186M (5%)          966M (24%)         186M (5%)     
[280.703s][info][gc,heap     ] GC(23)      Live:         -               128M (3%)          128M (3%)          128M (3%)             -                  -          
[280.704s][info][gc,heap     ] GC(23) Allocated:         -                18M (0%)           18M (0%)           17M (0%)             -                  -          
[280.705s][info][gc,heap     ] GC(23)   Garbage:         -               819M (20%)         161M (4%)           39M (1%)             -                  -          
[280.705s][info][gc,heap     ] GC(23) Reclaimed:         -                  -               658M (16%)         779M (19%)            -                  -          
[280.706s][info][gc          ] GC(23) Garbage Collection (Proactive) 948M(23%)->186M(5%)
[290.283s][info][gc,stats    ] === Garbage Collection Statistics =======================================================================================================================
[290.283s][info][gc,stats    ]                                                              Last 10s              Last 10m              Last 10h                Total
[290.288s][info][gc,stats    ]                                                              Avg / Max             Avg / Max             Avg / Max             Avg / Max
[290.288s][info][gc,stats    ]   Collector: Garbage Collection Cycle                    109.701 / 109.701     743.314 / 2485.059    743.314 / 2485.059    743.314 / 2485.059    ms
[290.289s][info][gc,stats    ]  Contention: Mark Segment Reset Contention                     0 / 1                 0 / 2                 0 / 2                 0 / 2           ops/s
[290.289s][info][gc,stats    ]  Contention: Mark SeqNum Reset Contention                      0 / 0                 0 / 0                 0 / 0                 0 / 0           ops/s
[290.290s][info][gc,stats    ]    Critical: Allocation Stall                                  0 / 0                 0 / 0                 0 / 0                 0 / 0           ops/s
[290.290s][info][gc,stats    ]    Critical: Allocation Stall                              0.000 / 0.000         0.000 / 0.000         0.000 / 0.000         0.000 / 0.000       ms
[290.291s][info][gc,stats    ]    Critical: GC Locker Stall                                   0 / 0                 0 / 1                 0 / 1                 0 / 1           ops/s
[290.291s][info][gc,stats    ]    Critical: GC Locker Stall                               0.000 / 0.000         0.002 / 0.002         0.002 / 0.002         0.002 / 0.002       ms
[290.292s][info][gc,stats    ]    Critical: Relocation Stall                                  0 / 0                 0 / 0                 0 / 0                 0 / 0           ops/s
[290.293s][info][gc,stats    ]    Critical: Relocation Stall                              0.000 / 0.000         0.000 / 0.000         0.000 / 0.000         0.000 / 0.000       ms
[290.294s][info][gc,stats    ]      Memory: Allocation Rate                                  73 / 494              66 / 552              66 / 552              66 / 552         MB/s
[290.294s][info][gc,stats    ]      Memory: Out Of Memory                                     0 / 0                 0 / 0                 0 / 0                 0 / 0           ops/s
[290.295s][info][gc,stats    ]      Memory: Page Cache Flush                                  0 / 0                 0 / 0                 0 / 0                 0 / 0           MB/s
[290.295s][info][gc,stats    ]      Memory: Page Cache Hit L1                                12 / 44               12 / 112              12 / 112              12 / 112         ops/s
[290.296s][info][gc,stats    ]      Memory: Page Cache Hit L2                                 0 / 0                 0 / 0                 0 / 0                 0 / 0           ops/s
[290.296s][info][gc,stats    ]      Memory: Page Cache Hit L3                                 0 / 0                 0 / 31                0 / 31                0 / 31          ops/s
[290.297s][info][gc,stats    ]      Memory: Page Cache Miss                                   0 / 0                 1 / 88                1 / 88                1 / 88          ops/s
[290.298s][info][gc,stats    ]      Memory: Uncommit                                          0 / 0                 0 / 0                 0 / 0                 0 / 0           MB/s
[290.299s][info][gc,stats    ]      Memory: Undo Object Allocation Failed                     0 / 0                 0 / 1                 0 / 1                 0 / 1           ops/s
[290.299s][info][gc,stats    ]      Memory: Undo Object Allocation Succeeded                  0 / 0                 0 / 2                 0 / 2                 0 / 2           ops/s
[290.299s][info][gc,stats    ]      Memory: Undo Page Allocation                              0 / 0                 0 / 25                0 / 25                0 / 25          ops/s
[290.300s][info][gc,stats    ]       Phase: Concurrent Mark                              84.783 / 84.783      573.919 / 2153.078    573.919 / 2153.078    573.919 / 2153.078    ms
[290.301s][info][gc,stats    ]       Phase: Concurrent Mark Continue                      0.000 / 0.000         0.000 / 0.000         0.000 / 0.000         0.000 / 0.000       ms
[290.301s][info][gc,stats    ]       Phase: Concurrent Mark Free                          0.001 / 0.001         0.003 / 0.007         0.003 / 0.007         0.003 / 0.007       ms
[290.302s][info][gc,stats    ]       Phase: Concurrent Process Non-Strong References      9.406 / 9.406        47.271 / 257.265      47.271 / 257.265      47.271 / 257.265     ms
[290.302s][info][gc,stats    ]       Phase: Concurrent Relocate                           2.926 / 2.926        59.349 / 511.550      59.349 / 511.550      59.349 / 511.550     ms
[290.302s][info][gc,stats    ]       Phase: Concurrent Reset Relocation Set               0.009 / 0.009         0.023 / 0.139         0.023 / 0.139         0.023 / 0.139       ms
[290.303s][info][gc,stats    ]       Phase: Concurrent Select Relocation Set              2.492 / 2.492        19.347 / 198.723      19.347 / 198.723      19.347 / 198.723     ms
[290.303s][info][gc,stats    ]       Phase: Pause Mark End                                0.015 / 0.015         0.095 / 1.316         0.095 / 1.316         0.095 / 1.316       ms
[290.304s][info][gc,stats    ]       Phase: Pause Mark Start                              0.008 / 0.008         0.399 / 6.286         0.399 / 6.286         0.399 / 6.286       ms
[290.304s][info][gc,stats    ]       Phase: Pause Relocate Start                          0.010 / 0.010         0.020 / 0.139         0.020 / 0.139         0.020 / 0.139       ms
[290.305s][info][gc,stats    ]    Subphase: Concurrent Classes Purge                      0.380 / 0.380         2.107 / 10.871        2.107 / 10.871        2.107 / 10.871      ms
[290.305s][info][gc,stats    ]    Subphase: Concurrent Classes Unlink                     7.466 / 7.466        34.360 / 206.267      34.360 / 206.267      34.360 / 206.267     ms
[290.305s][info][gc,stats    ]    Subphase: Concurrent Mark                              82.725 / 82.855      550.683 / 2133.644    550.683 / 2133.644    550.683 / 2133.644    ms
[290.306s][info][gc,stats    ]    Subphase: Concurrent Mark Try Flush                     0.222 / 0.309         5.006 / 43.966        5.006 / 43.966        5.006 / 43.966      ms
[290.306s][info][gc,stats    ]    Subphase: Concurrent Mark Try Terminate                 0.483 / 1.278         2.556 / 24.031        2.556 / 24.031        2.556 / 24.031      ms
[290.307s][info][gc,stats    ]    Subphase: Concurrent References Enqueue                 0.006 / 0.006         0.154 / 2.610         0.154 / 2.610         0.154 / 2.610       ms
[290.307s][info][gc,stats    ]    Subphase: Concurrent References Process                 0.276 / 0.276         1.399 / 6.377         1.399 / 6.377         1.399 / 6.377       ms
[290.308s][info][gc,stats    ]    Subphase: Concurrent Roots ClassLoaderDataGraph         0.173 / 0.272         1.607 / 47.494        1.607 / 47.494        1.607 / 47.494      ms
[290.308s][info][gc,stats    ]    Subphase: Concurrent Roots CodeCache                    0.000 / 0.000         0.000 / 0.000         0.000 / 0.000         0.000 / 0.000       ms
[290.309s][info][gc,stats    ]    Subphase: Concurrent Roots JavaThreads                  1.238 / 1.316        11.399 / 61.015       11.399 / 61.015       11.399 / 61.015      ms
[290.310s][info][gc,stats    ]    Subphase: Concurrent Roots OopStorageSet                0.038 / 0.049         2.650 / 72.582        2.650 / 72.582        2.650 / 72.582      ms
[290.310s][info][gc,stats    ]    Subphase: Concurrent Weak Roots OopStorageSet           0.843 / 0.858         2.946 / 14.084        2.946 / 14.084        2.946 / 14.084      ms
[290.311s][info][gc,stats    ]    Subphase: Pause Mark Try Complete                       0.000 / 0.000         0.000 / 0.000         0.000 / 0.000         0.000 / 0.000       ms
[290.312s][info][gc,stats    ]      System: Java Threads                                     74 / 74               74 / 89               74 / 89               74 / 89          threads
[290.312s][info][gc,stats    ] =========================================================================================================================================================
[291.583s][info][gc,start    ] GC(24) Garbage Collection (Proactive)
[291.584s][info][gc,task     ] GC(24) Using 2 workers
[291.585s][info][gc,phases   ] GC(24) Pause Mark Start 0.064ms
[291.714s][info][gc,phases   ] GC(24) Concurrent Mark 128.072ms
[291.716s][info][gc,phases   ] GC(24) Pause Mark End 0.033ms
[291.717s][info][gc,phases   ] GC(24) Concurrent Mark Free 0.002ms
[291.737s][info][gc,phases   ] GC(24) Concurrent Process Non-Strong References 18.495ms
[291.740s][info][gc,phases   ] GC(24) Concurrent Reset Relocation Set 0.011ms
[291.753s][info][gc,phases   ] GC(24) Concurrent Select Relocation Set 4.625ms
[291.757s][info][gc,phases   ] GC(24) Pause Relocate Start 0.030ms
[291.769s][info][gc,phases   ] GC(24) Concurrent Relocate 10.708ms
[291.771s][info][gc,load     ] GC(24) Load: 1.42/4.62/4.06
[291.773s][info][gc,mmu      ] GC(24) MMU: 2ms/0.0%, 5ms/0.0%, 10ms/37.1%, 20ms/68.6%, 50ms/87.4%, 100ms/93.7%
[291.774s][info][gc,marking  ] GC(24) Mark: 2 stripe(s), 2 proactive flush(es), 1 terminate flush(es), 0 completion(s), 0 continuation(s) 
[291.775s][info][gc,marking  ] GC(24) Mark Stack Usage: 32M
[291.776s][info][gc,nmethod  ] GC(24) NMethods: 6461 registered, 920 unregistered
[291.777s][info][gc,metaspace] GC(24) Metaspace: 52M used, 53M committed, 1072M reserved
[291.778s][info][gc,ref      ] GC(24) Soft: 5017 encountered, 0 discovered, 0 enqueued
[291.778s][info][gc,ref      ] GC(24) Weak: 3154 encountered, 281 discovered, 0 enqueued
[291.779s][info][gc,ref      ] GC(24) Final: 85 encountered, 2 discovered, 2 enqueued
[291.780s][info][gc,ref      ] GC(24) Phantom: 479 encountered, 324 discovered, 0 enqueued
[291.781s][info][gc,reloc    ] GC(24) Small Pages: 139 / 278M, Empty: 52M, Relocated: 5M, In-Place: 0
[291.782s][info][gc,reloc    ] GC(24) Medium Pages: 1 / 32M, Empty: 0M, Relocated: 0M, In-Place: 0
[291.783s][info][gc,reloc    ] GC(24) Large Pages: 51 / 634M, Empty: 600M, Relocated: 0M, In-Place: 0
[291.784s][info][gc,reloc    ] GC(24) Forwarding Usage: 1M
[291.785s][info][gc,heap     ] GC(24) Min Capacity: 256M(6%)
[291.786s][info][gc,heap     ] GC(24) Max Capacity: 4096M(100%)
[291.787s][info][gc,heap     ] GC(24) Soft Max Capacity: 4096M(100%)
[291.788s][info][gc,heap     ] GC(24)                Mark Start          Mark End        Relocate Start      Relocate End           High               Low         
[291.789s][info][gc,heap     ] GC(24)  Capacity:     2948M (72%)        2948M (72%)        2948M (72%)        2948M (72%)        2948M (72%)        2948M (72%)    
[291.789s][info][gc,heap     ] GC(24)      Free:     3152M (77%)        3136M (77%)        3788M (92%)        3908M (95%)        3908M (95%)        3136M (77%)    
[291.791s][info][gc,heap     ] GC(24)      Used:      944M (23%)         960M (23%)         308M (8%)          188M (5%)          960M (23%)         188M (5%)     
[291.792s][info][gc,heap     ] GC(24)      Live:         -               128M (3%)          128M (3%)          128M (3%)             -                  -          
[291.794s][info][gc,heap     ] GC(24) Allocated:         -                16M (0%)           16M (0%)           17M (0%)             -                  -          
[291.795s][info][gc,heap     ] GC(24)   Garbage:         -               815M (20%)         163M (4%)           41M (1%)             -                  -          
[291.795s][info][gc,heap     ] GC(24) Reclaimed:         -                  -               652M (16%)         773M (19%)            -                  -          
[291.796s][info][gc          ] GC(24) Garbage Collection (Proactive) 944M(23%)->188M(5%)
[300.283s][info][gc,stats    ] === Garbage Collection Statistics =======================================================================================================================
[300.285s][info][gc,stats    ]                                                              Last 10s              Last 10m              Last 10h                Total
[300.285s][info][gc,stats    ]                                                              Avg / Max             Avg / Max             Avg / Max             Avg / Max
[300.286s][info][gc,stats    ]   Collector: Garbage Collection Cycle                    187.658 / 187.658     721.087 / 2485.059    721.087 / 2485.059    721.087 / 2485.059    ms
[300.286s][info][gc,stats    ]  Contention: Mark Segment Reset Contention                     0 / 0                 0 / 2                 0 / 2                 0 / 2           ops/s
[300.287s][info][gc,stats    ]  Contention: Mark SeqNum Reset Contention                      0 / 0                 0 / 0                 0 / 0                 0 / 0           ops/s
[300.287s][info][gc,stats    ]    Critical: Allocation Stall                                  0 / 0                 0 / 0                 0 / 0                 0 / 0           ops/s
[300.288s][info][gc,stats    ]    Critical: Allocation Stall                              0.000 / 0.000         0.000 / 0.000         0.000 / 0.000         0.000 / 0.000       ms
[300.289s][info][gc,stats    ]    Critical: GC Locker Stall                                   0 / 0                 0 / 1                 0 / 1                 0 / 1           ops/s
[300.289s][info][gc,stats    ]    Critical: GC Locker Stall                               0.000 / 0.000         0.002 / 0.002         0.002 / 0.002         0.002 / 0.002       ms
[300.290s][info][gc,stats    ]    Critical: Relocation Stall                                  0 / 0                 0 / 0                 0 / 0                 0 / 0           ops/s
[300.290s][info][gc,stats    ]    Critical: Relocation Stall                              0.000 / 0.000         0.000 / 0.000         0.000 / 0.000         0.000 / 0.000       ms
[300.291s][info][gc,stats    ]      Memory: Allocation Rate                                  75 / 510              67 / 552              67 / 552              67 / 552         MB/s
[300.292s][info][gc,stats    ]      Memory: Out Of Memory                                     0 / 0                 0 / 0                 0 / 0                 0 / 0           ops/s
[300.292s][info][gc,stats    ]      Memory: Page Cache Flush                                  0 / 0                 0 / 0                 0 / 0                 0 / 0           MB/s
[300.293s][info][gc,stats    ]      Memory: Page Cache Hit L1                                13 / 49               12 / 112              12 / 112              12 / 112         ops/s
[300.293s][info][gc,stats    ]      Memory: Page Cache Hit L2                                 0 / 0                 0 / 0                 0 / 0                 0 / 0           ops/s
[300.294s][info][gc,stats    ]      Memory: Page Cache Hit L3                                 0 / 0                 0 / 31                0 / 31                0 / 31          ops/s
[300.294s][info][gc,stats    ]      Memory: Page Cache Miss                                   0 / 0                 1 / 88                1 / 88                1 / 88          ops/s
[300.295s][info][gc,stats    ]      Memory: Uncommit                                          0 / 0                 0 / 0                 0 / 0                 0 / 0           MB/s
[300.296s][info][gc,stats    ]      Memory: Undo Object Allocation Failed                     0 / 0                 0 / 1                 0 / 1                 0 / 1           ops/s
[300.297s][info][gc,stats    ]      Memory: Undo Object Allocation Succeeded                  0 / 1                 0 / 2                 0 / 2                 0 / 2           ops/s
[300.297s][info][gc,stats    ]      Memory: Undo Page Allocation                              0 / 0                 0 / 25                0 / 25                0 / 25          ops/s
[300.298s][info][gc,stats    ]       Phase: Concurrent Mark                             128.072 / 128.072     556.085 / 2153.078    556.085 / 2153.078    556.085 / 2153.078    ms
[300.298s][info][gc,stats    ]       Phase: Concurrent Mark Continue                      0.000 / 0.000         0.000 / 0.000         0.000 / 0.000         0.000 / 0.000       ms
[300.299s][info][gc,stats    ]       Phase: Concurrent Mark Free                          0.002 / 0.002         0.003 / 0.007         0.003 / 0.007         0.003 / 0.007       ms
[300.299s][info][gc,stats    ]       Phase: Concurrent Process Non-Strong References     18.495 / 18.495       46.120 / 257.265      46.120 / 257.265      46.120 / 257.265     ms
[300.300s][info][gc,stats    ]       Phase: Concurrent Relocate                          10.708 / 10.708       57.404 / 511.550      57.404 / 511.550      57.404 / 511.550     ms
[300.300s][info][gc,stats    ]       Phase: Concurrent Reset Relocation Set               0.011 / 0.011         0.023 / 0.139         0.023 / 0.139         0.023 / 0.139       ms
[300.301s][info][gc,stats    ]       Phase: Concurrent Select Relocation Set              4.625 / 4.625        18.758 / 198.723      18.758 / 198.723      18.758 / 198.723     ms
[300.301s][info][gc,stats    ]       Phase: Pause Mark End                                0.033 / 0.033         0.093 / 1.316         0.093 / 1.316         0.093 / 1.316       ms
[300.302s][info][gc,stats    ]       Phase: Pause Mark Start                              0.064 / 0.064         0.385 / 6.286         0.385 / 6.286         0.385 / 6.286       ms
[300.302s][info][gc,stats    ]       Phase: Pause Relocate Start                          0.030 / 0.030         0.020 / 0.139         0.020 / 0.139         0.020 / 0.139       ms
[300.303s][info][gc,stats    ]    Subphase: Concurrent Classes Purge                      0.705 / 0.705         2.051 / 10.871        2.051 / 10.871        2.051 / 10.871      ms
[300.303s][info][gc,stats    ]    Subphase: Concurrent Classes Unlink                    11.253 / 11.253       33.435 / 206.267      33.435 / 206.267      33.435 / 206.267     ms
[300.303s][info][gc,stats    ]    Subphase: Concurrent Mark                             124.484 / 124.507     533.635 / 2133.644    533.635 / 2133.644    533.635 / 2133.644    ms
[300.304s][info][gc,stats    ]    Subphase: Concurrent Mark Try Flush                     0.243 / 0.527         4.832 / 43.966        4.832 / 43.966        4.832 / 43.966      ms
[300.304s][info][gc,stats    ]    Subphase: Concurrent Mark Try Terminate                 0.629 / 1.324         2.538 / 24.031        2.538 / 24.031        2.538 / 24.031      ms
[300.305s][info][gc,stats    ]    Subphase: Concurrent References Enqueue                 0.011 / 0.011         0.148 / 2.610         0.148 / 2.610         0.148 / 2.610       ms
[300.306s][info][gc,stats    ]    Subphase: Concurrent References Process                 3.756 / 3.756         1.493 / 6.377         1.493 / 6.377         1.493 / 6.377       ms
[300.306s][info][gc,stats    ]    Subphase: Concurrent Roots ClassLoaderDataGraph         0.225 / 0.376         1.549 / 47.494        1.549 / 47.494        1.549 / 47.494      ms
[300.307s][info][gc,stats    ]    Subphase: Concurrent Roots CodeCache                    0.000 / 0.000         0.000 / 0.000         0.000 / 0.000         0.000 / 0.000       ms
[300.308s][info][gc,stats    ]    Subphase: Concurrent Roots JavaThreads                  1.459 / 1.694        11.001 / 61.015       11.001 / 61.015       11.001 / 61.015      ms
[300.309s][info][gc,stats    ]    Subphase: Concurrent Roots OopStorageSet                0.034 / 0.042         2.522 / 72.582        2.522 / 72.582        2.522 / 72.582      ms
[300.309s][info][gc,stats    ]    Subphase: Concurrent Weak Roots OopStorageSet           1.097 / 1.404         2.867 / 14.084        2.867 / 14.084        2.867 / 14.084      ms
[300.310s][info][gc,stats    ]    Subphase: Pause Mark Try Complete                       0.000 / 0.000         0.000 / 0.000         0.000 / 0.000         0.000 / 0.000       ms
[300.310s][info][gc,stats    ]      System: Java Threads                                     74 / 74               74 / 89               74 / 89               74 / 89          threads
[300.311s][info][gc,stats    ] =========================================================================================================================================================
[305.683s][info][gc,start    ] GC(25) Garbage Collection (Proactive)
[305.683s][info][gc,task     ] GC(25) Using 2 workers
[305.684s][info][gc,phases   ] GC(25) Pause Mark Start 0.007ms
[305.775s][info][gc,phases   ] GC(25) Concurrent Mark 90.235ms
[305.776s][info][gc,phases   ] GC(25) Pause Mark End 0.013ms
[305.777s][info][gc,phases   ] GC(25) Concurrent Mark Free 0.001ms
[305.786s][info][gc,phases   ] GC(25) Concurrent Process Non-Strong References 8.532ms
[305.787s][info][gc,phases   ] GC(25) Concurrent Reset Relocation Set 0.009ms
[305.790s][info][gc,phases   ] GC(25) Concurrent Select Relocation Set 1.768ms
[305.791s][info][gc,phases   ] GC(25) Pause Relocate Start 0.008ms
[305.794s][info][gc,phases   ] GC(25) Concurrent Relocate 2.794ms
[305.795s][info][gc,load     ] GC(25) Load: 1.20/4.47/4.02
[305.796s][info][gc,mmu      ] GC(25) MMU: 2ms/0.0%, 5ms/0.0%, 10ms/37.1%, 20ms/68.6%, 50ms/87.4%, 100ms/93.7%
[305.796s][info][gc,marking  ] GC(25) Mark: 2 stripe(s), 2 proactive flush(es), 1 terminate flush(es), 0 completion(s), 0 continuation(s) 
[305.797s][info][gc,marking  ] GC(25) Mark Stack Usage: 32M
[305.797s][info][gc,nmethod  ] GC(25) NMethods: 6513 registered, 920 unregistered
[305.798s][info][gc,metaspace] GC(25) Metaspace: 52M used, 53M committed, 1072M reserved
[305.799s][info][gc,ref      ] GC(25) Soft: 5017 encountered, 0 discovered, 0 enqueued
[305.800s][info][gc,ref      ] GC(25) Weak: 3139 encountered, 786 discovered, 0 enqueued
[305.801s][info][gc,ref      ] GC(25) Final: 86 encountered, 28 discovered, 3 enqueued
[305.801s][info][gc,ref      ] GC(25) Phantom: 485 encountered, 253 discovered, 0 enqueued
[305.802s][info][gc,reloc    ] GC(25) Small Pages: 155 / 310M, Empty: 56M, Relocated: 5M, In-Place: 0
[305.803s][info][gc,reloc    ] GC(25) Medium Pages: 1 / 32M, Empty: 0M, Relocated: 0M, In-Place: 0
[305.803s][info][gc,reloc    ] GC(25) Large Pages: 57 / 670M, Empty: 636M, Relocated: 0M, In-Place: 0
[305.804s][info][gc,reloc    ] GC(25) Forwarding Usage: 1M
[305.804s][info][gc,heap     ] GC(25) Min Capacity: 256M(6%)
[305.805s][info][gc,heap     ] GC(25) Max Capacity: 4096M(100%)
[305.806s][info][gc,heap     ] GC(25) Soft Max Capacity: 4096M(100%)
[305.806s][info][gc,heap     ] GC(25)                Mark Start          Mark End        Relocate Start      Relocate End           High               Low         
[305.807s][info][gc,heap     ] GC(25)  Capacity:     2948M (72%)        2948M (72%)        2948M (72%)        2948M (72%)        2948M (72%)        2948M (72%)    
[305.808s][info][gc,heap     ] GC(25)      Free:     3084M (75%)        3070M (75%)        3760M (92%)        3912M (96%)        3912M (96%)        3068M (75%)    
[305.808s][info][gc,heap     ] GC(25)      Used:     1012M (25%)        1026M (25%)         336M (8%)          184M (4%)         1028M (25%)         184M (4%)     
[305.809s][info][gc,heap     ] GC(25)      Live:         -               128M (3%)          128M (3%)          128M (3%)             -                  -          
[305.810s][info][gc,heap     ] GC(25) Allocated:         -                14M (0%)           16M (0%)           15M (0%)             -                  -          
[305.811s][info][gc,heap     ] GC(25)   Garbage:         -               883M (22%)         191M (5%)           39M (1%)             -                  -          
[305.811s][info][gc,heap     ] GC(25) Reclaimed:         -                  -               692M (17%)         843M (21%)            -                  -          
[305.812s][info][gc          ] GC(25) Garbage Collection (Proactive) 1012M(25%)->184M(4%)
[310.283s][info][gc,stats    ] === Garbage Collection Statistics =======================================================================================================================
[310.285s][info][gc,stats    ]                                                              Last 10s              Last 10m              Last 10h                Total
[310.286s][info][gc,stats    ]                                                              Avg / Max             Avg / Max             Avg / Max             Avg / Max
[310.287s][info][gc,stats    ]   Collector: Garbage Collection Cycle                    112.484 / 112.484     697.680 / 2485.059    697.680 / 2485.059    697.680 / 2485.059    ms
[310.287s][info][gc,stats    ]  Contention: Mark Segment Reset Contention                     0 / 0                 0 / 2                 0 / 2                 0 / 2           ops/s
[310.288s][info][gc,stats    ]  Contention: Mark SeqNum Reset Contention                      0 / 0                 0 / 0                 0 / 0                 0 / 0           ops/s
[310.288s][info][gc,stats    ]    Critical: Allocation Stall                                  0 / 0                 0 / 0                 0 / 0                 0 / 0           ops/s
[310.289s][info][gc,stats    ]    Critical: Allocation Stall                              0.000 / 0.000         0.000 / 0.000         0.000 / 0.000         0.000 / 0.000       ms
[310.289s][info][gc,stats    ]    Critical: GC Locker Stall                                   0 / 0                 0 / 1                 0 / 1                 0 / 1           ops/s
[310.290s][info][gc,stats    ]    Critical: GC Locker Stall                               0.000 / 0.000         0.002 / 0.002         0.002 / 0.002         0.002 / 0.002       ms
[310.291s][info][gc,stats    ]    Critical: Relocation Stall                                  0 / 0                 0 / 0                 0 / 0                 0 / 0           ops/s
[310.291s][info][gc,stats    ]    Critical: Relocation Stall                              0.000 / 0.000         0.000 / 0.000         0.000 / 0.000         0.000 / 0.000       ms
[310.292s][info][gc,stats    ]      Memory: Allocation Rate                                  74 / 502              67 / 552              67 / 552              67 / 552         MB/s
[310.293s][info][gc,stats    ]      Memory: Out Of Memory                                     0 / 0                 0 / 0                 0 / 0                 0 / 0           ops/s
[310.293s][info][gc,stats    ]      Memory: Page Cache Flush                                  0 / 0                 0 / 0                 0 / 0                 0 / 0           MB/s
[310.294s][info][gc,stats    ]      Memory: Page Cache Hit L1                                12 / 41               12 / 112              12 / 112              12 / 112         ops/s
[310.294s][info][gc,stats    ]      Memory: Page Cache Hit L2                                 0 / 0                 0 / 0                 0 / 0                 0 / 0           ops/s
[310.296s][info][gc,stats    ]      Memory: Page Cache Hit L3                                 0 / 0                 0 / 31                0 / 31                0 / 31          ops/s
[310.297s][info][gc,stats    ]      Memory: Page Cache Miss                                   0 / 0                 1 / 88                1 / 88                1 / 88          ops/s
[310.297s][info][gc,stats    ]      Memory: Uncommit                                          0 / 0                 0 / 0                 0 / 0                 0 / 0           MB/s
[310.299s][info][gc,stats    ]      Memory: Undo Object Allocation Failed                     0 / 0                 0 / 1                 0 / 1                 0 / 1           ops/s
[310.299s][info][gc,stats    ]      Memory: Undo Object Allocation Succeeded                  0 / 0                 0 / 2                 0 / 2                 0 / 2           ops/s
[310.300s][info][gc,stats    ]      Memory: Undo Page Allocation                              0 / 0                 0 / 25                0 / 25                0 / 25          ops/s
[310.300s][info][gc,stats    ]       Phase: Concurrent Mark                              90.235 / 90.235      538.168 / 2153.078    538.168 / 2153.078    538.168 / 2153.078    ms
[310.301s][info][gc,stats    ]       Phase: Concurrent Mark Continue                      0.000 / 0.000         0.000 / 0.000         0.000 / 0.000         0.000 / 0.000       ms
[310.301s][info][gc,stats    ]       Phase: Concurrent Mark Free                          0.001 / 0.001         0.003 / 0.007         0.003 / 0.007         0.003 / 0.007       ms
[310.302s][info][gc,stats    ]       Phase: Concurrent Process Non-Strong References      8.532 / 8.532        44.675 / 257.265      44.675 / 257.265      44.675 / 257.265     ms
[310.303s][info][gc,stats    ]       Phase: Concurrent Relocate                           2.794 / 2.794        55.303 / 511.550      55.303 / 511.550      55.303 / 511.550     ms
[310.303s][info][gc,stats    ]       Phase: Concurrent Reset Relocation Set               0.009 / 0.009         0.022 / 0.139         0.022 / 0.139         0.022 / 0.139       ms
[310.304s][info][gc,stats    ]       Phase: Concurrent Select Relocation Set              1.768 / 1.768        18.104 / 198.723      18.104 / 198.723      18.104 / 198.723     ms
[310.304s][info][gc,stats    ]       Phase: Pause Mark End                                0.013 / 0.013         0.090 / 1.316         0.090 / 1.316         0.090 / 1.316       ms
[310.305s][info][gc,stats    ]       Phase: Pause Mark Start                              0.007 / 0.007         0.371 / 6.286         0.371 / 6.286         0.371 / 6.286       ms
[310.306s][info][gc,stats    ]       Phase: Pause Relocate Start                          0.008 / 0.008         0.020 / 0.139         0.020 / 0.139         0.020 / 0.139       ms
[310.306s][info][gc,stats    ]    Subphase: Concurrent Classes Purge                      0.463 / 0.463         1.989 / 10.871        1.989 / 10.871        1.989 / 10.871      ms
[310.307s][info][gc,stats    ]    Subphase: Concurrent Classes Unlink                     6.665 / 6.665        32.406 / 206.267      32.406 / 206.267      32.406 / 206.267     ms
[310.308s][info][gc,stats    ]    Subphase: Concurrent Mark                              88.062 / 88.421      516.497 / 2133.644    516.497 / 2133.644    516.497 / 2133.644    ms
[310.308s][info][gc,stats    ]    Subphase: Concurrent Mark Try Flush                     0.232 / 0.309         4.670 / 43.966        4.670 / 43.966        4.670 / 43.966      ms
[310.309s][info][gc,stats    ]    Subphase: Concurrent Mark Try Terminate                 0.508 / 1.291         2.524 / 24.031        2.524 / 24.031        2.524 / 24.031      ms
[310.309s][info][gc,stats    ]    Subphase: Concurrent References Enqueue                 0.028 / 0.028         0.144 / 2.610         0.144 / 2.610         0.144 / 2.610       ms
[310.310s][info][gc,stats    ]    Subphase: Concurrent References Process                 0.241 / 0.241         1.445 / 6.377         1.445 / 6.377         1.445 / 6.377       ms
[310.311s][info][gc,stats    ]    Subphase: Concurrent Roots ClassLoaderDataGraph         0.240 / 0.414         1.495 / 47.494        1.495 / 47.494        1.495 / 47.494      ms
[310.311s][info][gc,stats    ]    Subphase: Concurrent Roots CodeCache                    0.000 / 0.000         0.000 / 0.000         0.000 / 0.000         0.000 / 0.000       ms
[310.312s][info][gc,stats    ]    Subphase: Concurrent Roots JavaThreads                  1.077 / 1.256        10.619 / 61.015       10.619 / 61.015       10.619 / 61.015      ms
[310.313s][info][gc,stats    ]    Subphase: Concurrent Roots OopStorageSet                0.033 / 0.048         2.407 / 72.582        2.407 / 72.582        2.407 / 72.582      ms
[310.313s][info][gc,stats    ]    Subphase: Concurrent Weak Roots OopStorageSet           0.671 / 0.712         2.778 / 14.084        2.778 / 14.084        2.778 / 14.084      ms
[310.314s][info][gc,stats    ]    Subphase: Pause Mark Try Complete                       0.000 / 0.000         0.000 / 0.000         0.000 / 0.000         0.000 / 0.000       ms
[310.314s][info][gc,stats    ]      System: Java Threads                                     74 / 74               74 / 89               74 / 89               74 / 89          threads
[310.318s][info][gc,stats    ] =========================================================================================================================================================
[317.083s][info][gc,start    ] GC(26) Garbage Collection (Proactive)
[317.084s][info][gc,task     ] GC(26) Using 2 workers
[317.085s][info][gc,phases   ] GC(26) Pause Mark Start 0.008ms
[317.175s][info][gc,phases   ] GC(26) Concurrent Mark 89.901ms
[317.177s][info][gc,phases   ] GC(26) Pause Mark End 0.014ms
[317.177s][info][gc,phases   ] GC(26) Concurrent Mark Free 0.001ms
[317.186s][info][gc,phases   ] GC(26) Concurrent Process Non-Strong References 8.058ms
[317.187s][info][gc,phases   ] GC(26) Concurrent Reset Relocation Set 0.010ms
[317.189s][info][gc,phases   ] GC(26) Concurrent Select Relocation Set 1.794ms
[317.190s][info][gc,phases   ] GC(26) Pause Relocate Start 0.008ms
[317.193s][info][gc,phases   ] GC(26) Concurrent Relocate 2.509ms
[317.193s][info][gc,load     ] GC(26) Load: 1.01/4.26/3.96
[317.194s][info][gc,mmu      ] GC(26) MMU: 2ms/0.0%, 5ms/0.0%, 10ms/37.1%, 20ms/68.6%, 50ms/87.4%, 100ms/93.7%
[317.195s][info][gc,marking  ] GC(26) Mark: 2 stripe(s), 2 proactive flush(es), 1 terminate flush(es), 0 completion(s), 0 continuation(s) 
[317.195s][info][gc,marking  ] GC(26) Mark Stack Usage: 32M
[317.196s][info][gc,nmethod  ] GC(26) NMethods: 6541 registered, 920 unregistered
[317.196s][info][gc,metaspace] GC(26) Metaspace: 52M used, 53M committed, 1072M reserved
[317.197s][info][gc,ref      ] GC(26) Soft: 5017 encountered, 0 discovered, 0 enqueued
[317.197s][info][gc,ref      ] GC(26) Weak: 3154 encountered, 136 discovered, 0 enqueued
[317.198s][info][gc,ref      ] GC(26) Final: 85 encountered, 2 discovered, 2 enqueued
[317.198s][info][gc,ref      ] GC(26) Phantom: 485 encountered, 419 discovered, 0 enqueued
[317.199s][info][gc,reloc    ] GC(26) Small Pages: 142 / 284M, Empty: 56M, Relocated: 2M, In-Place: 0
[317.199s][info][gc,reloc    ] GC(26) Medium Pages: 1 / 32M, Empty: 0M, Relocated: 0M, In-Place: 0
[317.200s][info][gc,reloc    ] GC(26) Large Pages: 51 / 634M, Empty: 600M, Relocated: 0M, In-Place: 0
[317.201s][info][gc,reloc    ] GC(26) Forwarding Usage: 0M
[317.201s][info][gc,heap     ] GC(26) Min Capacity: 256M(6%)
[317.202s][info][gc,heap     ] GC(26) Max Capacity: 4096M(100%)
[317.202s][info][gc,heap     ] GC(26) Soft Max Capacity: 4096M(100%)
[317.203s][info][gc,heap     ] GC(26)                Mark Start          Mark End        Relocate Start      Relocate End           High               Low         
[317.203s][info][gc,heap     ] GC(26)  Capacity:     2948M (72%)        2948M (72%)        2948M (72%)        2948M (72%)        2948M (72%)        2948M (72%)    
[317.203s][info][gc,heap     ] GC(26)      Free:     3146M (77%)        3128M (76%)        3784M (92%)        3908M (95%)        3908M (95%)        3128M (76%)    
[317.204s][info][gc,heap     ] GC(26)      Used:      950M (23%)         968M (24%)         312M (8%)          188M (5%)          968M (24%)         188M (5%)     
[317.204s][info][gc,heap     ] GC(26)      Live:         -               128M (3%)          128M (3%)          128M (3%)             -                  -          
[317.205s][info][gc,heap     ] GC(26) Allocated:         -                18M (0%)           18M (0%)           18M (0%)             -                  -          
[317.206s][info][gc,heap     ] GC(26)   Garbage:         -               821M (20%)         165M (4%)           41M (1%)             -                  -          
[317.206s][info][gc,heap     ] GC(26) Reclaimed:         -                  -               656M (16%)         780M (19%)            -                  -          
[317.207s][info][gc          ] GC(26) Garbage Collection (Proactive) 950M(23%)->188M(5%)
[320.284s][info][gc,stats    ] === Garbage Collection Statistics =======================================================================================================================
[320.285s][info][gc,stats    ]                                                              Last 10s              Last 10m              Last 10h                Total
[320.286s][info][gc,stats    ]                                                              Avg / Max             Avg / Max             Avg / Max             Avg / Max
[320.286s][info][gc,stats    ]   Collector: Garbage Collection Cycle                    110.317 / 110.317     675.925 / 2485.059    675.925 / 2485.059    675.925 / 2485.059    ms
[320.287s][info][gc,stats    ]  Contention: Mark Segment Reset Contention                     0 / 0                 0 / 2                 0 / 2                 0 / 2           ops/s
[320.287s][info][gc,stats    ]  Contention: Mark SeqNum Reset Contention                      0 / 0                 0 / 0                 0 / 0                 0 / 0           ops/s
[320.288s][info][gc,stats    ]    Critical: Allocation Stall                                  0 / 0                 0 / 0                 0 / 0                 0 / 0           ops/s
[320.289s][info][gc,stats    ]    Critical: Allocation Stall                              0.000 / 0.000         0.000 / 0.000         0.000 / 0.000         0.000 / 0.000       ms
[320.289s][info][gc,stats    ]    Critical: GC Locker Stall                                   0 / 0                 0 / 1                 0 / 1                 0 / 1           ops/s
[320.290s][info][gc,stats    ]    Critical: GC Locker Stall                               0.000 / 0.000         0.002 / 0.002         0.002 / 0.002         0.002 / 0.002       ms
[320.291s][info][gc,stats    ]    Critical: Relocation Stall                                  0 / 0                 0 / 0                 0 / 0                 0 / 0           ops/s
[320.291s][info][gc,stats    ]    Critical: Relocation Stall                              0.000 / 0.000         0.000 / 0.000         0.000 / 0.000         0.000 / 0.000       ms
[320.292s][info][gc,stats    ]      Memory: Allocation Rate                                  73 / 492              67 / 552              67 / 552              67 / 552         MB/s
[320.293s][info][gc,stats    ]      Memory: Out Of Memory                                     0 / 0                 0 / 0                 0 / 0                 0 / 0           ops/s
[320.294s][info][gc,stats    ]      Memory: Page Cache Flush                                  0 / 0                 0 / 0                 0 / 0                 0 / 0           MB/s
[320.294s][info][gc,stats    ]      Memory: Page Cache Hit L1                                12 / 36               12 / 112              12 / 112              12 / 112         ops/s
[320.295s][info][gc,stats    ]      Memory: Page Cache Hit L2                                 0 / 0                 0 / 0                 0 / 0                 0 / 0           ops/s
[320.296s][info][gc,stats    ]      Memory: Page Cache Hit L3                                 0 / 0                 0 / 31                0 / 31                0 / 31          ops/s
[320.296s][info][gc,stats    ]      Memory: Page Cache Miss                                   0 / 0                 1 / 88                1 / 88                1 / 88          ops/s
[320.297s][info][gc,stats    ]      Memory: Uncommit                                          0 / 0                 0 / 0                 0 / 0                 0 / 0           MB/s
[320.298s][info][gc,stats    ]      Memory: Undo Object Allocation Failed                     0 / 0                 0 / 1                 0 / 1                 0 / 1           ops/s
[320.299s][info][gc,stats    ]      Memory: Undo Object Allocation Succeeded                  0 / 0                 0 / 2                 0 / 2                 0 / 2           ops/s
[320.300s][info][gc,stats    ]      Memory: Undo Page Allocation                              0 / 0                 0 / 25                0 / 25                0 / 25          ops/s
[320.301s][info][gc,stats    ]       Phase: Concurrent Mark                              89.901 / 89.901      521.565 / 2153.078    521.565 / 2153.078    521.565 / 2153.078    ms
[320.301s][info][gc,stats    ]       Phase: Concurrent Mark Continue                      0.000 / 0.000         0.000 / 0.000         0.000 / 0.000         0.000 / 0.000       ms
[320.302s][info][gc,stats    ]       Phase: Concurrent Mark Free                          0.001 / 0.001         0.003 / 0.007         0.003 / 0.007         0.003 / 0.007       ms
[320.302s][info][gc,stats    ]       Phase: Concurrent Process Non-Strong References      8.058 / 8.058        43.319 / 257.265      43.319 / 257.265      43.319 / 257.265     ms
[320.303s][info][gc,stats    ]       Phase: Concurrent Relocate                           2.509 / 2.509        53.348 / 511.550      53.348 / 511.550      53.348 / 511.550     ms
[320.303s][info][gc,stats    ]       Phase: Concurrent Reset Relocation Set               0.010 / 0.010         0.022 / 0.139         0.022 / 0.139         0.022 / 0.139       ms
[320.304s][info][gc,stats    ]       Phase: Concurrent Select Relocation Set              1.794 / 1.794        17.500 / 198.723      17.500 / 198.723      17.500 / 198.723     ms
[320.304s][info][gc,stats    ]       Phase: Pause Mark End                                0.014 / 0.014         0.087 / 1.316         0.087 / 1.316         0.087 / 1.316       ms
[320.305s][info][gc,stats    ]       Phase: Pause Mark Start                              0.008 / 0.008         0.357 / 6.286         0.357 / 6.286         0.357 / 6.286       ms
[320.305s][info][gc,stats    ]       Phase: Pause Relocate Start                          0.008 / 0.008         0.020 / 0.139         0.020 / 0.139         0.020 / 0.139       ms
[320.306s][info][gc,stats    ]    Subphase: Concurrent Classes Purge                      0.333 / 0.333         1.928 / 10.871        1.928 / 10.871        1.928 / 10.871      ms
[320.306s][info][gc,stats    ]    Subphase: Concurrent Classes Unlink                     5.993 / 5.993        31.428 / 206.267      31.428 / 206.267      31.428 / 206.267     ms
[320.307s][info][gc,stats    ]    Subphase: Concurrent Mark                              87.572 / 87.782      500.611 / 2133.644    500.611 / 2133.644    500.611 / 2133.644    ms
[320.308s][info][gc,stats    ]    Subphase: Concurrent Mark Try Flush                     0.240 / 0.334         4.519 / 43.966        4.519 / 43.966        4.519 / 43.966      ms
[320.308s][info][gc,stats    ]    Subphase: Concurrent Mark Try Terminate                 0.442 / 1.147         2.509 / 24.031        2.509 / 24.031        2.509 / 24.031      ms
[320.309s][info][gc,stats    ]    Subphase: Concurrent References Enqueue                 0.004 / 0.004         0.138 / 2.610         0.138 / 2.610         0.138 / 2.610       ms
[320.309s][info][gc,stats    ]    Subphase: Concurrent References Process                 0.209 / 0.209         1.399 / 6.377         1.399 / 6.377         1.399 / 6.377       ms
[320.310s][info][gc,stats    ]    Subphase: Concurrent Roots ClassLoaderDataGraph         0.274 / 0.526         1.447 / 47.494        1.447 / 47.494        1.447 / 47.494      ms
[320.311s][info][gc,stats    ]    Subphase: Concurrent Roots CodeCache                    0.000 / 0.000         0.000 / 0.000         0.000 / 0.000         0.000 / 0.000       ms
[320.311s][info][gc,stats    ]    Subphase: Concurrent Roots JavaThreads                  1.347 / 1.521        10.276 / 61.015       10.276 / 61.015       10.276 / 61.015      ms
[320.312s][info][gc,stats    ]    Subphase: Concurrent Roots OopStorageSet                0.033 / 0.050         2.301 / 72.582        2.301 / 72.582        2.301 / 72.582      ms
[320.313s][info][gc,stats    ]    Subphase: Concurrent Weak Roots OopStorageSet           0.685 / 1.246         2.696 / 14.084        2.696 / 14.084        2.696 / 14.084      ms
[320.313s][info][gc,stats    ]    Subphase: Pause Mark Try Complete                       0.000 / 0.000         0.000 / 0.000         0.000 / 0.000         0.000 / 0.000       ms
[320.314s][info][gc,stats    ]      System: Java Threads                                     74 / 74               74 / 89               74 / 89               74 / 89          threads
[320.314s][info][gc,stats    ] =========================================================================================================================================================
[325.883s][info][gc,start    ] GC(27) Garbage Collection (Proactive)
[325.884s][info][gc,task     ] GC(27) Using 2 workers
[325.885s][info][gc,phases   ] GC(27) Pause Mark Start 0.009ms
[325.978s][info][gc,phases   ] GC(27) Concurrent Mark 92.407ms
[325.980s][info][gc,phases   ] GC(27) Pause Mark End 0.015ms
[325.981s][info][gc,phases   ] GC(27) Concurrent Mark Free 0.003ms
[325.993s][info][gc,phases   ] GC(27) Concurrent Process Non-Strong References 10.543ms
[325.993s][info][gc,phases   ] GC(27) Concurrent Reset Relocation Set 0.020ms
[325.997s][info][gc,phases   ] GC(27) Concurrent Select Relocation Set 3.022ms
[325.998s][info][gc,phases   ] GC(27) Pause Relocate Start 0.010ms
[326.001s][info][gc,phases   ] GC(27) Concurrent Relocate 2.204ms
[326.002s][info][gc,load     ] GC(27) Load: 1.09/4.17/3.93
[326.003s][info][gc,mmu      ] GC(27) MMU: 2ms/0.0%, 5ms/0.0%, 10ms/37.1%, 20ms/68.6%, 50ms/87.4%, 100ms/93.7%
[326.003s][info][gc,marking  ] GC(27) Mark: 2 stripe(s), 2 proactive flush(es), 1 terminate flush(es), 0 completion(s), 0 continuation(s) 
[326.004s][info][gc,marking  ] GC(27) Mark Stack Usage: 32M
[326.005s][info][gc,nmethod  ] GC(27) NMethods: 6559 registered, 920 unregistered
[326.005s][info][gc,metaspace] GC(27) Metaspace: 52M used, 53M committed, 1072M reserved
[326.006s][info][gc,ref      ] GC(27) Soft: 5017 encountered, 0 discovered, 0 enqueued
[326.006s][info][gc,ref      ] GC(27) Weak: 3139 encountered, 463 discovered, 0 enqueued
[326.007s][info][gc,ref      ] GC(27) Final: 85 encountered, 40 discovered, 2 enqueued
[326.008s][info][gc,ref      ] GC(27) Phantom: 481 encountered, 416 discovered, 0 enqueued
[326.009s][info][gc,reloc    ] GC(27) Small Pages: 122 / 244M, Empty: 44M, Relocated: 5M, In-Place: 0
[326.010s][info][gc,reloc    ] GC(27) Medium Pages: 1 / 32M, Empty: 0M, Relocated: 0M, In-Place: 0
[326.011s][info][gc,reloc    ] GC(27) Large Pages: 47 / 610M, Empty: 576M, Relocated: 0M, In-Place: 0
[326.012s][info][gc,reloc    ] GC(27) Forwarding Usage: 1M
[326.012s][info][gc,heap     ] GC(27) Min Capacity: 256M(6%)
[326.013s][info][gc,heap     ] GC(27) Max Capacity: 4096M(100%)
[326.014s][info][gc,heap     ] GC(27) Soft Max Capacity: 4096M(100%)
[326.014s][info][gc,heap     ] GC(27)                Mark Start          Mark End        Relocate Start      Relocate End           High               Low         
[326.015s][info][gc,heap     ] GC(27)  Capacity:     2948M (72%)        2948M (72%)        2948M (72%)        2948M (72%)        2948M (72%)        2948M (72%)    
[326.016s][info][gc,heap     ] GC(27)      Free:     3210M (78%)        3192M (78%)        3812M (93%)        3908M (95%)        3908M (95%)        3192M (78%)    
[326.016s][info][gc,heap     ] GC(27)      Used:      886M (22%)         904M (22%)         284M (7%)          188M (5%)          904M (22%)         188M (5%)     
[326.017s][info][gc,heap     ] GC(27)      Live:         -               128M (3%)          128M (3%)          128M (3%)             -                  -          
[326.018s][info][gc,heap     ] GC(27) Allocated:         -                18M (0%)           18M (0%)           17M (0%)             -                  -          
[326.020s][info][gc,heap     ] GC(27)   Garbage:         -               757M (18%)         137M (3%)           41M (1%)             -                  -          
[326.020s][info][gc,heap     ] GC(27) Reclaimed:         -                  -               620M (15%)         715M (17%)            -                  -          
[326.021s][info][gc          ] GC(27) Garbage Collection (Proactive) 886M(22%)->188M(5%)
[330.282s][info][gc,stats    ] === Garbage Collection Statistics =======================================================================================================================
[330.284s][info][gc,stats    ]                                                              Last 10s              Last 10m              Last 10h                Total
[330.284s][info][gc,stats    ]                                                              Avg / Max             Avg / Max             Avg / Max             Avg / Max
[330.285s][info][gc,stats    ]   Collector: Garbage Collection Cycle                    118.712 / 118.712     656.025 / 2485.059    656.025 / 2485.059    656.025 / 2485.059    ms
[330.286s][info][gc,stats    ]  Contention: Mark Segment Reset Contention                     0 / 0                 0 / 2                 0 / 2                 0 / 2           ops/s
[330.286s][info][gc,stats    ]  Contention: Mark SeqNum Reset Contention                      0 / 0                 0 / 0                 0 / 0                 0 / 0           ops/s
[330.287s][info][gc,stats    ]    Critical: Allocation Stall                                  0 / 0                 0 / 0                 0 / 0                 0 / 0           ops/s
[330.287s][info][gc,stats    ]    Critical: Allocation Stall                              0.000 / 0.000         0.000 / 0.000         0.000 / 0.000         0.000 / 0.000       ms
[330.288s][info][gc,stats    ]    Critical: GC Locker Stall                                   0 / 0                 0 / 1                 0 / 1                 0 / 1           ops/s
[330.289s][info][gc,stats    ]    Critical: GC Locker Stall                               0.000 / 0.000         0.002 / 0.002         0.002 / 0.002         0.002 / 0.002       ms
[330.289s][info][gc,stats    ]    Critical: Relocation Stall                                  0 / 0                 0 / 0                 0 / 0                 0 / 0           ops/s
[330.290s][info][gc,stats    ]    Critical: Relocation Stall                              0.000 / 0.000         0.000 / 0.000         0.000 / 0.000         0.000 / 0.000       ms
[330.290s][info][gc,stats    ]      Memory: Allocation Rate                                  75 / 504              67 / 552              67 / 552              67 / 552         MB/s
[330.291s][info][gc,stats    ]      Memory: Out Of Memory                                     0 / 0                 0 / 0                 0 / 0                 0 / 0           ops/s
[330.292s][info][gc,stats    ]      Memory: Page Cache Flush                                  0 / 0                 0 / 0                 0 / 0                 0 / 0           MB/s
[330.292s][info][gc,stats    ]      Memory: Page Cache Hit L1                                13 / 46               12 / 112              12 / 112              12 / 112         ops/s
[330.293s][info][gc,stats    ]      Memory: Page Cache Hit L2                                 0 / 0                 0 / 0                 0 / 0                 0 / 0           ops/s
[330.293s][info][gc,stats    ]      Memory: Page Cache Hit L3                                 0 / 0                 0 / 31                0 / 31                0 / 31          ops/s
[330.294s][info][gc,stats    ]      Memory: Page Cache Miss                                   0 / 0                 1 / 88                1 / 88                1 / 88          ops/s
[330.295s][info][gc,stats    ]      Memory: Uncommit                                          0 / 0                 0 / 0                 0 / 0                 0 / 0           MB/s
[330.296s][info][gc,stats    ]      Memory: Undo Object Allocation Failed                     0 / 0                 0 / 1                 0 / 1                 0 / 1           ops/s
[330.297s][info][gc,stats    ]      Memory: Undo Object Allocation Succeeded                  0 / 0                 0 / 2                 0 / 2                 0 / 2           ops/s
[330.297s][info][gc,stats    ]      Memory: Undo Page Allocation                              0 / 0                 0 / 25                0 / 25                0 / 25          ops/s
[330.298s][info][gc,stats    ]       Phase: Concurrent Mark                              92.407 / 92.407      506.238 / 2153.078    506.238 / 2153.078    506.238 / 2153.078    ms
[330.298s][info][gc,stats    ]       Phase: Concurrent Mark Continue                      0.000 / 0.000         0.000 / 0.000         0.000 / 0.000         0.000 / 0.000       ms
[330.299s][info][gc,stats    ]       Phase: Concurrent Mark Free                          0.003 / 0.003         0.003 / 0.007         0.003 / 0.007         0.003 / 0.007       ms
[330.300s][info][gc,stats    ]       Phase: Concurrent Process Non-Strong References     10.543 / 10.543       42.148 / 257.265      42.148 / 257.265      42.148 / 257.265     ms
[330.300s][info][gc,stats    ]       Phase: Concurrent Relocate                           2.204 / 2.204        51.521 / 511.550      51.521 / 511.550      51.521 / 511.550     ms
[330.301s][info][gc,stats    ]       Phase: Concurrent Reset Relocation Set               0.020 / 0.020         0.022 / 0.139         0.022 / 0.139         0.022 / 0.139       ms
[330.302s][info][gc,stats    ]       Phase: Concurrent Select Relocation Set              3.022 / 3.022        16.983 / 198.723      16.983 / 198.723      16.983 / 198.723     ms
[330.302s][info][gc,stats    ]       Phase: Pause Mark End                                0.015 / 0.015         0.084 / 1.316         0.084 / 1.316         0.084 / 1.316       ms
[330.303s][info][gc,stats    ]       Phase: Pause Mark Start                              0.009 / 0.009         0.345 / 6.286         0.345 / 6.286         0.345 / 6.286       ms
[330.303s][info][gc,stats    ]       Phase: Pause Relocate Start                          0.010 / 0.010         0.019 / 0.139         0.019 / 0.139         0.019 / 0.139       ms
[330.304s][info][gc,stats    ]    Subphase: Concurrent Classes Purge                      0.521 / 0.521         1.878 / 10.871        1.878 / 10.871        1.878 / 10.871      ms
[330.304s][info][gc,stats    ]    Subphase: Concurrent Classes Unlink                     8.550 / 8.550        30.610 / 206.267      30.610 / 206.267      30.610 / 206.267     ms
[330.305s][info][gc,stats    ]    Subphase: Concurrent Mark                              90.285 / 90.519      485.957 / 2133.644    485.957 / 2133.644    485.957 / 2133.644    ms
[330.305s][info][gc,stats    ]    Subphase: Concurrent Mark Try Flush                     0.274 / 0.360         4.379 / 43.966        4.379 / 43.966        4.379 / 43.966      ms
[330.306s][info][gc,stats    ]    Subphase: Concurrent Mark Try Terminate                 0.480 / 1.269         2.495 / 24.031        2.495 / 24.031        2.495 / 24.031      ms
[330.306s][info][gc,stats    ]    Subphase: Concurrent References Enqueue                 0.004 / 0.004         0.134 / 2.610         0.134 / 2.610         0.134 / 2.610       ms
[330.307s][info][gc,stats    ]    Subphase: Concurrent References Process                 0.266 / 0.266         1.358 / 6.377         1.358 / 6.377         1.358 / 6.377       ms
[330.308s][info][gc,stats    ]    Subphase: Concurrent Roots ClassLoaderDataGraph         0.203 / 0.369         1.400 / 47.494        1.400 / 47.494        1.400 / 47.494      ms
[330.308s][info][gc,stats    ]    Subphase: Concurrent Roots CodeCache                    0.000 / 0.000         0.000 / 0.000         0.000 / 0.000         0.000 / 0.000       ms
[330.309s][info][gc,stats    ]    Subphase: Concurrent Roots JavaThreads                  1.283 / 1.436         9.955 / 61.015        9.955 / 61.015        9.955 / 61.015      ms
[330.310s][info][gc,stats    ]    Subphase: Concurrent Roots OopStorageSet                0.037 / 0.072         2.205 / 72.582        2.205 / 72.582        2.205 / 72.582      ms
[330.311s][info][gc,stats    ]    Subphase: Concurrent Weak Roots OopStorageSet           0.821 / 0.835         2.625 / 14.084        2.625 / 14.084        2.625 / 14.084      ms
[330.312s][info][gc,stats    ]    Subphase: Pause Mark Try Complete                       0.000 / 0.000         0.000 / 0.000         0.000 / 0.000         0.000 / 0.000       ms
[330.313s][info][gc,stats    ]      System: Java Threads                                     74 / 74               74 / 89               74 / 89               74 / 89          threads
[330.314s][info][gc,stats    ] =========================================================================================================================================================
[336.583s][info][gc,start    ] GC(28) Garbage Collection (Proactive)
[336.584s][info][gc,task     ] GC(28) Using 2 workers
[336.585s][info][gc,phases   ] GC(28) Pause Mark Start 0.009ms
[336.681s][info][gc,phases   ] GC(28) Concurrent Mark 95.626ms
[336.682s][info][gc,phases   ] GC(28) Pause Mark End 0.013ms
[336.683s][info][gc,phases   ] GC(28) Concurrent Mark Free 0.001ms
[336.693s][info][gc,phases   ] GC(28) Concurrent Process Non-Strong References 9.934ms
[336.694s][info][gc,phases   ] GC(28) Concurrent Reset Relocation Set 0.007ms
[336.698s][info][gc,phases   ] GC(28) Concurrent Select Relocation Set 2.732ms
[336.699s][info][gc,phases   ] GC(28) Pause Relocate Start 0.009ms
[336.701s][info][gc,phases   ] GC(28) Concurrent Relocate 2.159ms
[336.702s][info][gc,load     ] GC(28) Load: 1.00/4.05/3.90
[336.703s][info][gc,mmu      ] GC(28) MMU: 2ms/0.0%, 5ms/0.0%, 10ms/37.1%, 20ms/68.6%, 50ms/87.4%, 100ms/93.7%
[336.704s][info][gc,marking  ] GC(28) Mark: 2 stripe(s), 2 proactive flush(es), 1 terminate flush(es), 0 completion(s), 0 continuation(s) 
[336.704s][info][gc,marking  ] GC(28) Mark Stack Usage: 32M
[336.705s][info][gc,nmethod  ] GC(28) NMethods: 6569 registered, 920 unregistered
[336.705s][info][gc,metaspace] GC(28) Metaspace: 52M used, 53M committed, 1072M reserved
[336.706s][info][gc,ref      ] GC(28) Soft: 5017 encountered, 0 discovered, 0 enqueued
[336.707s][info][gc,ref      ] GC(28) Weak: 3154 encountered, 911 discovered, 0 enqueued
[336.708s][info][gc,ref      ] GC(28) Final: 85 encountered, 53 discovered, 2 enqueued
[336.708s][info][gc,ref      ] GC(28) Phantom: 479 encountered, 389 discovered, 0 enqueued
[336.709s][info][gc,reloc    ] GC(28) Small Pages: 139 / 278M, Empty: 58M, Relocated: 3M, In-Place: 0
[336.709s][info][gc,reloc    ] GC(28) Medium Pages: 1 / 32M, Empty: 0M, Relocated: 0M, In-Place: 0
[336.710s][info][gc,reloc    ] GC(28) Large Pages: 49 / 622M, Empty: 588M, Relocated: 0M, In-Place: 0
[336.711s][info][gc,reloc    ] GC(28) Forwarding Usage: 0M
[336.711s][info][gc,heap     ] GC(28) Min Capacity: 256M(6%)
[336.712s][info][gc,heap     ] GC(28) Max Capacity: 4096M(100%)
[336.712s][info][gc,heap     ] GC(28) Soft Max Capacity: 4096M(100%)
[336.713s][info][gc,heap     ] GC(28)                Mark Start          Mark End        Relocate Start      Relocate End           High               Low         
[336.714s][info][gc,heap     ] GC(28)  Capacity:     2948M (72%)        2948M (72%)        2948M (72%)        2948M (72%)        2948M (72%)        2948M (72%)    
[336.714s][info][gc,heap     ] GC(28)      Free:     3164M (77%)        3138M (77%)        3784M (92%)        3896M (95%)        3896M (95%)        3138M (77%)    
[336.715s][info][gc,heap     ] GC(28)      Used:      932M (23%)         958M (23%)         312M (8%)          200M (5%)          958M (23%)         200M (5%)     
[336.715s][info][gc,heap     ] GC(28)      Live:         -               129M (3%)          129M (3%)          129M (3%)             -                  -          
[336.716s][info][gc,heap     ] GC(28) Allocated:         -                26M (1%)           26M (1%)           29M (1%)             -                  -          
[336.717s][info][gc,heap     ] GC(28)   Garbage:         -               802M (20%)         156M (4%)           41M (1%)             -                  -          
[336.718s][info][gc,heap     ] GC(28) Reclaimed:         -                  -               646M (16%)         761M (19%)            -                  -          
[336.719s][info][gc          ] GC(28) Garbage Collection (Proactive) 932M(23%)->200M(5%)
[340.283s][info][gc,stats    ] === Garbage Collection Statistics =======================================================================================================================
[340.284s][info][gc,stats    ]                                                              Last 10s              Last 10m              Last 10h                Total
[340.285s][info][gc,stats    ]                                                              Avg / Max             Avg / Max             Avg / Max             Avg / Max
[340.286s][info][gc,stats    ]   Collector: Garbage Collection Cycle                    119.056 / 119.056     637.509 / 2485.059    637.509 / 2485.059    637.509 / 2485.059    ms
[340.287s][info][gc,stats    ]  Contention: Mark Segment Reset Contention                     0 / 1                 0 / 2                 0 / 2                 0 / 2           ops/s
[340.288s][info][gc,stats    ]  Contention: Mark SeqNum Reset Contention                      0 / 0                 0 / 0                 0 / 0                 0 / 0           ops/s
[340.288s][info][gc,stats    ]    Critical: Allocation Stall                                  0 / 0                 0 / 0                 0 / 0                 0 / 0           ops/s
[340.289s][info][gc,stats    ]    Critical: Allocation Stall                              0.000 / 0.000         0.000 / 0.000         0.000 / 0.000         0.000 / 0.000       ms
[340.290s][info][gc,stats    ]    Critical: GC Locker Stall                                   0 / 0                 0 / 1                 0 / 1                 0 / 1           ops/s
[340.290s][info][gc,stats    ]    Critical: GC Locker Stall                               0.000 / 0.000         0.002 / 0.002         0.002 / 0.002         0.002 / 0.002       ms
[340.291s][info][gc,stats    ]    Critical: Relocation Stall                                  0 / 0                 0 / 0                 0 / 0                 0 / 0           ops/s
[340.291s][info][gc,stats    ]    Critical: Relocation Stall                              0.000 / 0.000         0.000 / 0.000         0.000 / 0.000         0.000 / 0.000       ms
[340.292s][info][gc,stats    ]      Memory: Allocation Rate                                  73 / 504              68 / 552              68 / 552              68 / 552         MB/s
[340.292s][info][gc,stats    ]      Memory: Out Of Memory                                     0 / 0                 0 / 0                 0 / 0                 0 / 0           ops/s
[340.293s][info][gc,stats    ]      Memory: Page Cache Flush                                  0 / 0                 0 / 0                 0 / 0                 0 / 0           MB/s
[340.294s][info][gc,stats    ]      Memory: Page Cache Hit L1                                12 / 44               12 / 112              12 / 112              12 / 112         ops/s
[340.294s][info][gc,stats    ]      Memory: Page Cache Hit L2                                 0 / 0                 0 / 0                 0 / 0                 0 / 0           ops/s
[340.295s][info][gc,stats    ]      Memory: Page Cache Hit L3                                 0 / 0                 0 / 31                0 / 31                0 / 31          ops/s
[340.296s][info][gc,stats    ]      Memory: Page Cache Miss                                   0 / 0                 1 / 88                1 / 88                1 / 88          ops/s
[340.296s][info][gc,stats    ]      Memory: Uncommit                                          0 / 0                 0 / 0                 0 / 0                 0 / 0           MB/s
[340.297s][info][gc,stats    ]      Memory: Undo Object Allocation Failed                     0 / 0                 0 / 1                 0 / 1                 0 / 1           ops/s
[340.298s][info][gc,stats    ]      Memory: Undo Object Allocation Succeeded                  0 / 0                 0 / 2                 0 / 2                 0 / 2           ops/s
[340.299s][info][gc,stats    ]      Memory: Undo Page Allocation                              0 / 0                 0 / 25                0 / 25                0 / 25          ops/s
[340.299s][info][gc,stats    ]       Phase: Concurrent Mark                              95.626 / 95.626      492.079 / 2153.078    492.079 / 2153.078    492.079 / 2153.078    ms
[340.300s][info][gc,stats    ]       Phase: Concurrent Mark Continue                      0.000 / 0.000         0.000 / 0.000         0.000 / 0.000         0.000 / 0.000       ms
[340.300s][info][gc,stats    ]       Phase: Concurrent Mark Free                          0.001 / 0.001         0.003 / 0.007         0.003 / 0.007         0.003 / 0.007       ms
[340.301s][info][gc,stats    ]       Phase: Concurrent Process Non-Strong References      9.934 / 9.934        41.037 / 257.265      41.037 / 257.265      41.037 / 257.265     ms
[340.302s][info][gc,stats    ]       Phase: Concurrent Relocate                           2.159 / 2.159        49.819 / 511.550      49.819 / 511.550      49.819 / 511.550     ms
[340.302s][info][gc,stats    ]       Phase: Concurrent Reset Relocation Set               0.007 / 0.007         0.021 / 0.139         0.021 / 0.139         0.021 / 0.139       ms
[340.303s][info][gc,stats    ]       Phase: Concurrent Select Relocation Set              2.732 / 2.732        16.492 / 198.723      16.492 / 198.723      16.492 / 198.723     ms
[340.303s][info][gc,stats    ]       Phase: Pause Mark End                                0.013 / 0.013         0.082 / 1.316         0.082 / 1.316         0.082 / 1.316       ms
[340.304s][info][gc,stats    ]       Phase: Pause Mark Start                              0.009 / 0.009         0.333 / 6.286         0.333 / 6.286         0.333 / 6.286       ms
[340.304s][info][gc,stats    ]       Phase: Pause Relocate Start                          0.009 / 0.009         0.019 / 0.139         0.019 / 0.139         0.019 / 0.139       ms
[340.305s][info][gc,stats    ]    Subphase: Concurrent Classes Purge                      0.410 / 0.410         1.827 / 10.871        1.827 / 10.871        1.827 / 10.871      ms
[340.305s][info][gc,stats    ]    Subphase: Concurrent Classes Unlink                     7.120 / 7.120        29.800 / 206.267      29.800 / 206.267      29.800 / 206.267     ms
[340.306s][info][gc,stats    ]    Subphase: Concurrent Mark                              93.342 / 93.779      472.418 / 2133.644    472.418 / 2133.644    472.418 / 2133.644    ms
[340.307s][info][gc,stats    ]    Subphase: Concurrent Mark Try Flush                     0.071 / 0.168         4.241 / 43.966        4.241 / 43.966        4.241 / 43.966      ms
[340.307s][info][gc,stats    ]    Subphase: Concurrent Mark Try Terminate                 0.384 / 1.130         2.481 / 24.031        2.481 / 24.031        2.481 / 24.031      ms
[340.308s][info][gc,stats    ]    Subphase: Concurrent References Enqueue                 0.044 / 0.044         0.131 / 2.610         0.131 / 2.610         0.131 / 2.610       ms
[340.309s][info][gc,stats    ]    Subphase: Concurrent References Process                 0.391 / 0.391         1.325 / 6.377         1.325 / 6.377         1.325 / 6.377       ms
[340.309s][info][gc,stats    ]    Subphase: Concurrent Roots ClassLoaderDataGraph         0.185 / 0.344         1.356 / 47.494        1.356 / 47.494        1.356 / 47.494      ms
[340.310s][info][gc,stats    ]    Subphase: Concurrent Roots CodeCache                    0.000 / 0.000         0.000 / 0.000         0.000 / 0.000         0.000 / 0.000       ms
[340.310s][info][gc,stats    ]    Subphase: Concurrent Roots JavaThreads                  1.148 / 1.338         9.651 / 61.015        9.651 / 61.015        9.651 / 61.015      ms
[340.311s][info][gc,stats    ]    Subphase: Concurrent Roots OopStorageSet                0.035 / 0.054         2.116 / 72.582        2.116 / 72.582        2.116 / 72.582      ms
[340.312s][info][gc,stats    ]    Subphase: Concurrent Weak Roots OopStorageSet           1.712 / 1.712         2.608 / 14.084        2.608 / 14.084        2.608 / 14.084      ms
[340.312s][info][gc,stats    ]    Subphase: Pause Mark Try Complete                       0.000 / 0.000         0.000 / 0.000         0.000 / 0.000         0.000 / 0.000       ms
[340.313s][info][gc,stats    ]      System: Java Threads                                     74 / 74               74 / 89               74 / 89               74 / 89          threads
[340.314s][info][gc,stats    ] =========================================================================================================================================================
[347.584s][info][gc,start    ] GC(29) Garbage Collection (Proactive)
[347.585s][info][gc,task     ] GC(29) Using 2 workers
[347.586s][info][gc,phases   ] GC(29) Pause Mark Start 0.007ms
[347.687s][info][gc,phases   ] GC(29) Concurrent Mark 100.667ms
[347.689s][info][gc,phases   ] GC(29) Pause Mark End 0.016ms
[347.690s][info][gc,phases   ] GC(29) Concurrent Mark Free 0.001ms
[347.701s][info][gc,phases   ] GC(29) Concurrent Process Non-Strong References 10.331ms
[347.702s][info][gc,phases   ] GC(29) Concurrent Reset Relocation Set 0.007ms
[347.704s][info][gc,phases   ] GC(29) Concurrent Select Relocation Set 1.730ms
[347.705s][info][gc,phases   ] GC(29) Pause Relocate Start 0.008ms
[347.708s][info][gc,phases   ] GC(29) Concurrent Relocate 2.062ms
[347.709s][info][gc,load     ] GC(29) Load: 1.00/3.95/3.87
[347.710s][info][gc,mmu      ] GC(29) MMU: 2ms/0.0%, 5ms/0.0%, 10ms/37.1%, 20ms/68.6%, 50ms/87.4%, 100ms/93.7%
[347.710s][info][gc,marking  ] GC(29) Mark: 2 stripe(s), 3 proactive flush(es), 1 terminate flush(es), 0 completion(s), 0 continuation(s) 
[347.711s][info][gc,marking  ] GC(29) Mark Stack Usage: 32M
[347.712s][info][gc,nmethod  ] GC(29) NMethods: 6573 registered, 928 unregistered
[347.713s][info][gc,metaspace] GC(29) Metaspace: 52M used, 53M committed, 1072M reserved
[347.713s][info][gc,ref      ] GC(29) Soft: 5017 encountered, 0 discovered, 0 enqueued
[347.714s][info][gc,ref      ] GC(29) Weak: 3154 encountered, 514 discovered, 0 enqueued
[347.715s][info][gc,ref      ] GC(29) Final: 86 encountered, 3 discovered, 3 enqueued
[347.715s][info][gc,ref      ] GC(29) Phantom: 479 encountered, 447 discovered, 0 enqueued
[347.717s][info][gc,reloc    ] GC(29) Small Pages: 132 / 264M, Empty: 42M, Relocated: 3M, In-Place: 0
[347.717s][info][gc,reloc    ] GC(29) Medium Pages: 1 / 32M, Empty: 0M, Relocated: 0M, In-Place: 0
[347.718s][info][gc,reloc    ] GC(29) Large Pages: 51 / 634M, Empty: 600M, Relocated: 0M, In-Place: 0
[347.718s][info][gc,reloc    ] GC(29) Forwarding Usage: 0M
[347.719s][info][gc,heap     ] GC(29) Min Capacity: 256M(6%)
[347.719s][info][gc,heap     ] GC(29) Max Capacity: 4096M(100%)
[347.720s][info][gc,heap     ] GC(29) Soft Max Capacity: 4096M(100%)
[347.720s][info][gc,heap     ] GC(29)                Mark Start          Mark End        Relocate Start      Relocate End           High               Low         
[347.721s][info][gc,heap     ] GC(29)  Capacity:     2948M (72%)        2948M (72%)        2948M (72%)        2948M (72%)        2948M (72%)        2948M (72%)    
[347.721s][info][gc,heap     ] GC(29)      Free:     3166M (77%)        3150M (77%)        3792M (93%)        3910M (95%)        3910M (95%)        3150M (77%)    
[347.722s][info][gc,heap     ] GC(29)      Used:      930M (23%)         946M (23%)         304M (7%)          186M (5%)          946M (23%)         186M (5%)     
[347.722s][info][gc,heap     ] GC(29)      Live:         -               128M (3%)          128M (3%)          128M (3%)             -                  -          
[347.723s][info][gc,heap     ] GC(29) Allocated:         -                16M (0%)           16M (0%)           16M (0%)             -                  -          
[347.724s][info][gc,heap     ] GC(29)   Garbage:         -               801M (20%)         159M (4%)           41M (1%)             -                  -          
[347.726s][info][gc,heap     ] GC(29) Reclaimed:         -                  -               642M (16%)         760M (19%)            -                  -          
[347.727s][info][gc          ] GC(29) Garbage Collection (Proactive) 930M(23%)->186M(5%)
[350.283s][info][gc,stats    ] === Garbage Collection Statistics =======================================================================================================================
[350.284s][info][gc,stats    ]                                                              Last 10s              Last 10m              Last 10h                Total
[350.285s][info][gc,stats    ]                                                              Avg / Max             Avg / Max             Avg / Max             Avg / Max
[350.285s][info][gc,stats    ]   Collector: Garbage Collection Cycle                    124.772 / 124.772     620.417 / 2485.059    620.417 / 2485.059    620.417 / 2485.059    ms
[350.286s][info][gc,stats    ]  Contention: Mark Segment Reset Contention                     0 / 2                 0 / 2                 0 / 2                 0 / 2           ops/s
[350.286s][info][gc,stats    ]  Contention: Mark SeqNum Reset Contention                      0 / 0                 0 / 0                 0 / 0                 0 / 0           ops/s
[350.287s][info][gc,stats    ]    Critical: Allocation Stall                                  0 / 0                 0 / 0                 0 / 0                 0 / 0           ops/s
[350.288s][info][gc,stats    ]    Critical: Allocation Stall                              0.000 / 0.000         0.000 / 0.000         0.000 / 0.000         0.000 / 0.000       ms
[350.288s][info][gc,stats    ]    Critical: GC Locker Stall                                   0 / 0                 0 / 1                 0 / 1                 0 / 1           ops/s
[350.289s][info][gc,stats    ]    Critical: GC Locker Stall                               0.000 / 0.000         0.002 / 0.002         0.002 / 0.002         0.002 / 0.002       ms
[350.289s][info][gc,stats    ]    Critical: Relocation Stall                                  0 / 0                 0 / 0                 0 / 0                 0 / 0           ops/s
[350.290s][info][gc,stats    ]    Critical: Relocation Stall                              0.000 / 0.000         0.000 / 0.000         0.000 / 0.000         0.000 / 0.000       ms
[350.290s][info][gc,stats    ]      Memory: Allocation Rate                                  74 / 518              68 / 552              68 / 552              68 / 552         MB/s
[350.291s][info][gc,stats    ]      Memory: Out Of Memory                                     0 / 0                 0 / 0                 0 / 0                 0 / 0           ops/s
[350.291s][info][gc,stats    ]      Memory: Page Cache Flush                                  0 / 0                 0 / 0                 0 / 0                 0 / 0           MB/s
[350.292s][info][gc,stats    ]      Memory: Page Cache Hit L1                                12 / 51               12 / 112              12 / 112              12 / 112         ops/s
[350.292s][info][gc,stats    ]      Memory: Page Cache Hit L2                                 0 / 0                 0 / 0                 0 / 0                 0 / 0           ops/s
[350.293s][info][gc,stats    ]      Memory: Page Cache Hit L3                                 0 / 0                 0 / 31                0 / 31                0 / 31          ops/s
[350.293s][info][gc,stats    ]      Memory: Page Cache Miss                                   0 / 0                 1 / 88                1 / 88                1 / 88          ops/s
[350.294s][info][gc,stats    ]      Memory: Uncommit                                          0 / 0                 0 / 0                 0 / 0                 0 / 0           MB/s
[350.294s][info][gc,stats    ]      Memory: Undo Object Allocation Failed                     0 / 0                 0 / 1                 0 / 1                 0 / 1           ops/s
[350.295s][info][gc,stats    ]      Memory: Undo Object Allocation Succeeded                  0 / 0                 0 / 2                 0 / 2                 0 / 2           ops/s
[350.296s][info][gc,stats    ]      Memory: Undo Page Allocation                              0 / 0                 0 / 25                0 / 25                0 / 25          ops/s
[350.296s][info][gc,stats    ]       Phase: Concurrent Mark                             100.667 / 100.667     479.032 / 2153.078    479.032 / 2153.078    479.032 / 2153.078    ms
[350.297s][info][gc,stats    ]       Phase: Concurrent Mark Continue                      0.000 / 0.000         0.000 / 0.000         0.000 / 0.000         0.000 / 0.000       ms
[350.297s][info][gc,stats    ]       Phase: Concurrent Mark Free                          0.001 / 0.001         0.003 / 0.007         0.003 / 0.007         0.003 / 0.007       ms
[350.298s][info][gc,stats    ]       Phase: Concurrent Process Non-Strong References     10.331 / 10.331       40.014 / 257.265      40.014 / 257.265      40.014 / 257.265     ms
[350.298s][info][gc,stats    ]       Phase: Concurrent Relocate                           2.062 / 2.062        48.227 / 511.550      48.227 / 511.550      48.227 / 511.550     ms
[350.299s][info][gc,stats    ]       Phase: Concurrent Reset Relocation Set               0.007 / 0.007         0.021 / 0.139         0.021 / 0.139         0.021 / 0.139       ms
[350.300s][info][gc,stats    ]       Phase: Concurrent Select Relocation Set              1.730 / 1.730        16.000 / 198.723      16.000 / 198.723      16.000 / 198.723     ms
[350.300s][info][gc,stats    ]       Phase: Pause Mark End                                0.016 / 0.016         0.080 / 1.316         0.080 / 1.316         0.080 / 1.316       ms
[350.301s][info][gc,stats    ]       Phase: Pause Mark Start                              0.007 / 0.007         0.323 / 6.286         0.323 / 6.286         0.323 / 6.286       ms
[350.301s][info][gc,stats    ]       Phase: Pause Relocate Start                          0.008 / 0.008         0.018 / 0.139         0.018 / 0.139         0.018 / 0.139       ms
[350.302s][info][gc,stats    ]    Subphase: Concurrent Classes Purge                      0.679 / 0.679         1.789 / 10.871        1.789 / 10.871        1.789 / 10.871      ms
[350.302s][info][gc,stats    ]    Subphase: Concurrent Classes Unlink                     7.741 / 7.741        29.065 / 206.267      29.065 / 206.267      29.065 / 206.267     ms
[350.303s][info][gc,stats    ]    Subphase: Concurrent Mark                              98.515 / 98.839      459.955 / 2133.644    459.955 / 2133.644    459.955 / 2133.644    ms
[350.303s][info][gc,stats    ]    Subphase: Concurrent Mark Try Flush                     0.336 / 0.401         4.082 / 43.966        4.082 / 43.966        4.082 / 43.966      ms
[350.304s][info][gc,stats    ]    Subphase: Concurrent Mark Try Terminate                 0.717 / 1.335         2.465 / 24.031        2.465 / 24.031        2.465 / 24.031      ms
[350.304s][info][gc,stats    ]    Subphase: Concurrent References Enqueue                 0.007 / 0.007         0.126 / 2.610         0.126 / 2.610         0.126 / 2.610       ms
[350.305s][info][gc,stats    ]    Subphase: Concurrent References Process                 0.354 / 0.354         1.293 / 6.377         1.293 / 6.377         1.293 / 6.377       ms
[350.306s][info][gc,stats    ]    Subphase: Concurrent Roots ClassLoaderDataGraph         0.207 / 0.378         1.316 / 47.494        1.316 / 47.494        1.316 / 47.494      ms
[350.307s][info][gc,stats    ]    Subphase: Concurrent Roots CodeCache                    0.000 / 0.000         0.000 / 0.000         0.000 / 0.000         0.000 / 0.000       ms
[350.307s][info][gc,stats    ]    Subphase: Concurrent Roots JavaThreads                  1.208 / 1.320         9.370 / 61.015        9.370 / 61.015        9.370 / 61.015      ms
[350.307s][info][gc,stats    ]    Subphase: Concurrent Roots OopStorageSet                0.036 / 0.044         2.035 / 72.582        2.035 / 72.582        2.035 / 72.582      ms
[350.308s][info][gc,stats    ]    Subphase: Concurrent Weak Roots OopStorageSet           1.079 / 1.097         2.553 / 14.084        2.553 / 14.084        2.553 / 14.084      ms
[350.309s][info][gc,stats    ]    Subphase: Pause Mark Try Complete                       0.000 / 0.000         0.000 / 0.000         0.000 / 0.000         0.000 / 0.000       ms
[350.309s][info][gc,stats    ]      System: Java Threads                                     74 / 74               74 / 89               74 / 89               74 / 89          threads
[350.310s][info][gc,stats    ] =========================================================================================================================================================
[358.583s][info][gc,start    ] GC(30) Garbage Collection (Proactive)
[358.583s][info][gc,task     ] GC(30) Using 2 workers
[358.584s][info][gc,phases   ] GC(30) Pause Mark Start 0.033ms
[358.674s][info][gc,phases   ] GC(30) Concurrent Mark 89.131ms
[358.675s][info][gc,phases   ] GC(30) Pause Mark End 0.013ms
[358.676s][info][gc,phases   ] GC(30) Concurrent Mark Free 0.001ms
[358.685s][info][gc,phases   ] GC(30) Concurrent Process Non-Strong References 8.056ms
[358.686s][info][gc,phases   ] GC(30) Concurrent Reset Relocation Set 0.008ms
[358.688s][info][gc,phases   ] GC(30) Concurrent Select Relocation Set 1.858ms
[358.689s][info][gc,phases   ] GC(30) Pause Relocate Start 0.008ms
[358.692s][info][gc,phases   ] GC(30) Concurrent Relocate 2.167ms
[358.693s][info][gc,load     ] GC(30) Load: 0.93/3.84/3.83
[358.693s][info][gc,mmu      ] GC(30) MMU: 2ms/0.0%, 5ms/0.0%, 10ms/37.1%, 20ms/68.6%, 50ms/87.4%, 100ms/93.7%
[358.694s][info][gc,marking  ] GC(30) Mark: 2 stripe(s), 2 proactive flush(es), 1 terminate flush(es), 0 completion(s), 0 continuation(s) 
[358.694s][info][gc,marking  ] GC(30) Mark Stack Usage: 32M
[358.695s][info][gc,nmethod  ] GC(30) NMethods: 6588 registered, 928 unregistered
[358.696s][info][gc,metaspace] GC(30) Metaspace: 52M used, 53M committed, 1072M reserved
[358.696s][info][gc,ref      ] GC(30) Soft: 5017 encountered, 0 discovered, 0 enqueued
[358.697s][info][gc,ref      ] GC(30) Weak: 3154 encountered, 715 discovered, 0 enqueued
[358.697s][info][gc,ref      ] GC(30) Final: 85 encountered, 28 discovered, 2 enqueued
[358.698s][info][gc,ref      ] GC(30) Phantom: 479 encountered, 247 discovered, 0 enqueued
[358.699s][info][gc,reloc    ] GC(30) Small Pages: 141 / 282M, Empty: 58M, Relocated: 4M, In-Place: 0
[358.699s][info][gc,reloc    ] GC(30) Medium Pages: 1 / 32M, Empty: 0M, Relocated: 0M, In-Place: 0
[358.700s][info][gc,reloc    ] GC(30) Large Pages: 51 / 634M, Empty: 600M, Relocated: 0M, In-Place: 0
[358.700s][info][gc,reloc    ] GC(30) Forwarding Usage: 1M
[358.701s][info][gc,heap     ] GC(30) Min Capacity: 256M(6%)
[358.701s][info][gc,heap     ] GC(30) Max Capacity: 4096M(100%)
[358.702s][info][gc,heap     ] GC(30) Soft Max Capacity: 4096M(100%)
[358.702s][info][gc,heap     ] GC(30)                Mark Start          Mark End        Relocate Start      Relocate End           High               Low         
[358.703s][info][gc,heap     ] GC(30)  Capacity:     2948M (72%)        2948M (72%)        2948M (72%)        2948M (72%)        2948M (72%)        2948M (72%)    
[358.704s][info][gc,heap     ] GC(30)      Free:     3148M (77%)        3132M (76%)        3790M (93%)        3910M (95%)        3910M (95%)        3132M (76%)    
[358.704s][info][gc,heap     ] GC(30)      Used:      948M (23%)         964M (24%)         306M (7%)          186M (5%)          964M (24%)         186M (5%)     
[358.705s][info][gc,heap     ] GC(30)      Live:         -               128M (3%)          128M (3%)          128M (3%)             -                  -          
[358.706s][info][gc,heap     ] GC(30) Allocated:         -                16M (0%)           16M (0%)           16M (0%)             -                  -          
[358.706s][info][gc,heap     ] GC(30)   Garbage:         -               819M (20%)         161M (4%)           41M (1%)             -                  -          
[358.707s][info][gc,heap     ] GC(30) Reclaimed:         -                  -               658M (16%)         778M (19%)            -                  -          
[358.708s][info][gc          ] GC(30) Garbage Collection (Proactive) 948M(23%)->186M(5%)
[360.283s][info][gc,stats    ] === Garbage Collection Statistics =======================================================================================================================
[360.284s][info][gc,stats    ]                                                              Last 10s              Last 10m              Last 10h                Total
[360.285s][info][gc,stats    ]                                                              Avg / Max             Avg / Max             Avg / Max             Avg / Max
[360.285s][info][gc,stats    ]   Collector: Garbage Collection Cycle                    109.944 / 109.944     603.951 / 2485.059    603.951 / 2485.059    603.951 / 2485.059    ms
[360.286s][info][gc,stats    ]  Contention: Mark Segment Reset Contention                     0 / 0                 0 / 2                 0 / 2                 0 / 2           ops/s
[360.287s][info][gc,stats    ]  Contention: Mark SeqNum Reset Contention                      0 / 0                 0 / 0                 0 / 0                 0 / 0           ops/s
[360.288s][info][gc,stats    ]    Critical: Allocation Stall                                  0 / 0                 0 / 0                 0 / 0                 0 / 0           ops/s
[360.288s][info][gc,stats    ]    Critical: Allocation Stall                              0.000 / 0.000         0.000 / 0.000         0.000 / 0.000         0.000 / 0.000       ms
[360.289s][info][gc,stats    ]    Critical: GC Locker Stall                                   0 / 0                 0 / 1                 0 / 1                 0 / 1           ops/s
[360.290s][info][gc,stats    ]    Critical: GC Locker Stall                               0.000 / 0.000         0.002 / 0.002         0.002 / 0.002         0.002 / 0.002       ms
[360.290s][info][gc,stats    ]    Critical: Relocation Stall                                  0 / 0                 0 / 0                 0 / 0                 0 / 0           ops/s
[360.291s][info][gc,stats    ]    Critical: Relocation Stall                              0.000 / 0.000         0.000 / 0.000         0.000 / 0.000         0.000 / 0.000       ms
[360.291s][info][gc,stats    ]      Memory: Allocation Rate                                  75 / 506              68 / 552              68 / 552              68 / 552         MB/s
[360.292s][info][gc,stats    ]      Memory: Out Of Memory                                     0 / 0                 0 / 0                 0 / 0                 0 / 0           ops/s
[360.293s][info][gc,stats    ]      Memory: Page Cache Flush                                  0 / 0                 0 / 0                 0 / 0                 0 / 0           MB/s
[360.293s][info][gc,stats    ]      Memory: Page Cache Hit L1                                13 / 46               12 / 112              12 / 112              12 / 112         ops/s
[360.294s][info][gc,stats    ]      Memory: Page Cache Hit L2                                 0 / 0                 0 / 0                 0 / 0                 0 / 0           ops/s
[360.295s][info][gc,stats    ]      Memory: Page Cache Hit L3                                 0 / 0                 0 / 31                0 / 31                0 / 31          ops/s
[360.295s][info][gc,stats    ]      Memory: Page Cache Miss                                   0 / 0                 1 / 88                1 / 88                1 / 88          ops/s
[360.296s][info][gc,stats    ]      Memory: Uncommit                                          0 / 0                 0 / 0                 0 / 0                 0 / 0           MB/s
[360.297s][info][gc,stats    ]      Memory: Undo Object Allocation Failed                     0 / 0                 0 / 1                 0 / 1                 0 / 1           ops/s
[360.298s][info][gc,stats    ]      Memory: Undo Object Allocation Succeeded                  0 / 0                 0 / 2                 0 / 2                 0 / 2           ops/s
[360.298s][info][gc,stats    ]      Memory: Undo Page Allocation                              0 / 0                 0 / 25                0 / 25                0 / 25          ops/s
[360.299s][info][gc,stats    ]       Phase: Concurrent Mark                              89.131 / 89.131      466.455 / 2153.078    466.455 / 2153.078    466.455 / 2153.078    ms
[360.300s][info][gc,stats    ]       Phase: Concurrent Mark Continue                      0.000 / 0.000         0.000 / 0.000         0.000 / 0.000         0.000 / 0.000       ms
[360.300s][info][gc,stats    ]       Phase: Concurrent Mark Free                          0.001 / 0.001         0.003 / 0.007         0.003 / 0.007         0.003 / 0.007       ms
[360.301s][info][gc,stats    ]       Phase: Concurrent Process Non-Strong References      8.056 / 8.056        38.983 / 257.265      38.983 / 257.265      38.983 / 257.265     ms
[360.302s][info][gc,stats    ]       Phase: Concurrent Relocate                           2.167 / 2.167        46.741 / 511.550      46.741 / 511.550      46.741 / 511.550     ms
[360.302s][info][gc,stats    ]       Phase: Concurrent Reset Relocation Set               0.008 / 0.008         0.020 / 0.139         0.020 / 0.139         0.020 / 0.139       ms
[360.303s][info][gc,stats    ]       Phase: Concurrent Select Relocation Set              1.858 / 1.858        15.544 / 198.723      15.544 / 198.723      15.544 / 198.723     ms
[360.304s][info][gc,stats    ]       Phase: Pause Mark End                                0.013 / 0.013         0.078 / 1.316         0.078 / 1.316         0.078 / 1.316       ms
[360.304s][info][gc,stats    ]       Phase: Pause Mark Start                              0.033 / 0.033         0.313 / 6.286         0.313 / 6.286         0.313 / 6.286       ms
[360.305s][info][gc,stats    ]       Phase: Pause Relocate Start                          0.008 / 0.008         0.018 / 0.139         0.018 / 0.139         0.018 / 0.139       ms
[360.305s][info][gc,stats    ]    Subphase: Concurrent Classes Purge                      0.380 / 0.380         1.744 / 10.871        1.744 / 10.871        1.744 / 10.871      ms
[360.306s][info][gc,stats    ]    Subphase: Concurrent Classes Unlink                     6.444 / 6.444        28.335 / 206.267      28.335 / 206.267      28.335 / 206.267     ms
[360.306s][info][gc,stats    ]    Subphase: Concurrent Mark                              87.154 / 87.443      447.929 / 2133.644    447.929 / 2133.644    447.929 / 2133.644    ms
[360.307s][info][gc,stats    ]    Subphase: Concurrent Mark Try Flush                     0.214 / 0.289         3.967 / 43.966        3.967 / 43.966        3.967 / 43.966      ms
[360.308s][info][gc,stats    ]    Subphase: Concurrent Mark Try Terminate                 0.471 / 1.244         2.451 / 24.031        2.451 / 24.031        2.451 / 24.031      ms
[360.308s][info][gc,stats    ]    Subphase: Concurrent References Enqueue                 0.006 / 0.006         0.123 / 2.610         0.123 / 2.610         0.123 / 2.610       ms
[360.309s][info][gc,stats    ]    Subphase: Concurrent References Process                 0.262 / 0.262         1.259 / 6.377         1.259 / 6.377         1.259 / 6.377       ms
[360.309s][info][gc,stats    ]    Subphase: Concurrent Roots ClassLoaderDataGraph         0.165 / 0.305         1.277 / 47.494        1.277 / 47.494        1.277 / 47.494      ms
[360.310s][info][gc,stats    ]    Subphase: Concurrent Roots CodeCache                    0.000 / 0.000         0.000 / 0.000         0.000 / 0.000         0.000 / 0.000       ms
[360.311s][info][gc,stats    ]    Subphase: Concurrent Roots JavaThreads                  1.070 / 1.187         9.102 / 61.015        9.102 / 61.015        9.102 / 61.015      ms
[360.311s][info][gc,stats    ]    Subphase: Concurrent Roots OopStorageSet                0.034 / 0.056         1.959 / 72.582        1.959 / 72.582        1.959 / 72.582      ms
[360.312s][info][gc,stats    ]    Subphase: Concurrent Weak Roots OopStorageSet           0.608 / 0.617         2.486 / 14.084        2.486 / 14.084        2.486 / 14.084      ms
[360.313s][info][gc,stats    ]    Subphase: Pause Mark Try Complete                       0.000 / 0.000         0.000 / 0.000         0.000 / 0.000         0.000 / 0.000       ms
[360.318s][info][gc,stats    ]      System: Java Threads                                     74 / 74               74 / 89               74 / 89               74 / 89          threads
[360.318s][info][gc,stats    ] =========================================================================================================================================================
[369.583s][info][gc,start    ] GC(31) Garbage Collection (Proactive)
[369.584s][info][gc,task     ] GC(31) Using 2 workers
[369.585s][info][gc,phases   ] GC(31) Pause Mark Start 0.007ms
[369.677s][info][gc,phases   ] GC(31) Concurrent Mark 90.741ms
[369.678s][info][gc,phases   ] GC(31) Pause Mark End 0.016ms
[369.679s][info][gc,phases   ] GC(31) Concurrent Mark Free 0.002ms
[369.688s][info][gc,phases   ] GC(31) Concurrent Process Non-Strong References 8.196ms
[369.689s][info][gc,phases   ] GC(31) Concurrent Reset Relocation Set 0.008ms
[369.691s][info][gc,phases   ] GC(31) Concurrent Select Relocation Set 1.639ms
[369.692s][info][gc,phases   ] GC(31) Pause Relocate Start 0.008ms
[369.694s][info][gc,phases   ] GC(31) Concurrent Relocate 1.797ms
[369.695s][info][gc,load     ] GC(31) Load: 0.79/3.71/3.79
[369.696s][info][gc,mmu      ] GC(31) MMU: 2ms/0.0%, 5ms/0.0%, 10ms/37.1%, 20ms/68.6%, 50ms/87.4%, 100ms/93.7%
[369.696s][info][gc,marking  ] GC(31) Mark: 2 stripe(s), 3 proactive flush(es), 1 terminate flush(es), 0 completion(s), 0 continuation(s) 
[369.697s][info][gc,marking  ] GC(31) Mark Stack Usage: 32M
[369.697s][info][gc,nmethod  ] GC(31) NMethods: 6595 registered, 928 unregistered
[369.698s][info][gc,metaspace] GC(31) Metaspace: 52M used, 53M committed, 1072M reserved
[369.698s][info][gc,ref      ] GC(31) Soft: 5017 encountered, 0 discovered, 0 enqueued
[369.699s][info][gc,ref      ] GC(31) Weak: 3139 encountered, 360 discovered, 0 enqueued
[369.700s][info][gc,ref      ] GC(31) Final: 85 encountered, 3 discovered, 2 enqueued
[369.700s][info][gc,ref      ] GC(31) Phantom: 479 encountered, 347 discovered, 0 enqueued
[369.700s][info][gc,reloc    ] GC(31) Small Pages: 139 / 278M, Empty: 58M, Relocated: 4M, In-Place: 0
[369.701s][info][gc,reloc    ] GC(31) Medium Pages: 1 / 32M, Empty: 0M, Relocated: 0M, In-Place: 0
[369.701s][info][gc,reloc    ] GC(31) Large Pages: 51 / 634M, Empty: 600M, Relocated: 0M, In-Place: 0
[369.702s][info][gc,reloc    ] GC(31) Forwarding Usage: 1M
[369.702s][info][gc,heap     ] GC(31) Min Capacity: 256M(6%)
[369.703s][info][gc,heap     ] GC(31) Max Capacity: 4096M(100%)
[369.703s][info][gc,heap     ] GC(31) Soft Max Capacity: 4096M(100%)
[369.704s][info][gc,heap     ] GC(31)                Mark Start          Mark End        Relocate Start      Relocate End           High               Low         
[369.704s][info][gc,heap     ] GC(31)  Capacity:     2948M (72%)        2948M (72%)        2948M (72%)        2948M (72%)        2948M (72%)        2948M (72%)    
[369.705s][info][gc,heap     ] GC(31)      Free:     3152M (77%)        3136M (77%)        3794M (93%)        3910M (95%)        3910M (95%)        3136M (77%)    
[369.705s][info][gc,heap     ] GC(31)      Used:      944M (23%)         960M (23%)         302M (7%)          186M (5%)          960M (23%)         186M (5%)     
[369.706s][info][gc,heap     ] GC(31)      Live:         -               128M (3%)          128M (3%)          128M (3%)             -                  -          
[369.706s][info][gc,heap     ] GC(31) Allocated:         -                16M (0%)           16M (0%)           15M (0%)             -                  -          
[369.707s][info][gc,heap     ] GC(31)   Garbage:         -               815M (20%)         157M (4%)           41M (1%)             -                  -          
[369.708s][info][gc,heap     ] GC(31) Reclaimed:         -                  -               658M (16%)         773M (19%)            -                  -          
[369.708s][info][gc          ] GC(31) Garbage Collection (Proactive) 944M(23%)->186M(5%)
[370.283s][info][gc,stats    ] === Garbage Collection Statistics =======================================================================================================================
[370.284s][info][gc,stats    ]                                                              Last 10s              Last 10m              Last 10h                Total
[370.285s][info][gc,stats    ]                                                              Avg / Max             Avg / Max             Avg / Max             Avg / Max
[370.285s][info][gc,stats    ]   Collector: Garbage Collection Cycle                    111.681 / 111.681     588.567 / 2485.059    588.567 / 2485.059    588.567 / 2485.059    ms
[370.286s][info][gc,stats    ]  Contention: Mark Segment Reset Contention                     0 / 0                 0 / 2                 0 / 2                 0 / 2           ops/s
[370.287s][info][gc,stats    ]  Contention: Mark SeqNum Reset Contention                      0 / 0                 0 / 0                 0 / 0                 0 / 0           ops/s
[370.287s][info][gc,stats    ]    Critical: Allocation Stall                                  0 / 0                 0 / 0                 0 / 0                 0 / 0           ops/s
[370.288s][info][gc,stats    ]    Critical: Allocation Stall                              0.000 / 0.000         0.000 / 0.000         0.000 / 0.000         0.000 / 0.000       ms
[370.289s][info][gc,stats    ]    Critical: GC Locker Stall                                   0 / 0                 0 / 1                 0 / 1                 0 / 1           ops/s
[370.289s][info][gc,stats    ]    Critical: GC Locker Stall                               0.000 / 0.000         0.002 / 0.002         0.002 / 0.002         0.002 / 0.002       ms
[370.290s][info][gc,stats    ]    Critical: Relocation Stall                                  0 / 0                 0 / 0                 0 / 0                 0 / 0           ops/s
[370.290s][info][gc,stats    ]    Critical: Relocation Stall                              0.000 / 0.000         0.000 / 0.000         0.000 / 0.000         0.000 / 0.000       ms
[370.291s][info][gc,stats    ]      Memory: Allocation Rate                                  73 / 504              68 / 552              68 / 552              68 / 552         MB/s
[370.291s][info][gc,stats    ]      Memory: Out Of Memory                                     0 / 0                 0 / 0                 0 / 0                 0 / 0           ops/s
[370.292s][info][gc,stats    ]      Memory: Page Cache Flush                                  0 / 0                 0 / 0                 0 / 0                 0 / 0           MB/s
[370.292s][info][gc,stats    ]      Memory: Page Cache Hit L1                                12 / 45               12 / 112              12 / 112              12 / 112         ops/s
[370.293s][info][gc,stats    ]      Memory: Page Cache Hit L2                                 0 / 0                 0 / 0                 0 / 0                 0 / 0           ops/s
[370.294s][info][gc,stats    ]      Memory: Page Cache Hit L3                                 0 / 0                 0 / 31                0 / 31                0 / 31          ops/s
[370.294s][info][gc,stats    ]      Memory: Page Cache Miss                                   0 / 0                 1 / 88                1 / 88                1 / 88          ops/s
[370.295s][info][gc,stats    ]      Memory: Uncommit                                          0 / 0                 0 / 0                 0 / 0                 0 / 0           MB/s
[370.295s][info][gc,stats    ]      Memory: Undo Object Allocation Failed                     0 / 0                 0 / 1                 0 / 1                 0 / 1           ops/s
[370.296s][info][gc,stats    ]      Memory: Undo Object Allocation Succeeded                  0 / 1                 0 / 2                 0 / 2                 0 / 2           ops/s
[370.297s][info][gc,stats    ]      Memory: Undo Page Allocation                              0 / 0                 0 / 25                0 / 25                0 / 25          ops/s
[370.298s][info][gc,stats    ]       Phase: Concurrent Mark                              90.741 / 90.741      454.714 / 2153.078    454.714 / 2153.078    454.714 / 2153.078    ms
[370.299s][info][gc,stats    ]       Phase: Concurrent Mark Continue                      0.000 / 0.000         0.000 / 0.000         0.000 / 0.000         0.000 / 0.000       ms
[370.299s][info][gc,stats    ]       Phase: Concurrent Mark Free                          0.002 / 0.002         0.003 / 0.007         0.003 / 0.007         0.003 / 0.007       ms
[370.300s][info][gc,stats    ]       Phase: Concurrent Process Non-Strong References      8.196 / 8.196        38.021 / 257.265      38.021 / 257.265      38.021 / 257.265     ms
[370.301s][info][gc,stats    ]       Phase: Concurrent Relocate                           1.797 / 1.797        45.337 / 511.550      45.337 / 511.550      45.337 / 511.550     ms
[370.301s][info][gc,stats    ]       Phase: Concurrent Reset Relocation Set               0.008 / 0.008         0.020 / 0.139         0.020 / 0.139         0.020 / 0.139       ms
[370.302s][info][gc,stats    ]       Phase: Concurrent Select Relocation Set              1.639 / 1.639        15.109 / 198.723      15.109 / 198.723      15.109 / 198.723     ms
[370.302s][info][gc,stats    ]       Phase: Pause Mark End                                0.016 / 0.016         0.076 / 1.316         0.076 / 1.316         0.076 / 1.316       ms
[370.303s][info][gc,stats    ]       Phase: Pause Mark Start                              0.007 / 0.007         0.304 / 6.286         0.304 / 6.286         0.304 / 6.286       ms
[370.303s][info][gc,stats    ]       Phase: Pause Relocate Start                          0.008 / 0.008         0.018 / 0.139         0.018 / 0.139         0.018 / 0.139       ms
[370.303s][info][gc,stats    ]    Subphase: Concurrent Classes Purge                      0.392 / 0.392         1.701 / 10.871        1.701 / 10.871        1.701 / 10.871      ms
[370.304s][info][gc,stats    ]    Subphase: Concurrent Classes Unlink                     6.327 / 6.327        27.648 / 206.267      27.648 / 206.267      27.648 / 206.267     ms
[370.305s][info][gc,stats    ]    Subphase: Concurrent Mark                              88.254 / 88.778      436.689 / 2133.644    436.689 / 2133.644    436.689 / 2133.644    ms
[370.305s][info][gc,stats    ]    Subphase: Concurrent Mark Try Flush                     0.200 / 0.308         3.824 / 43.966        3.824 / 43.966        3.824 / 43.966      ms
[370.306s][info][gc,stats    ]    Subphase: Concurrent Mark Try Terminate                 0.404 / 1.176         2.438 / 24.031        2.438 / 24.031        2.438 / 24.031      ms
[370.306s][info][gc,stats    ]    Subphase: Concurrent References Enqueue                 0.005 / 0.005         0.119 / 2.610         0.119 / 2.610         0.119 / 2.610       ms
[370.307s][info][gc,stats    ]    Subphase: Concurrent References Process                 0.214 / 0.214         1.227 / 6.377         1.227 / 6.377         1.227 / 6.377       ms
[370.308s][info][gc,stats    ]    Subphase: Concurrent Roots ClassLoaderDataGraph         0.179 / 0.336         1.241 / 47.494        1.241 / 47.494        1.241 / 47.494      ms
[370.308s][info][gc,stats    ]    Subphase: Concurrent Roots CodeCache                    0.000 / 0.000         0.000 / 0.000         0.000 / 0.000         0.000 / 0.000       ms
[370.309s][info][gc,stats    ]    Subphase: Concurrent Roots JavaThreads                  1.315 / 1.448         8.859 / 61.015        8.859 / 61.015        8.859 / 61.015      ms
[370.309s][info][gc,stats    ]    Subphase: Concurrent Roots OopStorageSet                0.031 / 0.049         1.889 / 72.582        1.889 / 72.582        1.889 / 72.582      ms
[370.310s][info][gc,stats    ]    Subphase: Concurrent Weak Roots OopStorageSet           0.693 / 0.697         2.426 / 14.084        2.426 / 14.084        2.426 / 14.084      ms
[370.311s][info][gc,stats    ]    Subphase: Pause Mark Try Complete                       0.000 / 0.000         0.000 / 0.000         0.000 / 0.000         0.000 / 0.000       ms
[370.311s][info][gc,stats    ]      System: Java Threads                                     74 / 74               74 / 89               74 / 89               74 / 89          threads
[370.312s][info][gc,stats    ] =========================================================================================================================================================
[380.283s][info][gc,stats    ] === Garbage Collection Statistics =======================================================================================================================
[380.284s][info][gc,stats    ]                                                              Last 10s              Last 10m              Last 10h                Total
[380.284s][info][gc,stats    ]                                                              Avg / Max             Avg / Max             Avg / Max             Avg / Max
[380.285s][info][gc,stats    ]   Collector: Garbage Collection Cycle                      0.000 / 0.000       588.567 / 2485.059    588.567 / 2485.059    588.567 / 2485.059    ms
[380.286s][info][gc,stats    ]  Contention: Mark Segment Reset Contention                     0 / 0                 0 / 2                 0 / 2                 0 / 2           ops/s
[380.286s][info][gc,stats    ]  Contention: Mark SeqNum Reset Contention                      0 / 0                 0 / 0                 0 / 0                 0 / 0           ops/s
[380.287s][info][gc,stats    ]    Critical: Allocation Stall                                  0 / 0                 0 / 0                 0 / 0                 0 / 0           ops/s
[380.287s][info][gc,stats    ]    Critical: Allocation Stall                              0.000 / 0.000         0.000 / 0.000         0.000 / 0.000         0.000 / 0.000       ms
[380.288s][info][gc,stats    ]    Critical: GC Locker Stall                                   0 / 0                 0 / 1                 0 / 1                 0 / 1           ops/s
[380.288s][info][gc,stats    ]    Critical: GC Locker Stall                               0.000 / 0.000         0.002 / 0.002         0.002 / 0.002         0.002 / 0.002       ms
[380.289s][info][gc,stats    ]    Critical: Relocation Stall                                  0 / 0                 0 / 0                 0 / 0                 0 / 0           ops/s
[380.289s][info][gc,stats    ]    Critical: Relocation Stall                              0.000 / 0.000         0.000 / 0.000         0.000 / 0.000         0.000 / 0.000       ms
[380.290s][info][gc,stats    ]      Memory: Allocation Rate                                  25 / 36               67 / 552              67 / 552              67 / 552         MB/s
[380.290s][info][gc,stats    ]      Memory: Out Of Memory                                     0 / 0                 0 / 0                 0 / 0                 0 / 0           ops/s
[380.291s][info][gc,stats    ]      Memory: Page Cache Flush                                  0 / 0                 0 / 0                 0 / 0                 0 / 0           MB/s
[380.291s][info][gc,stats    ]      Memory: Page Cache Hit L1                                 8 / 14               12 / 112              12 / 112              12 / 112         ops/s
[380.292s][info][gc,stats    ]      Memory: Page Cache Hit L2                                 0 / 0                 0 / 0                 0 / 0                 0 / 0           ops/s
[380.292s][info][gc,stats    ]      Memory: Page Cache Hit L3                                 0 / 0                 0 / 31                0 / 31                0 / 31          ops/s
[380.293s][info][gc,stats    ]      Memory: Page Cache Miss                                   0 / 0                 1 / 88                1 / 88                1 / 88          ops/s
[380.293s][info][gc,stats    ]      Memory: Uncommit                                          0 / 0                 0 / 0                 0 / 0                 0 / 0           MB/s
[380.294s][info][gc,stats    ]      Memory: Undo Object Allocation Failed                     0 / 0                 0 / 1                 0 / 1                 0 / 1           ops/s
[380.294s][info][gc,stats    ]      Memory: Undo Object Allocation Succeeded                  0 / 0                 0 / 2                 0 / 2                 0 / 2           ops/s
[380.295s][info][gc,stats    ]      Memory: Undo Page Allocation                              0 / 0                 0 / 25                0 / 25                0 / 25          ops/s
[380.295s][info][gc,stats    ]       Phase: Concurrent Mark                               0.000 / 0.000       454.714 / 2153.078    454.714 / 2153.078    454.714 / 2153.078    ms
[380.296s][info][gc,stats    ]       Phase: Concurrent Mark Continue                      0.000 / 0.000         0.000 / 0.000         0.000 / 0.000         0.000 / 0.000       ms
[380.296s][info][gc,stats    ]       Phase: Concurrent Mark Free                          0.000 / 0.000         0.003 / 0.007         0.003 / 0.007         0.003 / 0.007       ms
[380.297s][info][gc,stats    ]       Phase: Concurrent Process Non-Strong References      0.000 / 0.000        38.021 / 257.265      38.021 / 257.265      38.021 / 257.265     ms
[380.297s][info][gc,stats    ]       Phase: Concurrent Relocate                           0.000 / 0.000        45.337 / 511.550      45.337 / 511.550      45.337 / 511.550     ms
[380.298s][info][gc,stats    ]       Phase: Concurrent Reset Relocation Set               0.000 / 0.000         0.020 / 0.139         0.020 / 0.139         0.020 / 0.139       ms
[380.298s][info][gc,stats    ]       Phase: Concurrent Select Relocation Set              0.000 / 0.000        15.109 / 198.723      15.109 / 198.723      15.109 / 198.723     ms
[380.299s][info][gc,stats    ]       Phase: Pause Mark End                                0.000 / 0.000         0.076 / 1.316         0.076 / 1.316         0.076 / 1.316       ms
[380.299s][info][gc,stats    ]       Phase: Pause Mark Start                              0.000 / 0.000         0.304 / 6.286         0.304 / 6.286         0.304 / 6.286       ms
[380.300s][info][gc,stats    ]       Phase: Pause Relocate Start                          0.000 / 0.000         0.018 / 0.139         0.018 / 0.139         0.018 / 0.139       ms
[380.300s][info][gc,stats    ]    Subphase: Concurrent Classes Purge                      0.000 / 0.000         1.701 / 10.871        1.701 / 10.871        1.701 / 10.871      ms
[380.300s][info][gc,stats    ]    Subphase: Concurrent Classes Unlink                     0.000 / 0.000        27.648 / 206.267      27.648 / 206.267      27.648 / 206.267     ms
[380.301s][info][gc,stats    ]    Subphase: Concurrent Mark                               0.000 / 0.000       436.689 / 2133.644    436.689 / 2133.644    436.689 / 2133.644    ms
[380.301s][info][gc,stats    ]    Subphase: Concurrent Mark Try Flush                     0.000 / 0.000         3.824 / 43.966        3.824 / 43.966        3.824 / 43.966      ms
[380.302s][info][gc,stats    ]    Subphase: Concurrent Mark Try Terminate                 0.000 / 0.000         2.438 / 24.031        2.438 / 24.031        2.438 / 24.031      ms
[380.302s][info][gc,stats    ]    Subphase: Concurrent References Enqueue                 0.000 / 0.000         0.119 / 2.610         0.119 / 2.610         0.119 / 2.610       ms
[380.302s][info][gc,stats    ]    Subphase: Concurrent References Process                 0.000 / 0.000         1.227 / 6.377         1.227 / 6.377         1.227 / 6.377       ms
[380.303s][info][gc,stats    ]    Subphase: Concurrent Roots ClassLoaderDataGraph         0.000 / 0.000         1.241 / 47.494        1.241 / 47.494        1.241 / 47.494      ms
[380.303s][info][gc,stats    ]    Subphase: Concurrent Roots CodeCache                    0.000 / 0.000         0.000 / 0.000         0.000 / 0.000         0.000 / 0.000       ms
[380.304s][info][gc,stats    ]    Subphase: Concurrent Roots JavaThreads                  0.000 / 0.000         8.859 / 61.015        8.859 / 61.015        8.859 / 61.015      ms
[380.304s][info][gc,stats    ]    Subphase: Concurrent Roots OopStorageSet                0.000 / 0.000         1.889 / 72.582        1.889 / 72.582        1.889 / 72.582      ms
[380.305s][info][gc,stats    ]    Subphase: Concurrent Weak Roots OopStorageSet           0.000 / 0.000         2.426 / 14.084        2.426 / 14.084        2.426 / 14.084      ms
[380.305s][info][gc,stats    ]    Subphase: Pause Mark Try Complete                       0.000 / 0.000         0.000 / 0.000         0.000 / 0.000         0.000 / 0.000       ms
[380.305s][info][gc,stats    ]      System: Java Threads                                      0 / 0                74 / 89               74 / 89               74 / 89          threads
[380.306s][info][gc,stats    ] =========================================================================================================================================================
[380.583s][info][gc,start    ] GC(32) Garbage Collection (Proactive)
[380.583s][info][gc,task     ] GC(32) Using 2 workers
[380.584s][info][gc,phases   ] GC(32) Pause Mark Start 0.007ms
[380.681s][info][gc,phases   ] GC(32) Concurrent Mark 95.998ms
[380.683s][info][gc,phases   ] GC(32) Pause Mark End 0.018ms
[380.684s][info][gc,phases   ] GC(32) Concurrent Mark Free 0.002ms
[380.695s][info][gc,phases   ] GC(32) Concurrent Process Non-Strong References 10.771ms
[380.696s][info][gc,phases   ] GC(32) Concurrent Reset Relocation Set 0.010ms
[380.699s][info][gc,phases   ] GC(32) Concurrent Select Relocation Set 1.911ms
[380.700s][info][gc,phases   ] GC(32) Pause Relocate Start 0.010ms
[380.702s][info][gc,phases   ] GC(32) Concurrent Relocate 1.557ms
[380.703s][info][gc,load     ] GC(32) Load: 0.75/3.60/3.75
[380.703s][info][gc,mmu      ] GC(32) MMU: 2ms/0.0%, 5ms/0.0%, 10ms/37.1%, 20ms/68.6%, 50ms/87.4%, 100ms/93.7%
[380.704s][info][gc,marking  ] GC(32) Mark: 2 stripe(s), 2 proactive flush(es), 1 terminate flush(es), 0 completion(s), 0 continuation(s) 
[380.705s][info][gc,marking  ] GC(32) Mark Stack Usage: 32M
[380.705s][info][gc,nmethod  ] GC(32) NMethods: 6609 registered, 928 unregistered
[380.706s][info][gc,metaspace] GC(32) Metaspace: 52M used, 53M committed, 1072M reserved
[380.706s][info][gc,ref      ] GC(32) Soft: 5017 encountered, 0 discovered, 0 enqueued
[380.707s][info][gc,ref      ] GC(32) Weak: 3154 encountered, 369 discovered, 0 enqueued
[380.708s][info][gc,ref      ] GC(32) Final: 85 encountered, 2 discovered, 2 enqueued
[380.708s][info][gc,ref      ] GC(32) Phantom: 479 encountered, 415 discovered, 0 enqueued
[380.709s][info][gc,reloc    ] GC(32) Small Pages: 133 / 266M, Empty: 42M, Relocated: 2M, In-Place: 0
[380.711s][info][gc,reloc    ] GC(32) Medium Pages: 1 / 32M, Empty: 0M, Relocated: 0M, In-Place: 0
[380.712s][info][gc,reloc    ] GC(32) Large Pages: 51 / 634M, Empty: 600M, Relocated: 0M, In-Place: 0
[380.713s][info][gc,reloc    ] GC(32) Forwarding Usage: 0M
[380.714s][info][gc,heap     ] GC(32) Min Capacity: 256M(6%)
[380.715s][info][gc,heap     ] GC(32) Max Capacity: 4096M(100%)
[380.716s][info][gc,heap     ] GC(32) Soft Max Capacity: 4096M(100%)
[380.717s][info][gc,heap     ] GC(32)                Mark Start          Mark End        Relocate Start      Relocate End           High               Low         
[380.717s][info][gc,heap     ] GC(32)  Capacity:     2948M (72%)        2948M (72%)        2948M (72%)        2948M (72%)        2948M (72%)        2948M (72%)    
[380.718s][info][gc,heap     ] GC(32)      Free:     3164M (77%)        3148M (77%)        3790M (93%)        3910M (95%)        3910M (95%)        3148M (77%)    
[380.719s][info][gc,heap     ] GC(32)      Used:      932M (23%)         948M (23%)         306M (7%)          186M (5%)          948M (23%)         186M (5%)     
[380.719s][info][gc,heap     ] GC(32)      Live:         -               128M (3%)          128M (3%)          128M (3%)             -                  -          
[380.721s][info][gc,heap     ] GC(32) Allocated:         -                16M (0%)           16M (0%)           16M (0%)             -                  -          
[380.722s][info][gc,heap     ] GC(32)   Garbage:         -               803M (20%)         161M (4%)           41M (1%)             -                  -          
[380.722s][info][gc,heap     ] GC(32) Reclaimed:         -                  -               642M (16%)         762M (19%)            -                  -          
[380.723s][info][gc          ] GC(32) Garbage Collection (Proactive) 932M(23%)->186M(5%)
[390.282s][info][gc,stats    ] === Garbage Collection Statistics =======================================================================================================================
[390.283s][info][gc,stats    ]                                                              Last 10s              Last 10m              Last 10h                Total
[390.284s][info][gc,stats    ]                                                              Avg / Max             Avg / Max             Avg / Max             Avg / Max
[390.285s][info][gc,stats    ]   Collector: Garbage Collection Cycle                    120.088 / 120.088     574.371 / 2485.059    574.371 / 2485.059    574.371 / 2485.059    ms
[390.285s][info][gc,stats    ]  Contention: Mark Segment Reset Contention                     0 / 1                 0 / 2                 0 / 2                 0 / 2           ops/s
[390.286s][info][gc,stats    ]  Contention: Mark SeqNum Reset Contention                      0 / 0                 0 / 0                 0 / 0                 0 / 0           ops/s
[390.287s][info][gc,stats    ]    Critical: Allocation Stall                                  0 / 0                 0 / 0                 0 / 0                 0 / 0           ops/s
[390.287s][info][gc,stats    ]    Critical: Allocation Stall                              0.000 / 0.000         0.000 / 0.000         0.000 / 0.000         0.000 / 0.000       ms
[390.288s][info][gc,stats    ]    Critical: GC Locker Stall                                   0 / 0                 0 / 1                 0 / 1                 0 / 1           ops/s
[390.288s][info][gc,stats    ]    Critical: GC Locker Stall                               0.000 / 0.000         0.002 / 0.002         0.002 / 0.002         0.002 / 0.002       ms
[390.289s][info][gc,stats    ]    Critical: Relocation Stall                                  0 / 0                 0 / 0                 0 / 0                 0 / 0           ops/s
[390.289s][info][gc,stats    ]    Critical: Relocation Stall                              0.000 / 0.000         0.000 / 0.000         0.000 / 0.000         0.000 / 0.000       ms
[390.290s][info][gc,stats    ]      Memory: Allocation Rate                                  75 / 520              67 / 552              67 / 552              67 / 552         MB/s
[390.291s][info][gc,stats    ]      Memory: Out Of Memory                                     0 / 0                 0 / 0                 0 / 0                 0 / 0           ops/s
[390.291s][info][gc,stats    ]      Memory: Page Cache Flush                                  0 / 0                 0 / 0                 0 / 0                 0 / 0           MB/s
[390.292s][info][gc,stats    ]      Memory: Page Cache Hit L1                                13 / 52               12 / 112              12 / 112              12 / 112         ops/s
[390.292s][info][gc,stats    ]      Memory: Page Cache Hit L2                                 0 / 0                 0 / 0                 0 / 0                 0 / 0           ops/s
[390.293s][info][gc,stats    ]      Memory: Page Cache Hit L3                                 0 / 0                 0 / 31                0 / 31                0 / 31          ops/s
[390.293s][info][gc,stats    ]      Memory: Page Cache Miss                                   0 / 0                 1 / 88                1 / 88                1 / 88          ops/s
[390.295s][info][gc,stats    ]      Memory: Uncommit                                          0 / 0                 0 / 0                 0 / 0                 0 / 0           MB/s
[390.295s][info][gc,stats    ]      Memory: Undo Object Allocation Failed                     0 / 0                 0 / 1                 0 / 1                 0 / 1           ops/s
[390.296s][info][gc,stats    ]      Memory: Undo Object Allocation Succeeded                  0 / 0                 0 / 2                 0 / 2                 0 / 2           ops/s
[390.296s][info][gc,stats    ]      Memory: Undo Page Allocation                              0 / 0                 0 / 25                0 / 25                0 / 25          ops/s
[390.297s][info][gc,stats    ]       Phase: Concurrent Mark                              95.998 / 95.998      443.844 / 2153.078    443.844 / 2153.078    443.844 / 2153.078    ms
[390.297s][info][gc,stats    ]       Phase: Concurrent Mark Continue                      0.000 / 0.000         0.000 / 0.000         0.000 / 0.000         0.000 / 0.000       ms
[390.298s][info][gc,stats    ]       Phase: Concurrent Mark Free                          0.002 / 0.002         0.003 / 0.007         0.003 / 0.007         0.003 / 0.007       ms
[390.298s][info][gc,stats    ]       Phase: Concurrent Process Non-Strong References     10.771 / 10.771       37.195 / 257.265      37.195 / 257.265      37.195 / 257.265     ms
[390.299s][info][gc,stats    ]       Phase: Concurrent Relocate                           1.557 / 1.557        44.010 / 511.550      44.010 / 511.550      44.010 / 511.550     ms
[390.299s][info][gc,stats    ]       Phase: Concurrent Reset Relocation Set               0.010 / 0.010         0.020 / 0.139         0.020 / 0.139         0.020 / 0.139       ms
[390.300s][info][gc,stats    ]       Phase: Concurrent Select Relocation Set              1.911 / 1.911        14.709 / 198.723      14.709 / 198.723      14.709 / 198.723     ms
[390.300s][info][gc,stats    ]       Phase: Pause Mark End                                0.018 / 0.018         0.074 / 1.316         0.074 / 1.316         0.074 / 1.316       ms
[390.301s][info][gc,stats    ]       Phase: Pause Mark Start                              0.007 / 0.007         0.295 / 6.286         0.295 / 6.286         0.295 / 6.286       ms
[390.301s][info][gc,stats    ]       Phase: Pause Relocate Start                          0.010 / 0.010         0.018 / 0.139         0.018 / 0.139         0.018 / 0.139       ms
[390.302s][info][gc,stats    ]    Subphase: Concurrent Classes Purge                      0.509 / 0.509         1.665 / 10.871        1.665 / 10.871        1.665 / 10.871      ms
[390.302s][info][gc,stats    ]    Subphase: Concurrent Classes Unlink                     7.820 / 7.820        27.047 / 206.267      27.047 / 206.267      27.047 / 206.267     ms
[390.303s][info][gc,stats    ]    Subphase: Concurrent Mark                              93.713 / 94.078      426.296 / 2133.644    426.296 / 2133.644    426.296 / 2133.644    ms
[390.303s][info][gc,stats    ]    Subphase: Concurrent Mark Try Flush                     0.352 / 0.634         3.727 / 43.966        3.727 / 43.966        3.727 / 43.966      ms
[390.304s][info][gc,stats    ]    Subphase: Concurrent Mark Try Terminate                 0.473 / 1.173         2.424 / 24.031        2.424 / 24.031        2.424 / 24.031      ms
[390.304s][info][gc,stats    ]    Subphase: Concurrent References Enqueue                 0.004 / 0.004         0.115 / 2.610         0.115 / 2.610         0.115 / 2.610       ms
[390.305s][info][gc,stats    ]    Subphase: Concurrent References Process                 0.193 / 0.193         1.195 / 6.377         1.195 / 6.377         1.195 / 6.377       ms
[390.305s][info][gc,stats    ]    Subphase: Concurrent Roots ClassLoaderDataGraph         0.229 / 0.386         1.209 / 47.494        1.209 / 47.494        1.209 / 47.494      ms
[390.305s][info][gc,stats    ]    Subphase: Concurrent Roots CodeCache                    0.000 / 0.000         0.000 / 0.000         0.000 / 0.000         0.000 / 0.000       ms
[390.306s][info][gc,stats    ]    Subphase: Concurrent Roots JavaThreads                  1.201 / 1.389         8.627 / 61.015        8.627 / 61.015        8.627 / 61.015      ms
[390.307s][info][gc,stats    ]    Subphase: Concurrent Roots OopStorageSet                0.035 / 0.063         1.824 / 72.582        1.824 / 72.582        1.824 / 72.582      ms
[390.307s][info][gc,stats    ]    Subphase: Concurrent Weak Roots OopStorageSet           0.937 / 0.956         2.378 / 14.084        2.378 / 14.084        2.378 / 14.084      ms
[390.308s][info][gc,stats    ]    Subphase: Pause Mark Try Complete                       0.000 / 0.000         0.000 / 0.000         0.000 / 0.000         0.000 / 0.000       ms
[390.308s][info][gc,stats    ]      System: Java Threads                                     74 / 74               74 / 89               74 / 89               74 / 89          threads
[390.309s][info][gc,stats    ] =========================================================================================================================================================
[391.583s][info][gc,start    ] GC(33) Garbage Collection (Proactive)
[391.584s][info][gc,task     ] GC(33) Using 2 workers
[391.585s][info][gc,phases   ] GC(33) Pause Mark Start 0.007ms
[391.668s][info][gc,phases   ] GC(33) Concurrent Mark 82.158ms
[391.669s][info][gc,phases   ] GC(33) Pause Mark End 0.012ms
[391.670s][info][gc,phases   ] GC(33) Concurrent Mark Free 0.001ms
[391.678s][info][gc,phases   ] GC(33) Concurrent Process Non-Strong References 7.419ms
[391.678s][info][gc,phases   ] GC(33) Concurrent Reset Relocation Set 0.007ms
[391.681s][info][gc,phases   ] GC(33) Concurrent Select Relocation Set 1.635ms
[391.681s][info][gc,phases   ] GC(33) Pause Relocate Start 0.008ms
[391.683s][info][gc,phases   ] GC(33) Concurrent Relocate 1.785ms
[391.684s][info][gc,load     ] GC(33) Load: 0.66/3.44/3.70
[391.685s][info][gc,mmu      ] GC(33) MMU: 2ms/0.0%, 5ms/0.0%, 10ms/37.1%, 20ms/68.6%, 50ms/87.4%, 100ms/93.7%
[391.685s][info][gc,marking  ] GC(33) Mark: 2 stripe(s), 4 proactive flush(es), 1 terminate flush(es), 0 completion(s), 0 continuation(s) 
[391.686s][info][gc,marking  ] GC(33) Mark Stack Usage: 32M
[391.686s][info][gc,nmethod  ] GC(33) NMethods: 6617 registered, 928 unregistered
[391.686s][info][gc,metaspace] GC(33) Metaspace: 52M used, 53M committed, 1072M reserved
[391.687s][info][gc,ref      ] GC(33) Soft: 5017 encountered, 0 discovered, 0 enqueued
[391.688s][info][gc,ref      ] GC(33) Weak: 3154 encountered, 364 discovered, 0 enqueued
[391.688s][info][gc,ref      ] GC(33) Final: 85 encountered, 2 discovered, 2 enqueued
[391.688s][info][gc,ref      ] GC(33) Phantom: 479 encountered, 360 discovered, 0 enqueued
[391.689s][info][gc,reloc    ] GC(33) Small Pages: 141 / 282M, Empty: 60M, Relocated: 3M, In-Place: 0
[391.689s][info][gc,reloc    ] GC(33) Medium Pages: 1 / 32M, Empty: 0M, Relocated: 0M, In-Place: 0
[391.690s][info][gc,reloc    ] GC(33) Large Pages: 51 / 634M, Empty: 600M, Relocated: 0M, In-Place: 0
[391.690s][info][gc,reloc    ] GC(33) Forwarding Usage: 0M
[391.691s][info][gc,heap     ] GC(33) Min Capacity: 256M(6%)
[391.691s][info][gc,heap     ] GC(33) Max Capacity: 4096M(100%)
[391.691s][info][gc,heap     ] GC(33) Soft Max Capacity: 4096M(100%)
[391.692s][info][gc,heap     ] GC(33)                Mark Start          Mark End        Relocate Start      Relocate End           High               Low         
[391.692s][info][gc,heap     ] GC(33)  Capacity:     2948M (72%)        2948M (72%)        2948M (72%)        2948M (72%)        2948M (72%)        2948M (72%)    
[391.693s][info][gc,heap     ] GC(33)      Free:     3148M (77%)        3130M (76%)        3790M (93%)        3908M (95%)        3908M (95%)        3130M (76%)    
[391.693s][info][gc,heap     ] GC(33)      Used:      948M (23%)         966M (24%)         306M (7%)          188M (5%)          966M (24%)         188M (5%)     
[391.694s][info][gc,heap     ] GC(33)      Live:         -               128M (3%)          128M (3%)          128M (3%)             -                  -          
[391.695s][info][gc,heap     ] GC(33) Allocated:         -                18M (0%)           18M (0%)           18M (0%)             -                  -          
[391.695s][info][gc,heap     ] GC(33)   Garbage:         -               819M (20%)         159M (4%)           41M (1%)             -                  -          
[391.696s][info][gc,heap     ] GC(33) Reclaimed:         -                  -               660M (16%)         778M (19%)            -                  -          
[391.696s][info][gc          ] GC(33) Garbage Collection (Proactive) 948M(23%)->188M(5%)
[400.283s][info][gc,stats    ] === Garbage Collection Statistics =======================================================================================================================
[400.285s][info][gc,stats    ]                                                              Last 10s              Last 10m              Last 10h                Total
[400.286s][info][gc,stats    ]                                                              Avg / Max             Avg / Max             Avg / Max             Avg / Max
[400.286s][info][gc,stats    ]   Collector: Garbage Collection Cycle                    100.697 / 100.697     560.439 / 2485.059    560.439 / 2485.059    560.439 / 2485.059    ms
[400.287s][info][gc,stats    ]  Contention: Mark Segment Reset Contention                     0 / 1                 0 / 2                 0 / 2                 0 / 2           ops/s
[400.288s][info][gc,stats    ]  Contention: Mark SeqNum Reset Contention                      0 / 0                 0 / 0                 0 / 0                 0 / 0           ops/s
[400.289s][info][gc,stats    ]    Critical: Allocation Stall                                  0 / 0                 0 / 0                 0 / 0                 0 / 0           ops/s
[400.289s][info][gc,stats    ]    Critical: Allocation Stall                              0.000 / 0.000         0.000 / 0.000         0.000 / 0.000         0.000 / 0.000       ms
[400.290s][info][gc,stats    ]    Critical: GC Locker Stall                                   0 / 0                 0 / 1                 0 / 1                 0 / 1           ops/s
[400.291s][info][gc,stats    ]    Critical: GC Locker Stall                               0.000 / 0.000         0.002 / 0.002         0.002 / 0.002         0.002 / 0.002       ms
[400.292s][info][gc,stats    ]    Critical: Relocation Stall                                  0 / 0                 0 / 0                 0 / 0                 0 / 0           ops/s
[400.292s][info][gc,stats    ]    Critical: Relocation Stall                              0.000 / 0.000         0.000 / 0.000         0.000 / 0.000         0.000 / 0.000       ms
[400.293s][info][gc,stats    ]      Memory: Allocation Rate                                  74 / 508              67 / 552              67 / 552              67 / 552         MB/s
[400.294s][info][gc,stats    ]      Memory: Out Of Memory                                     0 / 0                 0 / 0                 0 / 0                 0 / 0           ops/s
[400.295s][info][gc,stats    ]      Memory: Page Cache Flush                                  0 / 0                 0 / 0                 0 / 0                 0 / 0           MB/s
[400.295s][info][gc,stats    ]      Memory: Page Cache Hit L1                                12 / 46               12 / 112              12 / 112              12 / 112         ops/s
[400.296s][info][gc,stats    ]      Memory: Page Cache Hit L2                                 0 / 0                 0 / 0                 0 / 0                 0 / 0           ops/s
[400.297s][info][gc,stats    ]      Memory: Page Cache Hit L3                                 0 / 0                 0 / 31                0 / 31                0 / 31          ops/s
[400.297s][info][gc,stats    ]      Memory: Page Cache Miss                                   0 / 0                 1 / 88                1 / 88                1 / 88          ops/s
[400.298s][info][gc,stats    ]      Memory: Uncommit                                          0 / 0                 0 / 0                 0 / 0                 0 / 0           MB/s
[400.300s][info][gc,stats    ]      Memory: Undo Object Allocation Failed                     0 / 0                 0 / 1                 0 / 1                 0 / 1           ops/s
[400.300s][info][gc,stats    ]      Memory: Undo Object Allocation Succeeded                  0 / 0                 0 / 2                 0 / 2                 0 / 2           ops/s
[400.301s][info][gc,stats    ]      Memory: Undo Page Allocation                              0 / 0                 0 / 25                0 / 25                0 / 25          ops/s
[400.302s][info][gc,stats    ]       Phase: Concurrent Mark                              82.158 / 82.158      433.206 / 2153.078    433.206 / 2153.078    433.206 / 2153.078    ms
[400.302s][info][gc,stats    ]       Phase: Concurrent Mark Continue                      0.000 / 0.000         0.000 / 0.000         0.000 / 0.000         0.000 / 0.000       ms
[400.303s][info][gc,stats    ]       Phase: Concurrent Mark Free                          0.001 / 0.001         0.003 / 0.007         0.003 / 0.007         0.003 / 0.007       ms
[400.303s][info][gc,stats    ]       Phase: Concurrent Process Non-Strong References      7.419 / 7.419        36.319 / 257.265      36.319 / 257.265      36.319 / 257.265     ms
[400.304s][info][gc,stats    ]       Phase: Concurrent Relocate                           1.785 / 1.785        42.768 / 511.550      42.768 / 511.550      42.768 / 511.550     ms
[400.304s][info][gc,stats    ]       Phase: Concurrent Reset Relocation Set               0.007 / 0.007         0.019 / 0.139         0.019 / 0.139         0.019 / 0.139       ms
[400.305s][info][gc,stats    ]       Phase: Concurrent Select Relocation Set              1.635 / 1.635        14.325 / 198.723      14.325 / 198.723      14.325 / 198.723     ms
[400.306s][info][gc,stats    ]       Phase: Pause Mark End                                0.012 / 0.012         0.072 / 1.316         0.072 / 1.316         0.072 / 1.316       ms
[400.306s][info][gc,stats    ]       Phase: Pause Mark Start                              0.007 / 0.007         0.286 / 6.286         0.286 / 6.286         0.286 / 6.286       ms
[400.307s][info][gc,stats    ]       Phase: Pause Relocate Start                          0.008 / 0.008         0.017 / 0.139         0.017 / 0.139         0.017 / 0.139       ms
[400.307s][info][gc,stats    ]    Subphase: Concurrent Classes Purge                      0.283 / 0.283         1.625 / 10.871        1.625 / 10.871        1.625 / 10.871      ms
[400.308s][info][gc,stats    ]    Subphase: Concurrent Classes Unlink                     6.173 / 6.173        26.433 / 206.267      26.433 / 206.267      26.433 / 206.267     ms
[400.309s][info][gc,stats    ]    Subphase: Concurrent Mark                              80.349 / 80.689      416.121 / 2133.644    416.121 / 2133.644    416.121 / 2133.644    ms
[400.310s][info][gc,stats    ]    Subphase: Concurrent Mark Try Flush                     0.222 / 0.361         3.572 / 43.966        3.572 / 43.966        3.572 / 43.966      ms
[400.310s][info][gc,stats    ]    Subphase: Concurrent Mark Try Terminate                 0.801 / 1.281         2.407 / 24.031        2.407 / 24.031        2.407 / 24.031      ms
[400.311s][info][gc,stats    ]    Subphase: Concurrent References Enqueue                 0.004 / 0.004         0.112 / 2.610         0.112 / 2.610         0.112 / 2.610       ms
[400.312s][info][gc,stats    ]    Subphase: Concurrent References Process                 0.178 / 0.178         1.166 / 6.377         1.166 / 6.377         1.166 / 6.377       ms
[400.312s][info][gc,stats    ]    Subphase: Concurrent Roots ClassLoaderDataGraph         0.134 / 0.245         1.176 / 47.494        1.176 / 47.494        1.176 / 47.494      ms
[400.313s][info][gc,stats    ]    Subphase: Concurrent Roots CodeCache                    0.000 / 0.000         0.000 / 0.000         0.000 / 0.000         0.000 / 0.000       ms
[400.314s][info][gc,stats    ]    Subphase: Concurrent Roots JavaThreads                  0.904 / 1.025         8.399 / 61.015        8.399 / 61.015        8.399 / 61.015      ms
[400.315s][info][gc,stats    ]    Subphase: Concurrent Roots OopStorageSet                0.047 / 0.047         1.793 / 72.582        1.793 / 72.582        1.793 / 72.582      ms
[400.316s][info][gc,stats    ]    Subphase: Concurrent Weak Roots OopStorageSet           0.570 / 0.591         2.322 / 14.084        2.322 / 14.084        2.322 / 14.084      ms
[400.316s][info][gc,stats    ]    Subphase: Pause Mark Try Complete                       0.000 / 0.000         0.000 / 0.000         0.000 / 0.000         0.000 / 0.000       ms
[400.317s][info][gc,stats    ]      System: Java Threads                                     74 / 74               74 / 89               74 / 89               74 / 89          threads
[400.318s][info][gc,stats    ] =========================================================================================================================================================
[402.583s][info][gc,start    ] GC(34) Garbage Collection (Proactive)
[402.583s][info][gc,task     ] GC(34) Using 2 workers
[402.584s][info][gc,phases   ] GC(34) Pause Mark Start 0.053ms
[402.672s][info][gc,phases   ] GC(34) Concurrent Mark 86.674ms
[402.673s][info][gc,phases   ] GC(34) Pause Mark End 0.013ms
[402.674s][info][gc,phases   ] GC(34) Concurrent Mark Free 0.001ms
[402.682s][info][gc,phases   ] GC(34) Concurrent Process Non-Strong References 7.377ms
[402.682s][info][gc,phases   ] GC(34) Concurrent Reset Relocation Set 0.007ms
[402.685s][info][gc,phases   ] GC(34) Concurrent Select Relocation Set 1.622ms
[402.686s][info][gc,phases   ] GC(34) Pause Relocate Start 0.008ms
[402.688s][info][gc,phases   ] GC(34) Concurrent Relocate 2.296ms
[402.689s][info][gc,load     ] GC(34) Load: 0.63/3.34/3.66
[402.690s][info][gc,mmu      ] GC(34) MMU: 2ms/0.0%, 5ms/0.0%, 10ms/37.1%, 20ms/68.6%, 50ms/87.4%, 100ms/93.7%
[402.690s][info][gc,marking  ] GC(34) Mark: 2 stripe(s), 2 proactive flush(es), 1 terminate flush(es), 0 completion(s), 0 continuation(s) 
[402.691s][info][gc,marking  ] GC(34) Mark Stack Usage: 32M
[402.691s][info][gc,nmethod  ] GC(34) NMethods: 6622 registered, 928 unregistered
[402.692s][info][gc,metaspace] GC(34) Metaspace: 52M used, 53M committed, 1072M reserved
[402.692s][info][gc,ref      ] GC(34) Soft: 5017 encountered, 0 discovered, 0 enqueued
[402.693s][info][gc,ref      ] GC(34) Weak: 3154 encountered, 344 discovered, 0 enqueued
[402.693s][info][gc,ref      ] GC(34) Final: 86 encountered, 3 discovered, 3 enqueued
[402.694s][info][gc,ref      ] GC(34) Phantom: 479 encountered, 357 discovered, 0 enqueued
[402.694s][info][gc,reloc    ] GC(34) Small Pages: 140 / 280M, Empty: 60M, Relocated: 3M, In-Place: 0
[402.695s][info][gc,reloc    ] GC(34) Medium Pages: 1 / 32M, Empty: 0M, Relocated: 0M, In-Place: 0
[402.696s][info][gc,reloc    ] GC(34) Large Pages: 51 / 634M, Empty: 600M, Relocated: 0M, In-Place: 0
[402.696s][info][gc,reloc    ] GC(34) Forwarding Usage: 0M
[402.697s][info][gc,heap     ] GC(34) Min Capacity: 256M(6%)
[402.697s][info][gc,heap     ] GC(34) Max Capacity: 4096M(100%)
[402.698s][info][gc,heap     ] GC(34) Soft Max Capacity: 4096M(100%)
[402.698s][info][gc,heap     ] GC(34)                Mark Start          Mark End        Relocate Start      Relocate End           High               Low         
[402.698s][info][gc,heap     ] GC(34)  Capacity:     2948M (72%)        2948M (72%)        2948M (72%)        2948M (72%)        2948M (72%)        2948M (72%)    
[402.699s][info][gc,heap     ] GC(34)      Free:     3150M (77%)        3136M (77%)        3796M (93%)        3908M (95%)        3908M (95%)        3136M (77%)    
[402.699s][info][gc,heap     ] GC(34)      Used:      946M (23%)         960M (23%)         300M (7%)          188M (5%)          960M (23%)         188M (5%)     
[402.700s][info][gc,heap     ] GC(34)      Live:         -               128M (3%)          128M (3%)          128M (3%)             -                  -          
[402.701s][info][gc,heap     ] GC(34) Allocated:         -                14M (0%)           14M (0%)           15M (0%)             -                  -          
[402.701s][info][gc,heap     ] GC(34)   Garbage:         -               817M (20%)         157M (4%)           43M (1%)             -                  -          
[402.702s][info][gc,heap     ] GC(34) Reclaimed:         -                  -               660M (16%)         773M (19%)            -                  -          
[402.702s][info][gc          ] GC(34) Garbage Collection (Proactive) 946M(23%)->188M(5%)
[410.282s][info][gc,stats    ] === Garbage Collection Statistics =======================================================================================================================
[410.284s][info][gc,stats    ]                                                              Last 10s              Last 10m              Last 10h                Total
[410.285s][info][gc,stats    ]                                                              Avg / Max             Avg / Max             Avg / Max             Avg / Max
[410.286s][info][gc,stats    ]   Collector: Garbage Collection Cycle                    106.381 / 106.381     547.466 / 2485.059    547.466 / 2485.059    547.466 / 2485.059    ms
[410.286s][info][gc,stats    ]  Contention: Mark Segment Reset Contention                     0 / 0                 0 / 2                 0 / 2                 0 / 2           ops/s
[410.287s][info][gc,stats    ]  Contention: Mark SeqNum Reset Contention                      0 / 0                 0 / 0                 0 / 0                 0 / 0           ops/s
[410.288s][info][gc,stats    ]    Critical: Allocation Stall                                  0 / 0                 0 / 0                 0 / 0                 0 / 0           ops/s
[410.288s][info][gc,stats    ]    Critical: Allocation Stall                              0.000 / 0.000         0.000 / 0.000         0.000 / 0.000         0.000 / 0.000       ms
[410.289s][info][gc,stats    ]    Critical: GC Locker Stall                                   0 / 0                 0 / 1                 0 / 1                 0 / 1           ops/s
[410.290s][info][gc,stats    ]    Critical: GC Locker Stall                               0.000 / 0.000         0.002 / 0.002         0.002 / 0.002         0.002 / 0.002       ms
[410.290s][info][gc,stats    ]    Critical: Relocation Stall                                  0 / 0                 0 / 0                 0 / 0                 0 / 0           ops/s
[410.291s][info][gc,stats    ]    Critical: Relocation Stall                              0.000 / 0.000         0.000 / 0.000         0.000 / 0.000         0.000 / 0.000       ms
[410.291s][info][gc,stats    ]      Memory: Allocation Rate                                  74 / 506              68 / 552              68 / 552              68 / 552         MB/s
[410.292s][info][gc,stats    ]      Memory: Out Of Memory                                     0 / 0                 0 / 0                 0 / 0                 0 / 0           ops/s
[410.293s][info][gc,stats    ]      Memory: Page Cache Flush                                  0 / 0                 0 / 0                 0 / 0                 0 / 0           MB/s
[410.293s][info][gc,stats    ]      Memory: Page Cache Hit L1                                12 / 46               12 / 112              12 / 112              12 / 112         ops/s
[410.294s][info][gc,stats    ]      Memory: Page Cache Hit L2                                 0 / 0                 0 / 0                 0 / 0                 0 / 0           ops/s
[410.294s][info][gc,stats    ]      Memory: Page Cache Hit L3                                 0 / 0                 0 / 31                0 / 31                0 / 31          ops/s
[410.295s][info][gc,stats    ]      Memory: Page Cache Miss                                   0 / 0                 1 / 88                1 / 88                1 / 88          ops/s
[410.296s][info][gc,stats    ]      Memory: Uncommit                                          0 / 0                 0 / 0                 0 / 0                 0 / 0           MB/s
[410.297s][info][gc,stats    ]      Memory: Undo Object Allocation Failed                     0 / 0                 0 / 1                 0 / 1                 0 / 1           ops/s
[410.298s][info][gc,stats    ]      Memory: Undo Object Allocation Succeeded                  0 / 1                 0 / 2                 0 / 2                 0 / 2           ops/s
[410.298s][info][gc,stats    ]      Memory: Undo Page Allocation                              0 / 0                 0 / 25                0 / 25                0 / 25          ops/s
[410.299s][info][gc,stats    ]       Phase: Concurrent Mark                              86.674 / 86.674      423.305 / 2153.078    423.305 / 2153.078    423.305 / 2153.078    ms
[410.299s][info][gc,stats    ]       Phase: Concurrent Mark Continue                      0.000 / 0.000         0.000 / 0.000         0.000 / 0.000         0.000 / 0.000       ms
[410.300s][info][gc,stats    ]       Phase: Concurrent Mark Free                          0.001 / 0.001         0.003 / 0.007         0.003 / 0.007         0.003 / 0.007       ms
[410.300s][info][gc,stats    ]       Phase: Concurrent Process Non-Strong References      7.377 / 7.377        35.492 / 257.265      35.492 / 257.265      35.492 / 257.265     ms
[410.301s][info][gc,stats    ]       Phase: Concurrent Relocate                           2.296 / 2.296        41.612 / 511.550      41.612 / 511.550      41.612 / 511.550     ms
[410.302s][info][gc,stats    ]       Phase: Concurrent Reset Relocation Set               0.007 / 0.007         0.019 / 0.139         0.019 / 0.139         0.019 / 0.139       ms
[410.302s][info][gc,stats    ]       Phase: Concurrent Select Relocation Set              1.622 / 1.622        13.962 / 198.723      13.962 / 198.723      13.962 / 198.723     ms
[410.303s][info][gc,stats    ]       Phase: Pause Mark End                                0.013 / 0.013         0.070 / 1.316         0.070 / 1.316         0.070 / 1.316       ms
[410.303s][info][gc,stats    ]       Phase: Pause Mark Start                              0.053 / 0.053         0.280 / 6.286         0.280 / 6.286         0.280 / 6.286       ms
[410.304s][info][gc,stats    ]       Phase: Pause Relocate Start                          0.008 / 0.008         0.017 / 0.139         0.017 / 0.139         0.017 / 0.139       ms
[410.304s][info][gc,stats    ]    Subphase: Concurrent Classes Purge                      0.262 / 0.262         1.586 / 10.871        1.586 / 10.871        1.586 / 10.871      ms
[410.305s][info][gc,stats    ]    Subphase: Concurrent Classes Unlink                     6.014 / 6.014        25.849 / 206.267      25.849 / 206.267      25.849 / 206.267     ms
[410.305s][info][gc,stats    ]    Subphase: Concurrent Mark                              84.823 / 85.049      406.655 / 2133.644    406.655 / 2133.644    406.655 / 2133.644    ms
[410.306s][info][gc,stats    ]    Subphase: Concurrent Mark Try Flush                     0.233 / 0.304         3.486 / 43.966        3.486 / 43.966        3.486 / 43.966      ms
[410.306s][info][gc,stats    ]    Subphase: Concurrent Mark Try Terminate                 0.469 / 1.238         2.394 / 24.031        2.394 / 24.031        2.394 / 24.031      ms
[410.307s][info][gc,stats    ]    Subphase: Concurrent References Enqueue                 0.029 / 0.029         0.110 / 2.610         0.110 / 2.610         0.110 / 2.610       ms
[410.307s][info][gc,stats    ]    Subphase: Concurrent References Process                 0.127 / 0.127         1.136 / 6.377         1.136 / 6.377         1.136 / 6.377       ms
[410.308s][info][gc,stats    ]    Subphase: Concurrent Roots ClassLoaderDataGraph         0.145 / 0.265         1.145 / 47.494        1.145 / 47.494        1.145 / 47.494      ms
[410.309s][info][gc,stats    ]    Subphase: Concurrent Roots CodeCache                    0.000 / 0.000         0.000 / 0.000         0.000 / 0.000         0.000 / 0.000       ms
[410.309s][info][gc,stats    ]    Subphase: Concurrent Roots JavaThreads                  1.031 / 1.160         8.189 / 61.015        8.189 / 61.015        8.189 / 61.015      ms
[410.310s][info][gc,stats    ]    Subphase: Concurrent Roots OopStorageSet                0.029 / 0.045         1.734 / 72.582        1.734 / 72.582        1.734 / 72.582      ms
[410.311s][info][gc,stats    ]    Subphase: Concurrent Weak Roots OopStorageSet           0.635 / 0.649         2.271 / 14.084        2.271 / 14.084        2.271 / 14.084      ms
[410.311s][info][gc,stats    ]    Subphase: Pause Mark Try Complete                       0.000 / 0.000         0.000 / 0.000         0.000 / 0.000         0.000 / 0.000       ms
[410.312s][info][gc,stats    ]      System: Java Threads                                     74 / 74               74 / 89               74 / 89               74 / 89          threads
[410.312s][info][gc,stats    ] =========================================================================================================================================================
[413.583s][info][gc,start    ] GC(35) Garbage Collection (Proactive)
[413.584s][info][gc,task     ] GC(35) Using 2 workers
[413.585s][info][gc,phases   ] GC(35) Pause Mark Start 0.007ms
[413.678s][info][gc,phases   ] GC(35) Concurrent Mark 92.435ms
[413.680s][info][gc,phases   ] GC(35) Pause Mark End 0.014ms
[413.681s][info][gc,phases   ] GC(35) Concurrent Mark Free 0.002ms
[413.690s][info][gc,phases   ] GC(35) Concurrent Process Non-Strong References 9.133ms
[413.692s][info][gc,phases   ] GC(35) Concurrent Reset Relocation Set 0.034ms
[413.694s][info][gc,phases   ] GC(35) Concurrent Select Relocation Set 1.775ms
[413.695s][info][gc,phases   ] GC(35) Pause Relocate Start 0.008ms
[413.698s][info][gc,phases   ] GC(35) Concurrent Relocate 1.992ms
[413.698s][info][gc,load     ] GC(35) Load: 0.68/3.27/3.63
[413.699s][info][gc,mmu      ] GC(35) MMU: 2ms/0.0%, 5ms/0.0%, 10ms/37.1%, 20ms/68.6%, 50ms/87.4%, 100ms/93.7%
[413.700s][info][gc,marking  ] GC(35) Mark: 2 stripe(s), 6 proactive flush(es), 1 terminate flush(es), 0 completion(s), 0 continuation(s) 
[413.700s][info][gc,marking  ] GC(35) Mark Stack Usage: 32M
[413.701s][info][gc,nmethod  ] GC(35) NMethods: 6735 registered, 928 unregistered
[413.701s][info][gc,metaspace] GC(35) Metaspace: 52M used, 53M committed, 1072M reserved
[413.702s][info][gc,ref      ] GC(35) Soft: 5021 encountered, 0 discovered, 0 enqueued
[413.702s][info][gc,ref      ] GC(35) Weak: 3201 encountered, 143 discovered, 6 enqueued
[413.703s][info][gc,ref      ] GC(35) Final: 85 encountered, 2 discovered, 2 enqueued
[413.704s][info][gc,ref      ] GC(35) Phantom: 504 encountered, 382 discovered, 8 enqueued
[413.704s][info][gc,reloc    ] GC(35) Small Pages: 136 / 272M, Empty: 36M, Relocated: 3M, In-Place: 0
[413.705s][info][gc,reloc    ] GC(35) Medium Pages: 1 / 32M, Empty: 0M, Relocated: 0M, In-Place: 0
[413.705s][info][gc,reloc    ] GC(35) Large Pages: 51 / 634M, Empty: 600M, Relocated: 0M, In-Place: 0
[413.706s][info][gc,reloc    ] GC(35) Forwarding Usage: 0M
[413.706s][info][gc,heap     ] GC(35) Min Capacity: 256M(6%)
[413.707s][info][gc,heap     ] GC(35) Max Capacity: 4096M(100%)
[413.707s][info][gc,heap     ] GC(35) Soft Max Capacity: 4096M(100%)
[413.708s][info][gc,heap     ] GC(35)                Mark Start          Mark End        Relocate Start      Relocate End           High               Low         
[413.708s][info][gc,heap     ] GC(35)  Capacity:     2948M (72%)        2948M (72%)        2948M (72%)        2948M (72%)        2948M (72%)        2948M (72%)    
[413.709s][info][gc,heap     ] GC(35)      Free:     3158M (77%)        3144M (77%)        3780M (92%)        3908M (95%)        3908M (95%)        3144M (77%)    
[413.709s][info][gc,heap     ] GC(35)      Used:      938M (23%)         952M (23%)         316M (8%)          188M (5%)          952M (23%)         188M (5%)     
[413.709s][info][gc,heap     ] GC(35)      Live:         -               128M (3%)          128M (3%)          128M (3%)             -                  -          
[413.710s][info][gc,heap     ] GC(35) Allocated:         -                14M (0%)           14M (0%)           15M (0%)             -                  -          
[413.711s][info][gc,heap     ] GC(35)   Garbage:         -               809M (20%)         173M (4%)           43M (1%)             -                  -          
[413.711s][info][gc,heap     ] GC(35) Reclaimed:         -                  -               636M (16%)         765M (19%)            -                  -          
[413.712s][info][gc          ] GC(35) Garbage Collection (Proactive) 938M(23%)->188M(5%)
[420.282s][info][gc,stats    ] === Garbage Collection Statistics =======================================================================================================================
[420.283s][info][gc,stats    ]                                                              Last 10s              Last 10m              Last 10h                Total
[420.284s][info][gc,stats    ]                                                              Avg / Max             Avg / Max             Avg / Max             Avg / Max
[420.285s][info][gc,stats    ]   Collector: Garbage Collection Cycle                    115.456 / 115.456     535.466 / 2485.059    535.466 / 2485.059    535.466 / 2485.059    ms
[420.285s][info][gc,stats    ]  Contention: Mark Segment Reset Contention                     0 / 1                 0 / 2                 0 / 2                 0 / 2           ops/s
[420.286s][info][gc,stats    ]  Contention: Mark SeqNum Reset Contention                      0 / 0                 0 / 0                 0 / 0                 0 / 0           ops/s
[420.287s][info][gc,stats    ]    Critical: Allocation Stall                                  0 / 0                 0 / 0                 0 / 0                 0 / 0           ops/s
[420.287s][info][gc,stats    ]    Critical: Allocation Stall                              0.000 / 0.000         0.000 / 0.000         0.000 / 0.000         0.000 / 0.000       ms
[420.288s][info][gc,stats    ]    Critical: GC Locker Stall                                   0 / 0                 0 / 1                 0 / 1                 0 / 1           ops/s
[420.289s][info][gc,stats    ]    Critical: GC Locker Stall                               0.000 / 0.000         0.002 / 0.002         0.002 / 0.002         0.002 / 0.002       ms
[420.289s][info][gc,stats    ]    Critical: Relocation Stall                                  0 / 0                 0 / 0                 0 / 0                 0 / 0           ops/s
[420.290s][info][gc,stats    ]    Critical: Relocation Stall                              0.000 / 0.000         0.000 / 0.000         0.000 / 0.000         0.000 / 0.000       ms
[420.291s][info][gc,stats    ]      Memory: Allocation Rate                                  75 / 518              68 / 552              68 / 552              68 / 552         MB/s
[420.291s][info][gc,stats    ]      Memory: Out Of Memory                                     0 / 0                 0 / 0                 0 / 0                 0 / 0           ops/s
[420.292s][info][gc,stats    ]      Memory: Page Cache Flush                                  0 / 0                 0 / 0                 0 / 0                 0 / 0           MB/s
[420.292s][info][gc,stats    ]      Memory: Page Cache Hit L1                                13 / 52               12 / 112              12 / 112              12 / 112         ops/s
[420.293s][info][gc,stats    ]      Memory: Page Cache Hit L2                                 0 / 0                 0 / 0                 0 / 0                 0 / 0           ops/s
[420.293s][info][gc,stats    ]      Memory: Page Cache Hit L3                                 0 / 0                 0 / 31                0 / 31                0 / 31          ops/s
[420.294s][info][gc,stats    ]      Memory: Page Cache Miss                                   0 / 0                 1 / 88                1 / 88                1 / 88          ops/s
[420.295s][info][gc,stats    ]      Memory: Uncommit                                          0 / 0                 0 / 0                 0 / 0                 0 / 0           MB/s
[420.296s][info][gc,stats    ]      Memory: Undo Object Allocation Failed                     0 / 0                 0 / 1                 0 / 1                 0 / 1           ops/s
[420.296s][info][gc,stats    ]      Memory: Undo Object Allocation Succeeded                  0 / 0                 0 / 2                 0 / 2                 0 / 2           ops/s
[420.297s][info][gc,stats    ]      Memory: Undo Page Allocation                              0 / 0                 0 / 25                0 / 25                0 / 25          ops/s
[420.297s][info][gc,stats    ]       Phase: Concurrent Mark                              92.435 / 92.435      414.114 / 2153.078    414.114 / 2153.078    414.114 / 2153.078    ms
[420.298s][info][gc,stats    ]       Phase: Concurrent Mark Continue                      0.000 / 0.000         0.000 / 0.000         0.000 / 0.000         0.000 / 0.000       ms
[420.299s][info][gc,stats    ]       Phase: Concurrent Mark Free                          0.002 / 0.002         0.003 / 0.007         0.003 / 0.007         0.003 / 0.007       ms
[420.299s][info][gc,stats    ]       Phase: Concurrent Process Non-Strong References      9.133 / 9.133        34.760 / 257.265      34.760 / 257.265      34.760 / 257.265     ms
[420.300s][info][gc,stats    ]       Phase: Concurrent Relocate                           1.992 / 1.992        40.511 / 511.550      40.511 / 511.550      40.511 / 511.550     ms
[420.300s][info][gc,stats    ]       Phase: Concurrent Reset Relocation Set               0.034 / 0.034         0.019 / 0.139         0.019 / 0.139         0.019 / 0.139       ms
[420.301s][info][gc,stats    ]       Phase: Concurrent Select Relocation Set              1.775 / 1.775        13.623 / 198.723      13.623 / 198.723      13.623 / 198.723     ms
[420.301s][info][gc,stats    ]       Phase: Pause Mark End                                0.014 / 0.014         0.069 / 1.316         0.069 / 1.316         0.069 / 1.316       ms
[420.302s][info][gc,stats    ]       Phase: Pause Mark Start                              0.007 / 0.007         0.272 / 6.286         0.272 / 6.286         0.272 / 6.286       ms
[420.303s][info][gc,stats    ]       Phase: Pause Relocate Start                          0.008 / 0.008         0.017 / 0.139         0.017 / 0.139         0.017 / 0.139       ms
[420.303s][info][gc,stats    ]    Subphase: Concurrent Classes Purge                      0.488 / 0.488         1.555 / 10.871        1.555 / 10.871        1.555 / 10.871      ms
[420.304s][info][gc,stats    ]    Subphase: Concurrent Classes Unlink                     7.216 / 7.216        25.332 / 206.267      25.332 / 206.267      25.332 / 206.267     ms
[420.304s][info][gc,stats    ]    Subphase: Concurrent Mark                              90.004 / 90.500      397.860 / 2133.644    397.860 / 2133.644    397.860 / 2133.644    ms
[420.305s][info][gc,stats    ]    Subphase: Concurrent Mark Try Flush                     0.074 / 0.167         3.291 / 43.966        3.291 / 43.966        3.291 / 43.966      ms
[420.305s][info][gc,stats    ]    Subphase: Concurrent Mark Try Terminate                 0.807 / 1.145         2.370 / 24.031        2.370 / 24.031        2.370 / 24.031      ms
[420.306s][info][gc,stats    ]    Subphase: Concurrent References Enqueue                 0.007 / 0.007         0.107 / 2.610         0.107 / 2.610         0.107 / 2.610       ms
[420.306s][info][gc,stats    ]    Subphase: Concurrent References Process                 0.237 / 0.237         1.111 / 6.377         1.111 / 6.377         1.111 / 6.377       ms
[420.307s][info][gc,stats    ]    Subphase: Concurrent Roots ClassLoaderDataGraph         0.160 / 0.296         1.116 / 47.494        1.116 / 47.494        1.116 / 47.494      ms
[420.308s][info][gc,stats    ]    Subphase: Concurrent Roots CodeCache                    0.000 / 0.000         0.000 / 0.000         0.000 / 0.000         0.000 / 0.000       ms
[420.308s][info][gc,stats    ]    Subphase: Concurrent Roots JavaThreads                  1.434 / 1.591         8.001 / 61.015        8.001 / 61.015        8.001 / 61.015      ms
[420.310s][info][gc,stats    ]    Subphase: Concurrent Roots OopStorageSet                0.029 / 0.043         1.679 / 72.582        1.679 / 72.582        1.679 / 72.582      ms
[420.310s][info][gc,stats    ]    Subphase: Concurrent Weak Roots OopStorageSet           0.748 / 0.772         2.226 / 14.084        2.226 / 14.084        2.226 / 14.084      ms
[420.311s][info][gc,stats    ]    Subphase: Pause Mark Try Complete                       0.000 / 0.000         0.000 / 0.000         0.000 / 0.000         0.000 / 0.000       ms
[420.312s][info][gc,stats    ]      System: Java Threads                                     83 / 83               74 / 89               74 / 89               74 / 89          threads
[420.312s][info][gc,stats    ] =========================================================================================================================================================
[424.583s][info][gc,start    ] GC(36) Garbage Collection (Proactive)
[424.584s][info][gc,task     ] GC(36) Using 2 workers
[424.585s][info][gc,phases   ] GC(36) Pause Mark Start 0.009ms
[424.666s][info][gc,phases   ] GC(36) Concurrent Mark 80.176ms
[424.667s][info][gc,phases   ] GC(36) Pause Mark End 0.014ms
[424.668s][info][gc,phases   ] GC(36) Concurrent Mark Free 0.002ms
[424.678s][info][gc,phases   ] GC(36) Concurrent Process Non-Strong References 8.789ms
[424.678s][info][gc,phases   ] GC(36) Concurrent Reset Relocation Set 0.008ms
[424.681s][info][gc,phases   ] GC(36) Concurrent Select Relocation Set 1.724ms
[424.682s][info][gc,phases   ] GC(36) Pause Relocate Start 0.007ms
[424.685s][info][gc,phases   ] GC(36) Concurrent Relocate 2.356ms
[424.685s][info][gc,load     ] GC(36) Load: 0.82/3.21/3.61
[424.686s][info][gc,mmu      ] GC(36) MMU: 2ms/0.0%, 5ms/0.0%, 10ms/37.1%, 20ms/68.6%, 50ms/87.4%, 100ms/93.7%
[424.686s][info][gc,marking  ] GC(36) Mark: 2 stripe(s), 2 proactive flush(es), 1 terminate flush(es), 0 completion(s), 0 continuation(s) 
[424.687s][info][gc,marking  ] GC(36) Mark Stack Usage: 32M
[424.687s][info][gc,nmethod  ] GC(36) NMethods: 6795 registered, 928 unregistered
[424.688s][info][gc,metaspace] GC(36) Metaspace: 52M used, 53M committed, 1072M reserved
[424.688s][info][gc,ref      ] GC(36) Soft: 5021 encountered, 0 discovered, 0 enqueued
[424.689s][info][gc,ref      ] GC(36) Weak: 3195 encountered, 344 discovered, 0 enqueued
[424.689s][info][gc,ref      ] GC(36) Final: 85 encountered, 2 discovered, 2 enqueued
[424.690s][info][gc,ref      ] GC(36) Phantom: 496 encountered, 431 discovered, 0 enqueued
[424.690s][info][gc,reloc    ] GC(36) Small Pages: 141 / 282M, Empty: 58M, Relocated: 3M, In-Place: 0
[424.691s][info][gc,reloc    ] GC(36) Medium Pages: 1 / 32M, Empty: 0M, Relocated: 0M, In-Place: 0
[424.692s][info][gc,reloc    ] GC(36) Large Pages: 51 / 634M, Empty: 600M, Relocated: 0M, In-Place: 0
[424.692s][info][gc,reloc    ] GC(36) Forwarding Usage: 0M
[424.693s][info][gc,heap     ] GC(36) Min Capacity: 256M(6%)
[424.693s][info][gc,heap     ] GC(36) Max Capacity: 4096M(100%)
[424.694s][info][gc,heap     ] GC(36) Soft Max Capacity: 4096M(100%)
[424.694s][info][gc,heap     ] GC(36)                Mark Start          Mark End        Relocate Start      Relocate End           High               Low         
[424.695s][info][gc,heap     ] GC(36)  Capacity:     2948M (72%)        2948M (72%)        2948M (72%)        2948M (72%)        2948M (72%)        2948M (72%)    
[424.695s][info][gc,heap     ] GC(36)      Free:     3148M (77%)        3132M (76%)        3790M (93%)        3908M (95%)        3908M (95%)        3132M (76%)    
[424.696s][info][gc,heap     ] GC(36)      Used:      948M (23%)         964M (24%)         306M (7%)          188M (5%)          964M (24%)         188M (5%)     
[424.696s][info][gc,heap     ] GC(36)      Live:         -               128M (3%)          128M (3%)          128M (3%)             -                  -          
[424.697s][info][gc,heap     ] GC(36) Allocated:         -                16M (0%)           16M (0%)           15M (0%)             -                  -          
[424.698s][info][gc,heap     ] GC(36)   Garbage:         -               819M (20%)         161M (4%)           43M (1%)             -                  -          
[424.698s][info][gc,heap     ] GC(36) Reclaimed:         -                  -               658M (16%)         775M (19%)            -                  -          
[424.699s][info][gc          ] GC(36) Garbage Collection (Proactive) 948M(23%)->188M(5%)
[430.283s][info][gc,stats    ] === Garbage Collection Statistics =======================================================================================================================
[430.284s][info][gc,stats    ]                                                              Last 10s              Last 10m              Last 10h                Total
[430.285s][info][gc,stats    ]                                                              Avg / Max             Avg / Max             Avg / Max             Avg / Max
[430.285s][info][gc,stats    ]   Collector: Garbage Collection Cycle                    102.382 / 102.382     523.761 / 2485.059    523.761 / 2485.059    523.761 / 2485.059    ms
[430.286s][info][gc,stats    ]  Contention: Mark Segment Reset Contention                     0 / 0                 0 / 2                 0 / 2                 0 / 2           ops/s
[430.287s][info][gc,stats    ]  Contention: Mark SeqNum Reset Contention                      0 / 0                 0 / 0                 0 / 0                 0 / 0           ops/s
[430.287s][info][gc,stats    ]    Critical: Allocation Stall                                  0 / 0                 0 / 0                 0 / 0                 0 / 0           ops/s
[430.288s][info][gc,stats    ]    Critical: Allocation Stall                              0.000 / 0.000         0.000 / 0.000         0.000 / 0.000         0.000 / 0.000       ms
[430.289s][info][gc,stats    ]    Critical: GC Locker Stall                                   0 / 0                 0 / 1                 0 / 1                 0 / 1           ops/s
[430.289s][info][gc,stats    ]    Critical: GC Locker Stall                               0.000 / 0.000         0.002 / 0.002         0.002 / 0.002         0.002 / 0.002       ms
[430.290s][info][gc,stats    ]    Critical: Relocation Stall                                  0 / 0                 0 / 0                 0 / 0                 0 / 0           ops/s
[430.291s][info][gc,stats    ]    Critical: Relocation Stall                              0.000 / 0.000         0.000 / 0.000         0.000 / 0.000         0.000 / 0.000       ms
[430.291s][info][gc,stats    ]      Memory: Allocation Rate                                  73 / 504              68 / 552              68 / 552              68 / 552         MB/s
[430.292s][info][gc,stats    ]      Memory: Out Of Memory                                     0 / 0                 0 / 0                 0 / 0                 0 / 0           ops/s
[430.292s][info][gc,stats    ]      Memory: Page Cache Flush                                  0 / 0                 0 / 0                 0 / 0                 0 / 0           MB/s
[430.293s][info][gc,stats    ]      Memory: Page Cache Hit L1                                12 / 45               12 / 112              12 / 112              12 / 112         ops/s
[430.293s][info][gc,stats    ]      Memory: Page Cache Hit L2                                 0 / 0                 0 / 0                 0 / 0                 0 / 0           ops/s
[430.294s][info][gc,stats    ]      Memory: Page Cache Hit L3                                 0 / 0                 0 / 31                0 / 31                0 / 31          ops/s
[430.294s][info][gc,stats    ]      Memory: Page Cache Miss                                   0 / 0                 1 / 88                1 / 88                1 / 88          ops/s
[430.295s][info][gc,stats    ]      Memory: Uncommit                                          0 / 0                 0 / 0                 0 / 0                 0 / 0           MB/s
[430.295s][info][gc,stats    ]      Memory: Undo Object Allocation Failed                     0 / 0                 0 / 1                 0 / 1                 0 / 1           ops/s
[430.296s][info][gc,stats    ]      Memory: Undo Object Allocation Succeeded                  0 / 0                 0 / 2                 0 / 2                 0 / 2           ops/s
[430.297s][info][gc,stats    ]      Memory: Undo Page Allocation                              0 / 0                 0 / 25                0 / 25                0 / 25          ops/s
[430.297s][info][gc,stats    ]       Phase: Concurrent Mark                              80.176 / 80.176      405.089 / 2153.078    405.089 / 2153.078    405.089 / 2153.078    ms
[430.298s][info][gc,stats    ]       Phase: Concurrent Mark Continue                      0.000 / 0.000         0.000 / 0.000         0.000 / 0.000         0.000 / 0.000       ms
[430.298s][info][gc,stats    ]       Phase: Concurrent Mark Free                          0.002 / 0.002         0.003 / 0.007         0.003 / 0.007         0.003 / 0.007       ms
[430.299s][info][gc,stats    ]       Phase: Concurrent Process Non-Strong References      8.789 / 8.789        34.058 / 257.265      34.058 / 257.265      34.058 / 257.265     ms
[430.299s][info][gc,stats    ]       Phase: Concurrent Relocate                           2.356 / 2.356        39.480 / 511.550      39.480 / 511.550      39.480 / 511.550     ms
[430.300s][info][gc,stats    ]       Phase: Concurrent Reset Relocation Set               0.008 / 0.008         0.019 / 0.139         0.019 / 0.139         0.019 / 0.139       ms
[430.300s][info][gc,stats    ]       Phase: Concurrent Select Relocation Set              1.724 / 1.724        13.301 / 198.723      13.301 / 198.723      13.301 / 198.723     ms
[430.301s][info][gc,stats    ]       Phase: Pause Mark End                                0.014 / 0.014         0.067 / 1.316         0.067 / 1.316         0.067 / 1.316       ms
[430.301s][info][gc,stats    ]       Phase: Pause Mark Start                              0.009 / 0.009         0.265 / 6.286         0.265 / 6.286         0.265 / 6.286       ms
[430.302s][info][gc,stats    ]       Phase: Pause Relocate Start                          0.007 / 0.007         0.017 / 0.139         0.017 / 0.139         0.017 / 0.139       ms
[430.302s][info][gc,stats    ]    Subphase: Concurrent Classes Purge                      0.344 / 0.344         1.522 / 10.871        1.522 / 10.871        1.522 / 10.871      ms
[430.302s][info][gc,stats    ]    Subphase: Concurrent Classes Unlink                     7.229 / 7.229        24.843 / 206.267      24.843 / 206.267      24.843 / 206.267     ms
[430.303s][info][gc,stats    ]    Subphase: Concurrent Mark                              77.828 / 78.273      389.210 / 2133.644    389.210 / 2133.644    389.210 / 2133.644    ms
[430.303s][info][gc,stats    ]    Subphase: Concurrent Mark Try Flush                     0.222 / 0.335         3.218 / 43.966        3.218 / 43.966        3.218 / 43.966      ms
[430.304s][info][gc,stats    ]    Subphase: Concurrent Mark Try Terminate                 0.495 / 1.322         2.358 / 24.031        2.358 / 24.031        2.358 / 24.031      ms
[430.304s][info][gc,stats    ]    Subphase: Concurrent References Enqueue                 0.027 / 0.027         0.105 / 2.610         0.105 / 2.610         0.105 / 2.610       ms
[430.305s][info][gc,stats    ]    Subphase: Concurrent References Process                 0.185 / 0.185         1.086 / 6.377         1.086 / 6.377         1.086 / 6.377       ms
[430.305s][info][gc,stats    ]    Subphase: Concurrent Roots ClassLoaderDataGraph         0.198 / 0.373         1.090 / 47.494        1.090 / 47.494        1.090 / 47.494      ms
[430.306s][info][gc,stats    ]    Subphase: Concurrent Roots CodeCache                    0.000 / 0.000         0.000 / 0.000         0.000 / 0.000         0.000 / 0.000       ms
[430.306s][info][gc,stats    ]    Subphase: Concurrent Roots JavaThreads                  1.346 / 1.536         7.821 / 61.015        7.821 / 61.015        7.821 / 61.015      ms
[430.307s][info][gc,stats    ]    Subphase: Concurrent Roots OopStorageSet                0.043 / 0.067         1.628 / 72.582        1.628 / 72.582        1.628 / 72.582      ms
[430.308s][info][gc,stats    ]    Subphase: Concurrent Weak Roots OopStorageSet           0.693 / 0.723         2.182 / 14.084        2.182 / 14.084        2.182 / 14.084      ms
[430.308s][info][gc,stats    ]    Subphase: Pause Mark Try Complete                       0.000 / 0.000         0.000 / 0.000         0.000 / 0.000         0.000 / 0.000       ms
[430.308s][info][gc,stats    ]      System: Java Threads                                     83 / 83               74 / 89               74 / 89               74 / 89          threads
[430.309s][info][gc,stats    ] =========================================================================================================================================================
[435.583s][info][gc,start    ] GC(37) Garbage Collection (Proactive)
[435.584s][info][gc,task     ] GC(37) Using 2 workers
[435.584s][info][gc,phases   ] GC(37) Pause Mark Start 0.007ms
[435.671s][info][gc,phases   ] GC(37) Concurrent Mark 86.349ms
[435.672s][info][gc,phases   ] GC(37) Pause Mark End 0.013ms
[435.673s][info][gc,phases   ] GC(37) Concurrent Mark Free 0.011ms
[435.683s][info][gc,phases   ] GC(37) Concurrent Process Non-Strong References 9.478ms
[435.684s][info][gc,phases   ] GC(37) Concurrent Reset Relocation Set 0.008ms
[435.686s][info][gc,phases   ] GC(37) Concurrent Select Relocation Set 1.597ms
[435.687s][info][gc,phases   ] GC(37) Pause Relocate Start 0.051ms
[435.690s][info][gc,phases   ] GC(37) Concurrent Relocate 1.851ms
[435.690s][info][gc,load     ] GC(37) Load: 0.69/3.10/3.57
[435.691s][info][gc,mmu      ] GC(37) MMU: 2ms/0.0%, 5ms/0.0%, 10ms/37.1%, 20ms/68.6%, 50ms/87.4%, 100ms/93.7%
[435.691s][info][gc,marking  ] GC(37) Mark: 2 stripe(s), 5 proactive flush(es), 1 terminate flush(es), 0 completion(s), 0 continuation(s) 
[435.692s][info][gc,marking  ] GC(37) Mark Stack Usage: 32M
[435.692s][info][gc,nmethod  ] GC(37) NMethods: 6802 registered, 928 unregistered
[435.693s][info][gc,metaspace] GC(37) Metaspace: 52M used, 53M committed, 1072M reserved
[435.694s][info][gc,ref      ] GC(37) Soft: 5021 encountered, 0 discovered, 0 enqueued
[435.694s][info][gc,ref      ] GC(37) Weak: 3195 encountered, 345 discovered, 0 enqueued
[435.695s][info][gc,ref      ] GC(37) Final: 85 encountered, 2 discovered, 2 enqueued
[435.696s][info][gc,ref      ] GC(37) Phantom: 496 encountered, 457 discovered, 0 enqueued
[435.696s][info][gc,reloc    ] GC(37) Small Pages: 141 / 282M, Empty: 56M, Relocated: 3M, In-Place: 0
[435.697s][info][gc,reloc    ] GC(37) Medium Pages: 1 / 32M, Empty: 0M, Relocated: 0M, In-Place: 0
[435.697s][info][gc,reloc    ] GC(37) Large Pages: 51 / 634M, Empty: 600M, Relocated: 0M, In-Place: 0
[435.698s][info][gc,reloc    ] GC(37) Forwarding Usage: 0M
[435.698s][info][gc,heap     ] GC(37) Min Capacity: 256M(6%)
[435.699s][info][gc,heap     ] GC(37) Max Capacity: 4096M(100%)
[435.699s][info][gc,heap     ] GC(37) Soft Max Capacity: 4096M(100%)
[435.700s][info][gc,heap     ] GC(37)                Mark Start          Mark End        Relocate Start      Relocate End           High               Low         
[435.700s][info][gc,heap     ] GC(37)  Capacity:     2948M (72%)        2948M (72%)        2948M (72%)        2948M (72%)        2948M (72%)        2948M (72%)    
[435.700s][info][gc,heap     ] GC(37)      Free:     3148M (77%)        3132M (76%)        3788M (92%)        3908M (95%)        3908M (95%)        3132M (76%)    
[435.701s][info][gc,heap     ] GC(37)      Used:      948M (23%)         964M (24%)         308M (8%)          188M (5%)          964M (24%)         188M (5%)     
[435.702s][info][gc,heap     ] GC(37)      Live:         -               128M (3%)          128M (3%)          128M (3%)             -                  -          
[435.702s][info][gc,heap     ] GC(37) Allocated:         -                16M (0%)           16M (0%)           16M (0%)             -                  -          
[435.703s][info][gc,heap     ] GC(37)   Garbage:         -               819M (20%)         163M (4%)           43M (1%)             -                  -          
[435.703s][info][gc,heap     ] GC(37) Reclaimed:         -                  -               656M (16%)         776M (19%)            -                  -          
[435.704s][info][gc          ] GC(37) Garbage Collection (Proactive) 948M(23%)->188M(5%)
[438.600s][info][gc,heap     ] Uncommitted: 872M(21%)
[440.282s][info][gc,stats    ] === Garbage Collection Statistics =======================================================================================================================
[440.283s][info][gc,stats    ]                                                              Last 10s              Last 10m              Last 10h                Total
[440.284s][info][gc,stats    ]                                                              Avg / Max             Avg / Max             Avg / Max             Avg / Max
[440.285s][info][gc,stats    ]   Collector: Garbage Collection Cycle                    107.330 / 107.330     512.802 / 2485.059    512.802 / 2485.059    512.802 / 2485.059    ms
[440.285s][info][gc,stats    ]  Contention: Mark Segment Reset Contention                     0 / 1                 0 / 2                 0 / 2                 0 / 2           ops/s
[440.286s][info][gc,stats    ]  Contention: Mark SeqNum Reset Contention                      0 / 0                 0 / 0                 0 / 0                 0 / 0           ops/s
[440.286s][info][gc,stats    ]    Critical: Allocation Stall                                  0 / 0                 0 / 0                 0 / 0                 0 / 0           ops/s
[440.287s][info][gc,stats    ]    Critical: Allocation Stall                              0.000 / 0.000         0.000 / 0.000         0.000 / 0.000         0.000 / 0.000       ms
[440.287s][info][gc,stats    ]    Critical: GC Locker Stall                                   0 / 0                 0 / 1                 0 / 1                 0 / 1           ops/s
[440.288s][info][gc,stats    ]    Critical: GC Locker Stall                               0.000 / 0.000         0.002 / 0.002         0.002 / 0.002         0.002 / 0.002       ms
[440.289s][info][gc,stats    ]    Critical: Relocation Stall                                  0 / 0                 0 / 0                 0 / 0                 0 / 0           ops/s
[440.290s][info][gc,stats    ]    Critical: Relocation Stall                              0.000 / 0.000         0.000 / 0.000         0.000 / 0.000         0.000 / 0.000       ms
[440.290s][info][gc,stats    ]      Memory: Allocation Rate                                  73 / 514              68 / 552              68 / 552              68 / 552         MB/s
[440.291s][info][gc,stats    ]      Memory: Out Of Memory                                     0 / 0                 0 / 0                 0 / 0                 0 / 0           ops/s
[440.292s][info][gc,stats    ]      Memory: Page Cache Flush                                  0 / 0                 0 / 0                 0 / 0                 0 / 0           MB/s
[440.292s][info][gc,stats    ]      Memory: Page Cache Hit L1                                12 / 50               12 / 112              12 / 112              12 / 112         ops/s
[440.293s][info][gc,stats    ]      Memory: Page Cache Hit L2                                 0 / 0                 0 / 0                 0 / 0                 0 / 0           ops/s
[440.293s][info][gc,stats    ]      Memory: Page Cache Hit L3                                 0 / 0                 0 / 31                0 / 31                0 / 31          ops/s
[440.294s][info][gc,stats    ]      Memory: Page Cache Miss                                   0 / 0                 1 / 88                1 / 88                1 / 88          ops/s
[440.294s][info][gc,stats    ]      Memory: Uncommit                                         87 / 872               1 / 872               1 / 872               1 / 872         MB/s
[440.295s][info][gc,stats    ]      Memory: Undo Object Allocation Failed                     0 / 0                 0 / 1                 0 / 1                 0 / 1           ops/s
[440.296s][info][gc,stats    ]      Memory: Undo Object Allocation Succeeded                  0 / 0                 0 / 2                 0 / 2                 0 / 2           ops/s
[440.297s][info][gc,stats    ]      Memory: Undo Page Allocation                              0 / 0                 0 / 25                0 / 25                0 / 25          ops/s
[440.297s][info][gc,stats    ]       Phase: Concurrent Mark                              86.349 / 86.349      396.701 / 2153.078    396.701 / 2153.078    396.701 / 2153.078    ms
[440.298s][info][gc,stats    ]       Phase: Concurrent Mark Continue                      0.000 / 0.000         0.000 / 0.000         0.000 / 0.000         0.000 / 0.000       ms
[440.298s][info][gc,stats    ]       Phase: Concurrent Mark Free                          0.011 / 0.011         0.003 / 0.011         0.003 / 0.011         0.003 / 0.011       ms
[440.299s][info][gc,stats    ]       Phase: Concurrent Process Non-Strong References      9.478 / 9.478        33.411 / 257.265      33.411 / 257.265      33.411 / 257.265     ms
[440.299s][info][gc,stats    ]       Phase: Concurrent Relocate                           1.851 / 1.851        38.490 / 511.550      38.490 / 511.550      38.490 / 511.550     ms
[440.300s][info][gc,stats    ]       Phase: Concurrent Reset Relocation Set               0.008 / 0.008         0.019 / 0.139         0.019 / 0.139         0.019 / 0.139       ms
[440.300s][info][gc,stats    ]       Phase: Concurrent Select Relocation Set              1.597 / 1.597        12.993 / 198.723      12.993 / 198.723      12.993 / 198.723     ms
[440.301s][info][gc,stats    ]       Phase: Pause Mark End                                0.013 / 0.013         0.066 / 1.316         0.066 / 1.316         0.066 / 1.316       ms
[440.301s][info][gc,stats    ]       Phase: Pause Mark Start                              0.007 / 0.007         0.258 / 6.286         0.258 / 6.286         0.258 / 6.286       ms
[440.302s][info][gc,stats    ]       Phase: Pause Relocate Start                          0.051 / 0.051         0.017 / 0.139         0.017 / 0.139         0.017 / 0.139       ms
[440.302s][info][gc,stats    ]    Subphase: Concurrent Classes Purge                      0.352 / 0.352         1.492 / 10.871        1.492 / 10.871        1.492 / 10.871      ms
[440.303s][info][gc,stats    ]    Subphase: Concurrent Classes Unlink                     7.622 / 7.622        24.389 / 206.267      24.389 / 206.267      24.389 / 206.267     ms
[440.303s][info][gc,stats    ]    Subphase: Concurrent Mark                              83.931 / 84.442      381.176 / 2133.644    381.176 / 2133.644    381.176 / 2133.644    ms
[440.304s][info][gc,stats    ]    Subphase: Concurrent Mark Try Flush                     0.245 / 0.402         3.083 / 43.966        3.083 / 43.966        3.083 / 43.966      ms
[440.304s][info][gc,stats    ]    Subphase: Concurrent Mark Try Terminate                 0.880 / 1.270         2.336 / 24.031        2.336 / 24.031        2.336 / 24.031      ms
[440.305s][info][gc,stats    ]    Subphase: Concurrent References Enqueue                 0.028 / 0.028         0.103 / 2.610         0.103 / 2.610         0.103 / 2.610       ms
[440.306s][info][gc,stats    ]    Subphase: Concurrent References Process                 0.251 / 0.251         1.064 / 6.377         1.064 / 6.377         1.064 / 6.377       ms
[440.306s][info][gc,stats    ]    Subphase: Concurrent Roots ClassLoaderDataGraph         0.175 / 0.326         1.065 / 47.494        1.065 / 47.494        1.065 / 47.494      ms
[440.307s][info][gc,stats    ]    Subphase: Concurrent Roots CodeCache                    0.000 / 0.000         0.000 / 0.000         0.000 / 0.000         0.000 / 0.000       ms
[440.307s][info][gc,stats    ]    Subphase: Concurrent Roots JavaThreads                  1.469 / 1.622         7.654 / 61.015        7.654 / 61.015        7.654 / 61.015      ms
[440.308s][info][gc,stats    ]    Subphase: Concurrent Roots OopStorageSet                0.032 / 0.049         1.580 / 72.582        1.580 / 72.582        1.580 / 72.582      ms
[440.309s][info][gc,stats    ]    Subphase: Concurrent Weak Roots OopStorageSet           0.782 / 0.792         2.143 / 14.084        2.143 / 14.084        2.143 / 14.084      ms
[440.309s][info][gc,stats    ]    Subphase: Pause Mark Try Complete                       0.000 / 0.000         0.000 / 0.000         0.000 / 0.000         0.000 / 0.000       ms
[440.310s][info][gc,stats    ]      System: Java Threads                                     83 / 83               75 / 89               75 / 89               75 / 89          threads
[440.311s][info][gc,stats    ] =========================================================================================================================================================
[446.582s][info][gc,start    ] GC(38) Garbage Collection (Proactive)
[446.583s][info][gc,task     ] GC(38) Using 2 workers
[446.584s][info][gc,phases   ] GC(38) Pause Mark Start 0.007ms
[446.665s][info][gc,phases   ] GC(38) Concurrent Mark 80.613ms
[446.667s][info][gc,phases   ] GC(38) Pause Mark End 0.014ms
[446.667s][info][gc,phases   ] GC(38) Concurrent Mark Free 0.001ms
[446.676s][info][gc,phases   ] GC(38) Concurrent Process Non-Strong References 7.723ms
[446.676s][info][gc,phases   ] GC(38) Concurrent Reset Relocation Set 0.007ms
[446.678s][info][gc,phases   ] GC(38) Concurrent Select Relocation Set 1.573ms
[446.679s][info][gc,phases   ] GC(38) Pause Relocate Start 0.007ms
[446.682s][info][gc,phases   ] GC(38) Concurrent Relocate 1.929ms
[446.682s][info][gc,load     ] GC(38) Load: 0.68/2.98/3.52
[446.683s][info][gc,mmu      ] GC(38) MMU: 2ms/0.0%, 5ms/0.0%, 10ms/37.1%, 20ms/68.6%, 50ms/87.4%, 100ms/93.7%
[446.683s][info][gc,marking  ] GC(38) Mark: 2 stripe(s), 3 proactive flush(es), 1 terminate flush(es), 0 completion(s), 0 continuation(s) 
[446.684s][info][gc,marking  ] GC(38) Mark Stack Usage: 32M
[446.684s][info][gc,nmethod  ] GC(38) NMethods: 6810 registered, 928 unregistered
[446.685s][info][gc,metaspace] GC(38) Metaspace: 52M used, 53M committed, 1072M reserved
[446.686s][info][gc,ref      ] GC(38) Soft: 5021 encountered, 0 discovered, 0 enqueued
[446.686s][info][gc,ref      ] GC(38) Weak: 3195 encountered, 373 discovered, 0 enqueued
[446.687s][info][gc,ref      ] GC(38) Final: 85 encountered, 2 discovered, 2 enqueued
[446.687s][info][gc,ref      ] GC(38) Phantom: 496 encountered, 430 discovered, 0 enqueued
[446.688s][info][gc,reloc    ] GC(38) Small Pages: 133 / 266M, Empty: 40M, Relocated: 3M, In-Place: 0
[446.688s][info][gc,reloc    ] GC(38) Medium Pages: 1 / 32M, Empty: 0M, Relocated: 0M, In-Place: 0
[446.688s][info][gc,reloc    ] GC(38) Large Pages: 51 / 634M, Empty: 600M, Relocated: 0M, In-Place: 0
[446.689s][info][gc,reloc    ] GC(38) Forwarding Usage: 0M
[446.689s][info][gc,heap     ] GC(38) Min Capacity: 256M(6%)
[446.690s][info][gc,heap     ] GC(38) Max Capacity: 4096M(100%)
[446.690s][info][gc,heap     ] GC(38) Soft Max Capacity: 4096M(100%)
[446.691s][info][gc,heap     ] GC(38)                Mark Start          Mark End        Relocate Start      Relocate End           High               Low         
[446.691s][info][gc,heap     ] GC(38)  Capacity:     2076M (51%)        2076M (51%)        2076M (51%)        2076M (51%)        2076M (51%)        2076M (51%)    
[446.692s][info][gc,heap     ] GC(38)      Free:     3164M (77%)        3148M (77%)        3788M (92%)        3910M (95%)        3910M (95%)        3148M (77%)    
[446.692s][info][gc,heap     ] GC(38)      Used:      932M (23%)         948M (23%)         308M (8%)          186M (5%)          948M (23%)         186M (5%)     
[446.693s][info][gc,heap     ] GC(38)      Live:         -               128M (3%)          128M (3%)          128M (3%)             -                  -          
[446.693s][info][gc,heap     ] GC(38) Allocated:         -                16M (0%)           16M (0%)           15M (0%)             -                  -          
[446.694s][info][gc,heap     ] GC(38)   Garbage:         -               803M (20%)         163M (4%)           41M (1%)             -                  -          
[446.694s][info][gc,heap     ] GC(38) Reclaimed:         -                  -               640M (16%)         761M (19%)            -                  -          
[446.695s][info][gc          ] GC(38) Garbage Collection (Proactive) 932M(23%)->186M(5%)
[450.283s][info][gc,stats    ] === Garbage Collection Statistics =======================================================================================================================
[450.284s][info][gc,stats    ]                                                              Last 10s              Last 10m              Last 10h                Total
[450.285s][info][gc,stats    ]                                                              Avg / Max             Avg / Max             Avg / Max             Avg / Max
[450.285s][info][gc,stats    ]   Collector: Garbage Collection Cycle                     99.541 / 99.541      502.206 / 2485.059    502.206 / 2485.059    502.206 / 2485.059    ms
[450.286s][info][gc,stats    ]  Contention: Mark Segment Reset Contention                     0 / 0                 0 / 2                 0 / 2                 0 / 2           ops/s
[450.286s][info][gc,stats    ]  Contention: Mark SeqNum Reset Contention                      0 / 0                 0 / 0                 0 / 0                 0 / 0           ops/s
[450.287s][info][gc,stats    ]    Critical: Allocation Stall                                  0 / 0                 0 / 0                 0 / 0                 0 / 0           ops/s
[450.288s][info][gc,stats    ]    Critical: Allocation Stall                              0.000 / 0.000         0.000 / 0.000         0.000 / 0.000         0.000 / 0.000       ms
[450.288s][info][gc,stats    ]    Critical: GC Locker Stall                                   0 / 0                 0 / 1                 0 / 1                 0 / 1           ops/s
[450.288s][info][gc,stats    ]    Critical: GC Locker Stall                               0.000 / 0.000         0.002 / 0.002         0.002 / 0.002         0.002 / 0.002       ms
[450.289s][info][gc,stats    ]    Critical: Relocation Stall                                  0 / 0                 0 / 0                 0 / 0                 0 / 0           ops/s
[450.289s][info][gc,stats    ]    Critical: Relocation Stall                              0.000 / 0.000         0.000 / 0.000         0.000 / 0.000         0.000 / 0.000       ms
[450.290s][info][gc,stats    ]      Memory: Allocation Rate                                  73 / 504              68 / 552              68 / 552              68 / 552         MB/s
[450.290s][info][gc,stats    ]      Memory: Out Of Memory                                     0 / 0                 0 / 0                 0 / 0                 0 / 0           ops/s
[450.291s][info][gc,stats    ]      Memory: Page Cache Flush                                  0 / 0                 0 / 0                 0 / 0                 0 / 0           MB/s
[450.291s][info][gc,stats    ]      Memory: Page Cache Hit L1                                12 / 44               12 / 112              12 / 112              12 / 112         ops/s
[450.292s][info][gc,stats    ]      Memory: Page Cache Hit L2                                 0 / 0                 0 / 0                 0 / 0                 0 / 0           ops/s
[450.292s][info][gc,stats    ]      Memory: Page Cache Hit L3                                 0 / 0                 0 / 31                0 / 31                0 / 31          ops/s
[450.293s][info][gc,stats    ]      Memory: Page Cache Miss                                   0 / 0                 1 / 88                1 / 88                1 / 88          ops/s
[450.293s][info][gc,stats    ]      Memory: Uncommit                                          0 / 0                 1 / 872               1 / 872               1 / 872         MB/s
[450.293s][info][gc,stats    ]      Memory: Undo Object Allocation Failed                     0 / 0                 0 / 1                 0 / 1                 0 / 1           ops/s
[450.294s][info][gc,stats    ]      Memory: Undo Object Allocation Succeeded                  0 / 0                 0 / 2                 0 / 2                 0 / 2           ops/s
[450.295s][info][gc,stats    ]      Memory: Undo Page Allocation                              0 / 0                 0 / 25                0 / 25                0 / 25          ops/s
[450.295s][info][gc,stats    ]       Phase: Concurrent Mark                              80.613 / 80.613      388.596 / 2153.078    388.596 / 2153.078    388.596 / 2153.078    ms
[450.296s][info][gc,stats    ]       Phase: Concurrent Mark Continue                      0.000 / 0.000         0.000 / 0.000         0.000 / 0.000         0.000 / 0.000       ms
[450.296s][info][gc,stats    ]       Phase: Concurrent Mark Free                          0.001 / 0.001         0.003 / 0.011         0.003 / 0.011         0.003 / 0.011       ms
[450.297s][info][gc,stats    ]       Phase: Concurrent Process Non-Strong References      7.723 / 7.723        32.753 / 257.265      32.753 / 257.265      32.753 / 257.265     ms
[450.297s][info][gc,stats    ]       Phase: Concurrent Relocate                           1.929 / 1.929        37.552 / 511.550      37.552 / 511.550      37.552 / 511.550     ms
[450.298s][info][gc,stats    ]       Phase: Concurrent Reset Relocation Set               0.007 / 0.007         0.019 / 0.139         0.019 / 0.139         0.019 / 0.139       ms
[450.298s][info][gc,stats    ]       Phase: Concurrent Select Relocation Set              1.573 / 1.573        12.701 / 198.723      12.701 / 198.723      12.701 / 198.723     ms
[450.299s][info][gc,stats    ]       Phase: Pause Mark End                                0.014 / 0.014         0.065 / 1.316         0.065 / 1.316         0.065 / 1.316       ms
[450.299s][info][gc,stats    ]       Phase: Pause Mark Start                              0.007 / 0.007         0.252 / 6.286         0.252 / 6.286         0.252 / 6.286       ms
[450.300s][info][gc,stats    ]       Phase: Pause Relocate Start                          0.007 / 0.007         0.017 / 0.139         0.017 / 0.139         0.017 / 0.139       ms
[450.300s][info][gc,stats    ]    Subphase: Concurrent Classes Purge                      0.296 / 0.296         1.461 / 10.871        1.461 / 10.871        1.461 / 10.871      ms
[450.301s][info][gc,stats    ]    Subphase: Concurrent Classes Unlink                     6.241 / 6.241        23.924 / 206.267      23.924 / 206.267      23.924 / 206.267     ms
[450.301s][info][gc,stats    ]    Subphase: Concurrent Mark                              78.088 / 78.594      373.405 / 2133.644    373.405 / 2133.644    373.405 / 2133.644    ms
[450.301s][info][gc,stats    ]    Subphase: Concurrent Mark Try Flush                     0.196 / 0.286         2.998 / 43.966        2.998 / 43.966        2.998 / 43.966      ms
[450.302s][info][gc,stats    ]    Subphase: Concurrent Mark Try Terminate                 0.514 / 1.362         2.325 / 24.031        2.325 / 24.031        2.325 / 24.031      ms
[450.302s][info][gc,stats    ]    Subphase: Concurrent References Enqueue                 0.025 / 0.025         0.101 / 2.610         0.101 / 2.610         0.101 / 2.610       ms
[450.303s][info][gc,stats    ]    Subphase: Concurrent References Process                 0.192 / 0.192         1.042 / 6.377         1.042 / 6.377         1.042 / 6.377       ms
[450.303s][info][gc,stats    ]    Subphase: Concurrent Roots ClassLoaderDataGraph         0.162 / 0.301         1.041 / 47.494        1.041 / 47.494        1.041 / 47.494      ms
[450.304s][info][gc,stats    ]    Subphase: Concurrent Roots CodeCache                    0.000 / 0.000         0.000 / 0.000         0.000 / 0.000         0.000 / 0.000       ms
[450.304s][info][gc,stats    ]    Subphase: Concurrent Roots JavaThreads                  1.247 / 1.413         7.490 / 61.015        7.490 / 61.015        7.490 / 61.015      ms
[450.304s][info][gc,stats    ]    Subphase: Concurrent Roots OopStorageSet                0.029 / 0.035         1.534 / 72.582        1.534 / 72.582        1.534 / 72.582      ms
[450.306s][info][gc,stats    ]    Subphase: Concurrent Weak Roots OopStorageSet           0.575 / 0.597         2.101 / 14.084        2.101 / 14.084        2.101 / 14.084      ms
[450.306s][info][gc,stats    ]    Subphase: Pause Mark Try Complete                       0.000 / 0.000         0.000 / 0.000         0.000 / 0.000         0.000 / 0.000       ms
[450.307s][info][gc,stats    ]      System: Java Threads                                     83 / 83               75 / 89               75 / 89               75 / 89          threads
[450.307s][info][gc,stats    ] =========================================================================================================================================================
[458.583s][info][gc,start    ] GC(39) Garbage Collection (Proactive)
[458.584s][info][gc,task     ] GC(39) Using 2 workers
[458.585s][info][gc,phases   ] GC(39) Pause Mark Start 0.007ms
[458.678s][info][gc,phases   ] GC(39) Concurrent Mark 91.911ms
[458.679s][info][gc,phases   ] GC(39) Pause Mark End 0.012ms
[458.679s][info][gc,phases   ] GC(39) Concurrent Mark Free 0.001ms
[458.688s][info][gc,phases   ] GC(39) Concurrent Process Non-Strong References 7.726ms
[458.688s][info][gc,phases   ] GC(39) Concurrent Reset Relocation Set 0.007ms
[458.691s][info][gc,phases   ] GC(39) Concurrent Select Relocation Set 2.490ms
[458.692s][info][gc,phases   ] GC(39) Pause Relocate Start 0.008ms
[458.695s][info][gc,phases   ] GC(39) Concurrent Relocate 2.286ms
[458.696s][info][gc,load     ] GC(39) Load: 1.13/3.00/3.52
[458.696s][info][gc,mmu      ] GC(39) MMU: 2ms/0.0%, 5ms/0.0%, 10ms/37.1%, 20ms/68.6%, 50ms/87.4%, 100ms/93.7%
[458.697s][info][gc,marking  ] GC(39) Mark: 2 stripe(s), 4 proactive flush(es), 1 terminate flush(es), 0 completion(s), 0 continuation(s) 
[458.698s][info][gc,marking  ] GC(39) Mark Stack Usage: 32M
[458.698s][info][gc,nmethod  ] GC(39) NMethods: 6819 registered, 928 unregistered
[458.699s][info][gc,metaspace] GC(39) Metaspace: 52M used, 53M committed, 1072M reserved
[458.699s][info][gc,ref      ] GC(39) Soft: 5021 encountered, 0 discovered, 0 enqueued
[458.700s][info][gc,ref      ] GC(39) Weak: 3195 encountered, 1726 discovered, 0 enqueued
[458.700s][info][gc,ref      ] GC(39) Final: 86 encountered, 4 discovered, 3 enqueued
[458.701s][info][gc,ref      ] GC(39) Phantom: 497 encountered, 341 discovered, 0 enqueued
[458.701s][info][gc,reloc    ] GC(39) Small Pages: 145 / 290M, Empty: 58M, Relocated: 5M, In-Place: 0
[458.701s][info][gc,reloc    ] GC(39) Medium Pages: 1 / 32M, Empty: 0M, Relocated: 0M, In-Place: 0
[458.702s][info][gc,reloc    ] GC(39) Large Pages: 54 / 664M, Empty: 630M, Relocated: 0M, In-Place: 0
[458.702s][info][gc,reloc    ] GC(39) Forwarding Usage: 1M
[458.703s][info][gc,heap     ] GC(39) Min Capacity: 256M(6%)
[458.703s][info][gc,heap     ] GC(39) Max Capacity: 4096M(100%)
[458.704s][info][gc,heap     ] GC(39) Soft Max Capacity: 4096M(100%)
[458.705s][info][gc,heap     ] GC(39)                Mark Start          Mark End        Relocate Start      Relocate End           High               Low         
[458.705s][info][gc,heap     ] GC(39)  Capacity:     2076M (51%)        2076M (51%)        2076M (51%)        2076M (51%)        2076M (51%)        2076M (51%)    
[458.705s][info][gc,heap     ] GC(39)      Free:     3110M (76%)        3094M (76%)        3782M (92%)        3910M (95%)        3910M (95%)        3094M (76%)    
[458.706s][info][gc,heap     ] GC(39)      Used:      986M (24%)        1002M (24%)         314M (8%)          186M (5%)         1002M (24%)         186M (5%)     
[458.706s][info][gc,heap     ] GC(39)      Live:         -               128M (3%)          128M (3%)          128M (3%)             -                  -          
[458.707s][info][gc,heap     ] GC(39) Allocated:         -                16M (0%)           16M (0%)           15M (0%)             -                  -          
[458.707s][info][gc,heap     ] GC(39)   Garbage:         -               857M (21%)         169M (4%)           41M (1%)             -                  -          
[458.708s][info][gc,heap     ] GC(39) Reclaimed:         -                  -               688M (17%)         815M (20%)            -                  -          
[458.709s][info][gc          ] GC(39) Garbage Collection (Proactive) 986M(24%)->186M(5%)
[459.661s][info][gc,heap     ] Uncommitted: 192M(5%)
[460.283s][info][gc,stats    ] === Garbage Collection Statistics =======================================================================================================================
[460.284s][info][gc,stats    ]                                                              Last 10s              Last 10m              Last 10h                Total
[460.284s][info][gc,stats    ]                                                              Avg / Max             Avg / Max             Avg / Max             Avg / Max
[460.285s][info][gc,stats    ]   Collector: Garbage Collection Cycle                    112.479 / 112.479     492.463 / 2485.059    492.463 / 2485.059    492.463 / 2485.059    ms
[460.285s][info][gc,stats    ]  Contention: Mark Segment Reset Contention                     0 / 0                 0 / 2                 0 / 2                 0 / 2           ops/s
[460.286s][info][gc,stats    ]  Contention: Mark SeqNum Reset Contention                      0 / 0                 0 / 0                 0 / 0                 0 / 0           ops/s
[460.286s][info][gc,stats    ]    Critical: Allocation Stall                                  0 / 0                 0 / 0                 0 / 0                 0 / 0           ops/s
[460.287s][info][gc,stats    ]    Critical: Allocation Stall                              0.000 / 0.000         0.000 / 0.000         0.000 / 0.000         0.000 / 0.000       ms
[460.287s][info][gc,stats    ]    Critical: GC Locker Stall                                   0 / 0                 0 / 1                 0 / 1                 0 / 1           ops/s
[460.287s][info][gc,stats    ]    Critical: GC Locker Stall                               0.000 / 0.000         0.002 / 0.002         0.002 / 0.002         0.002 / 0.002       ms
[460.288s][info][gc,stats    ]    Critical: Relocation Stall                                  0 / 0                 0 / 0                 0 / 0                 0 / 0           ops/s
[460.288s][info][gc,stats    ]    Critical: Relocation Stall                              0.000 / 0.000         0.000 / 0.000         0.000 / 0.000         0.000 / 0.000       ms
[460.289s][info][gc,stats    ]      Memory: Allocation Rate                                  77 / 520              68 / 552              68 / 552              68 / 552         MB/s
[460.289s][info][gc,stats    ]      Memory: Out Of Memory                                     0 / 0                 0 / 0                 0 / 0                 0 / 0           ops/s
[460.290s][info][gc,stats    ]      Memory: Page Cache Flush                                  0 / 0                 0 / 0                 0 / 0                 0 / 0           MB/s
[460.290s][info][gc,stats    ]      Memory: Page Cache Hit L1                                13 / 46               12 / 112              12 / 112              12 / 112         ops/s
[460.291s][info][gc,stats    ]      Memory: Page Cache Hit L2                                 0 / 0                 0 / 0                 0 / 0                 0 / 0           ops/s
[460.291s][info][gc,stats    ]      Memory: Page Cache Hit L3                                 0 / 0                 0 / 31                0 / 31                0 / 31          ops/s
[460.291s][info][gc,stats    ]      Memory: Page Cache Miss                                   0 / 0                 1 / 88                1 / 88                1 / 88          ops/s
[460.292s][info][gc,stats    ]      Memory: Uncommit                                         19 / 192               2 / 872               2 / 872               2 / 872         MB/s
[460.292s][info][gc,stats    ]      Memory: Undo Object Allocation Failed                     0 / 0                 0 / 1                 0 / 1                 0 / 1           ops/s
[460.293s][info][gc,stats    ]      Memory: Undo Object Allocation Succeeded                  0 / 0                 0 / 2                 0 / 2                 0 / 2           ops/s
[460.293s][info][gc,stats    ]      Memory: Undo Page Allocation                              0 / 0                 0 / 25                0 / 25                0 / 25          ops/s
[460.294s][info][gc,stats    ]       Phase: Concurrent Mark                              91.911 / 91.911      381.179 / 2153.078    381.179 / 2153.078    381.179 / 2153.078    ms
[460.294s][info][gc,stats    ]       Phase: Concurrent Mark Continue                      0.000 / 0.000         0.000 / 0.000         0.000 / 0.000         0.000 / 0.000       ms
[460.298s][info][gc,stats    ]       Phase: Concurrent Mark Free                          0.001 / 0.001         0.003 / 0.011         0.003 / 0.011         0.003 / 0.011       ms
[460.301s][info][gc,stats    ]       Phase: Concurrent Process Non-Strong References      7.726 / 7.726        32.127 / 257.265      32.127 / 257.265      32.127 / 257.265     ms
[460.301s][info][gc,stats    ]       Phase: Concurrent Relocate                           2.286 / 2.286        36.671 / 511.550      36.671 / 511.550      36.671 / 511.550     ms
[460.302s][info][gc,stats    ]       Phase: Concurrent Reset Relocation Set               0.007 / 0.007         0.018 / 0.139         0.018 / 0.139         0.018 / 0.139       ms
[460.302s][info][gc,stats    ]       Phase: Concurrent Select Relocation Set              2.490 / 2.490        12.445 / 198.723      12.445 / 198.723      12.445 / 198.723     ms
[460.303s][info][gc,stats    ]       Phase: Pause Mark End                                0.012 / 0.012         0.063 / 1.316         0.063 / 1.316         0.063 / 1.316       ms
[460.304s][info][gc,stats    ]       Phase: Pause Mark Start                              0.007 / 0.007         0.246 / 6.286         0.246 / 6.286         0.246 / 6.286       ms
[460.305s][info][gc,stats    ]       Phase: Pause Relocate Start                          0.008 / 0.008         0.017 / 0.139         0.017 / 0.139         0.017 / 0.139       ms
[460.306s][info][gc,stats    ]    Subphase: Concurrent Classes Purge                      0.298 / 0.298         1.432 / 10.871        1.432 / 10.871        1.432 / 10.871      ms
[460.306s][info][gc,stats    ]    Subphase: Concurrent Classes Unlink                     6.338 / 6.338        23.484 / 206.267      23.484 / 206.267      23.484 / 206.267     ms
[460.307s][info][gc,stats    ]    Subphase: Concurrent Mark                              89.721 / 89.874      366.313 / 2133.644    366.313 / 2133.644    366.313 / 2133.644    ms
[460.307s][info][gc,stats    ]    Subphase: Concurrent Mark Try Flush                     0.303 / 0.393         2.903 / 43.966        2.903 / 43.966        2.903 / 43.966      ms
[460.308s][info][gc,stats    ]    Subphase: Concurrent Mark Try Terminate                 0.759 / 1.198         2.309 / 24.031        2.309 / 24.031        2.309 / 24.031      ms
[460.308s][info][gc,stats    ]    Subphase: Concurrent References Enqueue                 0.028 / 0.028         0.099 / 2.610         0.099 / 2.610         0.099 / 2.610       ms
[460.309s][info][gc,stats    ]    Subphase: Concurrent References Process                 0.304 / 0.304         1.023 / 6.377         1.023 / 6.377         1.023 / 6.377       ms
[460.309s][info][gc,stats    ]    Subphase: Concurrent Roots ClassLoaderDataGraph         0.190 / 0.352         1.019 / 47.494        1.019 / 47.494        1.019 / 47.494      ms
[460.309s][info][gc,stats    ]    Subphase: Concurrent Roots CodeCache                    0.000 / 0.000         0.000 / 0.000         0.000 / 0.000         0.000 / 0.000       ms
[460.310s][info][gc,stats    ]    Subphase: Concurrent Roots JavaThreads                  1.343 / 1.472         7.336 / 61.015        7.336 / 61.015        7.336 / 61.015      ms
[460.310s][info][gc,stats    ]    Subphase: Concurrent Roots OopStorageSet                0.033 / 0.035         1.491 / 72.582        1.491 / 72.582        1.491 / 72.582      ms
[460.311s][info][gc,stats    ]    Subphase: Concurrent Weak Roots OopStorageSet           0.635 / 0.657         2.062 / 14.084        2.062 / 14.084        2.062 / 14.084      ms
[460.312s][info][gc,stats    ]    Subphase: Pause Mark Try Complete                       0.000 / 0.000         0.000 / 0.000         0.000 / 0.000         0.000 / 0.000       ms
[460.312s][info][gc,stats    ]      System: Java Threads                                     83 / 83               75 / 89               75 / 89               75 / 89          threads
[460.313s][info][gc,stats    ] =========================================================================================================================================================
[469.583s][info][gc,start    ] GC(40) Garbage Collection (Proactive)
[469.584s][info][gc,task     ] GC(40) Using 2 workers
[469.584s][info][gc,phases   ] GC(40) Pause Mark Start 0.007ms
[469.676s][info][gc,phases   ] GC(40) Concurrent Mark 90.622ms
[469.677s][info][gc,phases   ] GC(40) Pause Mark End 0.013ms
[469.677s][info][gc,phases   ] GC(40) Concurrent Mark Free 0.001ms
[469.686s][info][gc,phases   ] GC(40) Concurrent Process Non-Strong References 7.830ms
[469.686s][info][gc,phases   ] GC(40) Concurrent Reset Relocation Set 0.008ms
[469.689s][info][gc,phases   ] GC(40) Concurrent Select Relocation Set 1.768ms
[469.690s][info][gc,phases   ] GC(40) Pause Relocate Start 0.008ms
[469.692s][info][gc,phases   ] GC(40) Concurrent Relocate 1.816ms
[469.693s][info][gc,load     ] GC(40) Load: 0.96/2.90/3.48
[469.693s][info][gc,mmu      ] GC(40) MMU: 2ms/0.0%, 5ms/0.0%, 10ms/37.1%, 20ms/68.6%, 50ms/87.4%, 100ms/93.7%
[469.694s][info][gc,marking  ] GC(40) Mark: 2 stripe(s), 2 proactive flush(es), 1 terminate flush(es), 0 completion(s), 0 continuation(s) 
[469.694s][info][gc,marking  ] GC(40) Mark Stack Usage: 32M
[469.695s][info][gc,nmethod  ] GC(40) NMethods: 6830 registered, 928 unregistered
[469.695s][info][gc,metaspace] GC(40) Metaspace: 52M used, 53M committed, 1072M reserved
[469.696s][info][gc,ref      ] GC(40) Soft: 5021 encountered, 0 discovered, 0 enqueued
[469.696s][info][gc,ref      ] GC(40) Weak: 3176 encountered, 365 discovered, 0 enqueued
[469.697s][info][gc,ref      ] GC(40) Final: 85 encountered, 2 discovered, 2 enqueued
[469.697s][info][gc,ref      ] GC(40) Phantom: 481 encountered, 384 discovered, 0 enqueued
[469.698s][info][gc,reloc    ] GC(40) Small Pages: 141 / 282M, Empty: 60M, Relocated: 3M, In-Place: 0
[469.698s][info][gc,reloc    ] GC(40) Medium Pages: 1 / 32M, Empty: 0M, Relocated: 0M, In-Place: 0
[469.699s][info][gc,reloc    ] GC(40) Large Pages: 48 / 604M, Empty: 570M, Relocated: 0M, In-Place: 0
[469.699s][info][gc,reloc    ] GC(40) Forwarding Usage: 0M
[469.700s][info][gc,heap     ] GC(40) Min Capacity: 256M(6%)
[469.700s][info][gc,heap     ] GC(40) Max Capacity: 4096M(100%)
[469.701s][info][gc,heap     ] GC(40) Soft Max Capacity: 4096M(100%)
[469.701s][info][gc,heap     ] GC(40)                Mark Start          Mark End        Relocate Start      Relocate End           High               Low         
[469.702s][info][gc,heap     ] GC(40)  Capacity:     1884M (46%)        1884M (46%)        1884M (46%)        1884M (46%)        1884M (46%)        1884M (46%)    
[469.702s][info][gc,heap     ] GC(40)      Free:     3178M (78%)        3150M (77%)        3780M (92%)        3898M (95%)        3898M (95%)        3150M (77%)    
[469.703s][info][gc,heap     ] GC(40)      Used:      918M (22%)         946M (23%)         316M (8%)          198M (5%)          946M (23%)         198M (5%)     
[469.703s][info][gc,heap     ] GC(40)      Live:         -               129M (3%)          129M (3%)          129M (3%)             -                  -          
[469.704s][info][gc,heap     ] GC(40) Allocated:         -                28M (1%)           28M (1%)           28M (1%)             -                  -          
[469.704s][info][gc,heap     ] GC(40)   Garbage:         -               788M (19%)         158M (4%)           40M (1%)             -                  -          
[469.705s][info][gc,heap     ] GC(40) Reclaimed:         -                  -               630M (15%)         748M (18%)            -                  -          
[469.705s][info][gc          ] GC(40) Garbage Collection (Proactive) 918M(22%)->198M(5%)
[470.283s][info][gc,stats    ] === Garbage Collection Statistics =======================================================================================================================
[470.283s][info][gc,stats    ]                                                              Last 10s              Last 10m              Last 10h                Total
[470.284s][info][gc,stats    ]                                                              Avg / Max             Avg / Max             Avg / Max             Avg / Max
[470.284s][info][gc,stats    ]   Collector: Garbage Collection Cycle                    109.684 / 109.684     483.127 / 2485.059    483.127 / 2485.059    483.127 / 2485.059    ms
[470.285s][info][gc,stats    ]  Contention: Mark Segment Reset Contention                     0 / 0                 0 / 2                 0 / 2                 0 / 2           ops/s
[470.286s][info][gc,stats    ]  Contention: Mark SeqNum Reset Contention                      0 / 0                 0 / 0                 0 / 0                 0 / 0           ops/s
[470.286s][info][gc,stats    ]    Critical: Allocation Stall                                  0 / 0                 0 / 0                 0 / 0                 0 / 0           ops/s
[470.287s][info][gc,stats    ]    Critical: Allocation Stall                              0.000 / 0.000         0.000 / 0.000         0.000 / 0.000         0.000 / 0.000       ms
[470.287s][info][gc,stats    ]    Critical: GC Locker Stall                                   0 / 0                 0 / 1                 0 / 1                 0 / 1           ops/s
[470.288s][info][gc,stats    ]    Critical: GC Locker Stall                               0.000 / 0.000         0.002 / 0.002         0.002 / 0.002         0.002 / 0.002       ms
[470.288s][info][gc,stats    ]    Critical: Relocation Stall                                  0 / 0                 0 / 0                 0 / 0                 0 / 0           ops/s
[470.289s][info][gc,stats    ]    Critical: Relocation Stall                              0.000 / 0.000         0.000 / 0.000         0.000 / 0.000         0.000 / 0.000       ms
[470.289s][info][gc,stats    ]      Memory: Allocation Rate                                  72 / 486              68 / 552              68 / 552              68 / 552         MB/s
[470.290s][info][gc,stats    ]      Memory: Out Of Memory                                     0 / 0                 0 / 0                 0 / 0                 0 / 0           ops/s
[470.290s][info][gc,stats    ]      Memory: Page Cache Flush                                  0 / 0                 0 / 0                 0 / 0                 0 / 0           MB/s
[470.291s][info][gc,stats    ]      Memory: Page Cache Hit L1                                12 / 43               12 / 112              12 / 112              12 / 112         ops/s
[470.291s][info][gc,stats    ]      Memory: Page Cache Hit L2                                 0 / 0                 0 / 0                 0 / 0                 0 / 0           ops/s
[470.292s][info][gc,stats    ]      Memory: Page Cache Hit L3                                 0 / 0                 0 / 31                0 / 31                0 / 31          ops/s
[470.293s][info][gc,stats    ]      Memory: Page Cache Miss                                   0 / 0                 1 / 88                1 / 88                1 / 88          ops/s
[470.293s][info][gc,stats    ]      Memory: Uncommit                                          0 / 0                 2 / 872               2 / 872               2 / 872         MB/s
[470.294s][info][gc,stats    ]      Memory: Undo Object Allocation Failed                     0 / 0                 0 / 1                 0 / 1                 0 / 1           ops/s
[470.295s][info][gc,stats    ]      Memory: Undo Object Allocation Succeeded                  0 / 0                 0 / 2                 0 / 2                 0 / 2           ops/s
[470.295s][info][gc,stats    ]      Memory: Undo Page Allocation                              0 / 0                 0 / 25                0 / 25                0 / 25          ops/s
[470.295s][info][gc,stats    ]       Phase: Concurrent Mark                              90.622 / 90.622      374.092 / 2153.078    374.092 / 2153.078    374.092 / 2153.078    ms
[470.296s][info][gc,stats    ]       Phase: Concurrent Mark Continue                      0.000 / 0.000         0.000 / 0.000         0.000 / 0.000         0.000 / 0.000       ms
[470.296s][info][gc,stats    ]       Phase: Concurrent Mark Free                          0.001 / 0.001         0.003 / 0.011         0.003 / 0.011         0.003 / 0.011       ms
[470.297s][info][gc,stats    ]       Phase: Concurrent Process Non-Strong References      7.830 / 7.830        31.534 / 257.265      31.534 / 257.265      31.534 / 257.265     ms
[470.297s][info][gc,stats    ]       Phase: Concurrent Relocate                           1.816 / 1.816        35.821 / 511.550      35.821 / 511.550      35.821 / 511.550     ms
[470.298s][info][gc,stats    ]       Phase: Concurrent Reset Relocation Set               0.008 / 0.008         0.018 / 0.139         0.018 / 0.139         0.018 / 0.139       ms
[470.298s][info][gc,stats    ]       Phase: Concurrent Select Relocation Set              1.768 / 1.768        12.185 / 198.723      12.185 / 198.723      12.185 / 198.723     ms
[470.299s][info][gc,stats    ]       Phase: Pause Mark End                                0.013 / 0.013         0.062 / 1.316         0.062 / 1.316         0.062 / 1.316       ms
[470.299s][info][gc,stats    ]       Phase: Pause Mark Start                              0.007 / 0.007         0.240 / 6.286         0.240 / 6.286         0.240 / 6.286       ms
[470.300s][info][gc,stats    ]       Phase: Pause Relocate Start                          0.008 / 0.008         0.017 / 0.139         0.017 / 0.139         0.017 / 0.139       ms
[470.300s][info][gc,stats    ]    Subphase: Concurrent Classes Purge                      0.313 / 0.313         1.405 / 10.871        1.405 / 10.871        1.405 / 10.871      ms
[470.301s][info][gc,stats    ]    Subphase: Concurrent Classes Unlink                     6.413 / 6.413        23.068 / 206.267      23.068 / 206.267      23.068 / 206.267     ms
[470.301s][info][gc,stats    ]    Subphase: Concurrent Mark                              88.270 / 88.784      359.531 / 2133.644    359.531 / 2133.644    359.531 / 2133.644    ms
[470.302s][info][gc,stats    ]    Subphase: Concurrent Mark Try Flush                     0.096 / 0.245         2.844 / 43.966        2.844 / 43.966        2.844 / 43.966      ms
[470.302s][info][gc,stats    ]    Subphase: Concurrent Mark Try Terminate                 0.482 / 1.426         2.298 / 24.031        2.298 / 24.031        2.298 / 24.031      ms
[470.303s][info][gc,stats    ]    Subphase: Concurrent References Enqueue                 0.029 / 0.029         0.097 / 2.610         0.097 / 2.610         0.097 / 2.610       ms
[470.303s][info][gc,stats    ]    Subphase: Concurrent References Process                 0.217 / 0.217         1.003 / 6.377         1.003 / 6.377         1.003 / 6.377       ms
[470.304s][info][gc,stats    ]    Subphase: Concurrent Roots ClassLoaderDataGraph         0.229 / 0.435         0.999 / 47.494        0.999 / 47.494        0.999 / 47.494      ms
[470.305s][info][gc,stats    ]    Subphase: Concurrent Roots CodeCache                    0.000 / 0.000         0.000 / 0.000         0.000 / 0.000         0.000 / 0.000       ms
[470.305s][info][gc,stats    ]    Subphase: Concurrent Roots JavaThreads                  1.296 / 1.487         7.189 / 61.015        7.189 / 61.015        7.189 / 61.015      ms
[470.306s][info][gc,stats    ]    Subphase: Concurrent Roots OopStorageSet                0.059 / 0.059         1.471 / 72.582        1.471 / 72.582        1.471 / 72.582      ms
[470.307s][info][gc,stats    ]    Subphase: Concurrent Weak Roots OopStorageSet           0.681 / 0.695         2.027 / 14.084        2.027 / 14.084        2.027 / 14.084      ms
[470.307s][info][gc,stats    ]    Subphase: Pause Mark Try Complete                       0.000 / 0.000         0.000 / 0.000         0.000 / 0.000         0.000 / 0.000       ms
[470.308s][info][gc,stats    ]      System: Java Threads                                     74 / 74               75 / 89               75 / 89               75 / 89          threads
[470.308s][info][gc,stats    ] =========================================================================================================================================================
[480.282s][info][gc,stats    ] === Garbage Collection Statistics =======================================================================================================================
[480.284s][info][gc,stats    ]                                                              Last 10s              Last 10m              Last 10h                Total
[480.285s][info][gc,stats    ]                                                              Avg / Max             Avg / Max             Avg / Max             Avg / Max
[480.285s][info][gc,stats    ]   Collector: Garbage Collection Cycle                      0.000 / 0.000       483.127 / 2485.059    483.127 / 2485.059    483.127 / 2485.059    ms
[480.286s][info][gc,stats    ]  Contention: Mark Segment Reset Contention                     0 / 0                 0 / 2                 0 / 2                 0 / 2           ops/s
[480.286s][info][gc,stats    ]  Contention: Mark SeqNum Reset Contention                      0 / 0                 0 / 0                 0 / 0                 0 / 0           ops/s
[480.287s][info][gc,stats    ]    Critical: Allocation Stall                                  0 / 0                 0 / 0                 0 / 0                 0 / 0           ops/s
[480.287s][info][gc,stats    ]    Critical: Allocation Stall                              0.000 / 0.000         0.000 / 0.000         0.000 / 0.000         0.000 / 0.000       ms
[480.288s][info][gc,stats    ]    Critical: GC Locker Stall                                   0 / 0                 0 / 1                 0 / 1                 0 / 1           ops/s
[480.289s][info][gc,stats    ]    Critical: GC Locker Stall                               0.000 / 0.000         0.002 / 0.002         0.002 / 0.002         0.002 / 0.002       ms
[480.289s][info][gc,stats    ]    Critical: Relocation Stall                                  0 / 0                 0 / 0                 0 / 0                 0 / 0           ops/s
[480.290s][info][gc,stats    ]    Critical: Relocation Stall                              0.000 / 0.000         0.000 / 0.000         0.000 / 0.000         0.000 / 0.000       ms
[480.290s][info][gc,stats    ]      Memory: Allocation Rate                                  25 / 40               67 / 552              67 / 552              67 / 552         MB/s
[480.291s][info][gc,stats    ]      Memory: Out Of Memory                                     0 / 0                 0 / 0                 0 / 0                 0 / 0           ops/s
[480.292s][info][gc,stats    ]      Memory: Page Cache Flush                                  0 / 0                 0 / 0                 0 / 0                 0 / 0           MB/s
[480.292s][info][gc,stats    ]      Memory: Page Cache Hit L1                                 8 / 16               12 / 112              12 / 112              12 / 112         ops/s
[480.293s][info][gc,stats    ]      Memory: Page Cache Hit L2                                 0 / 0                 0 / 0                 0 / 0                 0 / 0           ops/s
[480.293s][info][gc,stats    ]      Memory: Page Cache Hit L3                                 0 / 0                 0 / 31                0 / 31                0 / 31          ops/s
[480.294s][info][gc,stats    ]      Memory: Page Cache Miss                                   0 / 0                 1 / 88                1 / 88                1 / 88          ops/s
[480.295s][info][gc,stats    ]      Memory: Uncommit                                          0 / 0                 2 / 872               2 / 872               2 / 872         MB/s
[480.295s][info][gc,stats    ]      Memory: Undo Object Allocation Failed                     0 / 0                 0 / 1                 0 / 1                 0 / 1           ops/s
[480.296s][info][gc,stats    ]      Memory: Undo Object Allocation Succeeded                  0 / 0                 0 / 2                 0 / 2                 0 / 2           ops/s
[480.296s][info][gc,stats    ]      Memory: Undo Page Allocation                              0 / 0                 0 / 25                0 / 25                0 / 25          ops/s
[480.297s][info][gc,stats    ]       Phase: Concurrent Mark                               0.000 / 0.000       374.092 / 2153.078    374.092 / 2153.078    374.092 / 2153.078    ms
[480.297s][info][gc,stats    ]       Phase: Concurrent Mark Continue                      0.000 / 0.000         0.000 / 0.000         0.000 / 0.000         0.000 / 0.000       ms
[480.298s][info][gc,stats    ]       Phase: Concurrent Mark Free                          0.000 / 0.000         0.003 / 0.011         0.003 / 0.011         0.003 / 0.011       ms
[480.298s][info][gc,stats    ]       Phase: Concurrent Process Non-Strong References      0.000 / 0.000        31.534 / 257.265      31.534 / 257.265      31.534 / 257.265     ms
[480.299s][info][gc,stats    ]       Phase: Concurrent Relocate                           0.000 / 0.000        35.821 / 511.550      35.821 / 511.550      35.821 / 511.550     ms
[480.299s][info][gc,stats    ]       Phase: Concurrent Reset Relocation Set               0.000 / 0.000         0.018 / 0.139         0.018 / 0.139         0.018 / 0.139       ms
[480.299s][info][gc,stats    ]       Phase: Concurrent Select Relocation Set              0.000 / 0.000        12.185 / 198.723      12.185 / 198.723      12.185 / 198.723     ms
[480.300s][info][gc,stats    ]       Phase: Pause Mark End                                0.000 / 0.000         0.062 / 1.316         0.062 / 1.316         0.062 / 1.316       ms
[480.300s][info][gc,stats    ]       Phase: Pause Mark Start                              0.000 / 0.000         0.240 / 6.286         0.240 / 6.286         0.240 / 6.286       ms
[480.301s][info][gc,stats    ]       Phase: Pause Relocate Start                          0.000 / 0.000         0.017 / 0.139         0.017 / 0.139         0.017 / 0.139       ms
[480.301s][info][gc,stats    ]    Subphase: Concurrent Classes Purge                      0.000 / 0.000         1.405 / 10.871        1.405 / 10.871        1.405 / 10.871      ms
[480.302s][info][gc,stats    ]    Subphase: Concurrent Classes Unlink                     0.000 / 0.000        23.068 / 206.267      23.068 / 206.267      23.068 / 206.267     ms
[480.303s][info][gc,stats    ]    Subphase: Concurrent Mark                               0.000 / 0.000       359.531 / 2133.644    359.531 / 2133.644    359.531 / 2133.644    ms
[480.303s][info][gc,stats    ]    Subphase: Concurrent Mark Try Flush                     0.000 / 0.000         2.844 / 43.966        2.844 / 43.966        2.844 / 43.966      ms
[480.304s][info][gc,stats    ]    Subphase: Concurrent Mark Try Terminate                 0.000 / 0.000         2.298 / 24.031        2.298 / 24.031        2.298 / 24.031      ms
[480.304s][info][gc,stats    ]    Subphase: Concurrent References Enqueue                 0.000 / 0.000         0.097 / 2.610         0.097 / 2.610         0.097 / 2.610       ms
[480.305s][info][gc,stats    ]    Subphase: Concurrent References Process                 0.000 / 0.000         1.003 / 6.377         1.003 / 6.377         1.003 / 6.377       ms
[480.305s][info][gc,stats    ]    Subphase: Concurrent Roots ClassLoaderDataGraph         0.000 / 0.000         0.999 / 47.494        0.999 / 47.494        0.999 / 47.494      ms
[480.306s][info][gc,stats    ]    Subphase: Concurrent Roots CodeCache                    0.000 / 0.000         0.000 / 0.000         0.000 / 0.000         0.000 / 0.000       ms
[480.307s][info][gc,stats    ]    Subphase: Concurrent Roots JavaThreads                  0.000 / 0.000         7.189 / 61.015        7.189 / 61.015        7.189 / 61.015      ms
[480.308s][info][gc,stats    ]    Subphase: Concurrent Roots OopStorageSet                0.000 / 0.000         1.471 / 72.582        1.471 / 72.582        1.471 / 72.582      ms
[480.308s][info][gc,stats    ]    Subphase: Concurrent Weak Roots OopStorageSet           0.000 / 0.000         2.027 / 14.084        2.027 / 14.084        2.027 / 14.084      ms
[480.309s][info][gc,stats    ]    Subphase: Pause Mark Try Complete                       0.000 / 0.000         0.000 / 0.000         0.000 / 0.000         0.000 / 0.000       ms
[480.309s][info][gc,stats    ]      System: Java Threads                                      0 / 0                75 / 89               75 / 89               75 / 89          threads
[480.310s][info][gc,stats    ] =========================================================================================================================================================
[480.582s][info][gc,start    ] GC(41) Garbage Collection (Proactive)
[480.583s][info][gc,task     ] GC(41) Using 2 workers
[480.584s][info][gc,phases   ] GC(41) Pause Mark Start 0.009ms
[480.665s][info][gc,phases   ] GC(41) Concurrent Mark 80.730ms
[480.666s][info][gc,phases   ] GC(41) Pause Mark End 0.014ms
[480.667s][info][gc,phases   ] GC(41) Concurrent Mark Free 0.001ms
[480.675s][info][gc,phases   ] GC(41) Concurrent Process Non-Strong References 7.953ms
[480.676s][info][gc,phases   ] GC(41) Concurrent Reset Relocation Set 0.008ms
[480.678s][info][gc,phases   ] GC(41) Concurrent Select Relocation Set 1.474ms
[480.679s][info][gc,phases   ] GC(41) Pause Relocate Start 0.007ms
[480.681s][info][gc,phases   ] GC(41) Concurrent Relocate 1.674ms
[480.681s][info][gc,load     ] GC(41) Load: 0.81/2.80/3.45
[480.682s][info][gc,mmu      ] GC(41) MMU: 2ms/0.0%, 5ms/0.0%, 10ms/37.1%, 20ms/68.6%, 50ms/87.4%, 100ms/93.7%
[480.682s][info][gc,marking  ] GC(41) Mark: 2 stripe(s), 2 proactive flush(es), 1 terminate flush(es), 0 completion(s), 0 continuation(s) 
[480.683s][info][gc,marking  ] GC(41) Mark Stack Usage: 32M
[480.683s][info][gc,nmethod  ] GC(41) NMethods: 6836 registered, 928 unregistered
[480.684s][info][gc,metaspace] GC(41) Metaspace: 52M used, 53M committed, 1072M reserved
[480.684s][info][gc,ref      ] GC(41) Soft: 5021 encountered, 0 discovered, 0 enqueued
[480.685s][info][gc,ref      ] GC(41) Weak: 3176 encountered, 376 discovered, 0 enqueued
[480.685s][info][gc,ref      ] GC(41) Final: 85 encountered, 2 discovered, 2 enqueued
[480.685s][info][gc,ref      ] GC(41) Phantom: 481 encountered, 381 discovered, 0 enqueued
[480.686s][info][gc,reloc    ] GC(41) Small Pages: 140 / 280M, Empty: 58M, Relocated: 3M, In-Place: 0
[480.686s][info][gc,reloc    ] GC(41) Medium Pages: 1 / 32M, Empty: 0M, Relocated: 0M, In-Place: 0
[480.687s][info][gc,reloc    ] GC(41) Large Pages: 51 / 634M, Empty: 600M, Relocated: 0M, In-Place: 0
[480.688s][info][gc,reloc    ] GC(41) Forwarding Usage: 0M
[480.688s][info][gc,heap     ] GC(41) Min Capacity: 256M(6%)
[480.689s][info][gc,heap     ] GC(41) Max Capacity: 4096M(100%)
[480.689s][info][gc,heap     ] GC(41) Soft Max Capacity: 4096M(100%)
[480.689s][info][gc,heap     ] GC(41)                Mark Start          Mark End        Relocate Start      Relocate End           High               Low         
[480.690s][info][gc,heap     ] GC(41)  Capacity:     1884M (46%)        1884M (46%)        1884M (46%)        1884M (46%)        1884M (46%)        1884M (46%)    
[480.690s][info][gc,heap     ] GC(41)      Free:     3150M (77%)        3134M (77%)        3780M (92%)        3898M (95%)        3898M (95%)        3122M (76%)    
[480.691s][info][gc,heap     ] GC(41)      Used:      946M (23%)         962M (23%)         316M (8%)          198M (5%)          974M (24%)         198M (5%)     
[480.692s][info][gc,heap     ] GC(41)      Live:         -               129M (3%)          129M (3%)          129M (3%)             -                  -          
[480.692s][info][gc,heap     ] GC(41) Allocated:         -                16M (0%)           28M (1%)           28M (1%)             -                  -          
[480.693s][info][gc,heap     ] GC(41)   Garbage:         -               816M (20%)         158M (4%)           40M (1%)             -                  -          
[480.693s][info][gc,heap     ] GC(41) Reclaimed:         -                  -               658M (16%)         776M (19%)            -                  -          
[480.694s][info][gc          ] GC(41) Garbage Collection (Proactive) 946M(23%)->198M(5%)
[486.772s][info][gc,heap     ] Uncommitted: 202M(5%)
[490.283s][info][gc,stats    ] === Garbage Collection Statistics =======================================================================================================================
[490.284s][info][gc,stats    ]                                                              Last 10s              Last 10m              Last 10h                Total
[490.284s][info][gc,stats    ]                                                              Avg / Max             Avg / Max             Avg / Max             Avg / Max
[490.285s][info][gc,stats    ]   Collector: Garbage Collection Cycle                     98.917 / 98.917      473.979 / 2485.059    473.979 / 2485.059    473.979 / 2485.059    ms
[490.286s][info][gc,stats    ]  Contention: Mark Segment Reset Contention                     0 / 0                 0 / 2                 0 / 2                 0 / 2           ops/s
[490.286s][info][gc,stats    ]  Contention: Mark SeqNum Reset Contention                      0 / 0                 0 / 0                 0 / 0                 0 / 0           ops/s
[490.287s][info][gc,stats    ]    Critical: Allocation Stall                                  0 / 0                 0 / 0                 0 / 0                 0 / 0           ops/s
[490.287s][info][gc,stats    ]    Critical: Allocation Stall                              0.000 / 0.000         0.000 / 0.000         0.000 / 0.000         0.000 / 0.000       ms
[490.288s][info][gc,stats    ]    Critical: GC Locker Stall                                   0 / 0                 0 / 1                 0 / 1                 0 / 1           ops/s
[490.289s][info][gc,stats    ]    Critical: GC Locker Stall                               0.000 / 0.000         0.002 / 0.002         0.002 / 0.002         0.002 / 0.002       ms
[490.290s][info][gc,stats    ]    Critical: Relocation Stall                                  0 / 0                 0 / 0                 0 / 0                 0 / 0           ops/s
[490.290s][info][gc,stats    ]    Critical: Relocation Stall                              0.000 / 0.000         0.000 / 0.000         0.000 / 0.000         0.000 / 0.000       ms
[490.291s][info][gc,stats    ]      Memory: Allocation Rate                                  76 / 520              68 / 552              68 / 552              68 / 552         MB/s
[490.291s][info][gc,stats    ]      Memory: Out Of Memory                                     0 / 0                 0 / 0                 0 / 0                 0 / 0           ops/s
[490.292s][info][gc,stats    ]      Memory: Page Cache Flush                                  0 / 0                 0 / 0                 0 / 0                 0 / 0           MB/s
[490.292s][info][gc,stats    ]      Memory: Page Cache Hit L1                                13 / 52               12 / 112              12 / 112              12 / 112         ops/s
[490.293s][info][gc,stats    ]      Memory: Page Cache Hit L2                                 0 / 0                 0 / 0                 0 / 0                 0 / 0           ops/s
[490.294s][info][gc,stats    ]      Memory: Page Cache Hit L3                                 0 / 0                 0 / 31                0 / 31                0 / 31          ops/s
[490.294s][info][gc,stats    ]      Memory: Page Cache Miss                                   0 / 0                 1 / 88                1 / 88                1 / 88          ops/s
[490.296s][info][gc,stats    ]      Memory: Uncommit                                         20 / 202               2 / 872               2 / 872               2 / 872         MB/s
[490.297s][info][gc,stats    ]      Memory: Undo Object Allocation Failed                     0 / 0                 0 / 1                 0 / 1                 0 / 1           ops/s
[490.297s][info][gc,stats    ]      Memory: Undo Object Allocation Succeeded                  0 / 0                 0 / 2                 0 / 2                 0 / 2           ops/s
[490.298s][info][gc,stats    ]      Memory: Undo Page Allocation                              0 / 1                 0 / 25                0 / 25                0 / 25          ops/s
[490.299s][info][gc,stats    ]       Phase: Concurrent Mark                              80.730 / 80.730      367.107 / 2153.078    367.107 / 2153.078    367.107 / 2153.078    ms
[490.299s][info][gc,stats    ]       Phase: Concurrent Mark Continue                      0.000 / 0.000         0.000 / 0.000         0.000 / 0.000         0.000 / 0.000       ms
[490.300s][info][gc,stats    ]       Phase: Concurrent Mark Free                          0.001 / 0.001         0.003 / 0.011         0.003 / 0.011         0.003 / 0.011       ms
[490.300s][info][gc,stats    ]       Phase: Concurrent Process Non-Strong References      7.953 / 7.953        30.973 / 257.265      30.973 / 257.265      30.973 / 257.265     ms
[490.301s][info][gc,stats    ]       Phase: Concurrent Relocate                           1.674 / 1.674        35.008 / 511.550      35.008 / 511.550      35.008 / 511.550     ms
[490.301s][info][gc,stats    ]       Phase: Concurrent Reset Relocation Set               0.008 / 0.008         0.018 / 0.139         0.018 / 0.139         0.018 / 0.139       ms
[490.302s][info][gc,stats    ]       Phase: Concurrent Select Relocation Set              1.474 / 1.474        11.930 / 198.723      11.930 / 198.723      11.930 / 198.723     ms
[490.303s][info][gc,stats    ]       Phase: Pause Mark End                                0.014 / 0.014         0.061 / 1.316         0.061 / 1.316         0.061 / 1.316       ms
[490.303s][info][gc,stats    ]       Phase: Pause Mark Start                              0.009 / 0.009         0.234 / 6.286         0.234 / 6.286         0.234 / 6.286       ms
[490.304s][info][gc,stats    ]       Phase: Pause Relocate Start                          0.007 / 0.007         0.016 / 0.139         0.016 / 0.139         0.016 / 0.139       ms
[490.305s][info][gc,stats    ]    Subphase: Concurrent Classes Purge                      0.390 / 0.390         1.380 / 10.871        1.380 / 10.871        1.380 / 10.871      ms
[490.305s][info][gc,stats    ]    Subphase: Concurrent Classes Unlink                     5.928 / 5.928        22.660 / 206.267      22.660 / 206.267      22.660 / 206.267     ms
[490.306s][info][gc,stats    ]    Subphase: Concurrent Mark                              78.543 / 79.166      352.841 / 2133.644    352.841 / 2133.644    352.841 / 2133.644    ms
[490.307s][info][gc,stats    ]    Subphase: Concurrent Mark Try Flush                     0.061 / 0.138         2.788 / 43.966        2.788 / 43.966        2.788 / 43.966      ms
[490.308s][info][gc,stats    ]    Subphase: Concurrent Mark Try Terminate                 0.448 / 1.322         2.286 / 24.031        2.286 / 24.031        2.286 / 24.031      ms
[490.309s][info][gc,stats    ]    Subphase: Concurrent References Enqueue                 0.030 / 0.030         0.096 / 2.610         0.096 / 2.610         0.096 / 2.610       ms
[490.309s][info][gc,stats    ]    Subphase: Concurrent References Process                 0.188 / 0.188         0.984 / 6.377         0.984 / 6.377         0.984 / 6.377       ms
[490.310s][info][gc,stats    ]    Subphase: Concurrent Roots ClassLoaderDataGraph         0.206 / 0.392         0.980 / 47.494        0.980 / 47.494        0.980 / 47.494      ms
[490.310s][info][gc,stats    ]    Subphase: Concurrent Roots CodeCache                    0.000 / 0.000         0.000 / 0.000         0.000 / 0.000         0.000 / 0.000       ms
[490.312s][info][gc,stats    ]    Subphase: Concurrent Roots JavaThreads                  1.020 / 1.207         7.042 / 61.015        7.042 / 61.015        7.042 / 61.015      ms
[490.312s][info][gc,stats    ]    Subphase: Concurrent Roots OopStorageSet                0.030 / 0.047         1.432 / 72.582        1.432 / 72.582        1.432 / 72.582      ms
[490.313s][info][gc,stats    ]    Subphase: Concurrent Weak Roots OopStorageSet           0.678 / 0.690         1.993 / 14.084        1.993 / 14.084        1.993 / 14.084      ms
[490.313s][info][gc,stats    ]    Subphase: Pause Mark Try Complete                       0.000 / 0.000         0.000 / 0.000         0.000 / 0.000         0.000 / 0.000       ms
[490.314s][info][gc,stats    ]      System: Java Threads                                     74 / 74               75 / 89               75 / 89               75 / 89          threads
[490.316s][info][gc,stats    ] =========================================================================================================================================================
[491.582s][info][gc,start    ] GC(42) Garbage Collection (Proactive)
[491.584s][info][gc,task     ] GC(42) Using 2 workers
[491.585s][info][gc,phases   ] GC(42) Pause Mark Start 0.056ms
[491.697s][info][gc,phases   ] GC(42) Concurrent Mark 111.708ms
[491.699s][info][gc,phases   ] GC(42) Pause Mark End 0.015ms
[491.700s][info][gc,phases   ] GC(42) Concurrent Mark Free 0.001ms
[491.713s][info][gc,phases   ] GC(42) Concurrent Process Non-Strong References 12.689ms
[491.714s][info][gc,phases   ] GC(42) Concurrent Reset Relocation Set 0.009ms
[491.717s][info][gc,phases   ] GC(42) Concurrent Select Relocation Set 1.912ms
[491.718s][info][gc,phases   ] GC(42) Pause Relocate Start 0.010ms
[491.721s][info][gc,phases   ] GC(42) Concurrent Relocate 1.879ms
[491.722s][info][gc,load     ] GC(42) Load: 0.93/2.73/3.41
[491.723s][info][gc,mmu      ] GC(42) MMU: 2ms/0.0%, 5ms/0.0%, 10ms/37.1%, 20ms/68.6%, 50ms/87.4%, 100ms/93.7%
[491.724s][info][gc,marking  ] GC(42) Mark: 2 stripe(s), 2 proactive flush(es), 1 terminate flush(es), 0 completion(s), 0 continuation(s) 
[491.725s][info][gc,marking  ] GC(42) Mark Stack Usage: 32M
[491.726s][info][gc,nmethod  ] GC(42) NMethods: 6843 registered, 928 unregistered
[491.726s][info][gc,metaspace] GC(42) Metaspace: 52M used, 53M committed, 1072M reserved
[491.727s][info][gc,ref      ] GC(42) Soft: 5021 encountered, 0 discovered, 0 enqueued
[491.728s][info][gc,ref      ] GC(42) Weak: 3176 encountered, 210 discovered, 0 enqueued
[491.728s][info][gc,ref      ] GC(42) Final: 85 encountered, 2 discovered, 2 enqueued
[491.729s][info][gc,ref      ] GC(42) Phantom: 481 encountered, 382 discovered, 0 enqueued
[491.730s][info][gc,reloc    ] GC(42) Small Pages: 133 / 266M, Empty: 48M, Relocated: 3M, In-Place: 0
[491.730s][info][gc,reloc    ] GC(42) Medium Pages: 1 / 32M, Empty: 0M, Relocated: 0M, In-Place: 0
[491.731s][info][gc,reloc    ] GC(42) Large Pages: 51 / 634M, Empty: 600M, Relocated: 0M, In-Place: 0
[491.731s][info][gc,reloc    ] GC(42) Forwarding Usage: 1M
[491.732s][info][gc,heap     ] GC(42) Min Capacity: 256M(6%)
[491.732s][info][gc,heap     ] GC(42) Max Capacity: 4096M(100%)
[491.733s][info][gc,heap     ] GC(42) Soft Max Capacity: 4096M(100%)
[491.734s][info][gc,heap     ] GC(42)                Mark Start          Mark End        Relocate Start      Relocate End           High               Low         
[491.734s][info][gc,heap     ] GC(42)  Capacity:     1682M (41%)        1682M (41%)        1682M (41%)        1682M (41%)        1682M (41%)        1682M (41%)    
[491.735s][info][gc,heap     ] GC(42)      Free:     3164M (77%)        3148M (77%)        3796M (93%)        3910M (95%)        3910M (95%)        3148M (77%)    
[491.736s][info][gc,heap     ] GC(42)      Used:      932M (23%)         948M (23%)         300M (7%)          186M (5%)          948M (23%)         186M (5%)     
[491.737s][info][gc,heap     ] GC(42)      Live:         -               129M (3%)          129M (3%)          129M (3%)             -                  -          
[491.738s][info][gc,heap     ] GC(42) Allocated:         -                16M (0%)           16M (0%)           15M (0%)             -                  -          
[491.738s][info][gc,heap     ] GC(42)   Garbage:         -               802M (20%)         154M (4%)           40M (1%)             -                  -          
[491.739s][info][gc,heap     ] GC(42) Reclaimed:         -                  -               648M (16%)         761M (19%)            -                  -          
[491.740s][info][gc          ] GC(42) Garbage Collection (Proactive) 932M(23%)->186M(5%)
[500.283s][info][gc,stats    ] === Garbage Collection Statistics =======================================================================================================================
[500.284s][info][gc,stats    ]                                                              Last 10s              Last 10m              Last 10h                Total
[500.285s][info][gc,stats    ]                                                              Avg / Max             Avg / Max             Avg / Max             Avg / Max
[500.285s][info][gc,stats    ]   Collector: Garbage Collection Cycle                    139.661 / 139.661     466.204 / 2485.059    466.204 / 2485.059    466.204 / 2485.059    ms
[500.286s][info][gc,stats    ]  Contention: Mark Segment Reset Contention                     0 / 0                 0 / 2                 0 / 2                 0 / 2           ops/s
[500.287s][info][gc,stats    ]  Contention: Mark SeqNum Reset Contention                      0 / 0                 0 / 0                 0 / 0                 0 / 0           ops/s
[500.287s][info][gc,stats    ]    Critical: Allocation Stall                                  0 / 0                 0 / 0                 0 / 0                 0 / 0           ops/s
[500.288s][info][gc,stats    ]    Critical: Allocation Stall                              0.000 / 0.000         0.000 / 0.000         0.000 / 0.000         0.000 / 0.000       ms
[500.289s][info][gc,stats    ]    Critical: GC Locker Stall                                   0 / 0                 0 / 1                 0 / 1                 0 / 1           ops/s
[500.289s][info][gc,stats    ]    Critical: GC Locker Stall                               0.000 / 0.000         0.002 / 0.002         0.002 / 0.002         0.002 / 0.002       ms
[500.290s][info][gc,stats    ]    Critical: Relocation Stall                                  0 / 0                 0 / 0                 0 / 0                 0 / 0           ops/s
[500.290s][info][gc,stats    ]    Critical: Relocation Stall                              0.000 / 0.000         0.000 / 0.000         0.000 / 0.000         0.000 / 0.000       ms
[500.291s][info][gc,stats    ]      Memory: Allocation Rate                                  73 / 508              68 / 552              68 / 552              68 / 552         MB/s
[500.292s][info][gc,stats    ]      Memory: Out Of Memory                                     0 / 0                 0 / 0                 0 / 0                 0 / 0           ops/s
[500.292s][info][gc,stats    ]      Memory: Page Cache Flush                                  0 / 0                 0 / 0                 0 / 0                 0 / 0           MB/s
[500.293s][info][gc,stats    ]      Memory: Page Cache Hit L1                                12 / 46               12 / 112              12 / 112              12 / 112         ops/s
[500.293s][info][gc,stats    ]      Memory: Page Cache Hit L2                                 0 / 0                 0 / 0                 0 / 0                 0 / 0           ops/s
[500.293s][info][gc,stats    ]      Memory: Page Cache Hit L3                                 0 / 0                 0 / 31                0 / 31                0 / 31          ops/s
[500.294s][info][gc,stats    ]      Memory: Page Cache Miss                                   0 / 0                 1 / 88                1 / 88                1 / 88          ops/s
[500.295s][info][gc,stats    ]      Memory: Uncommit                                          0 / 0                 2 / 872               2 / 872               2 / 872         MB/s
[500.295s][info][gc,stats    ]      Memory: Undo Object Allocation Failed                     0 / 0                 0 / 1                 0 / 1                 0 / 1           ops/s
[500.296s][info][gc,stats    ]      Memory: Undo Object Allocation Succeeded                  0 / 0                 0 / 2                 0 / 2                 0 / 2           ops/s
[500.297s][info][gc,stats    ]      Memory: Undo Page Allocation                              0 / 0                 0 / 25                0 / 25                0 / 25          ops/s
[500.297s][info][gc,stats    ]       Phase: Concurrent Mark                             111.708 / 111.708     361.168 / 2153.078    361.168 / 2153.078    361.168 / 2153.078    ms
[500.298s][info][gc,stats    ]       Phase: Concurrent Mark Continue                      0.000 / 0.000         0.000 / 0.000         0.000 / 0.000         0.000 / 0.000       ms
[500.298s][info][gc,stats    ]       Phase: Concurrent Mark Free                          0.001 / 0.001         0.003 / 0.011         0.003 / 0.011         0.003 / 0.011       ms
[500.299s][info][gc,stats    ]       Phase: Concurrent Process Non-Strong References     12.689 / 12.689       30.548 / 257.265      30.548 / 257.265      30.548 / 257.265     ms
[500.299s][info][gc,stats    ]       Phase: Concurrent Relocate                           1.879 / 1.879        34.237 / 511.550      34.237 / 511.550      34.237 / 511.550     ms
[500.300s][info][gc,stats    ]       Phase: Concurrent Reset Relocation Set               0.009 / 0.009         0.018 / 0.139         0.018 / 0.139         0.018 / 0.139       ms
[500.301s][info][gc,stats    ]       Phase: Concurrent Select Relocation Set              1.912 / 1.912        11.697 / 198.723      11.697 / 198.723      11.697 / 198.723     ms
[500.302s][info][gc,stats    ]       Phase: Pause Mark End                                0.015 / 0.015         0.060 / 1.316         0.060 / 1.316         0.060 / 1.316       ms
[500.302s][info][gc,stats    ]       Phase: Pause Mark Start                              0.056 / 0.056         0.230 / 6.286         0.230 / 6.286         0.230 / 6.286       ms
[500.303s][info][gc,stats    ]       Phase: Pause Relocate Start                          0.010 / 0.010         0.016 / 0.139         0.016 / 0.139         0.016 / 0.139       ms
[500.304s][info][gc,stats    ]    Subphase: Concurrent Classes Purge                      0.542 / 0.542         1.361 / 10.871        1.361 / 10.871        1.361 / 10.871      ms
[500.304s][info][gc,stats    ]    Subphase: Concurrent Classes Unlink                    10.465 / 10.465       22.376 / 206.267      22.376 / 206.267      22.376 / 206.267     ms
[500.305s][info][gc,stats    ]    Subphase: Concurrent Mark                             108.053 / 108.409     347.148 / 2133.644    347.148 / 2133.644    347.148 / 2133.644    ms
[500.305s][info][gc,stats    ]    Subphase: Concurrent Mark Try Flush                     0.329 / 0.493         2.738 / 43.966        2.738 / 43.966        2.738 / 43.966      ms
[500.306s][info][gc,stats    ]    Subphase: Concurrent Mark Try Terminate                 0.520 / 1.271         2.275 / 24.031        2.275 / 24.031        2.275 / 24.031      ms
[500.306s][info][gc,stats    ]    Subphase: Concurrent References Enqueue                 0.005 / 0.005         0.093 / 2.610         0.093 / 2.610         0.093 / 2.610       ms
[500.307s][info][gc,stats    ]    Subphase: Concurrent References Process                 0.304 / 0.304         0.968 / 6.377         0.968 / 6.377         0.968 / 6.377       ms
[500.307s][info][gc,stats    ]    Subphase: Concurrent Roots ClassLoaderDataGraph         0.337 / 0.584         0.964 / 47.494        0.964 / 47.494        0.964 / 47.494      ms
[500.308s][info][gc,stats    ]    Subphase: Concurrent Roots CodeCache                    0.000 / 0.000         0.000 / 0.000         0.000 / 0.000         0.000 / 0.000       ms
[500.309s][info][gc,stats    ]    Subphase: Concurrent Roots JavaThreads                  2.433 / 2.633         6.935 / 61.015        6.935 / 61.015        6.935 / 61.015      ms
[500.309s][info][gc,stats    ]    Subphase: Concurrent Roots OopStorageSet                0.083 / 0.083         1.414 / 72.582        1.414 / 72.582        1.414 / 72.582      ms
[500.310s][info][gc,stats    ]    Subphase: Concurrent Weak Roots OopStorageSet           0.685 / 0.687         1.961 / 14.084        1.961 / 14.084        1.961 / 14.084      ms
[500.310s][info][gc,stats    ]    Subphase: Pause Mark Try Complete                       0.000 / 0.000         0.000 / 0.000         0.000 / 0.000         0.000 / 0.000       ms
[500.311s][info][gc,stats    ]      System: Java Threads                                     74 / 74               75 / 89               75 / 89               75 / 89          threads
[500.311s][info][gc,stats    ] =========================================================================================================================================================
[502.583s][info][gc,start    ] GC(43) Garbage Collection (Proactive)
[502.583s][info][gc,task     ] GC(43) Using 2 workers
[502.584s][info][gc,phases   ] GC(43) Pause Mark Start 0.007ms
[502.666s][info][gc,phases   ] GC(43) Concurrent Mark 81.427ms
[502.667s][info][gc,phases   ] GC(43) Pause Mark End 0.012ms
[502.668s][info][gc,phases   ] GC(43) Concurrent Mark Free 0.001ms
[502.677s][info][gc,phases   ] GC(43) Concurrent Process Non-Strong References 8.314ms
[502.678s][info][gc,phases   ] GC(43) Concurrent Reset Relocation Set 0.008ms
[502.680s][info][gc,phases   ] GC(43) Concurrent Select Relocation Set 1.722ms
[502.681s][info][gc,phases   ] GC(43) Pause Relocate Start 0.008ms
[502.683s][info][gc,phases   ] GC(43) Concurrent Relocate 1.658ms
[502.684s][info][gc,load     ] GC(43) Load: 0.78/2.64/3.37
[502.685s][info][gc,mmu      ] GC(43) MMU: 2ms/0.0%, 5ms/0.0%, 10ms/37.1%, 20ms/68.6%, 50ms/87.4%, 100ms/93.7%
[502.686s][info][gc,marking  ] GC(43) Mark: 2 stripe(s), 2 proactive flush(es), 1 terminate flush(es), 0 completion(s), 0 continuation(s) 
[502.686s][info][gc,marking  ] GC(43) Mark Stack Usage: 32M
[502.687s][info][gc,nmethod  ] GC(43) NMethods: 6850 registered, 928 unregistered
[502.687s][info][gc,metaspace] GC(43) Metaspace: 52M used, 53M committed, 1072M reserved
[502.688s][info][gc,ref      ] GC(43) Soft: 5021 encountered, 0 discovered, 0 enqueued
[502.688s][info][gc,ref      ] GC(43) Weak: 3176 encountered, 426 discovered, 0 enqueued
[502.689s][info][gc,ref      ] GC(43) Final: 86 encountered, 3 discovered, 3 enqueued
[502.689s][info][gc,ref      ] GC(43) Phantom: 481 encountered, 446 discovered, 0 enqueued
[502.690s][info][gc,reloc    ] GC(43) Small Pages: 140 / 280M, Empty: 64M, Relocated: 3M, In-Place: 0
[502.690s][info][gc,reloc    ] GC(43) Medium Pages: 1 / 32M, Empty: 0M, Relocated: 0M, In-Place: 0
[502.694s][info][gc,reloc    ] GC(43) Large Pages: 51 / 634M, Empty: 600M, Relocated: 0M, In-Place: 0
[502.694s][info][gc,reloc    ] GC(43) Forwarding Usage: 0M
[502.695s][info][gc,heap     ] GC(43) Min Capacity: 256M(6%)
[502.695s][info][gc,heap     ] GC(43) Max Capacity: 4096M(100%)
[502.696s][info][gc,heap     ] GC(43) Soft Max Capacity: 4096M(100%)
[502.696s][info][gc,heap     ] GC(43)                Mark Start          Mark End        Relocate Start      Relocate End           High               Low         
[502.697s][info][gc,heap     ] GC(43)  Capacity:     1682M (41%)        1682M (41%)        1682M (41%)        1682M (41%)        1682M (41%)        1682M (41%)    
[502.697s][info][gc,heap     ] GC(43)      Free:     3150M (77%)        3136M (77%)        3800M (93%)        3912M (96%)        3912M (96%)        3136M (77%)    
[502.698s][info][gc,heap     ] GC(43)      Used:      946M (23%)         960M (23%)         296M (7%)          184M (4%)          960M (23%)         184M (4%)     
[502.698s][info][gc,heap     ] GC(43)      Live:         -               128M (3%)          128M (3%)          128M (3%)             -                  -          
[502.699s][info][gc,heap     ] GC(43) Allocated:         -                14M (0%)           14M (0%)           14M (0%)             -                  -          
[502.700s][info][gc,heap     ] GC(43)   Garbage:         -               817M (20%)         153M (4%)           41M (1%)             -                  -          
[502.700s][info][gc,heap     ] GC(43) Reclaimed:         -                  -               664M (16%)         776M (19%)            -                  -          
[502.701s][info][gc          ] GC(43) Garbage Collection (Proactive) 946M(23%)->184M(4%)
[503.809s][info][gc,heap     ] Uncommitted: 104M(3%)
[510.283s][info][gc,stats    ] === Garbage Collection Statistics =======================================================================================================================
[510.284s][info][gc,stats    ]                                                              Last 10s              Last 10m              Last 10h                Total
[510.285s][info][gc,stats    ]                                                              Avg / Max             Avg / Max             Avg / Max             Avg / Max
[510.286s][info][gc,stats    ]   Collector: Garbage Collection Cycle                    101.211 / 101.211     457.909 / 2485.059    457.909 / 2485.059    457.909 / 2485.059    ms
[510.286s][info][gc,stats    ]  Contention: Mark Segment Reset Contention                     0 / 2                 0 / 2                 0 / 2                 0 / 2           ops/s
[510.287s][info][gc,stats    ]  Contention: Mark SeqNum Reset Contention                      0 / 1                 0 / 1                 0 / 1                 0 / 1           ops/s
[510.288s][info][gc,stats    ]    Critical: Allocation Stall                                  0 / 0                 0 / 0                 0 / 0                 0 / 0           ops/s
[510.289s][info][gc,stats    ]    Critical: Allocation Stall                              0.000 / 0.000         0.000 / 0.000         0.000 / 0.000         0.000 / 0.000       ms
[510.290s][info][gc,stats    ]    Critical: GC Locker Stall                                   0 / 0                 0 / 1                 0 / 1                 0 / 1           ops/s
[510.290s][info][gc,stats    ]    Critical: GC Locker Stall                               0.000 / 0.000         0.002 / 0.002         0.002 / 0.002         0.002 / 0.002       ms
[510.291s][info][gc,stats    ]    Critical: Relocation Stall                                  0 / 0                 0 / 0                 0 / 0                 0 / 0           ops/s
[510.292s][info][gc,stats    ]    Critical: Relocation Stall                              0.000 / 0.000         0.000 / 0.000         0.000 / 0.000         0.000 / 0.000       ms
[510.292s][info][gc,stats    ]      Memory: Allocation Rate                                  73 / 500              68 / 552              68 / 552              68 / 552         MB/s
[510.293s][info][gc,stats    ]      Memory: Out Of Memory                                     0 / 0                 0 / 0                 0 / 0                 0 / 0           ops/s
[510.293s][info][gc,stats    ]      Memory: Page Cache Flush                                  0 / 0                 0 / 0                 0 / 0                 0 / 0           MB/s
[510.294s][info][gc,stats    ]      Memory: Page Cache Hit L1                                12 / 42               12 / 112              12 / 112              12 / 112         ops/s
[510.294s][info][gc,stats    ]      Memory: Page Cache Hit L2                                 0 / 0                 0 / 0                 0 / 0                 0 / 0           ops/s
[510.295s][info][gc,stats    ]      Memory: Page Cache Hit L3                                 0 / 0                 0 / 31                0 / 31                0 / 31          ops/s
[510.295s][info][gc,stats    ]      Memory: Page Cache Miss                                   0 / 0                 1 / 88                1 / 88                1 / 88          ops/s
[510.297s][info][gc,stats    ]      Memory: Uncommit                                         10 / 104               2 / 872               2 / 872               2 / 872         MB/s
[510.297s][info][gc,stats    ]      Memory: Undo Object Allocation Failed                     0 / 0                 0 / 1                 0 / 1                 0 / 1           ops/s
[510.298s][info][gc,stats    ]      Memory: Undo Object Allocation Succeeded                  0 / 0                 0 / 2                 0 / 2                 0 / 2           ops/s
[510.299s][info][gc,stats    ]      Memory: Undo Page Allocation                              0 / 0                 0 / 25                0 / 25                0 / 25          ops/s
[510.299s][info][gc,stats    ]       Phase: Concurrent Mark                              81.427 / 81.427      354.810 / 2153.078    354.810 / 2153.078    354.810 / 2153.078    ms
[510.300s][info][gc,stats    ]       Phase: Concurrent Mark Continue                      0.000 / 0.000         0.000 / 0.000         0.000 / 0.000         0.000 / 0.000       ms
[510.300s][info][gc,stats    ]       Phase: Concurrent Mark Free                          0.001 / 0.001         0.003 / 0.011         0.003 / 0.011         0.003 / 0.011       ms
[510.301s][info][gc,stats    ]       Phase: Concurrent Process Non-Strong References      8.314 / 8.314        30.042 / 257.265      30.042 / 257.265      30.042 / 257.265     ms
[510.301s][info][gc,stats    ]       Phase: Concurrent Relocate                           1.658 / 1.658        33.497 / 511.550      33.497 / 511.550      33.497 / 511.550     ms
[510.302s][info][gc,stats    ]       Phase: Concurrent Reset Relocation Set               0.008 / 0.008         0.017 / 0.139         0.017 / 0.139         0.017 / 0.139       ms
[510.302s][info][gc,stats    ]       Phase: Concurrent Select Relocation Set              1.722 / 1.722        11.470 / 198.723      11.470 / 198.723      11.470 / 198.723     ms
[510.303s][info][gc,stats    ]       Phase: Pause Mark End                                0.012 / 0.012         0.059 / 1.316         0.059 / 1.316         0.059 / 1.316       ms
[510.304s][info][gc,stats    ]       Phase: Pause Mark Start                              0.007 / 0.007         0.225 / 6.286         0.225 / 6.286         0.225 / 6.286       ms
[510.304s][info][gc,stats    ]       Phase: Pause Relocate Start                          0.008 / 0.008         0.016 / 0.139         0.016 / 0.139         0.016 / 0.139       ms
[510.305s][info][gc,stats    ]    Subphase: Concurrent Classes Purge                      0.379 / 0.379         1.339 / 10.871        1.339 / 10.871        1.339 / 10.871      ms
[510.305s][info][gc,stats    ]    Subphase: Concurrent Classes Unlink                     6.445 / 6.445        22.014 / 206.267      22.014 / 206.267      22.014 / 206.267     ms
[510.306s][info][gc,stats    ]    Subphase: Concurrent Mark                              79.415 / 79.891      341.063 / 2133.644    341.063 / 2133.644    341.063 / 2133.644    ms
[510.306s][info][gc,stats    ]    Subphase: Concurrent Mark Try Flush                     0.215 / 0.287         2.689 / 43.966        2.689 / 43.966        2.689 / 43.966      ms
[510.307s][info][gc,stats    ]    Subphase: Concurrent Mark Try Terminate                 0.513 / 1.331         2.265 / 24.031        2.265 / 24.031        2.265 / 24.031      ms
[510.308s][info][gc,stats    ]    Subphase: Concurrent References Enqueue                 0.027 / 0.027         0.092 / 2.610         0.092 / 2.610         0.092 / 2.610       ms
[510.309s][info][gc,stats    ]    Subphase: Concurrent References Process                 0.253 / 0.253         0.952 / 6.377         0.952 / 6.377         0.952 / 6.377       ms
[510.309s][info][gc,stats    ]    Subphase: Concurrent Roots ClassLoaderDataGraph         0.179 / 0.337         0.946 / 47.494        0.946 / 47.494        0.946 / 47.494      ms
[510.310s][info][gc,stats    ]    Subphase: Concurrent Roots CodeCache                    0.000 / 0.000         0.000 / 0.000         0.000 / 0.000         0.000 / 0.000       ms
[510.311s][info][gc,stats    ]    Subphase: Concurrent Roots JavaThreads                  0.944 / 1.094         6.799 / 61.015        6.799 / 61.015        6.799 / 61.015      ms
[510.312s][info][gc,stats    ]    Subphase: Concurrent Roots OopStorageSet                0.030 / 0.033         1.377 / 72.582        1.377 / 72.582        1.377 / 72.582      ms
[510.313s][info][gc,stats    ]    Subphase: Concurrent Weak Roots OopStorageSet           0.863 / 0.865         1.935 / 14.084        1.935 / 14.084        1.935 / 14.084      ms
[510.313s][info][gc,stats    ]    Subphase: Pause Mark Try Complete                       0.000 / 0.000         0.000 / 0.000         0.000 / 0.000         0.000 / 0.000       ms
[510.314s][info][gc,stats    ]      System: Java Threads                                     74 / 74               75 / 89               75 / 89               75 / 89          threads
[510.314s][info][gc,stats    ] =========================================================================================================================================================
[513.583s][info][gc,start    ] GC(44) Garbage Collection (Proactive)
[513.584s][info][gc,task     ] GC(44) Using 2 workers
[513.584s][info][gc,phases   ] GC(44) Pause Mark Start 0.006ms
[513.670s][info][gc,phases   ] GC(44) Concurrent Mark 84.436ms
[513.671s][info][gc,phases   ] GC(44) Pause Mark End 0.012ms
[513.671s][info][gc,phases   ] GC(44) Concurrent Mark Free 0.001ms
[513.681s][info][gc,phases   ] GC(44) Concurrent Process Non-Strong References 9.353ms
[513.682s][info][gc,phases   ] GC(44) Concurrent Reset Relocation Set 0.007ms
[513.684s][info][gc,phases   ] GC(44) Concurrent Select Relocation Set 1.654ms
[513.685s][info][gc,phases   ] GC(44) Pause Relocate Start 0.006ms
[513.688s][info][gc,phases   ] GC(44) Concurrent Relocate 1.947ms
[513.689s][info][gc,load     ] GC(44) Load: 0.74/2.57/3.34
[513.689s][info][gc,mmu      ] GC(44) MMU: 2ms/0.0%, 5ms/0.0%, 10ms/37.1%, 20ms/68.6%, 50ms/87.4%, 100ms/93.7%
[513.690s][info][gc,marking  ] GC(44) Mark: 2 stripe(s), 2 proactive flush(es), 1 terminate flush(es), 0 completion(s), 0 continuation(s) 
[513.690s][info][gc,marking  ] GC(44) Mark Stack Usage: 32M
[513.691s][info][gc,nmethod  ] GC(44) NMethods: 6858 registered, 928 unregistered
[513.692s][info][gc,metaspace] GC(44) Metaspace: 52M used, 53M committed, 1072M reserved
[513.692s][info][gc,ref      ] GC(44) Soft: 5021 encountered, 0 discovered, 0 enqueued
[513.693s][info][gc,ref      ] GC(44) Weak: 3176 encountered, 702 discovered, 0 enqueued
[513.693s][info][gc,ref      ] GC(44) Final: 85 encountered, 24 discovered, 2 enqueued
[513.694s][info][gc,ref      ] GC(44) Phantom: 481 encountered, 385 discovered, 0 enqueued
[513.694s][info][gc,reloc    ] GC(44) Small Pages: 139 / 278M, Empty: 54M, Relocated: 3M, In-Place: 0
[513.695s][info][gc,reloc    ] GC(44) Medium Pages: 1 / 32M, Empty: 0M, Relocated: 0M, In-Place: 0
[513.695s][info][gc,reloc    ] GC(44) Large Pages: 51 / 634M, Empty: 600M, Relocated: 0M, In-Place: 0
[513.696s][info][gc,reloc    ] GC(44) Forwarding Usage: 0M
[513.696s][info][gc,heap     ] GC(44) Min Capacity: 256M(6%)
[513.697s][info][gc,heap     ] GC(44) Max Capacity: 4096M(100%)
[513.697s][info][gc,heap     ] GC(44) Soft Max Capacity: 4096M(100%)
[513.698s][info][gc,heap     ] GC(44)                Mark Start          Mark End        Relocate Start      Relocate End           High               Low         
[513.698s][info][gc,heap     ] GC(44)  Capacity:     1578M (39%)        1578M (39%)        1578M (39%)        1578M (39%)        1578M (39%)        1578M (39%)    
[513.699s][info][gc,heap     ] GC(44)      Free:     3152M (77%)        3136M (77%)        3788M (92%)        3906M (95%)        3906M (95%)        3134M (77%)    
[513.699s][info][gc,heap     ] GC(44)      Used:      944M (23%)         960M (23%)         308M (8%)          190M (5%)          962M (23%)         190M (5%)     
[513.700s][info][gc,heap     ] GC(44)      Live:         -               128M (3%)          128M (3%)          128M (3%)             -                  -          
[513.701s][info][gc,heap     ] GC(44) Allocated:         -                16M (0%)           18M (0%)           17M (0%)             -                  -          
[513.701s][info][gc,heap     ] GC(44)   Garbage:         -               815M (20%)         161M (4%)           43M (1%)             -                  -          
[513.702s][info][gc,heap     ] GC(44) Reclaimed:         -                  -               654M (16%)         771M (19%)            -                  -          
[513.702s][info][gc          ] GC(44) Garbage Collection (Proactive) 944M(23%)->190M(5%)
[517.909s][info][gc,heap     ] Uncommitted: 388M(9%)
[520.283s][info][gc,stats    ] === Garbage Collection Statistics =======================================================================================================================
[520.284s][info][gc,stats    ]                                                              Last 10s              Last 10m              Last 10h                Total
[520.285s][info][gc,stats    ]                                                              Avg / Max             Avg / Max             Avg / Max             Avg / Max
[520.285s][info][gc,stats    ]   Collector: Garbage Collection Cycle                    105.642 / 105.642     450.080 / 2485.059    450.080 / 2485.059    450.080 / 2485.059    ms
[520.286s][info][gc,stats    ]  Contention: Mark Segment Reset Contention                     0 / 0                 0 / 2                 0 / 2                 0 / 2           ops/s
[520.287s][info][gc,stats    ]  Contention: Mark SeqNum Reset Contention                      0 / 0                 0 / 1                 0 / 1                 0 / 1           ops/s
[520.287s][info][gc,stats    ]    Critical: Allocation Stall                                  0 / 0                 0 / 0                 0 / 0                 0 / 0           ops/s
[520.288s][info][gc,stats    ]    Critical: Allocation Stall                              0.000 / 0.000         0.000 / 0.000         0.000 / 0.000         0.000 / 0.000       ms
[520.288s][info][gc,stats    ]    Critical: GC Locker Stall                                   0 / 0                 0 / 1                 0 / 1                 0 / 1           ops/s
[520.289s][info][gc,stats    ]    Critical: GC Locker Stall                               0.000 / 0.000         0.002 / 0.002         0.002 / 0.002         0.002 / 0.002       ms
[520.289s][info][gc,stats    ]    Critical: Relocation Stall                                  0 / 0                 0 / 0                 0 / 0                 0 / 0           ops/s
[520.290s][info][gc,stats    ]    Critical: Relocation Stall                              0.000 / 0.000         0.000 / 0.000         0.000 / 0.000         0.000 / 0.000       ms
[520.290s][info][gc,stats    ]      Memory: Allocation Rate                                  75 / 518              68 / 552              68 / 552              68 / 552         MB/s
[520.291s][info][gc,stats    ]      Memory: Out Of Memory                                     0 / 0                 0 / 0                 0 / 0                 0 / 0           ops/s
[520.291s][info][gc,stats    ]      Memory: Page Cache Flush                                  0 / 0                 0 / 0                 0 / 0                 0 / 0           MB/s
[520.292s][info][gc,stats    ]      Memory: Page Cache Hit L1                                13 / 52               12 / 112              12 / 112              12 / 112         ops/s
[520.292s][info][gc,stats    ]      Memory: Page Cache Hit L2                                 0 / 0                 0 / 0                 0 / 0                 0 / 0           ops/s
[520.293s][info][gc,stats    ]      Memory: Page Cache Hit L3                                 0 / 0                 0 / 31                0 / 31                0 / 31          ops/s
[520.293s][info][gc,stats    ]      Memory: Page Cache Miss                                   0 / 0                 1 / 88                1 / 88                1 / 88          ops/s
[520.294s][info][gc,stats    ]      Memory: Uncommit                                         38 / 388               3 / 872               3 / 872               3 / 872         MB/s
[520.295s][info][gc,stats    ]      Memory: Undo Object Allocation Failed                     0 / 0                 0 / 1                 0 / 1                 0 / 1           ops/s
[520.295s][info][gc,stats    ]      Memory: Undo Object Allocation Succeeded                  0 / 0                 0 / 2                 0 / 2                 0 / 2           ops/s
[520.296s][info][gc,stats    ]      Memory: Undo Page Allocation                              0 / 0                 0 / 25                0 / 25                0 / 25          ops/s
[520.296s][info][gc,stats    ]       Phase: Concurrent Mark                              84.436 / 84.436      348.802 / 2153.078    348.802 / 2153.078    348.802 / 2153.078    ms
[520.297s][info][gc,stats    ]       Phase: Concurrent Mark Continue                      0.000 / 0.000         0.000 / 0.000         0.000 / 0.000         0.000 / 0.000       ms
[520.297s][info][gc,stats    ]       Phase: Concurrent Mark Free                          0.001 / 0.001         0.003 / 0.011         0.003 / 0.011         0.003 / 0.011       ms
[520.298s][info][gc,stats    ]       Phase: Concurrent Process Non-Strong References      9.353 / 9.353        29.583 / 257.265      29.583 / 257.265      29.583 / 257.265     ms
[520.298s][info][gc,stats    ]       Phase: Concurrent Relocate                           1.947 / 1.947        32.796 / 511.550      32.796 / 511.550      32.796 / 511.550     ms
[520.299s][info][gc,stats    ]       Phase: Concurrent Reset Relocation Set               0.007 / 0.007         0.017 / 0.139         0.017 / 0.139         0.017 / 0.139       ms
[520.299s][info][gc,stats    ]       Phase: Concurrent Select Relocation Set              1.654 / 1.654        11.252 / 198.723      11.252 / 198.723      11.252 / 198.723     ms
[520.300s][info][gc,stats    ]       Phase: Pause Mark End                                0.012 / 0.012         0.058 / 1.316         0.058 / 1.316         0.058 / 1.316       ms
[520.301s][info][gc,stats    ]       Phase: Pause Mark Start                              0.006 / 0.006         0.220 / 6.286         0.220 / 6.286         0.220 / 6.286       ms
[520.301s][info][gc,stats    ]       Phase: Pause Relocate Start                          0.006 / 0.006         0.016 / 0.139         0.016 / 0.139         0.016 / 0.139       ms
[520.302s][info][gc,stats    ]    Subphase: Concurrent Classes Purge                      0.407 / 0.407         1.318 / 10.871        1.318 / 10.871        1.318 / 10.871      ms
[520.302s][info][gc,stats    ]    Subphase: Concurrent Classes Unlink                     7.228 / 7.228        21.686 / 206.267      21.686 / 206.267      21.686 / 206.267     ms
[520.303s][info][gc,stats    ]    Subphase: Concurrent Mark                              82.532 / 82.746      335.318 / 2133.644    335.318 / 2133.644    335.318 / 2133.644    ms
[520.303s][info][gc,stats    ]    Subphase: Concurrent Mark Try Flush                     0.199 / 0.297         2.641 / 43.966        2.641 / 43.966        2.641 / 43.966      ms
[520.304s][info][gc,stats    ]    Subphase: Concurrent Mark Try Terminate                 0.861 / 1.264         2.245 / 24.031        2.245 / 24.031        2.245 / 24.031      ms
[520.304s][info][gc,stats    ]    Subphase: Concurrent References Enqueue                 0.059 / 0.059         0.091 / 2.610         0.091 / 2.610         0.091 / 2.610       ms
[520.305s][info][gc,stats    ]    Subphase: Concurrent References Process                 0.265 / 0.265         0.937 / 6.377         0.937 / 6.377         0.937 / 6.377       ms
[520.305s][info][gc,stats    ]    Subphase: Concurrent Roots ClassLoaderDataGraph         0.138 / 0.258         0.927 / 47.494        0.927 / 47.494        0.927 / 47.494      ms
[520.306s][info][gc,stats    ]    Subphase: Concurrent Roots CodeCache                    0.000 / 0.000         0.000 / 0.000         0.000 / 0.000         0.000 / 0.000       ms
[520.307s][info][gc,stats    ]    Subphase: Concurrent Roots JavaThreads                  1.154 / 1.259         6.673 / 61.015        6.673 / 61.015        6.673 / 61.015      ms
[520.307s][info][gc,stats    ]    Subphase: Concurrent Roots OopStorageSet                0.052 / 0.054         1.343 / 72.582        1.343 / 72.582        1.343 / 72.582      ms
[520.308s][info][gc,stats    ]    Subphase: Concurrent Weak Roots OopStorageSet           0.939 / 1.052         1.912 / 14.084        1.912 / 14.084        1.912 / 14.084      ms
[520.308s][info][gc,stats    ]    Subphase: Pause Mark Try Complete                       0.000 / 0.000         0.000 / 0.000         0.000 / 0.000         0.000 / 0.000       ms
[520.308s][info][gc,stats    ]      System: Java Threads                                     74 / 74               75 / 89               75 / 89               75 / 89          threads
[520.309s][info][gc,stats    ] =========================================================================================================================================================
[524.583s][info][gc,start    ] GC(45) Garbage Collection (Proactive)
[524.584s][info][gc,task     ] GC(45) Using 2 workers
[524.585s][info][gc,phases   ] GC(45) Pause Mark Start 0.008ms
[524.677s][info][gc,phases   ] GC(45) Concurrent Mark 90.949ms
[524.678s][info][gc,phases   ] GC(45) Pause Mark End 0.017ms
[524.679s][info][gc,phases   ] GC(45) Concurrent Mark Free 0.002ms
[524.689s][info][gc,phases   ] GC(45) Concurrent Process Non-Strong References 9.503ms
[524.690s][info][gc,phases   ] GC(45) Concurrent Reset Relocation Set 0.009ms
[524.692s][info][gc,phases   ] GC(45) Concurrent Select Relocation Set 1.938ms
[524.693s][info][gc,phases   ] GC(45) Pause Relocate Start 0.042ms
[524.696s][info][gc,phases   ] GC(45) Concurrent Relocate 2.108ms
[524.697s][info][gc,load     ] GC(45) Load: 0.62/2.49/3.31
[524.698s][info][gc,mmu      ] GC(45) MMU: 2ms/0.0%, 5ms/0.0%, 10ms/37.1%, 20ms/68.6%, 50ms/87.4%, 100ms/93.7%
[524.699s][info][gc,marking  ] GC(45) Mark: 2 stripe(s), 2 proactive flush(es), 1 terminate flush(es), 0 completion(s), 0 continuation(s) 
[524.720s][info][gc,marking  ] GC(45) Mark Stack Usage: 32M
[524.721s][info][gc,nmethod  ] GC(45) NMethods: 6862 registered, 928 unregistered
[524.721s][info][gc,metaspace] GC(45) Metaspace: 52M used, 53M committed, 1072M reserved
[524.722s][info][gc,ref      ] GC(45) Soft: 5021 encountered, 0 discovered, 0 enqueued
[524.722s][info][gc,ref      ] GC(45) Weak: 3176 encountered, 674 discovered, 0 enqueued
[524.723s][info][gc,ref      ] GC(45) Final: 85 encountered, 15 discovered, 2 enqueued
[524.723s][info][gc,ref      ] GC(45) Phantom: 481 encountered, 422 discovered, 0 enqueued
[524.724s][info][gc,reloc    ] GC(45) Small Pages: 134 / 268M, Empty: 44M, Relocated: 3M, In-Place: 0
[524.725s][info][gc,reloc    ] GC(45) Medium Pages: 1 / 32M, Empty: 0M, Relocated: 0M, In-Place: 0
[524.725s][info][gc,reloc    ] GC(45) Large Pages: 51 / 634M, Empty: 600M, Relocated: 0M, In-Place: 0
[524.726s][info][gc,reloc    ] GC(45) Forwarding Usage: 0M
[524.726s][info][gc,heap     ] GC(45) Min Capacity: 256M(6%)
[524.727s][info][gc,heap     ] GC(45) Max Capacity: 4096M(100%)
[524.727s][info][gc,heap     ] GC(45) Soft Max Capacity: 4096M(100%)
[524.728s][info][gc,heap     ] GC(45)                Mark Start          Mark End        Relocate Start      Relocate End           High               Low         
[524.729s][info][gc,heap     ] GC(45)  Capacity:     1190M (29%)        1190M (29%)        1190M (29%)        1190M (29%)        1190M (29%)        1190M (29%)    
[524.729s][info][gc,heap     ] GC(45)      Free:     3162M (77%)        3148M (77%)        3792M (93%)        3910M (95%)        3910M (95%)        3148M (77%)    
[524.730s][info][gc,heap     ] GC(45)      Used:      934M (23%)         948M (23%)         304M (7%)          186M (5%)          948M (23%)         186M (5%)     
[524.730s][info][gc,heap     ] GC(45)      Live:         -               128M (3%)          128M (3%)          128M (3%)             -                  -          
[524.732s][info][gc,heap     ] GC(45) Allocated:         -                14M (0%)           14M (0%)           13M (0%)             -                  -          
[524.732s][info][gc,heap     ] GC(45)   Garbage:         -               805M (20%)         161M (4%)           43M (1%)             -                  -          
[524.733s][info][gc,heap     ] GC(45) Reclaimed:         -                  -               644M (16%)         761M (19%)            -                  -          
[524.733s][info][gc          ] GC(45) Garbage Collection (Proactive) 934M(23%)->186M(5%)
[530.283s][info][gc,stats    ] === Garbage Collection Statistics =======================================================================================================================
[530.284s][info][gc,stats    ]                                                              Last 10s              Last 10m              Last 10h                Total
[530.284s][info][gc,stats    ]                                                              Avg / Max             Avg / Max             Avg / Max             Avg / Max
[530.285s][info][gc,stats    ]   Collector: Garbage Collection Cycle                    113.421 / 113.421     442.762 / 2485.059    442.762 / 2485.059    442.762 / 2485.059    ms
[530.285s][info][gc,stats    ]  Contention: Mark Segment Reset Contention                     0 / 0                 0 / 2                 0 / 2                 0 / 2           ops/s
[530.286s][info][gc,stats    ]  Contention: Mark SeqNum Reset Contention                      0 / 0                 0 / 1                 0 / 1                 0 / 1           ops/s
[530.286s][info][gc,stats    ]    Critical: Allocation Stall                                  0 / 0                 0 / 0                 0 / 0                 0 / 0           ops/s
[530.287s][info][gc,stats    ]    Critical: Allocation Stall                              0.000 / 0.000         0.000 / 0.000         0.000 / 0.000         0.000 / 0.000       ms
[530.287s][info][gc,stats    ]    Critical: GC Locker Stall                                   0 / 0                 0 / 1                 0 / 1                 0 / 1           ops/s
[530.287s][info][gc,stats    ]    Critical: GC Locker Stall                               0.000 / 0.000         0.002 / 0.002         0.002 / 0.002         0.002 / 0.002       ms
[530.288s][info][gc,stats    ]    Critical: Relocation Stall                                  0 / 0                 0 / 0                 0 / 0                 0 / 0           ops/s
[530.288s][info][gc,stats    ]    Critical: Relocation Stall                              0.000 / 0.000         0.000 / 0.000         0.000 / 0.000         0.000 / 0.000       ms
[530.289s][info][gc,stats    ]      Memory: Allocation Rate                                  74 / 504              68 / 552              68 / 552              68 / 552         MB/s
[530.289s][info][gc,stats    ]      Memory: Out Of Memory                                     0 / 0                 0 / 0                 0 / 0                 0 / 0           ops/s
[530.290s][info][gc,stats    ]      Memory: Page Cache Flush                                  0 / 0                 0 / 0                 0 / 0                 0 / 0           MB/s
[530.290s][info][gc,stats    ]      Memory: Page Cache Hit L1                                12 / 45               12 / 112              12 / 112              12 / 112         ops/s
[530.291s][info][gc,stats    ]      Memory: Page Cache Hit L2                                 0 / 0                 0 / 0                 0 / 0                 0 / 0           ops/s
[530.291s][info][gc,stats    ]      Memory: Page Cache Hit L3                                 0 / 0                 0 / 31                0 / 31                0 / 31          ops/s
[530.292s][info][gc,stats    ]      Memory: Page Cache Miss                                   0 / 0                 1 / 88                1 / 88                1 / 88          ops/s
[530.292s][info][gc,stats    ]      Memory: Uncommit                                          0 / 0                 3 / 872               3 / 872               3 / 872         MB/s
[530.293s][info][gc,stats    ]      Memory: Undo Object Allocation Failed                     0 / 0                 0 / 1                 0 / 1                 0 / 1           ops/s
[530.293s][info][gc,stats    ]      Memory: Undo Object Allocation Succeeded                  0 / 0                 0 / 2                 0 / 2                 0 / 2           ops/s
[530.293s][info][gc,stats    ]      Memory: Undo Page Allocation                              0 / 0                 0 / 25                0 / 25                0 / 25          ops/s
[530.294s][info][gc,stats    ]       Phase: Concurrent Mark                              90.949 / 90.949      343.196 / 2153.078    343.196 / 2153.078    343.196 / 2153.078    ms
[530.294s][info][gc,stats    ]       Phase: Concurrent Mark Continue                      0.000 / 0.000         0.000 / 0.000         0.000 / 0.000         0.000 / 0.000       ms
[530.295s][info][gc,stats    ]       Phase: Concurrent Mark Free                          0.002 / 0.002         0.002 / 0.011         0.002 / 0.011         0.002 / 0.011       ms
[530.295s][info][gc,stats    ]       Phase: Concurrent Process Non-Strong References      9.503 / 9.503        29.146 / 257.265      29.146 / 257.265      29.146 / 257.265     ms
[530.295s][info][gc,stats    ]       Phase: Concurrent Relocate                           2.108 / 2.108        32.129 / 511.550      32.129 / 511.550      32.129 / 511.550     ms
[530.296s][info][gc,stats    ]       Phase: Concurrent Reset Relocation Set               0.009 / 0.009         0.017 / 0.139         0.017 / 0.139         0.017 / 0.139       ms
[530.296s][info][gc,stats    ]       Phase: Concurrent Select Relocation Set              1.938 / 1.938        11.050 / 198.723      11.050 / 198.723      11.050 / 198.723     ms
[530.297s][info][gc,stats    ]       Phase: Pause Mark End                                0.017 / 0.017         0.057 / 1.316         0.057 / 1.316         0.057 / 1.316       ms
[530.297s][info][gc,stats    ]       Phase: Pause Mark Start                              0.008 / 0.008         0.216 / 6.286         0.216 / 6.286         0.216 / 6.286       ms
[530.298s][info][gc,stats    ]       Phase: Pause Relocate Start                          0.042 / 0.042         0.016 / 0.139         0.016 / 0.139         0.016 / 0.139       ms
[530.298s][info][gc,stats    ]    Subphase: Concurrent Classes Purge                      0.376 / 0.376         1.297 / 10.871        1.297 / 10.871        1.297 / 10.871      ms
[530.299s][info][gc,stats    ]    Subphase: Concurrent Classes Unlink                     7.464 / 7.464        21.376 / 206.267      21.376 / 206.267      21.376 / 206.267     ms
[530.299s][info][gc,stats    ]    Subphase: Concurrent Mark                              88.950 / 89.223      329.962 / 2133.644    329.962 / 2133.644    329.962 / 2133.644    ms
[530.299s][info][gc,stats    ]    Subphase: Concurrent Mark Try Flush                     0.216 / 0.312         2.595 / 43.966        2.595 / 43.966        2.595 / 43.966      ms
[530.300s][info][gc,stats    ]    Subphase: Concurrent Mark Try Terminate                 0.463 / 1.242         2.235 / 24.031        2.235 / 24.031        2.235 / 24.031      ms
[530.300s][info][gc,stats    ]    Subphase: Concurrent References Enqueue                 0.006 / 0.006         0.089 / 2.610         0.089 / 2.610         0.089 / 2.610       ms
[530.301s][info][gc,stats    ]    Subphase: Concurrent References Process                 0.322 / 0.322         0.923 / 6.377         0.923 / 6.377         0.923 / 6.377       ms
[530.301s][info][gc,stats    ]    Subphase: Concurrent Roots ClassLoaderDataGraph         0.179 / 0.334         0.910 / 47.494        0.910 / 47.494        0.910 / 47.494      ms
[530.301s][info][gc,stats    ]    Subphase: Concurrent Roots CodeCache                    0.000 / 0.000         0.000 / 0.000         0.000 / 0.000         0.000 / 0.000       ms
[530.302s][info][gc,stats    ]    Subphase: Concurrent Roots JavaThreads                  1.095 / 1.255         6.552 / 61.015        6.552 / 61.015        6.552 / 61.015      ms
[530.303s][info][gc,stats    ]    Subphase: Concurrent Roots OopStorageSet                0.056 / 0.056         1.327 / 72.582        1.327 / 72.582        1.327 / 72.582      ms
[530.303s][info][gc,stats    ]    Subphase: Concurrent Weak Roots OopStorageSet           0.887 / 0.901         1.889 / 14.084        1.889 / 14.084        1.889 / 14.084      ms
[530.303s][info][gc,stats    ]    Subphase: Pause Mark Try Complete                       0.000 / 0.000         0.000 / 0.000         0.000 / 0.000         0.000 / 0.000       ms
[530.304s][info][gc,stats    ]      System: Java Threads                                     74 / 74               75 / 89               75 / 89               75 / 89          threads
[530.304s][info][gc,stats    ] =========================================================================================================================================================
[535.584s][info][gc,start    ] GC(46) Garbage Collection (Proactive)
[535.585s][info][gc,task     ] GC(46) Using 2 workers
[535.586s][info][gc,phases   ] GC(46) Pause Mark Start 0.009ms
[535.669s][info][gc,phases   ] GC(46) Concurrent Mark 83.094ms
[535.671s][info][gc,phases   ] GC(46) Pause Mark End 0.016ms
[535.672s][info][gc,phases   ] GC(46) Concurrent Mark Free 0.001ms
[535.680s][info][gc,phases   ] GC(46) Concurrent Process Non-Strong References 8.159ms
[535.681s][info][gc,phases   ] GC(46) Concurrent Reset Relocation Set 0.007ms
[535.684s][info][gc,phases   ] GC(46) Concurrent Select Relocation Set 1.658ms
[535.684s][info][gc,phases   ] GC(46) Pause Relocate Start 0.007ms
[535.687s][info][gc,phases   ] GC(46) Concurrent Relocate 1.997ms
[535.688s][info][gc,load     ] GC(46) Load: 0.76/2.45/3.29
[535.689s][info][gc,mmu      ] GC(46) MMU: 2ms/0.0%, 5ms/0.0%, 10ms/37.1%, 20ms/68.6%, 50ms/87.4%, 100ms/93.7%
[535.689s][info][gc,marking  ] GC(46) Mark: 2 stripe(s), 2 proactive flush(es), 1 terminate flush(es), 0 completion(s), 0 continuation(s) 
[535.690s][info][gc,marking  ] GC(46) Mark Stack Usage: 32M
[535.690s][info][gc,nmethod  ] GC(46) NMethods: 6866 registered, 928 unregistered
[535.691s][info][gc,metaspace] GC(46) Metaspace: 52M used, 53M committed, 1072M reserved
[535.691s][info][gc,ref      ] GC(46) Soft: 5021 encountered, 0 discovered, 0 enqueued
[535.692s][info][gc,ref      ] GC(46) Weak: 3176 encountered, 1187 discovered, 0 enqueued
[535.692s][info][gc,ref      ] GC(46) Final: 85 encountered, 16 discovered, 2 enqueued
[535.693s][info][gc,ref      ] GC(46) Phantom: 481 encountered, 235 discovered, 0 enqueued
[535.694s][info][gc,reloc    ] GC(46) Small Pages: 142 / 284M, Empty: 58M, Relocated: 3M, In-Place: 0
[535.694s][info][gc,reloc    ] GC(46) Medium Pages: 1 / 32M, Empty: 0M, Relocated: 0M, In-Place: 0
[535.695s][info][gc,reloc    ] GC(46) Large Pages: 51 / 634M, Empty: 600M, Relocated: 0M, In-Place: 0
[535.695s][info][gc,reloc    ] GC(46) Forwarding Usage: 1M
[535.696s][info][gc,heap     ] GC(46) Min Capacity: 256M(6%)
[535.696s][info][gc,heap     ] GC(46) Max Capacity: 4096M(100%)
[535.697s][info][gc,heap     ] GC(46) Soft Max Capacity: 4096M(100%)
[535.697s][info][gc,heap     ] GC(46)                Mark Start          Mark End        Relocate Start      Relocate End           High               Low         
[535.698s][info][gc,heap     ] GC(46)  Capacity:     1190M (29%)        1190M (29%)        1190M (29%)        1190M (29%)        1190M (29%)        1190M (29%)    
[535.698s][info][gc,heap     ] GC(46)      Free:     3146M (77%)        3130M (76%)        3788M (92%)        3908M (95%)        3908M (95%)        3130M (76%)    
[535.699s][info][gc,heap     ] GC(46)      Used:      950M (23%)         966M (24%)         308M (8%)          188M (5%)          966M (24%)         188M (5%)     
[535.699s][info][gc,heap     ] GC(46)      Live:         -               128M (3%)          128M (3%)          128M (3%)             -                  -          
[535.700s][info][gc,heap     ] GC(46) Allocated:         -                16M (0%)           16M (0%)           16M (0%)             -                  -          
[535.701s][info][gc,heap     ] GC(46)   Garbage:         -               821M (20%)         163M (4%)           43M (1%)             -                  -          
[535.702s][info][gc,heap     ] GC(46) Reclaimed:         -                  -               658M (16%)         778M (19%)            -                  -          
[535.702s][info][gc          ] GC(46) Garbage Collection (Proactive) 950M(23%)->188M(5%)
[540.283s][info][gc,stats    ] === Garbage Collection Statistics =======================================================================================================================
[540.284s][info][gc,stats    ]                                                              Last 10s              Last 10m              Last 10h                Total
[540.286s][info][gc,stats    ]                                                              Avg / Max             Avg / Max             Avg / Max             Avg / Max
[540.286s][info][gc,stats    ]   Collector: Garbage Collection Cycle                    104.093 / 104.093     435.556 / 2485.059    435.556 / 2485.059    435.556 / 2485.059    ms
[540.287s][info][gc,stats    ]  Contention: Mark Segment Reset Contention                     0 / 0                 0 / 2                 0 / 2                 0 / 2           ops/s
[540.288s][info][gc,stats    ]  Contention: Mark SeqNum Reset Contention                      0 / 0                 0 / 1                 0 / 1                 0 / 1           ops/s
[540.288s][info][gc,stats    ]    Critical: Allocation Stall                                  0 / 0                 0 / 0                 0 / 0                 0 / 0           ops/s
[540.289s][info][gc,stats    ]    Critical: Allocation Stall                              0.000 / 0.000         0.000 / 0.000         0.000 / 0.000         0.000 / 0.000       ms
[540.289s][info][gc,stats    ]    Critical: GC Locker Stall                                   0 / 0                 0 / 1                 0 / 1                 0 / 1           ops/s
[540.290s][info][gc,stats    ]    Critical: GC Locker Stall                               0.000 / 0.000         0.002 / 0.002         0.002 / 0.002         0.002 / 0.002       ms
[540.291s][info][gc,stats    ]    Critical: Relocation Stall                                  0 / 0                 0 / 0                 0 / 0                 0 / 0           ops/s
[540.291s][info][gc,stats    ]    Critical: Relocation Stall                              0.000 / 0.000         0.000 / 0.000         0.000 / 0.000         0.000 / 0.000       ms
[540.292s][info][gc,stats    ]      Memory: Allocation Rate                                  74 / 508              68 / 552              68 / 552              68 / 552         MB/s
[540.292s][info][gc,stats    ]      Memory: Out Of Memory                                     0 / 0                 0 / 0                 0 / 0                 0 / 0           ops/s
[540.293s][info][gc,stats    ]      Memory: Page Cache Flush                                  0 / 0                 0 / 0                 0 / 0                 0 / 0           MB/s
[540.293s][info][gc,stats    ]      Memory: Page Cache Hit L1                                12 / 47               12 / 112              12 / 112              12 / 112         ops/s
[540.294s][info][gc,stats    ]      Memory: Page Cache Hit L2                                 0 / 0                 0 / 0                 0 / 0                 0 / 0           ops/s
[540.295s][info][gc,stats    ]      Memory: Page Cache Hit L3                                 0 / 0                 0 / 31                0 / 31                0 / 31          ops/s
[540.295s][info][gc,stats    ]      Memory: Page Cache Miss                                   0 / 0                 1 / 88                1 / 88                1 / 88          ops/s
[540.296s][info][gc,stats    ]      Memory: Uncommit                                          0 / 0                 3 / 872               3 / 872               3 / 872         MB/s
[540.297s][info][gc,stats    ]      Memory: Undo Object Allocation Failed                     0 / 0                 0 / 1                 0 / 1                 0 / 1           ops/s
[540.297s][info][gc,stats    ]      Memory: Undo Object Allocation Succeeded                  0 / 0                 0 / 2                 0 / 2                 0 / 2           ops/s
[540.298s][info][gc,stats    ]      Memory: Undo Page Allocation                              0 / 0                 0 / 25                0 / 25                0 / 25          ops/s
[540.298s][info][gc,stats    ]       Phase: Concurrent Mark                              83.094 / 83.094      337.662 / 2153.078    337.662 / 2153.078    337.662 / 2153.078    ms
[540.299s][info][gc,stats    ]       Phase: Concurrent Mark Continue                      0.000 / 0.000         0.000 / 0.000         0.000 / 0.000         0.000 / 0.000       ms
[540.299s][info][gc,stats    ]       Phase: Concurrent Mark Free                          0.001 / 0.001         0.002 / 0.011         0.002 / 0.011         0.002 / 0.011       ms
[540.300s][info][gc,stats    ]       Phase: Concurrent Process Non-Strong References      8.159 / 8.159        28.700 / 257.265      28.700 / 257.265      28.700 / 257.265     ms
[540.300s][info][gc,stats    ]       Phase: Concurrent Relocate                           1.997 / 1.997        31.488 / 511.550      31.488 / 511.550      31.488 / 511.550     ms
[540.300s][info][gc,stats    ]       Phase: Concurrent Reset Relocation Set               0.007 / 0.007         0.017 / 0.139         0.017 / 0.139         0.017 / 0.139       ms
[540.301s][info][gc,stats    ]       Phase: Concurrent Select Relocation Set              1.658 / 1.658        10.850 / 198.723      10.850 / 198.723      10.850 / 198.723     ms
[540.302s][info][gc,stats    ]       Phase: Pause Mark End                                0.016 / 0.016         0.056 / 1.316         0.056 / 1.316         0.056 / 1.316       ms
[540.303s][info][gc,stats    ]       Phase: Pause Mark Start                              0.009 / 0.009         0.211 / 6.286         0.211 / 6.286         0.211 / 6.286       ms
[540.303s][info][gc,stats    ]       Phase: Pause Relocate Start                          0.007 / 0.007         0.016 / 0.139         0.016 / 0.139         0.016 / 0.139       ms
[540.304s][info][gc,stats    ]    Subphase: Concurrent Classes Purge                      0.321 / 0.321         1.277 / 10.871        1.277 / 10.871        1.277 / 10.871      ms
[540.304s][info][gc,stats    ]    Subphase: Concurrent Classes Unlink                     6.486 / 6.486        21.060 / 206.267      21.060 / 206.267      21.060 / 206.267     ms
[540.305s][info][gc,stats    ]    Subphase: Concurrent Mark                              79.650 / 80.440      324.637 / 2133.644    324.637 / 2133.644    324.637 / 2133.644    ms
[540.305s][info][gc,stats    ]    Subphase: Concurrent Mark Try Flush                     0.211 / 0.294         2.551 / 43.966        2.551 / 43.966        2.551 / 43.966      ms
[540.306s][info][gc,stats    ]    Subphase: Concurrent Mark Try Terminate                 0.523 / 1.400         2.225 / 24.031        2.225 / 24.031        2.225 / 24.031      ms
[540.306s][info][gc,stats    ]    Subphase: Concurrent References Enqueue                 0.005 / 0.005         0.088 / 2.610         0.088 / 2.610         0.088 / 2.610       ms
[540.307s][info][gc,stats    ]    Subphase: Concurrent References Process                 0.309 / 0.309         0.910 / 6.377         0.910 / 6.377         0.910 / 6.377       ms
[540.307s][info][gc,stats    ]    Subphase: Concurrent Roots ClassLoaderDataGraph         0.142 / 0.261         0.893 / 47.494        0.893 / 47.494        0.893 / 47.494      ms
[540.309s][info][gc,stats    ]    Subphase: Concurrent Roots CodeCache                    0.000 / 0.000         0.000 / 0.000         0.000 / 0.000         0.000 / 0.000       ms
[540.309s][info][gc,stats    ]    Subphase: Concurrent Roots JavaThreads                  1.064 / 1.189         6.435 / 61.015        6.435 / 61.015        6.435 / 61.015      ms
[540.311s][info][gc,stats    ]    Subphase: Concurrent Roots OopStorageSet                0.036 / 0.042         1.295 / 72.582        1.295 / 72.582        1.295 / 72.582      ms
[540.311s][info][gc,stats    ]    Subphase: Concurrent Weak Roots OopStorageSet           0.644 / 0.666         1.861 / 14.084        1.861 / 14.084        1.861 / 14.084      ms
[540.312s][info][gc,stats    ]    Subphase: Pause Mark Try Complete                       0.000 / 0.000         0.000 / 0.000         0.000 / 0.000         0.000 / 0.000       ms
[540.313s][info][gc,stats    ]      System: Java Threads                                     74 / 74               75 / 89               75 / 89               75 / 89          threads
[540.313s][info][gc,stats    ] =========================================================================================================================================================
[546.583s][info][gc,start    ] GC(47) Garbage Collection (Proactive)
[546.584s][info][gc,task     ] GC(47) Using 2 workers
[546.585s][info][gc,phases   ] GC(47) Pause Mark Start 0.007ms
[546.676s][info][gc,phases   ] GC(47) Concurrent Mark 90.498ms
[546.677s][info][gc,phases   ] GC(47) Pause Mark End 0.012ms
[546.678s][info][gc,phases   ] GC(47) Concurrent Mark Free 0.001ms
[546.687s][info][gc,phases   ] GC(47) Concurrent Process Non-Strong References 8.426ms
[546.688s][info][gc,phases   ] GC(47) Concurrent Reset Relocation Set 0.017ms
[546.690s][info][gc,phases   ] GC(47) Concurrent Select Relocation Set 1.779ms
[546.691s][info][gc,phases   ] GC(47) Pause Relocate Start 0.008ms
[546.693s][info][gc,phases   ] GC(47) Concurrent Relocate 1.776ms
[546.694s][info][gc,load     ] GC(47) Load: 0.59/2.33/3.23
[546.694s][info][gc,mmu      ] GC(47) MMU: 2ms/0.0%, 5ms/0.0%, 10ms/37.1%, 20ms/68.6%, 50ms/87.4%, 100ms/93.7%
[546.695s][info][gc,marking  ] GC(47) Mark: 2 stripe(s), 2 proactive flush(es), 1 terminate flush(es), 0 completion(s), 0 continuation(s) 
[546.695s][info][gc,marking  ] GC(47) Mark Stack Usage: 32M
[546.696s][info][gc,nmethod  ] GC(47) NMethods: 6882 registered, 928 unregistered
[546.697s][info][gc,metaspace] GC(47) Metaspace: 52M used, 53M committed, 1072M reserved
[546.697s][info][gc,ref      ] GC(47) Soft: 5021 encountered, 0 discovered, 0 enqueued
[546.698s][info][gc,ref      ] GC(47) Weak: 3176 encountered, 1085 discovered, 0 enqueued
[546.699s][info][gc,ref      ] GC(47) Final: 85 encountered, 29 discovered, 2 enqueued
[546.699s][info][gc,ref      ] GC(47) Phantom: 481 encountered, 384 discovered, 0 enqueued
[546.699s][info][gc,reloc    ] GC(47) Small Pages: 134 / 268M, Empty: 46M, Relocated: 2M, In-Place: 0
[546.700s][info][gc,reloc    ] GC(47) Medium Pages: 1 / 32M, Empty: 0M, Relocated: 0M, In-Place: 0
[546.701s][info][gc,reloc    ] GC(47) Large Pages: 51 / 634M, Empty: 600M, Relocated: 0M, In-Place: 0
[546.701s][info][gc,reloc    ] GC(47) Forwarding Usage: 0M
[546.702s][info][gc,heap     ] GC(47) Min Capacity: 256M(6%)
[546.702s][info][gc,heap     ] GC(47) Max Capacity: 4096M(100%)
[546.702s][info][gc,heap     ] GC(47) Soft Max Capacity: 4096M(100%)
[546.703s][info][gc,heap     ] GC(47)                Mark Start          Mark End        Relocate Start      Relocate End           High               Low         
[546.703s][info][gc,heap     ] GC(47)  Capacity:     1190M (29%)        1190M (29%)        1190M (29%)        1190M (29%)        1190M (29%)        1190M (29%)    
[546.704s][info][gc,heap     ] GC(47)      Free:     3162M (77%)        3132M (76%)        3778M (92%)        3896M (95%)        3896M (95%)        3132M (76%)    
[546.704s][info][gc,heap     ] GC(47)      Used:      934M (23%)         964M (24%)         318M (8%)          200M (5%)          964M (24%)         200M (5%)     
[546.705s][info][gc,heap     ] GC(47)      Live:         -               128M (3%)          128M (3%)          128M (3%)             -                  -          
[546.706s][info][gc,heap     ] GC(47) Allocated:         -                30M (1%)           30M (1%)           30M (1%)             -                  -          
[546.706s][info][gc,heap     ] GC(47)   Garbage:         -               805M (20%)         159M (4%)           41M (1%)             -                  -          
[546.707s][info][gc,heap     ] GC(47) Reclaimed:         -                  -               646M (16%)         764M (19%)            -                  -          
[546.707s][info][gc          ] GC(47) Garbage Collection (Proactive) 934M(23%)->200M(5%)
[550.283s][info][gc,stats    ] === Garbage Collection Statistics =======================================================================================================================
[550.284s][info][gc,stats    ]                                                              Last 10s              Last 10m              Last 10h                Total
[550.284s][info][gc,stats    ]                                                              Avg / Max             Avg / Max             Avg / Max             Avg / Max
[550.285s][info][gc,stats    ]   Collector: Garbage Collection Cycle                    110.859 / 110.859     428.791 / 2485.059    428.791 / 2485.059    428.791 / 2485.059    ms
[550.286s][info][gc,stats    ]  Contention: Mark Segment Reset Contention                     0 / 1                 0 / 2                 0 / 2                 0 / 2           ops/s
[550.286s][info][gc,stats    ]  Contention: Mark SeqNum Reset Contention                      0 / 0                 0 / 1                 0 / 1                 0 / 1           ops/s
[550.287s][info][gc,stats    ]    Critical: Allocation Stall                                  0 / 0                 0 / 0                 0 / 0                 0 / 0           ops/s
[550.287s][info][gc,stats    ]    Critical: Allocation Stall                              0.000 / 0.000         0.000 / 0.000         0.000 / 0.000         0.000 / 0.000       ms
[550.288s][info][gc,stats    ]    Critical: GC Locker Stall                                   0 / 0                 0 / 1                 0 / 1                 0 / 1           ops/s
[550.289s][info][gc,stats    ]    Critical: GC Locker Stall                               0.000 / 0.000         0.002 / 0.002         0.002 / 0.002         0.002 / 0.002       ms
[550.289s][info][gc,stats    ]    Critical: Relocation Stall                                  0 / 0                 0 / 0                 0 / 0                 0 / 0           ops/s
[550.290s][info][gc,stats    ]    Critical: Relocation Stall                              0.000 / 0.000         0.000 / 0.000         0.000 / 0.000         0.000 / 0.000       ms
[550.290s][info][gc,stats    ]      Memory: Allocation Rate                                  75 / 518              68 / 552              68 / 552              68 / 552         MB/s
[550.291s][info][gc,stats    ]      Memory: Out Of Memory                                     0 / 0                 0 / 0                 0 / 0                 0 / 0           ops/s
[550.291s][info][gc,stats    ]      Memory: Page Cache Flush                                  0 / 0                 0 / 0                 0 / 0                 0 / 0           MB/s
[550.292s][info][gc,stats    ]      Memory: Page Cache Hit L1                                13 / 51               12 / 112              12 / 112              12 / 112         ops/s
[550.293s][info][gc,stats    ]      Memory: Page Cache Hit L2                                 0 / 0                 0 / 0                 0 / 0                 0 / 0           ops/s
[550.293s][info][gc,stats    ]      Memory: Page Cache Hit L3                                 0 / 0                 0 / 31                0 / 31                0 / 31          ops/s
[550.294s][info][gc,stats    ]      Memory: Page Cache Miss                                   0 / 0                 1 / 88                1 / 88                1 / 88          ops/s
[550.294s][info][gc,stats    ]      Memory: Uncommit                                          0 / 0                 3 / 872               3 / 872               3 / 872         MB/s
[550.295s][info][gc,stats    ]      Memory: Undo Object Allocation Failed                     0 / 0                 0 / 1                 0 / 1                 0 / 1           ops/s
[550.296s][info][gc,stats    ]      Memory: Undo Object Allocation Succeeded                  0 / 0                 0 / 2                 0 / 2                 0 / 2           ops/s
[550.296s][info][gc,stats    ]      Memory: Undo Page Allocation                              0 / 0                 0 / 25                0 / 25                0 / 25          ops/s
[550.297s][info][gc,stats    ]       Phase: Concurrent Mark                              90.498 / 90.498      332.513 / 2153.078    332.513 / 2153.078    332.513 / 2153.078    ms
[550.297s][info][gc,stats    ]       Phase: Concurrent Mark Continue                      0.000 / 0.000         0.000 / 0.000         0.000 / 0.000         0.000 / 0.000       ms
[550.298s][info][gc,stats    ]       Phase: Concurrent Mark Free                          0.001 / 0.001         0.002 / 0.011         0.002 / 0.011         0.002 / 0.011       ms
[550.298s][info][gc,stats    ]       Phase: Concurrent Process Non-Strong References      8.426 / 8.426        28.277 / 257.265      28.277 / 257.265      28.277 / 257.265     ms
[550.299s][info][gc,stats    ]       Phase: Concurrent Relocate                           1.776 / 1.776        30.869 / 511.550      30.869 / 511.550      30.869 / 511.550     ms
[550.300s][info][gc,stats    ]       Phase: Concurrent Reset Relocation Set               0.017 / 0.017         0.017 / 0.139         0.017 / 0.139         0.017 / 0.139       ms
[550.300s][info][gc,stats    ]       Phase: Concurrent Select Relocation Set              1.779 / 1.779        10.661 / 198.723      10.661 / 198.723      10.661 / 198.723     ms
[550.301s][info][gc,stats    ]       Phase: Pause Mark End                                0.012 / 0.012         0.055 / 1.316         0.055 / 1.316         0.055 / 1.316       ms
[550.301s][info][gc,stats    ]       Phase: Pause Mark Start                              0.007 / 0.007         0.207 / 6.286         0.207 / 6.286         0.207 / 6.286       ms
[550.302s][info][gc,stats    ]       Phase: Pause Relocate Start                          0.008 / 0.008         0.016 / 0.139         0.016 / 0.139         0.016 / 0.139       ms
[550.302s][info][gc,stats    ]    Subphase: Concurrent Classes Purge                      0.359 / 0.359         1.258 / 10.871        1.258 / 10.871        1.258 / 10.871      ms
[550.303s][info][gc,stats    ]    Subphase: Concurrent Classes Unlink                     6.798 / 6.798        20.763 / 206.267      20.763 / 206.267      20.763 / 206.267     ms
[550.303s][info][gc,stats    ]    Subphase: Concurrent Mark                              88.377 / 88.794      319.715 / 2133.644    319.715 / 2133.644    319.715 / 2133.644    ms
[550.304s][info][gc,stats    ]    Subphase: Concurrent Mark Try Flush                     0.208 / 0.302         2.508 / 43.966        2.508 / 43.966        2.508 / 43.966      ms
[550.304s][info][gc,stats    ]    Subphase: Concurrent Mark Try Terminate                 0.462 / 1.216         2.214 / 24.031        2.214 / 24.031        2.214 / 24.031      ms
[550.305s][info][gc,stats    ]    Subphase: Concurrent References Enqueue                 0.005 / 0.005         0.086 / 2.610         0.086 / 2.610         0.086 / 2.610       ms
[550.305s][info][gc,stats    ]    Subphase: Concurrent References Process                 0.282 / 0.282         0.897 / 6.377         0.897 / 6.377         0.897 / 6.377       ms
[550.306s][info][gc,stats    ]    Subphase: Concurrent Roots ClassLoaderDataGraph         0.191 / 0.363         0.878 / 47.494        0.878 / 47.494        0.878 / 47.494      ms
[550.307s][info][gc,stats    ]    Subphase: Concurrent Roots CodeCache                    0.000 / 0.000         0.000 / 0.000         0.000 / 0.000         0.000 / 0.000       ms
[550.307s][info][gc,stats    ]    Subphase: Concurrent Roots JavaThreads                  0.927 / 1.070         6.321 / 61.015        6.321 / 61.015        6.321 / 61.015      ms
[550.308s][info][gc,stats    ]    Subphase: Concurrent Roots OopStorageSet                0.029 / 0.050         1.264 / 72.582        1.264 / 72.582        1.264 / 72.582      ms
[550.309s][info][gc,stats    ]    Subphase: Concurrent Weak Roots OopStorageSet           0.748 / 0.761         1.837 / 14.084        1.837 / 14.084        1.837 / 14.084      ms
[550.309s][info][gc,stats    ]    Subphase: Pause Mark Try Complete                       0.000 / 0.000         0.000 / 0.000         0.000 / 0.000         0.000 / 0.000       ms
[550.310s][info][gc,stats    ]      System: Java Threads                                     74 / 74               75 / 89               75 / 89               75 / 89          threads
[550.310s][info][gc,stats    ] =========================================================================================================================================================
[557.583s][info][gc,start    ] GC(48) Garbage Collection (Proactive)
[557.584s][info][gc,task     ] GC(48) Using 2 workers
[557.585s][info][gc,phases   ] GC(48) Pause Mark Start 0.008ms
[557.679s][info][gc,phases   ] GC(48) Concurrent Mark 93.785ms
[557.680s][info][gc,phases   ] GC(48) Pause Mark End 0.012ms
[557.681s][info][gc,phases   ] GC(48) Concurrent Mark Free 0.001ms
[557.692s][info][gc,phases   ] GC(48) Concurrent Process Non-Strong References 10.307ms
[557.693s][info][gc,phases   ] GC(48) Concurrent Reset Relocation Set 0.010ms
[557.696s][info][gc,phases   ] GC(48) Concurrent Select Relocation Set 1.859ms
[557.697s][info][gc,phases   ] GC(48) Pause Relocate Start 0.009ms
[557.700s][info][gc,phases   ] GC(48) Concurrent Relocate 2.321ms
[557.700s][info][gc,load     ] GC(48) Load: 0.80/2.32/3.22
[557.701s][info][gc,mmu      ] GC(48) MMU: 2ms/0.0%, 5ms/0.0%, 10ms/37.1%, 20ms/68.6%, 50ms/87.4%, 100ms/93.7%
[557.702s][info][gc,marking  ] GC(48) Mark: 2 stripe(s), 2 proactive flush(es), 1 terminate flush(es), 0 completion(s), 0 continuation(s) 
[557.702s][info][gc,marking  ] GC(48) Mark Stack Usage: 32M
[557.703s][info][gc,nmethod  ] GC(48) NMethods: 6887 registered, 928 unregistered
[557.704s][info][gc,metaspace] GC(48) Metaspace: 52M used, 53M committed, 1072M reserved
[557.704s][info][gc,ref      ] GC(48) Soft: 5021 encountered, 0 discovered, 0 enqueued
[557.705s][info][gc,ref      ] GC(48) Weak: 3176 encountered, 925 discovered, 0 enqueued
[557.706s][info][gc,ref      ] GC(48) Final: 86 encountered, 17 discovered, 3 enqueued
[557.706s][info][gc,ref      ] GC(48) Phantom: 481 encountered, 385 discovered, 0 enqueued
[557.707s][info][gc,reloc    ] GC(48) Small Pages: 141 / 282M, Empty: 64M, Relocated: 3M, In-Place: 0
[557.708s][info][gc,reloc    ] GC(48) Medium Pages: 1 / 32M, Empty: 0M, Relocated: 0M, In-Place: 0
[557.708s][info][gc,reloc    ] GC(48) Large Pages: 51 / 634M, Empty: 600M, Relocated: 0M, In-Place: 0
[557.709s][info][gc,reloc    ] GC(48) Forwarding Usage: 0M
[557.709s][info][gc,heap     ] GC(48) Min Capacity: 256M(6%)
[557.710s][info][gc,heap     ] GC(48) Max Capacity: 4096M(100%)
[557.710s][info][gc,heap     ] GC(48) Soft Max Capacity: 4096M(100%)
[557.711s][info][gc,heap     ] GC(48)                Mark Start          Mark End        Relocate Start      Relocate End           High               Low         
[557.712s][info][gc,heap     ] GC(48)  Capacity:     1190M (29%)        1190M (29%)        1190M (29%)        1190M (29%)        1190M (29%)        1190M (29%)    
[557.712s][info][gc,heap     ] GC(48)      Free:     3148M (77%)        3134M (77%)        3798M (93%)        3910M (95%)        3910M (95%)        3134M (77%)    
[557.713s][info][gc,heap     ] GC(48)      Used:      948M (23%)         962M (23%)         298M (7%)          186M (5%)          962M (23%)         186M (5%)     
[557.714s][info][gc,heap     ] GC(48)      Live:         -               128M (3%)          128M (3%)          128M (3%)             -                  -          
[557.715s][info][gc,heap     ] GC(48) Allocated:         -                14M (0%)           14M (0%)           13M (0%)             -                  -          
[557.716s][info][gc,heap     ] GC(48)   Garbage:         -               819M (20%)         155M (4%)           43M (1%)             -                  -          
[557.717s][info][gc,heap     ] GC(48) Reclaimed:         -                  -               664M (16%)         775M (19%)            -                  -          
[557.718s][info][gc          ] GC(48) Garbage Collection (Proactive) 948M(23%)->186M(5%)
[560.282s][info][gc,stats    ] === Garbage Collection Statistics =======================================================================================================================
[560.283s][info][gc,stats    ]                                                              Last 10s              Last 10m              Last 10h                Total
[560.284s][info][gc,stats    ]                                                              Avg / Max             Avg / Max             Avg / Max             Avg / Max
[560.285s][info][gc,stats    ]   Collector: Garbage Collection Cycle                    117.427 / 117.427     422.437 / 2485.059    422.437 / 2485.059    422.437 / 2485.059    ms
[560.285s][info][gc,stats    ]  Contention: Mark Segment Reset Contention                     0 / 0                 0 / 2                 0 / 2                 0 / 2           ops/s
[560.286s][info][gc,stats    ]  Contention: Mark SeqNum Reset Contention                      0 / 0                 0 / 1                 0 / 1                 0 / 1           ops/s
[560.286s][info][gc,stats    ]    Critical: Allocation Stall                                  0 / 0                 0 / 0                 0 / 0                 0 / 0           ops/s
[560.287s][info][gc,stats    ]    Critical: Allocation Stall                              0.000 / 0.000         0.000 / 0.000         0.000 / 0.000         0.000 / 0.000       ms
[560.287s][info][gc,stats    ]    Critical: GC Locker Stall                                   0 / 0                 0 / 1                 0 / 1                 0 / 1           ops/s
[560.288s][info][gc,stats    ]    Critical: GC Locker Stall                               0.000 / 0.000         0.002 / 0.002         0.002 / 0.002         0.002 / 0.002       ms
[560.289s][info][gc,stats    ]    Critical: Relocation Stall                                  0 / 0                 0 / 0                 0 / 0                 0 / 0           ops/s
[560.289s][info][gc,stats    ]    Critical: Relocation Stall                              0.000 / 0.000         0.000 / 0.000         0.000 / 0.000         0.000 / 0.000       ms
[560.290s][info][gc,stats    ]      Memory: Allocation Rate                                  74 / 506              68 / 552              68 / 552              68 / 552         MB/s
[560.290s][info][gc,stats    ]      Memory: Out Of Memory                                     0 / 0                 0 / 0                 0 / 0                 0 / 0           ops/s
[560.291s][info][gc,stats    ]      Memory: Page Cache Flush                                  0 / 0                 0 / 0                 0 / 0                 0 / 0           MB/s
[560.291s][info][gc,stats    ]      Memory: Page Cache Hit L1                                12 / 46               12 / 112              12 / 112              12 / 112         ops/s
[560.292s][info][gc,stats    ]      Memory: Page Cache Hit L2                                 0 / 0                 0 / 0                 0 / 0                 0 / 0           ops/s
[560.292s][info][gc,stats    ]      Memory: Page Cache Hit L3                                 0 / 0                 0 / 31                0 / 31                0 / 31          ops/s
[560.293s][info][gc,stats    ]      Memory: Page Cache Miss                                   0 / 0                 1 / 88                1 / 88                1 / 88          ops/s
[560.293s][info][gc,stats    ]      Memory: Uncommit                                          0 / 0                 3 / 872               3 / 872               3 / 872         MB/s
[560.294s][info][gc,stats    ]      Memory: Undo Object Allocation Failed                     0 / 0                 0 / 1                 0 / 1                 0 / 1           ops/s
[560.295s][info][gc,stats    ]      Memory: Undo Object Allocation Succeeded                  0 / 0                 0 / 2                 0 / 2                 0 / 2           ops/s
[560.296s][info][gc,stats    ]      Memory: Undo Page Allocation                              0 / 0                 0 / 25                0 / 25                0 / 25          ops/s
[560.296s][info][gc,stats    ]       Phase: Concurrent Mark                              93.785 / 93.785      327.641 / 2153.078    327.641 / 2153.078    327.641 / 2153.078    ms
[560.297s][info][gc,stats    ]       Phase: Concurrent Mark Continue                      0.000 / 0.000         0.000 / 0.000         0.000 / 0.000         0.000 / 0.000       ms
[560.297s][info][gc,stats    ]       Phase: Concurrent Mark Free                          0.001 / 0.001         0.002 / 0.011         0.002 / 0.011         0.002 / 0.011       ms
[560.298s][info][gc,stats    ]       Phase: Concurrent Process Non-Strong References     10.307 / 10.307       27.910 / 257.265      27.910 / 257.265      27.910 / 257.265     ms
[560.298s][info][gc,stats    ]       Phase: Concurrent Relocate                           2.321 / 2.321        30.286 / 511.550      30.286 / 511.550      30.286 / 511.550     ms
[560.299s][info][gc,stats    ]       Phase: Concurrent Reset Relocation Set               0.010 / 0.010         0.017 / 0.139         0.017 / 0.139         0.017 / 0.139       ms
[560.299s][info][gc,stats    ]       Phase: Concurrent Select Relocation Set              1.859 / 1.859        10.481 / 198.723      10.481 / 198.723      10.481 / 198.723     ms
[560.300s][info][gc,stats    ]       Phase: Pause Mark End                                0.012 / 0.012         0.054 / 1.316         0.054 / 1.316         0.054 / 1.316       ms
[560.300s][info][gc,stats    ]       Phase: Pause Mark Start                              0.008 / 0.008         0.203 / 6.286         0.203 / 6.286         0.203 / 6.286       ms
[560.301s][info][gc,stats    ]       Phase: Pause Relocate Start                          0.009 / 0.009         0.016 / 0.139         0.016 / 0.139         0.016 / 0.139       ms
[560.301s][info][gc,stats    ]    Subphase: Concurrent Classes Purge                      0.488 / 0.488         1.242 / 10.871        1.242 / 10.871        1.242 / 10.871      ms
[560.302s][info][gc,stats    ]    Subphase: Concurrent Classes Unlink                     8.023 / 8.023        20.503 / 206.267      20.503 / 206.267      20.503 / 206.267     ms
[560.302s][info][gc,stats    ]    Subphase: Concurrent Mark                              91.363 / 91.576      315.054 / 2133.644    315.054 / 2133.644    315.054 / 2133.644    ms
[560.303s][info][gc,stats    ]    Subphase: Concurrent Mark Try Flush                     0.236 / 0.335         2.468 / 43.966        2.468 / 43.966        2.468 / 43.966      ms
[560.303s][info][gc,stats    ]    Subphase: Concurrent Mark Try Terminate                 0.900 / 1.369         2.197 / 24.031        2.197 / 24.031        2.197 / 24.031      ms
[560.304s][info][gc,stats    ]    Subphase: Concurrent References Enqueue                 0.007 / 0.007         0.084 / 2.610         0.084 / 2.610         0.084 / 2.610       ms
[560.304s][info][gc,stats    ]    Subphase: Concurrent References Process                 0.389 / 0.389         0.887 / 6.377         0.887 / 6.377         0.887 / 6.377       ms
[560.305s][info][gc,stats    ]    Subphase: Concurrent Roots ClassLoaderDataGraph         0.260 / 0.497         0.865 / 47.494        0.865 / 47.494        0.865 / 47.494      ms
[560.306s][info][gc,stats    ]    Subphase: Concurrent Roots CodeCache                    0.000 / 0.000         0.000 / 0.000         0.000 / 0.000         0.000 / 0.000       ms
[560.306s][info][gc,stats    ]    Subphase: Concurrent Roots JavaThreads                  1.105 / 1.173         6.214 / 61.015        6.214 / 61.015        6.214 / 61.015      ms
[560.307s][info][gc,stats    ]    Subphase: Concurrent Roots OopStorageSet                0.221 / 0.419         1.240 / 72.582        1.240 / 72.582        1.240 / 72.582      ms
[560.308s][info][gc,stats    ]    Subphase: Concurrent Weak Roots OopStorageSet           1.103 / 1.126         1.821 / 14.084        1.821 / 14.084        1.821 / 14.084      ms
[560.308s][info][gc,stats    ]    Subphase: Pause Mark Try Complete                       0.000 / 0.000         0.000 / 0.000         0.000 / 0.000         0.000 / 0.000       ms
[560.308s][info][gc,stats    ]      System: Java Threads                                     74 / 74               75 / 89               75 / 89               75 / 89          threads
[560.309s][info][gc,stats    ] =========================================================================================================================================================
[568.583s][info][gc,start    ] GC(49) Garbage Collection (Proactive)
[568.584s][info][gc,task     ] GC(49) Using 2 workers
[568.584s][info][gc,phases   ] GC(49) Pause Mark Start 0.007ms
[568.672s][info][gc,phases   ] GC(49) Concurrent Mark 86.979ms
[568.673s][info][gc,phases   ] GC(49) Pause Mark End 0.014ms
[568.674s][info][gc,phases   ] GC(49) Concurrent Mark Free 0.001ms
[568.682s][info][gc,phases   ] GC(49) Concurrent Process Non-Strong References 8.226ms
[568.683s][info][gc,phases   ] GC(49) Concurrent Reset Relocation Set 0.008ms
[568.685s][info][gc,phases   ] GC(49) Concurrent Select Relocation Set 1.719ms
[568.686s][info][gc,phases   ] GC(49) Pause Relocate Start 0.042ms
[568.689s][info][gc,phases   ] GC(49) Concurrent Relocate 1.664ms
[568.690s][info][gc,load     ] GC(49) Load: 0.67/2.24/3.19
[568.690s][info][gc,mmu      ] GC(49) MMU: 2ms/0.0%, 5ms/0.0%, 10ms/37.1%, 20ms/68.6%, 50ms/87.4%, 100ms/93.7%
[568.691s][info][gc,marking  ] GC(49) Mark: 2 stripe(s), 3 proactive flush(es), 1 terminate flush(es), 0 completion(s), 0 continuation(s) 
[568.691s][info][gc,marking  ] GC(49) Mark Stack Usage: 32M
[568.692s][info][gc,nmethod  ] GC(49) NMethods: 6888 registered, 928 unregistered
[568.693s][info][gc,metaspace] GC(49) Metaspace: 52M used, 53M committed, 1072M reserved
[568.693s][info][gc,ref      ] GC(49) Soft: 5021 encountered, 0 discovered, 0 enqueued
[568.694s][info][gc,ref      ] GC(49) Weak: 3176 encountered, 793 discovered, 0 enqueued
[568.694s][info][gc,ref      ] GC(49) Final: 85 encountered, 2 discovered, 2 enqueued
[568.695s][info][gc,ref      ] GC(49) Phantom: 481 encountered, 384 discovered, 0 enqueued
[568.696s][info][gc,reloc    ] GC(49) Small Pages: 142 / 284M, Empty: 60M, Relocated: 3M, In-Place: 0
[568.696s][info][gc,reloc    ] GC(49) Medium Pages: 1 / 32M, Empty: 0M, Relocated: 0M, In-Place: 0
[568.697s][info][gc,reloc    ] GC(49) Large Pages: 51 / 634M, Empty: 600M, Relocated: 0M, In-Place: 0
[568.697s][info][gc,reloc    ] GC(49) Forwarding Usage: 1M
[568.698s][info][gc,heap     ] GC(49) Min Capacity: 256M(6%)
[568.699s][info][gc,heap     ] GC(49) Max Capacity: 4096M(100%)
[568.699s][info][gc,heap     ] GC(49) Soft Max Capacity: 4096M(100%)
[568.700s][info][gc,heap     ] GC(49)                Mark Start          Mark End        Relocate Start      Relocate End           High               Low         
[568.700s][info][gc,heap     ] GC(49)  Capacity:     1190M (29%)        1190M (29%)        1190M (29%)        1190M (29%)        1190M (29%)        1190M (29%)    
[568.701s][info][gc,heap     ] GC(49)      Free:     3146M (77%)        3130M (76%)        3790M (93%)        3910M (95%)        3910M (95%)        3130M (76%)    
[568.701s][info][gc,heap     ] GC(49)      Used:      950M (23%)         966M (24%)         306M (7%)          186M (5%)          966M (24%)         186M (5%)     
[568.701s][info][gc,heap     ] GC(49)      Live:         -               128M (3%)          128M (3%)          128M (3%)             -                  -          
[568.702s][info][gc,heap     ] GC(49) Allocated:         -                16M (0%)           16M (0%)           15M (0%)             -                  -          
[568.703s][info][gc,heap     ] GC(49)   Garbage:         -               821M (20%)         161M (4%)           41M (1%)             -                  -          
[568.704s][info][gc,heap     ] GC(49) Reclaimed:         -                  -               660M (16%)         779M (19%)            -                  -          
[568.704s][info][gc          ] GC(49) Garbage Collection (Proactive) 950M(23%)->186M(5%)
[570.282s][info][gc,stats    ] === Garbage Collection Statistics =======================================================================================================================
[570.284s][info][gc,stats    ]                                                              Last 10s              Last 10m              Last 10h                Total
[570.285s][info][gc,stats    ]                                                              Avg / Max             Avg / Max             Avg / Max             Avg / Max
[570.285s][info][gc,stats    ]   Collector: Garbage Collection Cycle                    106.947 / 106.947     416.127 / 2485.059    416.127 / 2485.059    416.127 / 2485.059    ms
[570.286s][info][gc,stats    ]  Contention: Mark Segment Reset Contention                     0 / 0                 0 / 2                 0 / 2                 0 / 2           ops/s
[570.286s][info][gc,stats    ]  Contention: Mark SeqNum Reset Contention                      0 / 0                 0 / 1                 0 / 1                 0 / 1           ops/s
[570.287s][info][gc,stats    ]    Critical: Allocation Stall                                  0 / 0                 0 / 0                 0 / 0                 0 / 0           ops/s
[570.288s][info][gc,stats    ]    Critical: Allocation Stall                              0.000 / 0.000         0.000 / 0.000         0.000 / 0.000         0.000 / 0.000       ms
[570.288s][info][gc,stats    ]    Critical: GC Locker Stall                                   0 / 0                 0 / 1                 0 / 1                 0 / 1           ops/s
[570.289s][info][gc,stats    ]    Critical: GC Locker Stall                               0.000 / 0.000         0.002 / 0.002         0.002 / 0.002         0.002 / 0.002       ms
[570.289s][info][gc,stats    ]    Critical: Relocation Stall                                  0 / 0                 0 / 0                 0 / 0                 0 / 0           ops/s
[570.290s][info][gc,stats    ]    Critical: Relocation Stall                              0.000 / 0.000         0.000 / 0.000         0.000 / 0.000         0.000 / 0.000       ms
[570.290s][info][gc,stats    ]      Memory: Allocation Rate                                  73 / 504              68 / 552              68 / 552              68 / 552         MB/s
[570.291s][info][gc,stats    ]      Memory: Out Of Memory                                     0 / 0                 0 / 0                 0 / 0                 0 / 0           ops/s
[570.291s][info][gc,stats    ]      Memory: Page Cache Flush                                  0 / 0                 0 / 0                 0 / 0                 0 / 0           MB/s
[570.292s][info][gc,stats    ]      Memory: Page Cache Hit L1                                12 / 44               12 / 112              12 / 112              12 / 112         ops/s
[570.292s][info][gc,stats    ]      Memory: Page Cache Hit L2                                 0 / 0                 0 / 0                 0 / 0                 0 / 0           ops/s
[570.293s][info][gc,stats    ]      Memory: Page Cache Hit L3                                 0 / 0                 0 / 31                0 / 31                0 / 31          ops/s
[570.294s][info][gc,stats    ]      Memory: Page Cache Miss                                   0 / 0                 0 / 88                0 / 88                0 / 88          ops/s
[570.294s][info][gc,stats    ]      Memory: Uncommit                                          0 / 0                 3 / 872               3 / 872               3 / 872         MB/s
[570.295s][info][gc,stats    ]      Memory: Undo Object Allocation Failed                     0 / 0                 0 / 1                 0 / 1                 0 / 1           ops/s
[570.296s][info][gc,stats    ]      Memory: Undo Object Allocation Succeeded                  0 / 0                 0 / 2                 0 / 2                 0 / 2           ops/s
[570.296s][info][gc,stats    ]      Memory: Undo Page Allocation                              0 / 0                 0 / 25                0 / 25                0 / 25          ops/s
[570.297s][info][gc,stats    ]       Phase: Concurrent Mark                              86.979 / 86.979      322.828 / 2153.078    322.828 / 2153.078    322.828 / 2153.078    ms
[570.297s][info][gc,stats    ]       Phase: Concurrent Mark Continue                      0.000 / 0.000         0.000 / 0.000         0.000 / 0.000         0.000 / 0.000       ms
[570.298s][info][gc,stats    ]       Phase: Concurrent Mark Free                          0.001 / 0.001         0.002 / 0.011         0.002 / 0.011         0.002 / 0.011       ms
[570.298s][info][gc,stats    ]       Phase: Concurrent Process Non-Strong References      8.226 / 8.226        27.517 / 257.265      27.517 / 257.265      27.517 / 257.265     ms
[570.299s][info][gc,stats    ]       Phase: Concurrent Relocate                           1.664 / 1.664        29.713 / 511.550      29.713 / 511.550      29.713 / 511.550     ms
[570.299s][info][gc,stats    ]       Phase: Concurrent Reset Relocation Set               0.008 / 0.008         0.016 / 0.139         0.016 / 0.139         0.016 / 0.139       ms
[570.300s][info][gc,stats    ]       Phase: Concurrent Select Relocation Set              1.719 / 1.719        10.306 / 198.723      10.306 / 198.723      10.306 / 198.723     ms
[570.300s][info][gc,stats    ]       Phase: Pause Mark End                                0.014 / 0.014         0.053 / 1.316         0.053 / 1.316         0.053 / 1.316       ms
[570.301s][info][gc,stats    ]       Phase: Pause Mark Start                              0.007 / 0.007         0.199 / 6.286         0.199 / 6.286         0.199 / 6.286       ms
[570.302s][info][gc,stats    ]       Phase: Pause Relocate Start                          0.042 / 0.042         0.016 / 0.139         0.016 / 0.139         0.016 / 0.139       ms
[570.302s][info][gc,stats    ]    Subphase: Concurrent Classes Purge                      0.357 / 0.357         1.224 / 10.871        1.224 / 10.871        1.224 / 10.871      ms
[570.303s][info][gc,stats    ]    Subphase: Concurrent Classes Unlink                     6.705 / 6.705        20.227 / 206.267      20.227 / 206.267      20.227 / 206.267     ms
[570.303s][info][gc,stats    ]    Subphase: Concurrent Mark                              84.771 / 85.344      310.449 / 2133.644    310.449 / 2133.644    310.449 / 2133.644    ms
[570.304s][info][gc,stats    ]    Subphase: Concurrent Mark Try Flush                     0.079 / 0.201         2.412 / 43.966        2.412 / 43.966        2.412 / 43.966      ms
[570.304s][info][gc,stats    ]    Subphase: Concurrent Mark Try Terminate                 0.603 / 1.206         2.184 / 24.031        2.184 / 24.031        2.184 / 24.031      ms
[570.305s][info][gc,stats    ]    Subphase: Concurrent References Enqueue                 0.005 / 0.005         0.083 / 2.610         0.083 / 2.610         0.083 / 2.610       ms
[570.305s][info][gc,stats    ]    Subphase: Concurrent References Process                 0.256 / 0.256         0.874 / 6.377         0.874 / 6.377         0.874 / 6.377       ms
[570.306s][info][gc,stats    ]    Subphase: Concurrent Roots ClassLoaderDataGraph         0.147 / 0.271         0.850 / 47.494        0.850 / 47.494        0.850 / 47.494      ms
[570.306s][info][gc,stats    ]    Subphase: Concurrent Roots CodeCache                    0.000 / 0.000         0.000 / 0.000         0.000 / 0.000         0.000 / 0.000       ms
[570.307s][info][gc,stats    ]    Subphase: Concurrent Roots JavaThreads                  1.173 / 1.297         6.113 / 61.015        6.113 / 61.015        6.113 / 61.015      ms
[570.308s][info][gc,stats    ]    Subphase: Concurrent Roots OopStorageSet                0.031 / 0.031         1.212 / 72.582        1.212 / 72.582        1.212 / 72.582      ms
[570.308s][info][gc,stats    ]    Subphase: Concurrent Weak Roots OopStorageSet           0.694 / 0.712         1.798 / 14.084        1.798 / 14.084        1.798 / 14.084      ms
[570.309s][info][gc,stats    ]    Subphase: Pause Mark Try Complete                       0.000 / 0.000         0.000 / 0.000         0.000 / 0.000         0.000 / 0.000       ms
[570.309s][info][gc,stats    ]      System: Java Threads                                     74 / 74               75 / 89               75 / 89               75 / 89          threads
[570.310s][info][gc,stats    ] =========================================================================================================================================================
[579.583s][info][gc,start    ] GC(50) Garbage Collection (Proactive)
[579.584s][info][gc,task     ] GC(50) Using 2 workers
[579.586s][info][gc,phases   ] GC(50) Pause Mark Start 0.010ms
[579.688s][info][gc,phases   ] GC(50) Concurrent Mark 101.200ms
[579.689s][info][gc,phases   ] GC(50) Pause Mark End 0.017ms
[579.690s][info][gc,phases   ] GC(50) Concurrent Mark Free 0.067ms
[579.701s][info][gc,phases   ] GC(50) Concurrent Process Non-Strong References 10.453ms
[579.702s][info][gc,phases   ] GC(50) Concurrent Reset Relocation Set 0.008ms
[579.705s][info][gc,phases   ] GC(50) Concurrent Select Relocation Set 2.138ms
[579.706s][info][gc,phases   ] GC(50) Pause Relocate Start 0.009ms
[579.710s][info][gc,phases   ] GC(50) Concurrent Relocate 3.353ms
[579.711s][info][gc,load     ] GC(50) Load: 0.57/2.17/3.15
[579.711s][info][gc,mmu      ] GC(50) MMU: 2ms/0.0%, 5ms/0.0%, 10ms/37.1%, 20ms/68.6%, 50ms/87.4%, 100ms/93.7%
[579.712s][info][gc,marking  ] GC(50) Mark: 2 stripe(s), 4 proactive flush(es), 1 terminate flush(es), 0 completion(s), 0 continuation(s) 
[579.713s][info][gc,marking  ] GC(50) Mark Stack Usage: 32M
[579.713s][info][gc,nmethod  ] GC(50) NMethods: 6891 registered, 928 unregistered
[579.714s][info][gc,metaspace] GC(50) Metaspace: 52M used, 53M committed, 1072M reserved
[579.715s][info][gc,ref      ] GC(50) Soft: 5021 encountered, 0 discovered, 0 enqueued
[579.715s][info][gc,ref      ] GC(50) Weak: 3176 encountered, 1069 discovered, 0 enqueued
[579.716s][info][gc,ref      ] GC(50) Final: 85 encountered, 59 discovered, 2 enqueued
[579.716s][info][gc,ref      ] GC(50) Phantom: 481 encountered, 425 discovered, 0 enqueued
[579.717s][info][gc,reloc    ] GC(50) Small Pages: 132 / 264M, Empty: 44M, Relocated: 5M, In-Place: 0
[579.717s][info][gc,reloc    ] GC(50) Medium Pages: 1 / 32M, Empty: 0M, Relocated: 0M, In-Place: 0
[579.718s][info][gc,reloc    ] GC(50) Large Pages: 51 / 634M, Empty: 600M, Relocated: 0M, In-Place: 0
[579.718s][info][gc,reloc    ] GC(50) Forwarding Usage: 1M
[579.719s][info][gc,heap     ] GC(50) Min Capacity: 256M(6%)
[579.720s][info][gc,heap     ] GC(50) Max Capacity: 4096M(100%)
[579.720s][info][gc,heap     ] GC(50) Soft Max Capacity: 4096M(100%)
[579.721s][info][gc,heap     ] GC(50)                Mark Start          Mark End        Relocate Start      Relocate End           High               Low         
[579.722s][info][gc,heap     ] GC(50)  Capacity:     1190M (29%)        1190M (29%)        1190M (29%)        1190M (29%)        1190M (29%)        1190M (29%)    
[579.722s][info][gc,heap     ] GC(50)      Free:     3166M (77%)        3150M (77%)        3792M (93%)        3902M (95%)        3904M (95%)        3150M (77%)    
[579.723s][info][gc,heap     ] GC(50)      Used:      930M (23%)         946M (23%)         304M (7%)          194M (5%)          946M (23%)         192M (5%)     
[579.723s][info][gc,heap     ] GC(50)      Live:         -               128M (3%)          128M (3%)          128M (3%)             -                  -          
[579.724s][info][gc,heap     ] GC(50) Allocated:         -                16M (0%)           18M (0%)           23M (1%)             -                  -          
[579.725s][info][gc,heap     ] GC(50)   Garbage:         -               801M (20%)         157M (4%)           41M (1%)             -                  -          
[579.726s][info][gc,heap     ] GC(50) Reclaimed:         -                  -               644M (16%)         759M (19%)            -                  -          
[579.726s][info][gc          ] GC(50) Garbage Collection (Proactive) 930M(23%)->194M(5%)
[580.283s][info][gc,stats    ] === Garbage Collection Statistics =======================================================================================================================
[580.284s][info][gc,stats    ]                                                              Last 10s              Last 10m              Last 10h                Total
[580.284s][info][gc,stats    ]                                                              Avg / Max             Avg / Max             Avg / Max             Avg / Max
[580.285s][info][gc,stats    ]   Collector: Garbage Collection Cycle                    127.521 / 127.521     410.468 / 2485.059    410.468 / 2485.059    410.468 / 2485.059    ms
[580.286s][info][gc,stats    ]  Contention: Mark Segment Reset Contention                     0 / 0                 0 / 2                 0 / 2                 0 / 2           ops/s
[580.286s][info][gc,stats    ]  Contention: Mark SeqNum Reset Contention                      0 / 0                 0 / 1                 0 / 1                 0 / 1           ops/s
[580.287s][info][gc,stats    ]    Critical: Allocation Stall                                  0 / 0                 0 / 0                 0 / 0                 0 / 0           ops/s
[580.288s][info][gc,stats    ]    Critical: Allocation Stall                              0.000 / 0.000         0.000 / 0.000         0.000 / 0.000         0.000 / 0.000       ms
[580.288s][info][gc,stats    ]    Critical: GC Locker Stall                                   0 / 0                 0 / 1                 0 / 1                 0 / 1           ops/s
[580.289s][info][gc,stats    ]    Critical: GC Locker Stall                               0.000 / 0.000         0.002 / 0.002         0.002 / 0.002         0.002 / 0.002       ms
[580.289s][info][gc,stats    ]    Critical: Relocation Stall                                  0 / 0                 0 / 0                 0 / 0                 0 / 0           ops/s
[580.290s][info][gc,stats    ]    Critical: Relocation Stall                              0.000 / 0.000         0.000 / 0.000         0.000 / 0.000         0.000 / 0.000       ms
[580.291s][info][gc,stats    ]      Memory: Allocation Rate                                  75 / 518              69 / 552              69 / 552              69 / 552         MB/s
[580.292s][info][gc,stats    ]      Memory: Out Of Memory                                     0 / 0                 0 / 0                 0 / 0                 0 / 0           ops/s
[580.293s][info][gc,stats    ]      Memory: Page Cache Flush                                  0 / 0                 0 / 0                 0 / 0                 0 / 0           MB/s
[580.294s][info][gc,stats    ]      Memory: Page Cache Hit L1                                13 / 53               12 / 112              12 / 112              12 / 112         ops/s
[580.294s][info][gc,stats    ]      Memory: Page Cache Hit L2                                 0 / 0                 0 / 0                 0 / 0                 0 / 0           ops/s
[580.295s][info][gc,stats    ]      Memory: Page Cache Hit L3                                 0 / 0                 0 / 31                0 / 31                0 / 31          ops/s
[580.296s][info][gc,stats    ]      Memory: Page Cache Miss                                   0 / 0                 0 / 88                0 / 88                0 / 88          ops/s
[580.297s][info][gc,stats    ]      Memory: Uncommit                                          0 / 0                 3 / 872               3 / 872               3 / 872         MB/s
[580.297s][info][gc,stats    ]      Memory: Undo Object Allocation Failed                     0 / 0                 0 / 1                 0 / 1                 0 / 1           ops/s
[580.299s][info][gc,stats    ]      Memory: Undo Object Allocation Succeeded                  0 / 0                 0 / 2                 0 / 2                 0 / 2           ops/s
[580.300s][info][gc,stats    ]      Memory: Undo Page Allocation                              0 / 0                 0 / 25                0 / 25                0 / 25          ops/s
[580.300s][info][gc,stats    ]       Phase: Concurrent Mark                             101.200 / 101.200     318.482 / 2153.078    318.482 / 2153.078    318.482 / 2153.078    ms
[580.301s][info][gc,stats    ]       Phase: Concurrent Mark Continue                      0.000 / 0.000         0.000 / 0.000         0.000 / 0.000         0.000 / 0.000       ms
[580.302s][info][gc,stats    ]       Phase: Concurrent Mark Free                          0.067 / 0.067         0.004 / 0.067         0.004 / 0.067         0.004 / 0.067       ms
[580.302s][info][gc,stats    ]       Phase: Concurrent Process Non-Strong References     10.453 / 10.453       27.182 / 257.265      27.182 / 257.265      27.182 / 257.265     ms
[580.303s][info][gc,stats    ]       Phase: Concurrent Relocate                           3.353 / 3.353        29.197 / 511.550      29.197 / 511.550      29.197 / 511.550     ms
[580.304s][info][gc,stats    ]       Phase: Concurrent Reset Relocation Set               0.008 / 0.008         0.016 / 0.139         0.016 / 0.139         0.016 / 0.139       ms
[580.305s][info][gc,stats    ]       Phase: Concurrent Select Relocation Set              2.138 / 2.138        10.146 / 198.723      10.146 / 198.723      10.146 / 198.723     ms
[580.306s][info][gc,stats    ]       Phase: Pause Mark End                                0.017 / 0.017         0.053 / 1.316         0.053 / 1.316         0.053 / 1.316       ms
[580.306s][info][gc,stats    ]       Phase: Pause Mark Start                              0.010 / 0.010         0.195 / 6.286         0.195 / 6.286         0.195 / 6.286       ms
[580.307s][info][gc,stats    ]       Phase: Pause Relocate Start                          0.009 / 0.009         0.016 / 0.139         0.016 / 0.139         0.016 / 0.139       ms
[580.308s][info][gc,stats    ]    Subphase: Concurrent Classes Purge                      0.522 / 0.522         1.210 / 10.871        1.210 / 10.871        1.210 / 10.871      ms
[580.308s][info][gc,stats    ]    Subphase: Concurrent Classes Unlink                     7.831 / 7.831        19.984 / 206.267      19.984 / 206.267      19.984 / 206.267     ms
[580.309s][info][gc,stats    ]    Subphase: Concurrent Mark                              97.684 / 98.291      306.277 / 2133.644    306.277 / 2133.644    306.277 / 2133.644    ms
[580.310s][info][gc,stats    ]    Subphase: Concurrent Mark Try Flush                     0.263 / 0.368         2.352 / 43.966        2.352 / 43.966        2.352 / 43.966      ms
[580.310s][info][gc,stats    ]    Subphase: Concurrent Mark Try Terminate                 0.846 / 1.297         2.169 / 24.031        2.169 / 24.031        2.169 / 24.031      ms
[580.311s][info][gc,stats    ]    Subphase: Concurrent References Enqueue                 0.030 / 0.030         0.082 / 2.610         0.082 / 2.610         0.082 / 2.610       ms
[580.311s][info][gc,stats    ]    Subphase: Concurrent References Process                 0.497 / 0.497         0.867 / 6.377         0.867 / 6.377         0.867 / 6.377       ms
[580.312s][info][gc,stats    ]    Subphase: Concurrent Roots ClassLoaderDataGraph         0.315 / 0.534         0.840 / 47.494        0.840 / 47.494        0.840 / 47.494      ms
[580.313s][info][gc,stats    ]    Subphase: Concurrent Roots CodeCache                    0.000 / 0.000         0.000 / 0.000         0.000 / 0.000         0.000 / 0.000       ms
[580.314s][info][gc,stats    ]    Subphase: Concurrent Roots JavaThreads                  1.863 / 2.101         6.030 / 61.015        6.030 / 61.015        6.030 / 61.015      ms
[580.315s][info][gc,stats    ]    Subphase: Concurrent Roots OopStorageSet                0.046 / 0.056         1.186 / 72.582        1.186 / 72.582        1.186 / 72.582      ms
[580.316s][info][gc,stats    ]    Subphase: Concurrent Weak Roots OopStorageSet           1.217 / 1.255         1.786 / 14.084        1.786 / 14.084        1.786 / 14.084      ms
[580.317s][info][gc,stats    ]    Subphase: Pause Mark Try Complete                       0.000 / 0.000         0.000 / 0.000         0.000 / 0.000         0.000 / 0.000       ms
[580.317s][info][gc,stats    ]      System: Java Threads                                     74 / 74               75 / 89               75 / 89               75 / 89          threads
[580.318s][info][gc,stats    ] =========================================================================================================================================================
[590.283s][info][gc,stats    ] === Garbage Collection Statistics =======================================================================================================================
[590.284s][info][gc,stats    ]                                                              Last 10s              Last 10m              Last 10h                Total
[590.285s][info][gc,stats    ]                                                              Avg / Max             Avg / Max             Avg / Max             Avg / Max
[590.285s][info][gc,stats    ]   Collector: Garbage Collection Cycle                      0.000 / 0.000       410.468 / 2485.059    410.468 / 2485.059    410.468 / 2485.059    ms
[590.286s][info][gc,stats    ]  Contention: Mark Segment Reset Contention                     0 / 0                 0 / 2                 0 / 2                 0 / 2           ops/s
[590.286s][info][gc,stats    ]  Contention: Mark SeqNum Reset Contention                      0 / 0                 0 / 1                 0 / 1                 0 / 1           ops/s
[590.287s][info][gc,stats    ]    Critical: Allocation Stall                                  0 / 0                 0 / 0                 0 / 0                 0 / 0           ops/s
[590.288s][info][gc,stats    ]    Critical: Allocation Stall                              0.000 / 0.000         0.000 / 0.000         0.000 / 0.000         0.000 / 0.000       ms
[590.288s][info][gc,stats    ]    Critical: GC Locker Stall                                   0 / 0                 0 / 1                 0 / 1                 0 / 1           ops/s
[590.289s][info][gc,stats    ]    Critical: GC Locker Stall                               0.000 / 0.000         0.002 / 0.002         0.002 / 0.002         0.002 / 0.002       ms
[590.289s][info][gc,stats    ]    Critical: Relocation Stall                                  0 / 0                 0 / 0                 0 / 0                 0 / 0           ops/s
[590.290s][info][gc,stats    ]    Critical: Relocation Stall                              0.000 / 0.000         0.000 / 0.000         0.000 / 0.000         0.000 / 0.000       ms
[590.291s][info][gc,stats    ]      Memory: Allocation Rate                                  25 / 36               68 / 552              68 / 552              68 / 552         MB/s
[590.291s][info][gc,stats    ]      Memory: Out Of Memory                                     0 / 0                 0 / 0                 0 / 0                 0 / 0           ops/s
[590.291s][info][gc,stats    ]      Memory: Page Cache Flush                                  0 / 0                 0 / 0                 0 / 0                 0 / 0           MB/s
[590.292s][info][gc,stats    ]      Memory: Page Cache Hit L1                                 8 / 14               12 / 112              12 / 112              12 / 112         ops/s
[590.292s][info][gc,stats    ]      Memory: Page Cache Hit L2                                 0 / 0                 0 / 0                 0 / 0                 0 / 0           ops/s
[590.293s][info][gc,stats    ]      Memory: Page Cache Hit L3                                 0 / 0                 0 / 31                0 / 31                0 / 31          ops/s
[590.294s][info][gc,stats    ]      Memory: Page Cache Miss                                   0 / 0                 0 / 88                0 / 88                0 / 88          ops/s
[590.294s][info][gc,stats    ]      Memory: Uncommit                                          0 / 0                 2 / 872               2 / 872               2 / 872         MB/s
[590.295s][info][gc,stats    ]      Memory: Undo Object Allocation Failed                     0 / 0                 0 / 1                 0 / 1                 0 / 1           ops/s
[590.295s][info][gc,stats    ]      Memory: Undo Object Allocation Succeeded                  0 / 0                 0 / 2                 0 / 2                 0 / 2           ops/s
[590.296s][info][gc,stats    ]      Memory: Undo Page Allocation                              0 / 0                 0 / 25                0 / 25                0 / 25          ops/s
[590.296s][info][gc,stats    ]       Phase: Concurrent Mark                               0.000 / 0.000       318.482 / 2153.078    318.482 / 2153.078    318.482 / 2153.078    ms
[590.297s][info][gc,stats    ]       Phase: Concurrent Mark Continue                      0.000 / 0.000         0.000 / 0.000         0.000 / 0.000         0.000 / 0.000       ms
[590.297s][info][gc,stats    ]       Phase: Concurrent Mark Free                          0.000 / 0.000         0.004 / 0.067         0.004 / 0.067         0.004 / 0.067       ms
[590.298s][info][gc,stats    ]       Phase: Concurrent Process Non-Strong References      0.000 / 0.000        27.182 / 257.265      27.182 / 257.265      27.182 / 257.265     ms
[590.298s][info][gc,stats    ]       Phase: Concurrent Relocate                           0.000 / 0.000        29.197 / 511.550      29.197 / 511.550      29.197 / 511.550     ms
[590.298s][info][gc,stats    ]       Phase: Concurrent Reset Relocation Set               0.000 / 0.000         0.016 / 0.139         0.016 / 0.139         0.016 / 0.139       ms
[590.299s][info][gc,stats    ]       Phase: Concurrent Select Relocation Set              0.000 / 0.000        10.146 / 198.723      10.146 / 198.723      10.146 / 198.723     ms
[590.299s][info][gc,stats    ]       Phase: Pause Mark End                                0.000 / 0.000         0.053 / 1.316         0.053 / 1.316         0.053 / 1.316       ms
[590.300s][info][gc,stats    ]       Phase: Pause Mark Start                              0.000 / 0.000         0.195 / 6.286         0.195 / 6.286         0.195 / 6.286       ms
[590.300s][info][gc,stats    ]       Phase: Pause Relocate Start                          0.000 / 0.000         0.016 / 0.139         0.016 / 0.139         0.016 / 0.139       ms
[590.301s][info][gc,stats    ]    Subphase: Concurrent Classes Purge                      0.000 / 0.000         1.210 / 10.871        1.210 / 10.871        1.210 / 10.871      ms
[590.301s][info][gc,stats    ]    Subphase: Concurrent Classes Unlink                     0.000 / 0.000        19.984 / 206.267      19.984 / 206.267      19.984 / 206.267     ms
[590.302s][info][gc,stats    ]    Subphase: Concurrent Mark                               0.000 / 0.000       306.277 / 2133.644    306.277 / 2133.644    306.277 / 2133.644    ms
[590.302s][info][gc,stats    ]    Subphase: Concurrent Mark Try Flush                     0.000 / 0.000         2.352 / 43.966        2.352 / 43.966        2.352 / 43.966      ms
[590.303s][info][gc,stats    ]    Subphase: Concurrent Mark Try Terminate                 0.000 / 0.000         2.169 / 24.031        2.169 / 24.031        2.169 / 24.031      ms
[590.303s][info][gc,stats    ]    Subphase: Concurrent References Enqueue                 0.000 / 0.000         0.082 / 2.610         0.082 / 2.610         0.082 / 2.610       ms
[590.304s][info][gc,stats    ]    Subphase: Concurrent References Process                 0.000 / 0.000         0.867 / 6.377         0.867 / 6.377         0.867 / 6.377       ms
[590.304s][info][gc,stats    ]    Subphase: Concurrent Roots ClassLoaderDataGraph         0.000 / 0.000         0.840 / 47.494        0.840 / 47.494        0.840 / 47.494      ms
[590.305s][info][gc,stats    ]    Subphase: Concurrent Roots CodeCache                    0.000 / 0.000         0.000 / 0.000         0.000 / 0.000         0.000 / 0.000       ms
[590.305s][info][gc,stats    ]    Subphase: Concurrent Roots JavaThreads                  0.000 / 0.000         6.030 / 61.015        6.030 / 61.015        6.030 / 61.015      ms
[590.306s][info][gc,stats    ]    Subphase: Concurrent Roots OopStorageSet                0.000 / 0.000         1.186 / 72.582        1.186 / 72.582        1.186 / 72.582      ms
[590.306s][info][gc,stats    ]    Subphase: Concurrent Weak Roots OopStorageSet           0.000 / 0.000         1.786 / 14.084        1.786 / 14.084        1.786 / 14.084      ms
[590.307s][info][gc,stats    ]    Subphase: Pause Mark Try Complete                       0.000 / 0.000         0.000 / 0.000         0.000 / 0.000         0.000 / 0.000       ms
[590.307s][info][gc,stats    ]      System: Java Threads                                      0 / 0                75 / 89               75 / 89               75 / 89          threads
[590.308s][info][gc,stats    ] =========================================================================================================================================================
[590.583s][info][gc,start    ] GC(51) Garbage Collection (Proactive)
[590.584s][info][gc,task     ] GC(51) Using 2 workers
[590.585s][info][gc,phases   ] GC(51) Pause Mark Start 0.009ms
[590.685s][info][gc,phases   ] GC(51) Concurrent Mark 98.866ms
[590.686s][info][gc,phases   ] GC(51) Pause Mark End 0.014ms
[590.687s][info][gc,phases   ] GC(51) Concurrent Mark Free 0.001ms
[590.697s][info][gc,phases   ] GC(51) Concurrent Process Non-Strong References 8.863ms
[590.697s][info][gc,phases   ] GC(51) Concurrent Reset Relocation Set 0.048ms
[590.700s][info][gc,phases   ] GC(51) Concurrent Select Relocation Set 2.323ms
[590.702s][info][gc,phases   ] GC(51) Pause Relocate Start 0.011ms
[590.704s][info][gc,phases   ] GC(51) Concurrent Relocate 1.815ms
[590.705s][info][gc,load     ] GC(51) Load: 0.48/2.10/3.12
[590.706s][info][gc,mmu      ] GC(51) MMU: 2ms/0.0%, 5ms/0.0%, 10ms/37.1%, 20ms/68.6%, 50ms/87.4%, 100ms/93.7%
[590.707s][info][gc,marking  ] GC(51) Mark: 2 stripe(s), 2 proactive flush(es), 1 terminate flush(es), 0 completion(s), 0 continuation(s) 
[590.707s][info][gc,marking  ] GC(51) Mark Stack Usage: 32M
[590.708s][info][gc,nmethod  ] GC(51) NMethods: 6893 registered, 928 unregistered
[590.709s][info][gc,metaspace] GC(51) Metaspace: 52M used, 53M committed, 1072M reserved
[590.709s][info][gc,ref      ] GC(51) Soft: 5021 encountered, 0 discovered, 0 enqueued
[590.710s][info][gc,ref      ] GC(51) Weak: 3176 encountered, 320 discovered, 0 enqueued
[590.710s][info][gc,ref      ] GC(51) Final: 85 encountered, 2 discovered, 2 enqueued
[590.711s][info][gc,ref      ] GC(51) Phantom: 481 encountered, 373 discovered, 0 enqueued
[590.712s][info][gc,reloc    ] GC(51) Small Pages: 140 / 280M, Empty: 52M, Relocated: 2M, In-Place: 0
[590.712s][info][gc,reloc    ] GC(51) Medium Pages: 1 / 32M, Empty: 0M, Relocated: 0M, In-Place: 0
[590.713s][info][gc,reloc    ] GC(51) Large Pages: 51 / 634M, Empty: 600M, Relocated: 0M, In-Place: 0
[590.713s][info][gc,reloc    ] GC(51) Forwarding Usage: 0M
[590.714s][info][gc,heap     ] GC(51) Min Capacity: 256M(6%)
[590.714s][info][gc,heap     ] GC(51) Max Capacity: 4096M(100%)
[590.715s][info][gc,heap     ] GC(51) Soft Max Capacity: 4096M(100%)
[590.716s][info][gc,heap     ] GC(51)                Mark Start          Mark End        Relocate Start      Relocate End           High               Low         
[590.716s][info][gc,heap     ] GC(51)  Capacity:     1190M (29%)        1190M (29%)        1190M (29%)        1190M (29%)        1190M (29%)        1190M (29%)    
[590.717s][info][gc,heap     ] GC(51)      Free:     3150M (77%)        3134M (77%)        3786M (92%)        3906M (95%)        3906M (95%)        3134M (77%)    
[590.718s][info][gc,heap     ] GC(51)      Used:      946M (23%)         962M (23%)         310M (8%)          190M (5%)          962M (23%)         190M (5%)     
[590.719s][info][gc,heap     ] GC(51)      Live:         -               128M (3%)          128M (3%)          128M (3%)             -                  -          
[590.719s][info][gc,heap     ] GC(51) Allocated:         -                16M (0%)           16M (0%)           19M (0%)             -                  -          
[590.720s][info][gc,heap     ] GC(51)   Garbage:         -               817M (20%)         165M (4%)           41M (1%)             -                  -          
[590.720s][info][gc,heap     ] GC(51) Reclaimed:         -                  -               652M (16%)         775M (19%)            -                  -          
[590.721s][info][gc          ] GC(51) Garbage Collection (Proactive) 946M(23%)->190M(5%)
[600.283s][info][gc,stats    ] === Garbage Collection Statistics =======================================================================================================================
[600.285s][info][gc,stats    ]                                                              Last 10s              Last 10m              Last 10h                Total
[600.286s][info][gc,stats    ]                                                              Avg / Max             Avg / Max             Avg / Max             Avg / Max
[600.286s][info][gc,stats    ]   Collector: Garbage Collection Cycle                    121.733 / 121.733     404.916 / 2485.059    404.916 / 2485.059    404.916 / 2485.059    ms
[600.287s][info][gc,stats    ]  Contention: Mark Segment Reset Contention                     0 / 0                 0 / 2                 0 / 2                 0 / 2           ops/s
[600.287s][info][gc,stats    ]  Contention: Mark SeqNum Reset Contention                      0 / 0                 0 / 1                 0 / 1                 0 / 1           ops/s
[600.288s][info][gc,stats    ]    Critical: Allocation Stall                                  0 / 0                 0 / 0                 0 / 0                 0 / 0           ops/s
[600.289s][info][gc,stats    ]    Critical: Allocation Stall                              0.000 / 0.000         0.000 / 0.000         0.000 / 0.000         0.000 / 0.000       ms
[600.289s][info][gc,stats    ]    Critical: GC Locker Stall                                   0 / 0                 0 / 1                 0 / 1                 0 / 1           ops/s
[600.290s][info][gc,stats    ]    Critical: GC Locker Stall                               0.000 / 0.000         0.002 / 0.002         0.002 / 0.002         0.002 / 0.002       ms
[600.291s][info][gc,stats    ]    Critical: Relocation Stall                                  0 / 0                 0 / 0                 0 / 0                 0 / 0           ops/s
[600.291s][info][gc,stats    ]    Critical: Relocation Stall                              0.000 / 0.000         0.000 / 0.000         0.000 / 0.000         0.000 / 0.000       ms
[600.292s][info][gc,stats    ]      Memory: Allocation Rate                                  74 / 504              68 / 552              68 / 552              68 / 552         MB/s
[600.293s][info][gc,stats    ]      Memory: Out Of Memory                                     0 / 0                 0 / 0                 0 / 0                 0 / 0           ops/s
[600.293s][info][gc,stats    ]      Memory: Page Cache Flush                                  0 / 0                 0 / 0                 0 / 0                 0 / 0           MB/s
[600.294s][info][gc,stats    ]      Memory: Page Cache Hit L1                                12 / 44               12 / 112              12 / 112              12 / 112         ops/s
[600.294s][info][gc,stats    ]      Memory: Page Cache Hit L2                                 0 / 0                 0 / 0                 0 / 0                 0 / 0           ops/s
[600.295s][info][gc,stats    ]      Memory: Page Cache Hit L3                                 0 / 0                 0 / 31                0 / 31                0 / 31          ops/s
[600.296s][info][gc,stats    ]      Memory: Page Cache Miss                                   0 / 0                 0 / 88                0 / 88                0 / 88          ops/s
[600.297s][info][gc,stats    ]      Memory: Uncommit                                          0 / 0                 2 / 872               2 / 872               2 / 872         MB/s
[600.297s][info][gc,stats    ]      Memory: Undo Object Allocation Failed                     0 / 0                 0 / 1                 0 / 1                 0 / 1           ops/s
[600.298s][info][gc,stats    ]      Memory: Undo Object Allocation Succeeded                  0 / 0                 0 / 2                 0 / 2                 0 / 2           ops/s
[600.298s][info][gc,stats    ]      Memory: Undo Page Allocation                              0 / 0                 0 / 25                0 / 25                0 / 25          ops/s
[600.299s][info][gc,stats    ]       Phase: Concurrent Mark                              98.866 / 98.866      314.259 / 2153.078    314.259 / 2153.078    314.259 / 2153.078    ms
[600.299s][info][gc,stats    ]       Phase: Concurrent Mark Continue                      0.000 / 0.000         0.000 / 0.000         0.000 / 0.000         0.000 / 0.000       ms
[600.300s][info][gc,stats    ]       Phase: Concurrent Mark Free                          0.001 / 0.001         0.004 / 0.067         0.004 / 0.067         0.004 / 0.067       ms
[600.301s][info][gc,stats    ]       Phase: Concurrent Process Non-Strong References      8.863 / 8.863        26.830 / 257.265      26.830 / 257.265      26.830 / 257.265     ms
[600.301s][info][gc,stats    ]       Phase: Concurrent Relocate                           1.815 / 1.815        28.670 / 511.550      28.670 / 511.550      28.670 / 511.550     ms
[600.302s][info][gc,stats    ]       Phase: Concurrent Reset Relocation Set               0.048 / 0.048         0.017 / 0.139         0.017 / 0.139         0.017 / 0.139       ms
[600.302s][info][gc,stats    ]       Phase: Concurrent Select Relocation Set              2.323 / 2.323         9.995 / 198.723       9.995 / 198.723       9.995 / 198.723     ms
[600.303s][info][gc,stats    ]       Phase: Pause Mark End                                0.014 / 0.014         0.052 / 1.316         0.052 / 1.316         0.052 / 1.316       ms
[600.303s][info][gc,stats    ]       Phase: Pause Mark Start                              0.009 / 0.009         0.192 / 6.286         0.192 / 6.286         0.192 / 6.286       ms
[600.304s][info][gc,stats    ]       Phase: Pause Relocate Start                          0.011 / 0.011         0.016 / 0.139         0.016 / 0.139         0.016 / 0.139       ms
[600.304s][info][gc,stats    ]    Subphase: Concurrent Classes Purge                      0.477 / 0.477         1.196 / 10.871        1.196 / 10.871        1.196 / 10.871      ms
[600.305s][info][gc,stats    ]    Subphase: Concurrent Classes Unlink                     7.247 / 7.247        19.739 / 206.267      19.739 / 206.267      19.739 / 206.267     ms
[600.306s][info][gc,stats    ]    Subphase: Concurrent Mark                              96.505 / 96.654      302.243 / 2133.644    302.243 / 2133.644    302.243 / 2133.644    ms
[600.306s][info][gc,stats    ]    Subphase: Concurrent Mark Try Flush                     0.224 / 0.251         2.316 / 43.966        2.316 / 43.966        2.316 / 43.966      ms
[600.307s][info][gc,stats    ]    Subphase: Concurrent Mark Try Terminate                 0.631 / 1.170         2.158 / 24.031        2.158 / 24.031        2.158 / 24.031      ms
[600.308s][info][gc,stats    ]    Subphase: Concurrent References Enqueue                 0.029 / 0.029         0.081 / 2.610         0.081 / 2.610         0.081 / 2.610       ms
[600.308s][info][gc,stats    ]    Subphase: Concurrent References Process                 0.159 / 0.159         0.853 / 6.377         0.853 / 6.377         0.853 / 6.377       ms
[600.309s][info][gc,stats    ]    Subphase: Concurrent Roots ClassLoaderDataGraph         0.459 / 0.896         0.832 / 47.494        0.832 / 47.494        0.832 / 47.494      ms
[600.309s][info][gc,stats    ]    Subphase: Concurrent Roots CodeCache                    0.000 / 0.000         0.000 / 0.000         0.000 / 0.000         0.000 / 0.000       ms
[600.310s][info][gc,stats    ]    Subphase: Concurrent Roots JavaThreads                  1.248 / 1.677         5.938 / 61.015        5.938 / 61.015        5.938 / 61.015      ms
[600.311s][info][gc,stats    ]    Subphase: Concurrent Roots OopStorageSet                0.051 / 0.067         1.161 / 72.582        1.161 / 72.582        1.161 / 72.582      ms
[600.311s][info][gc,stats    ]    Subphase: Concurrent Weak Roots OopStorageSet           0.807 / 0.834         1.766 / 14.084        1.766 / 14.084        1.766 / 14.084      ms
[600.312s][info][gc,stats    ]    Subphase: Pause Mark Try Complete                       0.000 / 0.000         0.000 / 0.000         0.000 / 0.000         0.000 / 0.000       ms
[600.312s][info][gc,stats    ]      System: Java Threads                                     74 / 74               75 / 89               75 / 89               75 / 89          threads
[600.313s][info][gc,stats    ] =========================================================================================================================================================
[602.583s][info][gc,start    ] GC(52) Garbage Collection (Proactive)
[602.584s][info][gc,task     ] GC(52) Using 2 workers
[602.585s][info][gc,phases   ] GC(52) Pause Mark Start 0.009ms
[602.690s][info][gc,phases   ] GC(52) Concurrent Mark 104.274ms
[602.691s][info][gc,phases   ] GC(52) Pause Mark End 0.012ms
[602.692s][info][gc,phases   ] GC(52) Concurrent Mark Free 0.001ms
[602.704s][info][gc,phases   ] GC(52) Concurrent Process Non-Strong References 11.211ms
[602.704s][info][gc,phases   ] GC(52) Concurrent Reset Relocation Set 0.009ms
[602.707s][info][gc,phases   ] GC(52) Concurrent Select Relocation Set 2.285ms
[602.709s][info][gc,phases   ] GC(52) Pause Relocate Start 0.011ms
[602.713s][info][gc,phases   ] GC(52) Concurrent Relocate 2.784ms
[602.714s][info][gc,load     ] GC(52) Load: 0.52/2.03/3.08
[602.714s][info][gc,mmu      ] GC(52) MMU: 2ms/0.0%, 5ms/0.0%, 10ms/37.1%, 20ms/68.6%, 50ms/87.4%, 100ms/93.7%
[602.715s][info][gc,marking  ] GC(52) Mark: 2 stripe(s), 2 proactive flush(es), 1 terminate flush(es), 0 completion(s), 0 continuation(s) 
[602.716s][info][gc,marking  ] GC(52) Mark Stack Usage: 32M
[602.717s][info][gc,nmethod  ] GC(52) NMethods: 6894 registered, 928 unregistered
[602.717s][info][gc,metaspace] GC(52) Metaspace: 52M used, 53M committed, 1072M reserved
[602.718s][info][gc,ref      ] GC(52) Soft: 5021 encountered, 0 discovered, 0 enqueued
[602.719s][info][gc,ref      ] GC(52) Weak: 3176 encountered, 403 discovered, 0 enqueued
[602.719s][info][gc,ref      ] GC(52) Final: 86 encountered, 3 discovered, 3 enqueued
[602.720s][info][gc,ref      ] GC(52) Phantom: 483 encountered, 432 discovered, 0 enqueued
[602.720s][info][gc,reloc    ] GC(52) Small Pages: 144 / 288M, Empty: 56M, Relocated: 5M, In-Place: 0
[602.721s][info][gc,reloc    ] GC(52) Medium Pages: 1 / 32M, Empty: 0M, Relocated: 0M, In-Place: 0
[602.721s][info][gc,reloc    ] GC(52) Large Pages: 53 / 646M, Empty: 612M, Relocated: 0M, In-Place: 0
[602.722s][info][gc,reloc    ] GC(52) Forwarding Usage: 1M
[602.723s][info][gc,heap     ] GC(52) Min Capacity: 256M(6%)
[602.723s][info][gc,heap     ] GC(52) Max Capacity: 4096M(100%)
[602.724s][info][gc,heap     ] GC(52) Soft Max Capacity: 4096M(100%)
[602.725s][info][gc,heap     ] GC(52)                Mark Start          Mark End        Relocate Start      Relocate End           High               Low         
[602.725s][info][gc,heap     ] GC(52)  Capacity:     1190M (29%)        1190M (29%)        1190M (29%)        1190M (29%)        1190M (29%)        1190M (29%)    
[602.726s][info][gc,heap     ] GC(52)      Free:     3130M (76%)        3116M (76%)        3782M (92%)        3910M (95%)        3910M (95%)        3114M (76%)    
[602.726s][info][gc,heap     ] GC(52)      Used:      966M (24%)         980M (24%)         314M (8%)          186M (5%)          982M (24%)         186M (5%)     
[602.727s][info][gc,heap     ] GC(52)      Live:         -               128M (3%)          128M (3%)          128M (3%)             -                  -          
[602.728s][info][gc,heap     ] GC(52) Allocated:         -                14M (0%)           16M (0%)           16M (0%)             -                  -          
[602.729s][info][gc,heap     ] GC(52)   Garbage:         -               837M (20%)         169M (4%)           41M (1%)             -                  -          
[602.729s][info][gc,heap     ] GC(52) Reclaimed:         -                  -               668M (16%)         796M (19%)            -                  -          
[602.730s][info][gc          ] GC(52) Garbage Collection (Proactive) 966M(24%)->186M(5%)
[606.945s][info][gc,heap     ] Uncommitted: 80M(2%)
[610.283s][info][gc,stats    ] === Garbage Collection Statistics =======================================================================================================================
[610.284s][info][gc,stats    ]                                                              Last 10s              Last 10m              Last 10h                Total
[610.285s][info][gc,stats    ]                                                              Avg / Max             Avg / Max             Avg / Max             Avg / Max
[610.285s][info][gc,stats    ]   Collector: Garbage Collection Cycle                    130.997 / 130.997     399.747 / 2485.059    399.747 / 2485.059    399.747 / 2485.059    ms
[610.286s][info][gc,stats    ]  Contention: Mark Segment Reset Contention                     0 / 0                 0 / 2                 0 / 2                 0 / 2           ops/s
[610.286s][info][gc,stats    ]  Contention: Mark SeqNum Reset Contention                      0 / 0                 0 / 1                 0 / 1                 0 / 1           ops/s
[610.287s][info][gc,stats    ]    Critical: Allocation Stall                                  0 / 0                 0 / 0                 0 / 0                 0 / 0           ops/s
[610.287s][info][gc,stats    ]    Critical: Allocation Stall                              0.000 / 0.000         0.000 / 0.000         0.000 / 0.000         0.000 / 0.000       ms
[610.288s][info][gc,stats    ]    Critical: GC Locker Stall                                   0 / 0                 0 / 1                 0 / 1                 0 / 1           ops/s
[610.289s][info][gc,stats    ]    Critical: GC Locker Stall                               0.000 / 0.000         0.002 / 0.002         0.002 / 0.002         0.002 / 0.002       ms
[610.289s][info][gc,stats    ]    Critical: Relocation Stall                                  0 / 0                 0 / 0                 0 / 0                 0 / 0           ops/s
[610.290s][info][gc,stats    ]    Critical: Relocation Stall                              0.000 / 0.000         0.000 / 0.000         0.000 / 0.000         0.000 / 0.000       ms
[610.290s][info][gc,stats    ]      Memory: Allocation Rate                                  75 / 504              69 / 552              68 / 552              68 / 552         MB/s
[610.291s][info][gc,stats    ]      Memory: Out Of Memory                                     0 / 0                 0 / 0                 0 / 0                 0 / 0           ops/s
[610.291s][info][gc,stats    ]      Memory: Page Cache Flush                                  0 / 0                 0 / 0                 0 / 0                 0 / 0           MB/s
[610.292s][info][gc,stats    ]      Memory: Page Cache Hit L1                                13 / 46               12 / 112              12 / 112              12 / 112         ops/s
[610.292s][info][gc,stats    ]      Memory: Page Cache Hit L2                                 0 / 0                 0 / 0                 0 / 0                 0 / 0           ops/s
[610.293s][info][gc,stats    ]      Memory: Page Cache Hit L3                                 0 / 0                 0 / 31                0 / 31                0 / 31          ops/s
[610.293s][info][gc,stats    ]      Memory: Page Cache Miss                                   0 / 0                 0 / 88                0 / 88                0 / 88          ops/s
[610.294s][info][gc,stats    ]      Memory: Uncommit                                          8 / 80                3 / 872               3 / 872               3 / 872         MB/s
[610.295s][info][gc,stats    ]      Memory: Undo Object Allocation Failed                     0 / 0                 0 / 1                 0 / 1                 0 / 1           ops/s
[610.295s][info][gc,stats    ]      Memory: Undo Object Allocation Succeeded                  0 / 0                 0 / 2                 0 / 2                 0 / 2           ops/s
[610.296s][info][gc,stats    ]      Memory: Undo Page Allocation                              0 / 0                 0 / 25                0 / 25                0 / 25          ops/s
[610.297s][info][gc,stats    ]       Phase: Concurrent Mark                             104.274 / 104.274     310.297 / 2153.078    310.297 / 2153.078    310.297 / 2153.078    ms
[610.297s][info][gc,stats    ]       Phase: Concurrent Mark Continue                      0.000 / 0.000         0.000 / 0.000         0.000 / 0.000         0.000 / 0.000       ms
[610.298s][info][gc,stats    ]       Phase: Concurrent Mark Free                          0.001 / 0.001         0.004 / 0.067         0.004 / 0.067         0.004 / 0.067       ms
[610.298s][info][gc,stats    ]       Phase: Concurrent Process Non-Strong References     11.211 / 11.211       26.535 / 257.265      26.535 / 257.265      26.535 / 257.265     ms
[610.299s][info][gc,stats    ]       Phase: Concurrent Relocate                           2.784 / 2.784        28.182 / 511.550      28.182 / 511.550      28.182 / 511.550     ms
[610.299s][info][gc,stats    ]       Phase: Concurrent Reset Relocation Set               0.009 / 0.009         0.017 / 0.139         0.017 / 0.139         0.017 / 0.139       ms
[610.300s][info][gc,stats    ]       Phase: Concurrent Select Relocation Set              2.285 / 2.285         9.850 / 198.723       9.850 / 198.723       9.850 / 198.723     ms
[610.300s][info][gc,stats    ]       Phase: Pause Mark End                                0.012 / 0.012         0.051 / 1.316         0.051 / 1.316         0.051 / 1.316       ms
[610.301s][info][gc,stats    ]       Phase: Pause Mark Start                              0.009 / 0.009         0.188 / 6.286         0.188 / 6.286         0.188 / 6.286       ms
[610.302s][info][gc,stats    ]       Phase: Pause Relocate Start                          0.011 / 0.011         0.016 / 0.139         0.016 / 0.139         0.016 / 0.139       ms
[610.302s][info][gc,stats    ]    Subphase: Concurrent Classes Purge                      0.465 / 0.465         1.182 / 10.871        1.182 / 10.871        1.182 / 10.871      ms
[610.303s][info][gc,stats    ]    Subphase: Concurrent Classes Unlink                     8.622 / 8.622        19.529 / 206.267      19.529 / 206.267      19.529 / 206.267     ms
[610.303s][info][gc,stats    ]    Subphase: Concurrent Mark                             100.805 / 101.043     298.442 / 2133.644    298.442 / 2133.644    298.442 / 2133.644    ms
[610.304s][info][gc,stats    ]    Subphase: Concurrent Mark Try Flush                     0.210 / 0.307         2.282 / 43.966        2.282 / 43.966        2.282 / 43.966      ms
[610.304s][info][gc,stats    ]    Subphase: Concurrent Mark Try Terminate                 0.476 / 1.253         2.148 / 24.031        2.148 / 24.031        2.148 / 24.031      ms
[610.305s][info][gc,stats    ]    Subphase: Concurrent References Enqueue                 0.005 / 0.005         0.079 / 2.610         0.079 / 2.610         0.079 / 2.610       ms
[610.305s][info][gc,stats    ]    Subphase: Concurrent References Process                 0.192 / 0.192         0.841 / 6.377         0.841 / 6.377         0.841 / 6.377       ms
[610.306s][info][gc,stats    ]    Subphase: Concurrent Roots ClassLoaderDataGraph         0.298 / 0.508         0.822 / 47.494        0.822 / 47.494        0.822 / 47.494      ms
[610.306s][info][gc,stats    ]    Subphase: Concurrent Roots CodeCache                    0.000 / 0.000         0.000 / 0.000         0.000 / 0.000         0.000 / 0.000       ms
[610.307s][info][gc,stats    ]    Subphase: Concurrent Roots JavaThreads                  2.222 / 2.453         5.868 / 61.015        5.868 / 61.015        5.868 / 61.015      ms
[610.308s][info][gc,stats    ]    Subphase: Concurrent Roots OopStorageSet                0.078 / 0.111         1.138 / 72.582        1.138 / 72.582        1.138 / 72.582      ms
[610.308s][info][gc,stats    ]    Subphase: Concurrent Weak Roots OopStorageSet           0.994 / 1.107         1.751 / 14.084        1.751 / 14.084        1.751 / 14.084      ms
[610.309s][info][gc,stats    ]    Subphase: Pause Mark Try Complete                       0.000 / 0.000         0.000 / 0.000         0.000 / 0.000         0.000 / 0.000       ms
[610.309s][info][gc,stats    ]      System: Java Threads                                     74 / 74               75 / 89               75 / 89               75 / 89          threads
[610.310s][info][gc,stats    ] =========================================================================================================================================================
[613.583s][info][gc,start    ] GC(53) Garbage Collection (Proactive)
[613.585s][info][gc,task     ] GC(53) Using 2 workers
[613.586s][info][gc,phases   ] GC(53) Pause Mark Start 0.007ms
[613.703s][info][gc,phases   ] GC(53) Concurrent Mark 116.398ms
[613.704s][info][gc,phases   ] GC(53) Pause Mark End 0.017ms
[613.706s][info][gc,phases   ] GC(53) Concurrent Mark Free 0.002ms
[613.720s][info][gc,phases   ] GC(53) Concurrent Process Non-Strong References 13.357ms
[613.721s][info][gc,phases   ] GC(53) Concurrent Reset Relocation Set 0.010ms
[613.724s][info][gc,phases   ] GC(53) Concurrent Select Relocation Set 2.210ms
[613.725s][info][gc,phases   ] GC(53) Pause Relocate Start 0.030ms
[613.729s][info][gc,phases   ] GC(53) Concurrent Relocate 3.220ms
[613.730s][info][gc,load     ] GC(53) Load: 0.52/1.98/3.05
[613.731s][info][gc,mmu      ] GC(53) MMU: 2ms/0.0%, 5ms/0.0%, 10ms/37.1%, 20ms/68.6%, 50ms/87.4%, 100ms/93.7%
[613.732s][info][gc,marking  ] GC(53) Mark: 2 stripe(s), 4 proactive flush(es), 1 terminate flush(es), 0 completion(s), 0 continuation(s) 
[613.732s][info][gc,marking  ] GC(53) Mark Stack Usage: 32M
[613.733s][info][gc,nmethod  ] GC(53) NMethods: 6903 registered, 928 unregistered
[613.734s][info][gc,metaspace] GC(53) Metaspace: 52M used, 53M committed, 1072M reserved
[613.735s][info][gc,ref      ] GC(53) Soft: 5021 encountered, 0 discovered, 0 enqueued
[613.735s][info][gc,ref      ] GC(53) Weak: 3176 encountered, 1771 discovered, 0 enqueued
[613.736s][info][gc,ref      ] GC(53) Final: 85 encountered, 2 discovered, 2 enqueued
[613.737s][info][gc,ref      ] GC(53) Phantom: 481 encountered, 406 discovered, 0 enqueued
[613.738s][info][gc,reloc    ] GC(53) Small Pages: 141 / 282M, Empty: 56M, Relocated: 4M, In-Place: 0
[613.739s][info][gc,reloc    ] GC(53) Medium Pages: 1 / 32M, Empty: 0M, Relocated: 0M, In-Place: 0
[613.739s][info][gc,reloc    ] GC(53) Large Pages: 49 / 622M, Empty: 588M, Relocated: 0M, In-Place: 0
[613.740s][info][gc,reloc    ] GC(53) Forwarding Usage: 0M
[613.741s][info][gc,heap     ] GC(53) Min Capacity: 256M(6%)
[613.741s][info][gc,heap     ] GC(53) Max Capacity: 4096M(100%)
[613.742s][info][gc,heap     ] GC(53) Soft Max Capacity: 4096M(100%)
[613.743s][info][gc,heap     ] GC(53)                Mark Start          Mark End        Relocate Start      Relocate End           High               Low         
[613.744s][info][gc,heap     ] GC(53)  Capacity:     1110M (27%)        1110M (27%)        1110M (27%)        1110M (27%)        1110M (27%)        1110M (27%)    
[613.744s][info][gc,heap     ] GC(53)      Free:     3160M (77%)        3132M (76%)        3776M (92%)        3898M (95%)        3898M (95%)        3132M (76%)    
[613.746s][info][gc,heap     ] GC(53)      Used:      936M (23%)         964M (24%)         320M (8%)          198M (5%)          964M (24%)         198M (5%)     
[613.747s][info][gc,heap     ] GC(53)      Live:         -               129M (3%)          129M (3%)          129M (3%)             -                  -          
[613.748s][info][gc,heap     ] GC(53) Allocated:         -                28M (1%)           28M (1%)           27M (1%)             -                  -          
[613.749s][info][gc,heap     ] GC(53)   Garbage:         -               806M (20%)         162M (4%)           40M (1%)             -                  -          
[613.749s][info][gc,heap     ] GC(53) Reclaimed:         -                  -               644M (16%)         765M (19%)            -                  -          
[613.750s][info][gc          ] GC(53) Garbage Collection (Proactive) 936M(23%)->198M(5%)
[620.283s][info][gc,stats    ] === Garbage Collection Statistics =======================================================================================================================
[620.284s][info][gc,stats    ]                                                              Last 10s              Last 10m              Last 10h                Total
[620.284s][info][gc,stats    ]                                                              Avg / Max             Avg / Max             Avg / Max             Avg / Max
[620.285s][info][gc,stats    ]   Collector: Garbage Collection Cycle                    146.511 / 146.511     316.344 / 1899.884    395.058 / 2485.059    395.058 / 2485.059    ms
[620.286s][info][gc,stats    ]  Contention: Mark Segment Reset Contention                     0 / 0                 0 / 2                 0 / 2                 0 / 2           ops/s
[620.287s][info][gc,stats    ]  Contention: Mark SeqNum Reset Contention                      0 / 0                 0 / 1                 0 / 1                 0 / 1           ops/s
[620.288s][info][gc,stats    ]    Critical: Allocation Stall                                  0 / 0                 0 / 0                 0 / 0                 0 / 0           ops/s
[620.289s][info][gc,stats    ]    Critical: Allocation Stall                              0.000 / 0.000         0.000 / 0.000         0.000 / 0.000         0.000 / 0.000       ms
[620.290s][info][gc,stats    ]    Critical: GC Locker Stall                                   0 / 0                 0 / 0                 0 / 1                 0 / 1           ops/s
[620.291s][info][gc,stats    ]    Critical: GC Locker Stall                               0.000 / 0.000         0.000 / 0.000         0.002 / 0.002         0.002 / 0.002       ms
[620.291s][info][gc,stats    ]    Critical: Relocation Stall                                  0 / 0                 0 / 0                 0 / 0                 0 / 0           ops/s
[620.292s][info][gc,stats    ]    Critical: Relocation Stall                              0.000 / 0.000         0.000 / 0.000         0.000 / 0.000         0.000 / 0.000       ms
[620.294s][info][gc,stats    ]      Memory: Allocation Rate                                  74 / 504              68 / 552              68 / 552              68 / 552         MB/s
[620.294s][info][gc,stats    ]      Memory: Out Of Memory                                     0 / 0                 0 / 0                 0 / 0                 0 / 0           ops/s
[620.295s][info][gc,stats    ]      Memory: Page Cache Flush                                  0 / 0                 0 / 0                 0 / 0                 0 / 0           MB/s
[620.296s][info][gc,stats    ]      Memory: Page Cache Hit L1                                12 / 45               12 / 53               12 / 112              12 / 112         ops/s
[620.297s][info][gc,stats    ]      Memory: Page Cache Hit L2                                 0 / 0                 0 / 0                 0 / 0                 0 / 0           ops/s
[620.298s][info][gc,stats    ]      Memory: Page Cache Hit L3                                 0 / 0                 0 / 4                 0 / 31                0 / 31          ops/s
[620.299s][info][gc,stats    ]      Memory: Page Cache Miss                                   0 / 0                 0 / 28                0 / 88                0 / 88          ops/s
[620.300s][info][gc,stats    ]      Memory: Uncommit                                          0 / 0                 3 / 872               2 / 872               2 / 872         MB/s
[620.301s][info][gc,stats    ]      Memory: Undo Object Allocation Failed                     0 / 0                 0 / 1                 0 / 1                 0 / 1           ops/s
[620.302s][info][gc,stats    ]      Memory: Undo Object Allocation Succeeded                  0 / 0                 0 / 2                 0 / 2                 0 / 2           ops/s
[620.303s][info][gc,stats    ]      Memory: Undo Page Allocation                              0 / 0                 0 / 6                 0 / 25                0 / 25          ops/s
[620.304s][info][gc,stats    ]       Phase: Concurrent Mark                             116.398 / 116.398     248.699 / 1605.284    306.706 / 2153.078    306.706 / 2153.078    ms
[620.305s][info][gc,stats    ]       Phase: Concurrent Mark Continue                      0.000 / 0.000         0.000 / 0.000         0.000 / 0.000         0.000 / 0.000       ms
[620.305s][info][gc,stats    ]       Phase: Concurrent Mark Free                          0.002 / 0.002         0.004 / 0.067         0.004 / 0.067         0.004 / 0.067       ms
[620.306s][info][gc,stats    ]       Phase: Concurrent Process Non-Strong References     13.357 / 13.357       24.507 / 257.265      26.291 / 257.265      26.291 / 257.265     ms
[620.307s][info][gc,stats    ]       Phase: Concurrent Relocate                           3.220 / 3.220        15.025 / 414.818      27.719 / 511.550      27.719 / 511.550     ms
[620.308s][info][gc,stats    ]       Phase: Concurrent Reset Relocation Set               0.010 / 0.010         0.016 / 0.139         0.017 / 0.139         0.017 / 0.139       ms
[620.309s][info][gc,stats    ]       Phase: Concurrent Select Relocation Set              2.210 / 2.210         5.709 / 48.724        9.708 / 198.723       9.708 / 198.723     ms
[620.310s][info][gc,stats    ]       Phase: Pause Mark End                                0.017 / 0.017         0.052 / 1.316         0.050 / 1.316         0.050 / 1.316       ms
[620.310s][info][gc,stats    ]       Phase: Pause Mark Start                              0.007 / 0.007         0.191 / 6.286         0.185 / 6.286         0.185 / 6.286       ms
[620.311s][info][gc,stats    ]       Phase: Pause Relocate Start                          0.030 / 0.030         0.016 / 0.139         0.016 / 0.139         0.016 / 0.139       ms
[620.312s][info][gc,stats    ]    Subphase: Concurrent Classes Purge                      0.613 / 0.613         1.093 / 10.871        1.172 / 10.871        1.172 / 10.871      ms
[620.312s][info][gc,stats    ]    Subphase: Concurrent Classes Unlink                     8.809 / 8.809        18.795 / 206.267      19.330 / 206.267      19.330 / 206.267     ms
[620.313s][info][gc,stats    ]    Subphase: Concurrent Mark                             113.672 / 114.822     237.183 / 1437.717    295.020 / 2133.644    295.020 / 2133.644    ms
[620.314s][info][gc,stats    ]    Subphase: Concurrent Mark Try Flush                     0.725 / 2.310         1.588 / 29.593        2.240 / 43.966        2.240 / 43.966      ms
[620.314s][info][gc,stats    ]    Subphase: Concurrent Mark Try Terminate                 1.712 / 4.986         1.685 / 24.031        2.141 / 24.031        2.141 / 24.031      ms
[620.315s][info][gc,stats    ]    Subphase: Concurrent References Enqueue                 0.007 / 0.007         0.080 / 2.610         0.078 / 2.610         0.078 / 2.610       ms
[620.316s][info][gc,stats    ]    Subphase: Concurrent References Process                 0.752 / 0.752         0.816 / 6.377         0.839 / 6.377         0.839 / 6.377       ms
[620.316s][info][gc,stats    ]    Subphase: Concurrent Roots ClassLoaderDataGraph         0.191 / 0.355         0.815 / 47.494        0.810 / 47.494        0.810 / 47.494      ms
[620.317s][info][gc,stats    ]    Subphase: Concurrent Roots CodeCache                    0.000 / 0.000         0.000 / 0.000         0.000 / 0.000         0.000 / 0.000       ms
[620.319s][info][gc,stats    ]    Subphase: Concurrent Roots JavaThreads                  1.027 / 1.183         5.804 / 61.015        5.778 / 61.015        5.778 / 61.015      ms
[620.319s][info][gc,stats    ]    Subphase: Concurrent Roots OopStorageSet                0.037 / 0.052         1.135 / 72.582        1.115 / 72.582        1.115 / 72.582      ms
[620.320s][info][gc,stats    ]    Subphase: Concurrent Weak Roots OopStorageSet           2.340 / 2.340         1.757 / 14.084        1.757 / 14.084        1.757 / 14.084      ms
[620.321s][info][gc,stats    ]    Subphase: Pause Mark Try Complete                       0.000 / 0.000         0.000 / 0.000         0.000 / 0.000         0.000 / 0.000       ms
[620.321s][info][gc,stats    ]      System: Java Threads                                     74 / 74               76 / 89               75 / 89               75 / 89          threads
[620.322s][info][gc,stats    ] =========================================================================================================================================================
[624.583s][info][gc,start    ] GC(54) Garbage Collection (Proactive)
[624.584s][info][gc,task     ] GC(54) Using 2 workers
[624.585s][info][gc,phases   ] GC(54) Pause Mark Start 0.009ms
[624.691s][info][gc,phases   ] GC(54) Concurrent Mark 105.192ms
[624.693s][info][gc,phases   ] GC(54) Pause Mark End 0.015ms
[624.694s][info][gc,phases   ] GC(54) Concurrent Mark Free 0.001ms
[624.704s][info][gc,phases   ] GC(54) Concurrent Process Non-Strong References 9.629ms
[624.705s][info][gc,phases   ] GC(54) Concurrent Reset Relocation Set 0.009ms
[624.708s][info][gc,phases   ] GC(54) Concurrent Select Relocation Set 2.149ms
[624.709s][info][gc,phases   ] GC(54) Pause Relocate Start 0.008ms
[624.712s][info][gc,phases   ] GC(54) Concurrent Relocate 2.164ms
[624.713s][info][gc,load     ] GC(54) Load: 1.14/2.06/3.06
[624.714s][info][gc,mmu      ] GC(54) MMU: 2ms/0.0%, 5ms/0.0%, 10ms/37.1%, 20ms/68.6%, 50ms/87.4%, 100ms/93.7%
[624.715s][info][gc,marking  ] GC(54) Mark: 2 stripe(s), 3 proactive flush(es), 1 terminate flush(es), 0 completion(s), 0 continuation(s) 
[624.715s][info][gc,marking  ] GC(54) Mark Stack Usage: 32M
[624.716s][info][gc,nmethod  ] GC(54) NMethods: 6904 registered, 928 unregistered
[624.716s][info][gc,metaspace] GC(54) Metaspace: 52M used, 53M committed, 1072M reserved
[624.717s][info][gc,ref      ] GC(54) Soft: 5021 encountered, 0 discovered, 0 enqueued
[624.718s][info][gc,ref      ] GC(54) Weak: 3176 encountered, 379 discovered, 0 enqueued
[624.719s][info][gc,ref      ] GC(54) Final: 85 encountered, 16 discovered, 2 enqueued
[624.720s][info][gc,ref      ] GC(54) Phantom: 481 encountered, 383 discovered, 0 enqueued
[624.720s][info][gc,reloc    ] GC(54) Small Pages: 133 / 266M, Empty: 44M, Relocated: 3M, In-Place: 0
[624.721s][info][gc,reloc    ] GC(54) Medium Pages: 1 / 32M, Empty: 0M, Relocated: 0M, In-Place: 0
[624.721s][info][gc,reloc    ] GC(54) Large Pages: 51 / 634M, Empty: 600M, Relocated: 0M, In-Place: 0
[624.722s][info][gc,reloc    ] GC(54) Forwarding Usage: 0M
[624.722s][info][gc,heap     ] GC(54) Min Capacity: 256M(6%)
[624.723s][info][gc,heap     ] GC(54) Max Capacity: 4096M(100%)
[624.723s][info][gc,heap     ] GC(54) Soft Max Capacity: 4096M(100%)
[624.724s][info][gc,heap     ] GC(54)                Mark Start          Mark End        Relocate Start      Relocate End           High               Low         
[624.725s][info][gc,heap     ] GC(54)  Capacity:     1110M (27%)        1110M (27%)        1110M (27%)        1110M (27%)        1110M (27%)        1110M (27%)    
[624.725s][info][gc,heap     ] GC(54)      Free:     3164M (77%)        3148M (77%)        3792M (93%)        3910M (95%)        3910M (95%)        3148M (77%)    
[624.726s][info][gc,heap     ] GC(54)      Used:      932M (23%)         948M (23%)         304M (7%)          186M (5%)          948M (23%)         186M (5%)     
[624.726s][info][gc,heap     ] GC(54)      Live:         -               129M (3%)          129M (3%)          129M (3%)             -                  -          
[624.728s][info][gc,heap     ] GC(54) Allocated:         -                16M (0%)           16M (0%)           15M (0%)             -                  -          
[624.728s][info][gc,heap     ] GC(54)   Garbage:         -               802M (20%)         158M (4%)           40M (1%)             -                  -          
[624.729s][info][gc,heap     ] GC(54) Reclaimed:         -                  -               644M (16%)         761M (19%)            -                  -          
[624.730s][info][gc          ] GC(54) Garbage Collection (Proactive) 932M(23%)->186M(5%)
[630.283s][info][gc,stats    ] === Garbage Collection Statistics =======================================================================================================================
[630.285s][info][gc,stats    ]                                                              Last 10s              Last 10m              Last 10h                Total
[630.285s][info][gc,stats    ]                                                              Avg / Max             Avg / Max             Avg / Max             Avg / Max
[630.286s][info][gc,stats    ]   Collector: Garbage Collection Cycle                    129.551 / 129.551     305.347 / 1899.884    390.231 / 2485.059    390.231 / 2485.059    ms
[630.287s][info][gc,stats    ]  Contention: Mark Segment Reset Contention                     0 / 0                 0 / 2                 0 / 2                 0 / 2           ops/s
[630.288s][info][gc,stats    ]  Contention: Mark SeqNum Reset Contention                      0 / 0                 0 / 1                 0 / 1                 0 / 1           ops/s
[630.288s][info][gc,stats    ]    Critical: Allocation Stall                                  0 / 0                 0 / 0                 0 / 0                 0 / 0           ops/s
[630.289s][info][gc,stats    ]    Critical: Allocation Stall                              0.000 / 0.000         0.000 / 0.000         0.000 / 0.000         0.000 / 0.000       ms
[630.289s][info][gc,stats    ]    Critical: GC Locker Stall                                   0 / 0                 0 / 0                 0 / 1                 0 / 1           ops/s
[630.290s][info][gc,stats    ]    Critical: GC Locker Stall                               0.000 / 0.000         0.000 / 0.000         0.002 / 0.002         0.002 / 0.002       ms
[630.290s][info][gc,stats    ]    Critical: Relocation Stall                                  0 / 0                 0 / 0                 0 / 0                 0 / 0           ops/s
[630.291s][info][gc,stats    ]    Critical: Relocation Stall                              0.000 / 0.000         0.000 / 0.000         0.000 / 0.000         0.000 / 0.000       ms
[630.291s][info][gc,stats    ]      Memory: Allocation Rate                                  73 / 520              68 / 552              68 / 552              68 / 552         MB/s
[630.292s][info][gc,stats    ]      Memory: Out Of Memory                                     0 / 0                 0 / 0                 0 / 0                 0 / 0           ops/s
[630.293s][info][gc,stats    ]      Memory: Page Cache Flush                                  0 / 0                 0 / 0                 0 / 0                 0 / 0           MB/s
[630.293s][info][gc,stats    ]      Memory: Page Cache Hit L1                                12 / 52               12 / 53               12 / 112              12 / 112         ops/s
[630.294s][info][gc,stats    ]      Memory: Page Cache Hit L2                                 0 / 0                 0 / 0                 0 / 0                 0 / 0           ops/s
[630.294s][info][gc,stats    ]      Memory: Page Cache Hit L3                                 0 / 0                 0 / 4                 0 / 31                0 / 31          ops/s
[630.295s][info][gc,stats    ]      Memory: Page Cache Miss                                   0 / 0                 0 / 28                0 / 88                0 / 88          ops/s
[630.296s][info][gc,stats    ]      Memory: Uncommit                                          0 / 0                 3 / 872               2 / 872               2 / 872         MB/s
[630.297s][info][gc,stats    ]      Memory: Undo Object Allocation Failed                     0 / 0                 0 / 1                 0 / 1                 0 / 1           ops/s
[630.298s][info][gc,stats    ]      Memory: Undo Object Allocation Succeeded                  0 / 0                 0 / 2                 0 / 2                 0 / 2           ops/s
[630.298s][info][gc,stats    ]      Memory: Undo Page Allocation                              0 / 0                 0 / 6                 0 / 25                0 / 25          ops/s
[630.299s][info][gc,stats    ]       Phase: Concurrent Mark                             105.192 / 105.192     240.720 / 1605.284    303.042 / 2153.078    303.042 / 2153.078    ms
[630.299s][info][gc,stats    ]       Phase: Concurrent Mark Continue                      0.000 / 0.000         0.000 / 0.000         0.000 / 0.000         0.000 / 0.000       ms
[630.300s][info][gc,stats    ]       Phase: Concurrent Mark Free                          0.001 / 0.001         0.003 / 0.067         0.003 / 0.067         0.003 / 0.067       ms
[630.301s][info][gc,stats    ]       Phase: Concurrent Process Non-Strong References      9.629 / 9.629        23.761 / 257.265      25.988 / 257.265      25.988 / 257.265     ms
[630.301s][info][gc,stats    ]       Phase: Concurrent Relocate                           2.164 / 2.164        13.339 / 414.818      27.255 / 511.550      27.255 / 511.550     ms
[630.302s][info][gc,stats    ]       Phase: Concurrent Reset Relocation Set               0.009 / 0.009         0.014 / 0.082         0.016 / 0.139         0.016 / 0.139       ms
[630.302s][info][gc,stats    ]       Phase: Concurrent Select Relocation Set              2.149 / 2.149         5.612 / 48.724        9.571 / 198.723       9.571 / 198.723     ms
[630.303s][info][gc,stats    ]       Phase: Pause Mark End                                0.015 / 0.015         0.051 / 1.316         0.050 / 1.316         0.050 / 1.316       ms
[630.303s][info][gc,stats    ]       Phase: Pause Mark Start                              0.009 / 0.009         0.191 / 6.286         0.182 / 6.286         0.182 / 6.286       ms
[630.304s][info][gc,stats    ]       Phase: Pause Relocate Start                          0.008 / 0.008         0.016 / 0.139         0.016 / 0.139         0.016 / 0.139       ms
[630.305s][info][gc,stats    ]    Subphase: Concurrent Classes Purge                      0.470 / 0.470         1.096 / 10.871        1.159 / 10.871        1.159 / 10.871      ms
[630.305s][info][gc,stats    ]    Subphase: Concurrent Classes Unlink                     7.571 / 7.571        18.116 / 206.267      19.117 / 206.267      19.117 / 206.267     ms
[630.306s][info][gc,stats    ]    Subphase: Concurrent Mark                             102.811 / 103.302     229.480 / 1437.717    291.526 / 2133.644    291.526 / 2133.644    ms
[630.306s][info][gc,stats    ]    Subphase: Concurrent Mark Try Flush                     0.243 / 0.333         1.492 / 29.593        2.199 / 43.966        2.199 / 43.966      ms
[630.307s][info][gc,stats    ]    Subphase: Concurrent Mark Try Terminate                 0.821 / 1.364         1.701 / 24.031        2.129 / 24.031        2.129 / 24.031      ms
[630.308s][info][gc,stats    ]    Subphase: Concurrent References Enqueue                 0.035 / 0.035         0.080 / 2.610         0.077 / 2.610         0.077 / 2.610       ms
[630.309s][info][gc,stats    ]    Subphase: Concurrent References Process                 0.285 / 0.285         0.774 / 6.377         0.829 / 6.377         0.829 / 6.377       ms
[630.309s][info][gc,stats    ]    Subphase: Concurrent Roots ClassLoaderDataGraph         0.190 / 0.351         0.805 / 47.494        0.798 / 47.494        0.798 / 47.494      ms
[630.310s][info][gc,stats    ]    Subphase: Concurrent Roots CodeCache                    0.000 / 0.000         0.000 / 0.000         0.000 / 0.000         0.000 / 0.000       ms
[630.311s][info][gc,stats    ]    Subphase: Concurrent Roots JavaThreads                  1.103 / 1.277         5.758 / 61.015        5.693 / 61.015        5.693 / 61.015      ms
[630.312s][info][gc,stats    ]    Subphase: Concurrent Roots OopStorageSet                0.033 / 0.051         1.123 / 72.582        1.092 / 72.582        1.092 / 72.582      ms
[630.312s][info][gc,stats    ]    Subphase: Concurrent Weak Roots OopStorageSet           0.853 / 0.881         1.741 / 14.084        1.740 / 14.084        1.740 / 14.084      ms
[630.313s][info][gc,stats    ]    Subphase: Pause Mark Try Complete                       0.000 / 0.000         0.000 / 0.000         0.000 / 0.000         0.000 / 0.000       ms
[630.314s][info][gc,stats    ]      System: Java Threads                                     74 / 74               77 / 89               75 / 89               75 / 89          threads
[630.314s][info][gc,stats    ] =========================================================================================================================================================
[635.583s][info][gc,start    ] GC(55) Garbage Collection (Proactive)
[635.584s][info][gc,task     ] GC(55) Using 2 workers
[635.585s][info][gc,phases   ] GC(55) Pause Mark Start 0.009ms
[635.685s][info][gc,phases   ] GC(55) Concurrent Mark 98.546ms
[635.686s][info][gc,phases   ] GC(55) Pause Mark End 0.015ms
[635.686s][info][gc,phases   ] GC(55) Concurrent Mark Free 0.001ms
[635.696s][info][gc,phases   ] GC(55) Concurrent Process Non-Strong References 9.123ms
[635.697s][info][gc,phases   ] GC(55) Concurrent Reset Relocation Set 0.009ms
[635.700s][info][gc,phases   ] GC(55) Concurrent Select Relocation Set 1.988ms
[635.701s][info][gc,phases   ] GC(55) Pause Relocate Start 0.009ms
[635.703s][info][gc,phases   ] GC(55) Concurrent Relocate 1.583ms
[635.704s][info][gc,load     ] GC(55) Load: 0.97/1.99/3.03
[635.705s][info][gc,mmu      ] GC(55) MMU: 2ms/0.0%, 5ms/0.0%, 10ms/37.1%, 20ms/68.6%, 50ms/87.4%, 100ms/93.7%
[635.705s][info][gc,marking  ] GC(55) Mark: 2 stripe(s), 2 proactive flush(es), 1 terminate flush(es), 0 completion(s), 0 continuation(s) 
[635.706s][info][gc,marking  ] GC(55) Mark Stack Usage: 32M
[635.707s][info][gc,nmethod  ] GC(55) NMethods: 6905 registered, 928 unregistered
[635.707s][info][gc,metaspace] GC(55) Metaspace: 52M used, 53M committed, 1072M reserved
[635.708s][info][gc,ref      ] GC(55) Soft: 5021 encountered, 0 discovered, 0 enqueued
[635.709s][info][gc,ref      ] GC(55) Weak: 3176 encountered, 407 discovered, 0 enqueued
[635.710s][info][gc,ref      ] GC(55) Final: 85 encountered, 2 discovered, 2 enqueued
[635.710s][info][gc,ref      ] GC(55) Phantom: 481 encountered, 421 discovered, 0 enqueued
[635.711s][info][gc,reloc    ] GC(55) Small Pages: 140 / 280M, Empty: 58M, Relocated: 2M, In-Place: 0
[635.712s][info][gc,reloc    ] GC(55) Medium Pages: 1 / 32M, Empty: 0M, Relocated: 0M, In-Place: 0
[635.713s][info][gc,reloc    ] GC(55) Large Pages: 51 / 634M, Empty: 600M, Relocated: 0M, In-Place: 0
[635.713s][info][gc,reloc    ] GC(55) Forwarding Usage: 0M
[635.714s][info][gc,heap     ] GC(55) Min Capacity: 256M(6%)
[635.714s][info][gc,heap     ] GC(55) Max Capacity: 4096M(100%)
[635.715s][info][gc,heap     ] GC(55) Soft Max Capacity: 4096M(100%)
[635.716s][info][gc,heap     ] GC(55)                Mark Start          Mark End        Relocate Start      Relocate End           High               Low         
[635.716s][info][gc,heap     ] GC(55)  Capacity:     1110M (27%)        1110M (27%)        1110M (27%)        1110M (27%)        1110M (27%)        1110M (27%)    
[635.717s][info][gc,heap     ] GC(55)      Free:     3150M (77%)        3134M (77%)        3792M (93%)        3910M (95%)        3910M (95%)        3134M (77%)    
[635.718s][info][gc,heap     ] GC(55)      Used:      946M (23%)         962M (23%)         304M (7%)          186M (5%)          962M (23%)         186M (5%)     
[635.718s][info][gc,heap     ] GC(55)      Live:         -               128M (3%)          128M (3%)          128M (3%)             -                  -          
[635.720s][info][gc,heap     ] GC(55) Allocated:         -                16M (0%)           16M (0%)           15M (0%)             -                  -          
[635.720s][info][gc,heap     ] GC(55)   Garbage:         -               817M (20%)         159M (4%)           41M (1%)             -                  -          
[635.721s][info][gc,heap     ] GC(55) Reclaimed:         -                  -               658M (16%)         775M (19%)            -                  -          
[635.721s][info][gc          ] GC(55) Garbage Collection (Proactive) 946M(23%)->186M(5%)
[640.283s][info][gc,stats    ] === Garbage Collection Statistics =======================================================================================================================
[640.284s][info][gc,stats    ]                                                              Last 10s              Last 10m              Last 10h                Total
[640.284s][info][gc,stats    ]                                                              Avg / Max             Avg / Max             Avg / Max             Avg / Max
[640.285s][info][gc,stats    ]   Collector: Garbage Collection Cycle                    121.008 / 121.008     271.138 / 1847.674    385.423 / 2485.059    385.423 / 2485.059    ms
[640.286s][info][gc,stats    ]  Contention: Mark Segment Reset Contention                     0 / 0                 0 / 2                 0 / 2                 0 / 2           ops/s
[640.286s][info][gc,stats    ]  Contention: Mark SeqNum Reset Contention                      0 / 0                 0 / 1                 0 / 1                 0 / 1           ops/s
[640.287s][info][gc,stats    ]    Critical: Allocation Stall                                  0 / 0                 0 / 0                 0 / 0                 0 / 0           ops/s
[640.288s][info][gc,stats    ]    Critical: Allocation Stall                              0.000 / 0.000         0.000 / 0.000         0.000 / 0.000         0.000 / 0.000       ms
[640.289s][info][gc,stats    ]    Critical: GC Locker Stall                                   0 / 0                 0 / 0                 0 / 1                 0 / 1           ops/s
[640.289s][info][gc,stats    ]    Critical: GC Locker Stall                               0.000 / 0.000         0.000 / 0.000         0.002 / 0.002         0.002 / 0.002       ms
[640.290s][info][gc,stats    ]    Critical: Relocation Stall                                  0 / 0                 0 / 0                 0 / 0                 0 / 0           ops/s
[640.291s][info][gc,stats    ]    Critical: Relocation Stall                              0.000 / 0.000         0.000 / 0.000         0.000 / 0.000         0.000 / 0.000       ms
[640.291s][info][gc,stats    ]      Memory: Allocation Rate                                  75 / 504              69 / 552              68 / 552              68 / 552         MB/s
[640.292s][info][gc,stats    ]      Memory: Out Of Memory                                     0 / 0                 0 / 0                 0 / 0                 0 / 0           ops/s
[640.292s][info][gc,stats    ]      Memory: Page Cache Flush                                  0 / 0                 0 / 0                 0 / 0                 0 / 0           MB/s
[640.293s][info][gc,stats    ]      Memory: Page Cache Hit L1                                13 / 44               12 / 53               12 / 112              12 / 112         ops/s
[640.294s][info][gc,stats    ]      Memory: Page Cache Hit L2                                 0 / 0                 0 / 0                 0 / 0                 0 / 0           ops/s
[640.294s][info][gc,stats    ]      Memory: Page Cache Hit L3                                 0 / 0                 0 / 4                 0 / 31                0 / 31          ops/s
[640.295s][info][gc,stats    ]      Memory: Page Cache Miss                                   0 / 0                 0 / 28                0 / 88                0 / 88          ops/s
[640.296s][info][gc,stats    ]      Memory: Uncommit                                          0 / 0                 3 / 872               2 / 872               2 / 872         MB/s
[640.297s][info][gc,stats    ]      Memory: Undo Object Allocation Failed                     0 / 0                 0 / 0                 0 / 1                 0 / 1           ops/s
[640.297s][info][gc,stats    ]      Memory: Undo Object Allocation Succeeded                  0 / 0                 0 / 2                 0 / 2                 0 / 2           ops/s
[640.298s][info][gc,stats    ]      Memory: Undo Page Allocation                              0 / 0                 0 / 6                 0 / 25                0 / 25          ops/s
[640.298s][info][gc,stats    ]       Phase: Concurrent Mark                              98.546 / 98.546      221.603 / 1605.284    299.390 / 2153.078    299.390 / 2153.078    ms
[640.299s][info][gc,stats    ]       Phase: Concurrent Mark Continue                      0.000 / 0.000         0.000 / 0.000         0.000 / 0.000         0.000 / 0.000       ms
[640.299s][info][gc,stats    ]       Phase: Concurrent Mark Free                          0.001 / 0.001         0.003 / 0.067         0.003 / 0.067         0.003 / 0.067       ms
[640.300s][info][gc,stats    ]       Phase: Concurrent Process Non-Strong References      9.123 / 9.123        18.989 / 115.687      25.687 / 257.265      25.687 / 257.265     ms
[640.300s][info][gc,stats    ]       Phase: Concurrent Relocate                           1.583 / 1.583         5.392 / 58.129       26.796 / 511.550      26.796 / 511.550     ms
[640.301s][info][gc,stats    ]       Phase: Concurrent Reset Relocation Set               0.009 / 0.009         0.013 / 0.082         0.016 / 0.139         0.016 / 0.139       ms
[640.302s][info][gc,stats    ]       Phase: Concurrent Select Relocation Set              1.988 / 1.988         4.713 / 38.912        9.436 / 198.723       9.436 / 198.723     ms
[640.302s][info][gc,stats    ]       Phase: Pause Mark End                                0.015 / 0.015         0.051 / 1.316         0.049 / 1.316         0.049 / 1.316       ms
[640.303s][info][gc,stats    ]       Phase: Pause Mark Start                              0.009 / 0.009         0.071 / 2.380         0.179 / 6.286         0.179 / 6.286       ms
[640.303s][info][gc,stats    ]       Phase: Pause Relocate Start                          0.009 / 0.009         0.014 / 0.051         0.016 / 0.139         0.016 / 0.139       ms
[640.304s][info][gc,stats    ]    Subphase: Concurrent Classes Purge                      0.464 / 0.464         0.896 / 5.505         1.147 / 10.871        1.147 / 10.871      ms
[640.305s][info][gc,stats    ]    Subphase: Concurrent Classes Unlink                     7.161 / 7.161        14.287 / 86.900       18.903 / 206.267      18.903 / 206.267     ms
[640.305s][info][gc,stats    ]    Subphase: Concurrent Mark                              96.463 / 96.812      211.049 / 1437.717    288.042 / 2133.644    288.042 / 2133.644    ms
[640.306s][info][gc,stats    ]    Subphase: Concurrent Mark Try Flush                     0.304 / 0.512         1.188 / 21.648        2.169 / 43.966        2.169 / 43.966      ms
[640.306s][info][gc,stats    ]    Subphase: Concurrent Mark Try Terminate                 0.467 / 1.196         1.417 / 24.031        2.120 / 24.031        2.120 / 24.031      ms
[640.307s][info][gc,stats    ]    Subphase: Concurrent References Enqueue                 0.007 / 0.007         0.080 / 2.610         0.076 / 2.610         0.076 / 2.610       ms
[640.307s][info][gc,stats    ]    Subphase: Concurrent References Process                 0.247 / 0.247         0.765 / 6.377         0.819 / 6.377         0.819 / 6.377       ms
[640.308s][info][gc,stats    ]    Subphase: Concurrent Roots ClassLoaderDataGraph         0.196 / 0.369         0.800 / 47.494        0.787 / 47.494        0.787 / 47.494      ms
[640.308s][info][gc,stats    ]    Subphase: Concurrent Roots CodeCache                    0.000 / 0.000         0.000 / 0.000         0.000 / 0.000         0.000 / 0.000       ms
[640.309s][info][gc,stats    ]    Subphase: Concurrent Roots JavaThreads                  1.101 / 1.269         5.211 / 61.015        5.611 / 61.015        5.611 / 61.015      ms
[640.310s][info][gc,stats    ]    Subphase: Concurrent Roots OopStorageSet                0.083 / 0.120         1.115 / 72.582        1.072 / 72.582        1.072 / 72.582      ms
[640.311s][info][gc,stats    ]    Subphase: Concurrent Weak Roots OopStorageSet           0.867 / 0.893         1.522 / 14.084        1.723 / 14.084        1.723 / 14.084      ms
[640.311s][info][gc,stats    ]    Subphase: Pause Mark Try Complete                       0.000 / 0.000         0.000 / 0.000         0.000 / 0.000         0.000 / 0.000       ms
[640.312s][info][gc,stats    ]      System: Java Threads                                     74 / 74               76 / 89               75 / 89               75 / 89          threads
[640.313s][info][gc,stats    ] =========================================================================================================================================================
[646.583s][info][gc,start    ] GC(56) Garbage Collection (Proactive)
[646.585s][info][gc,task     ] GC(56) Using 2 workers
[646.586s][info][gc,phases   ] GC(56) Pause Mark Start 0.007ms
[646.678s][info][gc,phases   ] GC(56) Concurrent Mark 92.079ms
[646.680s][info][gc,phases   ] GC(56) Pause Mark End 0.015ms
[646.680s][info][gc,phases   ] GC(56) Concurrent Mark Free 0.002ms
[646.696s][info][gc,phases   ] GC(56) Concurrent Process Non-Strong References 14.773ms
[646.697s][info][gc,phases   ] GC(56) Concurrent Reset Relocation Set 0.012ms
[646.704s][info][gc,phases   ] GC(56) Concurrent Select Relocation Set 5.471ms
[646.705s][info][gc,phases   ] GC(56) Pause Relocate Start 0.011ms
[646.709s][info][gc,phases   ] GC(56) Concurrent Relocate 3.101ms
[646.710s][info][gc,load     ] GC(56) Load: 0.75/1.89/2.98
[646.711s][info][gc,mmu      ] GC(56) MMU: 2ms/0.0%, 5ms/0.0%, 10ms/37.1%, 20ms/68.6%, 50ms/87.4%, 100ms/93.7%
[646.712s][info][gc,marking  ] GC(56) Mark: 2 stripe(s), 5 proactive flush(es), 1 terminate flush(es), 0 completion(s), 0 continuation(s) 
[646.713s][info][gc,marking  ] GC(56) Mark Stack Usage: 32M
[646.713s][info][gc,nmethod  ] GC(56) NMethods: 6907 registered, 928 unregistered
[646.714s][info][gc,metaspace] GC(56) Metaspace: 52M used, 53M committed, 1072M reserved
[646.715s][info][gc,ref      ] GC(56) Soft: 5021 encountered, 0 discovered, 0 enqueued
[646.716s][info][gc,ref      ] GC(56) Weak: 3176 encountered, 382 discovered, 0 enqueued
[646.717s][info][gc,ref      ] GC(56) Final: 85 encountered, 2 discovered, 2 enqueued
[646.720s][info][gc,ref      ] GC(56) Phantom: 481 encountered, 364 discovered, 0 enqueued
[646.721s][info][gc,reloc    ] GC(56) Small Pages: 141 / 282M, Empty: 58M, Relocated: 3M, In-Place: 0
[646.722s][info][gc,reloc    ] GC(56) Medium Pages: 1 / 32M, Empty: 0M, Relocated: 0M, In-Place: 0
[646.723s][info][gc,reloc    ] GC(56) Large Pages: 51 / 634M, Empty: 600M, Relocated: 0M, In-Place: 0
[646.724s][info][gc,reloc    ] GC(56) Forwarding Usage: 0M
[646.725s][info][gc,heap     ] GC(56) Min Capacity: 256M(6%)
[646.726s][info][gc,heap     ] GC(56) Max Capacity: 4096M(100%)
[646.728s][info][gc,heap     ] GC(56) Soft Max Capacity: 4096M(100%)
[646.729s][info][gc,heap     ] GC(56)                Mark Start          Mark End        Relocate Start      Relocate End           High               Low         
[646.730s][info][gc,heap     ] GC(56)  Capacity:     1110M (27%)        1110M (27%)        1110M (27%)        1110M (27%)        1110M (27%)        1110M (27%)    
[646.730s][info][gc,heap     ] GC(56)      Free:     3148M (77%)        3132M (76%)        3790M (93%)        3910M (95%)        3910M (95%)        3132M (76%)    
[646.731s][info][gc,heap     ] GC(56)      Used:      948M (23%)         964M (24%)         306M (7%)          186M (5%)          964M (24%)         186M (5%)     
[646.732s][info][gc,heap     ] GC(56)      Live:         -               128M (3%)          128M (3%)          128M (3%)             -                  -          
[646.734s][info][gc,heap     ] GC(56) Allocated:         -                16M (0%)           16M (0%)           15M (0%)             -                  -          
[646.734s][info][gc,heap     ] GC(56)   Garbage:         -               819M (20%)         161M (4%)           41M (1%)             -                  -          
[646.736s][info][gc,heap     ] GC(56) Reclaimed:         -                  -               658M (16%)         777M (19%)            -                  -          
[646.737s][info][gc          ] GC(56) Garbage Collection (Proactive) 948M(23%)->186M(5%)
[650.283s][info][gc,stats    ] === Garbage Collection Statistics =======================================================================================================================
[650.283s][info][gc,stats    ]                                                              Last 10s              Last 10m              Last 10h                Total
[650.284s][info][gc,stats    ]                                                              Avg / Max             Avg / Max             Avg / Max             Avg / Max
[650.285s][info][gc,stats    ]   Collector: Garbage Collection Cycle                    127.012 / 127.012     268.418 / 1847.674    380.889 / 2485.059    380.889 / 2485.059    ms
[650.285s][info][gc,stats    ]  Contention: Mark Segment Reset Contention                     0 / 0                 0 / 2                 0 / 2                 0 / 2           ops/s
[650.286s][info][gc,stats    ]  Contention: Mark SeqNum Reset Contention                      0 / 0                 0 / 1                 0 / 1                 0 / 1           ops/s
[650.287s][info][gc,stats    ]    Critical: Allocation Stall                                  0 / 0                 0 / 0                 0 / 0                 0 / 0           ops/s
[650.287s][info][gc,stats    ]    Critical: Allocation Stall                              0.000 / 0.000         0.000 / 0.000         0.000 / 0.000         0.000 / 0.000       ms
[650.288s][info][gc,stats    ]    Critical: GC Locker Stall                                   0 / 0                 0 / 0                 0 / 1                 0 / 1           ops/s
[650.289s][info][gc,stats    ]    Critical: GC Locker Stall                               0.000 / 0.000         0.000 / 0.000         0.002 / 0.002         0.002 / 0.002       ms
[650.289s][info][gc,stats    ]    Critical: Relocation Stall                                  0 / 0                 0 / 0                 0 / 0                 0 / 0           ops/s
[650.290s][info][gc,stats    ]    Critical: Relocation Stall                              0.000 / 0.000         0.000 / 0.000         0.000 / 0.000         0.000 / 0.000       ms
[650.290s][info][gc,stats    ]      Memory: Allocation Rate                                  74 / 504              70 / 552              68 / 552              68 / 552         MB/s
[650.291s][info][gc,stats    ]      Memory: Out Of Memory                                     0 / 0                 0 / 0                 0 / 0                 0 / 0           ops/s
[650.292s][info][gc,stats    ]      Memory: Page Cache Flush                                  0 / 0                 0 / 0                 0 / 0                 0 / 0           MB/s
[650.292s][info][gc,stats    ]      Memory: Page Cache Hit L1                                12 / 44               12 / 53               12 / 112              12 / 112         ops/s
[650.293s][info][gc,stats    ]      Memory: Page Cache Hit L2                                 0 / 0                 0 / 0                 0 / 0                 0 / 0           ops/s
[650.293s][info][gc,stats    ]      Memory: Page Cache Hit L3                                 0 / 0                 0 / 3                 0 / 31                0 / 31          ops/s
[650.294s][info][gc,stats    ]      Memory: Page Cache Miss                                   0 / 0                 0 / 28                0 / 88                0 / 88          ops/s
[650.295s][info][gc,stats    ]      Memory: Uncommit                                          0 / 0                 3 / 872               2 / 872               2 / 872         MB/s
[650.296s][info][gc,stats    ]      Memory: Undo Object Allocation Failed                     0 / 0                 0 / 0                 0 / 1                 0 / 1           ops/s
[650.296s][info][gc,stats    ]      Memory: Undo Object Allocation Succeeded                  0 / 0                 0 / 2                 0 / 2                 0 / 2           ops/s
[650.297s][info][gc,stats    ]      Memory: Undo Page Allocation                              0 / 0                 0 / 6                 0 / 25                0 / 25          ops/s
[650.297s][info][gc,stats    ]       Phase: Concurrent Mark                              92.079 / 92.079      219.159 / 1605.284    295.753 / 2153.078    295.753 / 2153.078    ms
[650.298s][info][gc,stats    ]       Phase: Concurrent Mark Continue                      0.000 / 0.000         0.000 / 0.000         0.000 / 0.000         0.000 / 0.000       ms
[650.299s][info][gc,stats    ]       Phase: Concurrent Mark Free                          0.002 / 0.002         0.003 / 0.067         0.003 / 0.067         0.003 / 0.067       ms
[650.300s][info][gc,stats    ]       Phase: Concurrent Process Non-Strong References     14.773 / 14.773       18.909 / 115.687      25.496 / 257.265      25.496 / 257.265     ms
[650.300s][info][gc,stats    ]       Phase: Concurrent Relocate                           3.101 / 3.101         5.349 / 58.129       26.381 / 511.550      26.381 / 511.550     ms
[650.301s][info][gc,stats    ]       Phase: Concurrent Reset Relocation Set               0.012 / 0.012         0.013 / 0.082         0.016 / 0.139         0.016 / 0.139       ms
[650.302s][info][gc,stats    ]       Phase: Concurrent Select Relocation Set              5.471 / 5.471         4.727 / 38.912        9.366 / 198.723       9.366 / 198.723     ms
[650.303s][info][gc,stats    ]       Phase: Pause Mark End                                0.015 / 0.015         0.050 / 1.316         0.049 / 1.316         0.049 / 1.316       ms
[650.304s][info][gc,stats    ]       Phase: Pause Mark Start                              0.007 / 0.007         0.069 / 2.380         0.176 / 6.286         0.176 / 6.286       ms
[650.305s][info][gc,stats    ]       Phase: Pause Relocate Start                          0.011 / 0.011         0.013 / 0.051         0.016 / 0.139         0.016 / 0.139       ms
[650.305s][info][gc,stats    ]    Subphase: Concurrent Classes Purge                      0.476 / 0.476         0.888 / 5.505         1.135 / 10.871        1.135 / 10.871      ms
[650.306s][info][gc,stats    ]    Subphase: Concurrent Classes Unlink                    12.188 / 12.188       14.248 / 86.900       18.785 / 206.267      18.785 / 206.267     ms
[650.307s][info][gc,stats    ]    Subphase: Concurrent Mark                              90.077 / 90.372      208.766 / 1437.717    284.569 / 2133.644    284.569 / 2133.644    ms
[650.307s][info][gc,stats    ]    Subphase: Concurrent Mark Try Flush                     0.283 / 0.355         1.159 / 21.648        2.113 / 43.966        2.113 / 43.966      ms
[650.308s][info][gc,stats    ]    Subphase: Concurrent Mark Try Terminate                 0.854 / 1.311         1.404 / 24.031        2.106 / 24.031        2.106 / 24.031      ms
[650.309s][info][gc,stats    ]    Subphase: Concurrent References Enqueue                 0.007 / 0.007         0.078 / 2.610         0.075 / 2.610         0.075 / 2.610       ms
[650.309s][info][gc,stats    ]    Subphase: Concurrent References Process                 0.367 / 0.367         0.757 / 6.377         0.811 / 6.377         0.811 / 6.377       ms
[650.310s][info][gc,stats    ]    Subphase: Concurrent Roots ClassLoaderDataGraph         0.153 / 0.282         0.787 / 47.494        0.776 / 47.494        0.776 / 47.494      ms
[650.311s][info][gc,stats    ]    Subphase: Concurrent Roots CodeCache                    0.000 / 0.000         0.000 / 0.000         0.000 / 0.000         0.000 / 0.000       ms
[650.311s][info][gc,stats    ]    Subphase: Concurrent Roots JavaThreads                  1.091 / 1.207         5.134 / 61.015        5.532 / 61.015        5.532 / 61.015      ms
[650.312s][info][gc,stats    ]    Subphase: Concurrent Roots OopStorageSet                0.052 / 0.086         1.093 / 72.582        1.052 / 72.582        1.052 / 72.582      ms
[650.313s][info][gc,stats    ]    Subphase: Concurrent Weak Roots OopStorageSet           1.091 / 1.105         1.514 / 14.084        1.712 / 14.084        1.712 / 14.084      ms
[650.313s][info][gc,stats    ]    Subphase: Pause Mark Try Complete                       0.000 / 0.000         0.000 / 0.000         0.000 / 0.000         0.000 / 0.000       ms
[650.314s][info][gc,stats    ]      System: Java Threads                                     74 / 74               76 / 89               75 / 89               75 / 89          threads
[650.317s][info][gc,stats    ] =========================================================================================================================================================
[657.583s][info][gc,start    ] GC(57) Garbage Collection (Proactive)
[657.584s][info][gc,task     ] GC(57) Using 2 workers
[657.585s][info][gc,phases   ] GC(57) Pause Mark Start 0.007ms
[657.668s][info][gc,phases   ] GC(57) Concurrent Mark 82.711ms
[657.669s][info][gc,phases   ] GC(57) Pause Mark End 0.065ms
[657.670s][info][gc,phases   ] GC(57) Concurrent Mark Free 0.001ms
[657.681s][info][gc,phases   ] GC(57) Concurrent Process Non-Strong References 10.033ms
[657.681s][info][gc,phases   ] GC(57) Concurrent Reset Relocation Set 0.008ms
[657.684s][info][gc,phases   ] GC(57) Concurrent Select Relocation Set 1.806ms
[657.685s][info][gc,phases   ] GC(57) Pause Relocate Start 0.009ms
[657.688s][info][gc,phases   ] GC(57) Concurrent Relocate 2.115ms
[657.688s][info][gc,load     ] GC(57) Load: 0.72/1.85/2.96
[657.689s][info][gc,mmu      ] GC(57) MMU: 2ms/0.0%, 5ms/0.0%, 10ms/37.1%, 20ms/68.6%, 50ms/87.4%, 100ms/93.7%
[657.690s][info][gc,marking  ] GC(57) Mark: 2 stripe(s), 2 proactive flush(es), 1 terminate flush(es), 0 completion(s), 0 continuation(s) 
[657.690s][info][gc,marking  ] GC(57) Mark Stack Usage: 32M
[657.691s][info][gc,nmethod  ] GC(57) NMethods: 6913 registered, 928 unregistered
[657.691s][info][gc,metaspace] GC(57) Metaspace: 52M used, 53M committed, 1072M reserved
[657.692s][info][gc,ref      ] GC(57) Soft: 5021 encountered, 0 discovered, 0 enqueued
[657.693s][info][gc,ref      ] GC(57) Weak: 3176 encountered, 1064 discovered, 0 enqueued
[657.693s][info][gc,ref      ] GC(57) Final: 86 encountered, 28 discovered, 3 enqueued
[657.694s][info][gc,ref      ] GC(57) Phantom: 481 encountered, 425 discovered, 0 enqueued
[657.694s][info][gc,reloc    ] GC(57) Small Pages: 132 / 264M, Empty: 42M, Relocated: 3M, In-Place: 0
[657.695s][info][gc,reloc    ] GC(57) Medium Pages: 1 / 32M, Empty: 0M, Relocated: 0M, In-Place: 0
[657.695s][info][gc,reloc    ] GC(57) Large Pages: 51 / 634M, Empty: 600M, Relocated: 0M, In-Place: 0
[657.696s][info][gc,reloc    ] GC(57) Forwarding Usage: 0M
[657.696s][info][gc,heap     ] GC(57) Min Capacity: 256M(6%)
[657.697s][info][gc,heap     ] GC(57) Max Capacity: 4096M(100%)
[657.698s][info][gc,heap     ] GC(57) Soft Max Capacity: 4096M(100%)
[657.698s][info][gc,heap     ] GC(57)                Mark Start          Mark End        Relocate Start      Relocate End           High               Low         
[657.699s][info][gc,heap     ] GC(57)  Capacity:     1110M (27%)        1110M (27%)        1110M (27%)        1110M (27%)        1110M (27%)        1110M (27%)    
[657.699s][info][gc,heap     ] GC(57)      Free:     3166M (77%)        3150M (77%)        3792M (93%)        3908M (95%)        3908M (95%)        3150M (77%)    
[657.700s][info][gc,heap     ] GC(57)      Used:      930M (23%)         946M (23%)         304M (7%)          188M (5%)          946M (23%)         188M (5%)     
[657.700s][info][gc,heap     ] GC(57)      Live:         -               128M (3%)          128M (3%)          128M (3%)             -                  -          
[657.701s][info][gc,heap     ] GC(57) Allocated:         -                16M (0%)           16M (0%)           15M (0%)             -                  -          
[657.701s][info][gc,heap     ] GC(57)   Garbage:         -               801M (20%)         159M (4%)           43M (1%)             -                  -          
[657.702s][info][gc,heap     ] GC(57) Reclaimed:         -                  -               642M (16%)         757M (19%)            -                  -          
[657.702s][info][gc          ] GC(57) Garbage Collection (Proactive) 930M(23%)->188M(5%)
[660.283s][info][gc,stats    ] === Garbage Collection Statistics =======================================================================================================================
[660.284s][info][gc,stats    ]                                                              Last 10s              Last 10m              Last 10h                Total
[660.284s][info][gc,stats    ]                                                              Avg / Max             Avg / Max             Avg / Max             Avg / Max
[660.285s][info][gc,stats    ]   Collector: Garbage Collection Cycle                    105.296 / 105.296     265.398 / 1847.674    376.138 / 2485.059    376.138 / 2485.059    ms
[660.286s][info][gc,stats    ]  Contention: Mark Segment Reset Contention                     0 / 0                 0 / 2                 0 / 2                 0 / 2           ops/s
[660.286s][info][gc,stats    ]  Contention: Mark SeqNum Reset Contention                      0 / 0                 0 / 1                 0 / 1                 0 / 1           ops/s
[660.287s][info][gc,stats    ]    Critical: Allocation Stall                                  0 / 0                 0 / 0                 0 / 0                 0 / 0           ops/s
[660.287s][info][gc,stats    ]    Critical: Allocation Stall                              0.000 / 0.000         0.000 / 0.000         0.000 / 0.000         0.000 / 0.000       ms
[660.288s][info][gc,stats    ]    Critical: GC Locker Stall                                   0 / 0                 0 / 0                 0 / 1                 0 / 1           ops/s
[660.288s][info][gc,stats    ]    Critical: GC Locker Stall                               0.000 / 0.000         0.000 / 0.000         0.002 / 0.002         0.002 / 0.002       ms
[660.289s][info][gc,stats    ]    Critical: Relocation Stall                                  0 / 0                 0 / 0                 0 / 0                 0 / 0           ops/s
[660.289s][info][gc,stats    ]    Critical: Relocation Stall                              0.000 / 0.000         0.000 / 0.000         0.000 / 0.000         0.000 / 0.000       ms
[660.290s][info][gc,stats    ]      Memory: Allocation Rate                                  73 / 520              70 / 552              68 / 552              68 / 552         MB/s
[660.290s][info][gc,stats    ]      Memory: Out Of Memory                                     0 / 0                 0 / 0                 0 / 0                 0 / 0           ops/s
[660.291s][info][gc,stats    ]      Memory: Page Cache Flush                                  0 / 0                 0 / 0                 0 / 0                 0 / 0           MB/s
[660.291s][info][gc,stats    ]      Memory: Page Cache Hit L1                                12 / 53               12 / 53               12 / 112              12 / 112         ops/s
[660.292s][info][gc,stats    ]      Memory: Page Cache Hit L2                                 0 / 0                 0 / 0                 0 / 0                 0 / 0           ops/s
[660.292s][info][gc,stats    ]      Memory: Page Cache Hit L3                                 0 / 0                 0 / 3                 0 / 31                0 / 31          ops/s
[660.292s][info][gc,stats    ]      Memory: Page Cache Miss                                   0 / 0                 0 / 28                0 / 88                0 / 88          ops/s
[660.293s][info][gc,stats    ]      Memory: Uncommit                                          0 / 0                 3 / 872               2 / 872               2 / 872         MB/s
[660.294s][info][gc,stats    ]      Memory: Undo Object Allocation Failed                     0 / 0                 0 / 0                 0 / 1                 0 / 1           ops/s
[660.294s][info][gc,stats    ]      Memory: Undo Object Allocation Succeeded                  0 / 0                 0 / 2                 0 / 2                 0 / 2           ops/s
[660.295s][info][gc,stats    ]      Memory: Undo Page Allocation                              0 / 0                 0 / 6                 0 / 25                0 / 25          ops/s
[660.295s][info][gc,stats    ]       Phase: Concurrent Mark                              82.711 / 82.711      216.632 / 1605.284    292.080 / 2153.078    292.080 / 2153.078    ms
[660.296s][info][gc,stats    ]       Phase: Concurrent Mark Continue                      0.000 / 0.000         0.000 / 0.000         0.000 / 0.000         0.000 / 0.000       ms
[660.296s][info][gc,stats    ]       Phase: Concurrent Mark Free                          0.001 / 0.001         0.003 / 0.067         0.003 / 0.067         0.003 / 0.067       ms
[660.297s][info][gc,stats    ]       Phase: Concurrent Process Non-Strong References     10.033 / 10.033       18.745 / 115.687      25.229 / 257.265      25.229 / 257.265     ms
[660.297s][info][gc,stats    ]       Phase: Concurrent Relocate                           2.115 / 2.115         5.289 / 58.129       25.962 / 511.550      25.962 / 511.550     ms
[660.298s][info][gc,stats    ]       Phase: Concurrent Reset Relocation Set               0.008 / 0.008         0.013 / 0.082         0.016 / 0.139         0.016 / 0.139       ms
[660.298s][info][gc,stats    ]       Phase: Concurrent Select Relocation Set              1.806 / 1.806         4.673 / 38.912        9.236 / 198.723       9.236 / 198.723     ms
[660.299s][info][gc,stats    ]       Phase: Pause Mark End                                0.065 / 0.065         0.051 / 1.316         0.049 / 1.316         0.049 / 1.316       ms
[660.299s][info][gc,stats    ]       Phase: Pause Mark Start                              0.007 / 0.007         0.068 / 2.380         0.173 / 6.286         0.173 / 6.286       ms
[660.300s][info][gc,stats    ]       Phase: Pause Relocate Start                          0.009 / 0.009         0.013 / 0.051         0.016 / 0.139         0.016 / 0.139       ms
[660.300s][info][gc,stats    ]    Subphase: Concurrent Classes Purge                      0.422 / 0.422         0.879 / 5.505         1.123 / 10.871        1.123 / 10.871      ms
[660.301s][info][gc,stats    ]    Subphase: Concurrent Classes Unlink                     8.270 / 8.270        14.137 / 86.900       18.604 / 206.267      18.604 / 206.267     ms
[660.301s][info][gc,stats    ]    Subphase: Concurrent Mark                              80.846 / 81.201      206.397 / 1437.717    281.057 / 2133.644    281.057 / 2133.644    ms
[660.302s][info][gc,stats    ]    Subphase: Concurrent Mark Try Flush                     0.301 / 0.450         1.146 / 21.648        2.086 / 43.966        2.086 / 43.966      ms
[660.302s][info][gc,stats    ]    Subphase: Concurrent Mark Try Terminate                 0.461 / 1.146         1.393 / 24.031        2.098 / 24.031        2.098 / 24.031      ms
[660.302s][info][gc,stats    ]    Subphase: Concurrent References Enqueue                 0.007 / 0.007         0.077 / 2.610         0.073 / 2.610         0.073 / 2.610       ms
[660.303s][info][gc,stats    ]    Subphase: Concurrent References Process                 0.339 / 0.339         0.749 / 6.377         0.803 / 6.377         0.803 / 6.377       ms
[660.304s][info][gc,stats    ]    Subphase: Concurrent Roots ClassLoaderDataGraph         0.144 / 0.262         0.775 / 47.494        0.764 / 47.494        0.764 / 47.494      ms
[660.304s][info][gc,stats    ]    Subphase: Concurrent Roots CodeCache                    0.000 / 0.000         0.000 / 0.000         0.000 / 0.000         0.000 / 0.000       ms
[660.304s][info][gc,stats    ]    Subphase: Concurrent Roots JavaThreads                  0.918 / 1.031         5.055 / 61.015        5.452 / 61.015        5.452 / 61.015      ms
[660.305s][info][gc,stats    ]    Subphase: Concurrent Roots OopStorageSet                0.030 / 0.038         1.071 / 72.582        1.032 / 72.582        1.032 / 72.582      ms
[660.306s][info][gc,stats    ]    Subphase: Concurrent Weak Roots OopStorageSet           0.663 / 0.675         1.498 / 14.084        1.693 / 14.084        1.693 / 14.084      ms
[660.306s][info][gc,stats    ]    Subphase: Pause Mark Try Complete                       0.000 / 0.000         0.000 / 0.000         0.000 / 0.000         0.000 / 0.000       ms
[660.307s][info][gc,stats    ]      System: Java Threads                                     74 / 74               76 / 89               75 / 89               75 / 89          threads
[660.307s][info][gc,stats    ] =========================================================================================================================================================
[668.583s][info][gc,start    ] GC(58) Garbage Collection (Proactive)
[668.584s][info][gc,task     ] GC(58) Using 2 workers
[668.585s][info][gc,phases   ] GC(58) Pause Mark Start 0.008ms
[668.698s][info][gc,phases   ] GC(58) Concurrent Mark 112.618ms
[668.699s][info][gc,phases   ] GC(58) Pause Mark End 0.013ms
[668.700s][info][gc,phases   ] GC(58) Concurrent Mark Free 0.001ms
[668.710s][info][gc,phases   ] GC(58) Concurrent Process Non-Strong References 9.816ms
[668.711s][info][gc,phases   ] GC(58) Concurrent Reset Relocation Set 0.008ms
[668.714s][info][gc,phases   ] GC(58) Concurrent Select Relocation Set 1.662ms
[668.714s][info][gc,phases   ] GC(58) Pause Relocate Start 0.008ms
[668.717s][info][gc,phases   ] GC(58) Concurrent Relocate 2.081ms
[668.718s][info][gc,load     ] GC(58) Load: 0.77/1.82/2.93
[668.718s][info][gc,mmu      ] GC(58) MMU: 2ms/0.0%, 5ms/0.0%, 10ms/37.1%, 20ms/68.6%, 50ms/87.4%, 100ms/93.7%
[668.719s][info][gc,marking  ] GC(58) Mark: 2 stripe(s), 2 proactive flush(es), 1 terminate flush(es), 0 completion(s), 0 continuation(s) 
[668.719s][info][gc,marking  ] GC(58) Mark Stack Usage: 32M
[668.720s][info][gc,nmethod  ] GC(58) NMethods: 6934 registered, 928 unregistered
[668.720s][info][gc,metaspace] GC(58) Metaspace: 52M used, 53M committed, 1072M reserved
[668.721s][info][gc,ref      ] GC(58) Soft: 5021 encountered, 0 discovered, 0 enqueued
[668.721s][info][gc,ref      ] GC(58) Weak: 3176 encountered, 886 discovered, 0 enqueued
[668.722s][info][gc,ref      ] GC(58) Final: 85 encountered, 2 discovered, 2 enqueued
[668.722s][info][gc,ref      ] GC(58) Phantom: 481 encountered, 447 discovered, 0 enqueued
[668.723s][info][gc,reloc    ] GC(58) Small Pages: 142 / 284M, Empty: 58M, Relocated: 3M, In-Place: 0
[668.723s][info][gc,reloc    ] GC(58) Medium Pages: 1 / 32M, Empty: 0M, Relocated: 0M, In-Place: 0
[668.724s][info][gc,reloc    ] GC(58) Large Pages: 51 / 634M, Empty: 600M, Relocated: 0M, In-Place: 0
[668.724s][info][gc,reloc    ] GC(58) Forwarding Usage: 0M
[668.725s][info][gc,heap     ] GC(58) Min Capacity: 256M(6%)
[668.725s][info][gc,heap     ] GC(58) Max Capacity: 4096M(100%)
[668.726s][info][gc,heap     ] GC(58) Soft Max Capacity: 4096M(100%)
[668.726s][info][gc,heap     ] GC(58)                Mark Start          Mark End        Relocate Start      Relocate End           High               Low         
[668.727s][info][gc,heap     ] GC(58)  Capacity:     1110M (27%)        1110M (27%)        1110M (27%)        1110M (27%)        1110M (27%)        1110M (27%)    
[668.727s][info][gc,heap     ] GC(58)      Free:     3146M (77%)        3132M (76%)        3790M (93%)        3910M (95%)        3910M (95%)        3132M (76%)    
[668.728s][info][gc,heap     ] GC(58)      Used:      950M (23%)         964M (24%)         306M (7%)          186M (5%)          964M (24%)         186M (5%)     
[668.729s][info][gc,heap     ] GC(58)      Live:         -               128M (3%)          128M (3%)          128M (3%)             -                  -          
[668.729s][info][gc,heap     ] GC(58) Allocated:         -                14M (0%)           14M (0%)           13M (0%)             -                  -          
[668.730s][info][gc,heap     ] GC(58)   Garbage:         -               821M (20%)         163M (4%)           43M (1%)             -                  -          
[668.730s][info][gc,heap     ] GC(58) Reclaimed:         -                  -               658M (16%)         777M (19%)            -                  -          
[668.731s][info][gc          ] GC(58) Garbage Collection (Proactive) 950M(23%)->186M(5%)
[670.282s][info][gc,stats    ] === Garbage Collection Statistics =======================================================================================================================
[670.283s][info][gc,stats    ]                                                              Last 10s              Last 10m              Last 10h                Total
[670.284s][info][gc,stats    ]                                                              Avg / Max             Avg / Max             Avg / Max             Avg / Max
[670.285s][info][gc,stats    ]   Collector: Garbage Collection Cycle                    134.976 / 134.976     212.145 / 1509.969    372.050 / 2485.059    372.050 / 2485.059    ms
[670.285s][info][gc,stats    ]  Contention: Mark Segment Reset Contention                     0 / 0                 0 / 2                 0 / 2                 0 / 2           ops/s
[670.286s][info][gc,stats    ]  Contention: Mark SeqNum Reset Contention                      0 / 0                 0 / 1                 0 / 1                 0 / 1           ops/s
[670.287s][info][gc,stats    ]    Critical: Allocation Stall                                  0 / 0                 0 / 0                 0 / 0                 0 / 0           ops/s
[670.287s][info][gc,stats    ]    Critical: Allocation Stall                              0.000 / 0.000         0.000 / 0.000         0.000 / 0.000         0.000 / 0.000       ms
[670.288s][info][gc,stats    ]    Critical: GC Locker Stall                                   0 / 0                 0 / 0                 0 / 1                 0 / 1           ops/s
[670.289s][info][gc,stats    ]    Critical: GC Locker Stall                               0.000 / 0.000         0.000 / 0.000         0.002 / 0.002         0.002 / 0.002       ms
[670.289s][info][gc,stats    ]    Critical: Relocation Stall                                  0 / 0                 0 / 0                 0 / 0                 0 / 0           ops/s
[670.290s][info][gc,stats    ]    Critical: Relocation Stall                              0.000 / 0.000         0.000 / 0.000         0.000 / 0.000         0.000 / 0.000       ms
[670.290s][info][gc,stats    ]      Memory: Allocation Rate                                  75 / 504              70 / 552              69 / 552              69 / 552         MB/s
[670.291s][info][gc,stats    ]      Memory: Out Of Memory                                     0 / 0                 0 / 0                 0 / 0                 0 / 0           ops/s
[670.291s][info][gc,stats    ]      Memory: Page Cache Flush                                  0 / 0                 0 / 0                 0 / 0                 0 / 0           MB/s
[670.292s][info][gc,stats    ]      Memory: Page Cache Hit L1                                13 / 45               12 / 53               12 / 112              12 / 112         ops/s
[670.292s][info][gc,stats    ]      Memory: Page Cache Hit L2                                 0 / 0                 0 / 0                 0 / 0                 0 / 0           ops/s
[670.293s][info][gc,stats    ]      Memory: Page Cache Hit L3                                 0 / 0                 0 / 3                 0 / 31                0 / 31          ops/s
[670.294s][info][gc,stats    ]      Memory: Page Cache Miss                                   0 / 0                 0 / 28                0 / 88                0 / 88          ops/s
[670.294s][info][gc,stats    ]      Memory: Uncommit                                          0 / 0                 3 / 872               2 / 872               2 / 872         MB/s
[670.295s][info][gc,stats    ]      Memory: Undo Object Allocation Failed                     0 / 0                 0 / 0                 0 / 1                 0 / 1           ops/s
[670.296s][info][gc,stats    ]      Memory: Undo Object Allocation Succeeded                  0 / 0                 0 / 1                 0 / 2                 0 / 2           ops/s
[670.296s][info][gc,stats    ]      Memory: Undo Page Allocation                              0 / 0                 0 / 6                 0 / 25                0 / 25          ops/s
[670.297s][info][gc,stats    ]       Phase: Concurrent Mark                             112.618 / 112.618     171.061 / 1280.396    289.038 / 2153.078    289.038 / 2153.078    ms
[670.297s][info][gc,stats    ]       Phase: Concurrent Mark Continue                      0.000 / 0.000         0.000 / 0.000         0.000 / 0.000         0.000 / 0.000       ms
[670.298s][info][gc,stats    ]       Phase: Concurrent Mark Free                          0.001 / 0.001         0.003 / 0.067         0.003 / 0.067         0.003 / 0.067       ms
[670.298s][info][gc,stats    ]       Phase: Concurrent Process Non-Strong References      9.816 / 9.816        15.348 / 115.687      24.968 / 257.265      24.968 / 257.265     ms
[670.299s][info][gc,stats    ]       Phase: Concurrent Relocate                           2.081 / 2.081         4.085 / 41.108       25.557 / 511.550      25.557 / 511.550     ms
[670.299s][info][gc,stats    ]       Phase: Concurrent Reset Relocation Set               0.008 / 0.008         0.013 / 0.082         0.016 / 0.139         0.016 / 0.139       ms
[670.300s][info][gc,stats    ]       Phase: Concurrent Select Relocation Set              1.662 / 1.662         3.656 / 38.912        9.107 / 198.723       9.107 / 198.723     ms
[670.301s][info][gc,stats    ]       Phase: Pause Mark End                                0.013 / 0.013         0.051 / 1.316         0.048 / 1.316         0.048 / 1.316       ms
[670.301s][info][gc,stats    ]       Phase: Pause Mark Start                              0.008 / 0.008         0.070 / 2.380         0.170 / 6.286         0.170 / 6.286       ms
[670.302s][info][gc,stats    ]       Phase: Pause Relocate Start                          0.008 / 0.008         0.013 / 0.051         0.016 / 0.139         0.016 / 0.139       ms
[670.302s][info][gc,stats    ]    Subphase: Concurrent Classes Purge                      0.377 / 0.377         0.730 / 5.505         1.110 / 10.871        1.110 / 10.871      ms
[670.303s][info][gc,stats    ]    Subphase: Concurrent Classes Unlink                     7.796 / 7.796        11.526 / 86.900       18.421 / 206.267      18.421 / 206.267     ms
[670.303s][info][gc,stats    ]    Subphase: Concurrent Mark                             110.952 / 111.139     165.008 / 1243.929    278.174 / 2133.644    278.174 / 2133.644    ms
[670.304s][info][gc,stats    ]    Subphase: Concurrent Mark Try Flush                     0.201 / 0.305         0.808 / 21.648        2.059 / 43.966        2.059 / 43.966      ms
[670.304s][info][gc,stats    ]    Subphase: Concurrent Mark Try Terminate                 0.425 / 1.125         1.133 / 21.652        2.089 / 24.031        2.089 / 24.031      ms
[670.304s][info][gc,stats    ]    Subphase: Concurrent References Enqueue                 0.005 / 0.005         0.078 / 2.610         0.072 / 2.610         0.072 / 2.610       ms
[670.305s][info][gc,stats    ]    Subphase: Concurrent References Process                 0.317 / 0.317         0.657 / 6.377         0.794 / 6.377         0.794 / 6.377       ms
[670.305s][info][gc,stats    ]    Subphase: Concurrent Roots ClassLoaderDataGraph         0.157 / 0.286         0.332 / 6.380         0.754 / 47.494        0.754 / 47.494      ms
[670.306s][info][gc,stats    ]    Subphase: Concurrent Roots CodeCache                    0.000 / 0.000         0.000 / 0.000         0.000 / 0.000         0.000 / 0.000       ms
[670.306s][info][gc,stats    ]    Subphase: Concurrent Roots JavaThreads                  0.997 / 1.136         3.925 / 61.015        5.377 / 61.015        5.377 / 61.015      ms
[670.307s][info][gc,stats    ]    Subphase: Concurrent Roots OopStorageSet                0.033 / 0.040         0.053 / 0.419         1.013 / 72.582        1.013 / 72.582      ms
[670.308s][info][gc,stats    ]    Subphase: Concurrent Weak Roots OopStorageSet           1.023 / 1.040         1.263 / 14.084        1.681 / 14.084        1.681 / 14.084      ms
[670.309s][info][gc,stats    ]    Subphase: Pause Mark Try Complete                       0.000 / 0.000         0.000 / 0.000         0.000 / 0.000         0.000 / 0.000       ms
[670.309s][info][gc,stats    ]      System: Java Threads                                     74 / 74               76 / 89               75 / 89               75 / 89          threads
[670.310s][info][gc,stats    ] =========================================================================================================================================================
[679.583s][info][gc,start    ] GC(59) Garbage Collection (Proactive)
[679.584s][info][gc,task     ] GC(59) Using 2 workers
[679.585s][info][gc,phases   ] GC(59) Pause Mark Start 0.013ms
[679.725s][info][gc,phases   ] GC(59) Concurrent Mark 139.811ms
[679.727s][info][gc,phases   ] GC(59) Pause Mark End 0.021ms
[679.728s][info][gc,phases   ] GC(59) Concurrent Mark Free 0.002ms
[679.740s][info][gc,phases   ] GC(59) Concurrent Process Non-Strong References 11.453ms
[679.747s][info][gc,phases   ] GC(59) Concurrent Reset Relocation Set 0.011ms
[679.750s][info][gc,phases   ] GC(59) Concurrent Select Relocation Set 2.368ms
[679.754s][info][gc,phases   ] GC(59) Pause Relocate Start 0.011ms
[679.760s][info][gc,phases   ] GC(59) Concurrent Relocate 4.707ms
[679.761s][info][gc,load     ] GC(59) Load: 0.87/1.81/2.92
[679.763s][info][gc,mmu      ] GC(59) MMU: 2ms/0.0%, 5ms/0.0%, 10ms/37.1%, 20ms/68.6%, 50ms/87.4%, 100ms/93.7%
[679.764s][info][gc,marking  ] GC(59) Mark: 2 stripe(s), 2 proactive flush(es), 1 terminate flush(es), 0 completion(s), 0 continuation(s) 
[679.765s][info][gc,marking  ] GC(59) Mark Stack Usage: 32M
[679.766s][info][gc,nmethod  ] GC(59) NMethods: 6945 registered, 928 unregistered
[679.767s][info][gc,metaspace] GC(59) Metaspace: 52M used, 53M committed, 1072M reserved
[679.768s][info][gc,ref      ] GC(59) Soft: 5021 encountered, 0 discovered, 0 enqueued
[679.768s][info][gc,ref      ] GC(59) Weak: 3176 encountered, 412 discovered, 0 enqueued
[679.770s][info][gc,ref      ] GC(59) Final: 85 encountered, 2 discovered, 2 enqueued
[679.771s][info][gc,ref      ] GC(59) Phantom: 481 encountered, 376 discovered, 0 enqueued
[679.772s][info][gc,reloc    ] GC(59) Small Pages: 142 / 284M, Empty: 56M, Relocated: 3M, In-Place: 0
[679.773s][info][gc,reloc    ] GC(59) Medium Pages: 1 / 32M, Empty: 0M, Relocated: 0M, In-Place: 0
[679.773s][info][gc,reloc    ] GC(59) Large Pages: 51 / 634M, Empty: 600M, Relocated: 0M, In-Place: 0
[679.774s][info][gc,reloc    ] GC(59) Forwarding Usage: 0M
[679.775s][info][gc,heap     ] GC(59) Min Capacity: 256M(6%)
[679.776s][info][gc,heap     ] GC(59) Max Capacity: 4096M(100%)
[679.777s][info][gc,heap     ] GC(59) Soft Max Capacity: 4096M(100%)
[679.777s][info][gc,heap     ] GC(59)                Mark Start          Mark End        Relocate Start      Relocate End           High               Low         
[679.778s][info][gc,heap     ] GC(59)  Capacity:     1110M (27%)        1110M (27%)        1110M (27%)        1110M (27%)        1110M (27%)        1110M (27%)    
[679.779s][info][gc,heap     ] GC(59)      Free:     3146M (77%)        3130M (76%)        3786M (92%)        3908M (95%)        3908M (95%)        3130M (76%)    
[679.780s][info][gc,heap     ] GC(59)      Used:      950M (23%)         966M (24%)         310M (8%)          188M (5%)          966M (24%)         188M (5%)     
[679.781s][info][gc,heap     ] GC(59)      Live:         -               128M (3%)          128M (3%)          128M (3%)             -                  -          
[679.782s][info][gc,heap     ] GC(59) Allocated:         -                16M (0%)           16M (0%)           15M (0%)             -                  -          
[679.783s][info][gc,heap     ] GC(59)   Garbage:         -               821M (20%)         165M (4%)           43M (1%)             -                  -          
[679.784s][info][gc,heap     ] GC(59) Reclaimed:         -                  -               656M (16%)         777M (19%)            -                  -          
[679.785s][info][gc          ] GC(59) Garbage Collection (Proactive) 950M(23%)->188M(5%)
[680.283s][info][gc,stats    ] === Garbage Collection Statistics =======================================================================================================================
[680.286s][info][gc,stats    ]                                                              Last 10s              Last 10m              Last 10h                Total
[680.287s][info][gc,stats    ]                                                              Avg / Max             Avg / Max             Avg / Max             Avg / Max
[680.288s][info][gc,stats    ]   Collector: Garbage Collection Cycle                    178.331 / 178.331     164.294 / 1143.947    368.822 / 2485.059    368.822 / 2485.059    ms
[680.289s][info][gc,stats    ]  Contention: Mark Segment Reset Contention                     0 / 0                 0 / 2                 0 / 2                 0 / 2           ops/s
[680.289s][info][gc,stats    ]  Contention: Mark SeqNum Reset Contention                      0 / 0                 0 / 1                 0 / 1                 0 / 1           ops/s
[680.291s][info][gc,stats    ]    Critical: Allocation Stall                                  0 / 0                 0 / 0                 0 / 0                 0 / 0           ops/s
[680.292s][info][gc,stats    ]    Critical: Allocation Stall                              0.000 / 0.000         0.000 / 0.000         0.000 / 0.000         0.000 / 0.000       ms
[680.294s][info][gc,stats    ]    Critical: GC Locker Stall                                   0 / 0                 0 / 0                 0 / 1                 0 / 1           ops/s
[680.295s][info][gc,stats    ]    Critical: GC Locker Stall                               0.000 / 0.000         0.000 / 0.000         0.002 / 0.002         0.002 / 0.002       ms
[680.296s][info][gc,stats    ]    Critical: Relocation Stall                                  0 / 0                 0 / 0                 0 / 0                 0 / 0           ops/s
[680.297s][info][gc,stats    ]    Critical: Relocation Stall                              0.000 / 0.000         0.000 / 0.000         0.000 / 0.000         0.000 / 0.000       ms
[680.298s][info][gc,stats    ]      Memory: Allocation Rate                                  74 / 504              70 / 524              69 / 552              69 / 552         MB/s
[680.299s][info][gc,stats    ]      Memory: Out Of Memory                                     0 / 0                 0 / 0                 0 / 0                 0 / 0           ops/s
[680.300s][info][gc,stats    ]      Memory: Page Cache Flush                                  0 / 0                 0 / 0                 0 / 0                 0 / 0           MB/s
[680.301s][info][gc,stats    ]      Memory: Page Cache Hit L1                                12 / 45               12 / 53               12 / 112              12 / 112         ops/s
[680.302s][info][gc,stats    ]      Memory: Page Cache Hit L2                                 0 / 0                 0 / 0                 0 / 0                 0 / 0           ops/s
[680.303s][info][gc,stats    ]      Memory: Page Cache Hit L3                                 0 / 0                 0 / 3                 0 / 31                0 / 31          ops/s
[680.304s][info][gc,stats    ]      Memory: Page Cache Miss                                   0 / 0                 0 / 28                0 / 88                0 / 88          ops/s
[680.304s][info][gc,stats    ]      Memory: Uncommit                                          0 / 0                 3 / 872               2 / 872               2 / 872         MB/s
[680.306s][info][gc,stats    ]      Memory: Undo Object Allocation Failed                     0 / 0                 0 / 0                 0 / 1                 0 / 1           ops/s
[680.308s][info][gc,stats    ]      Memory: Undo Object Allocation Succeeded                  0 / 0                 0 / 1                 0 / 2                 0 / 2           ops/s
[680.309s][info][gc,stats    ]      Memory: Undo Page Allocation                              0 / 0                 0 / 1                 0 / 25                0 / 25          ops/s
[680.311s][info][gc,stats    ]       Phase: Concurrent Mark                             139.811 / 139.811     131.673 / 959.601     286.551 / 2153.078    286.551 / 2153.078    ms
[680.313s][info][gc,stats    ]       Phase: Concurrent Mark Continue                      0.000 / 0.000         0.000 / 0.000         0.000 / 0.000         0.000 / 0.000       ms
[680.314s][info][gc,stats    ]       Phase: Concurrent Mark Free                          0.002 / 0.002         0.003 / 0.067         0.003 / 0.067         0.003 / 0.067       ms
[680.315s][info][gc,stats    ]       Phase: Concurrent Process Non-Strong References     11.453 / 11.453       12.018 / 50.798       24.742 / 257.265      24.742 / 257.265     ms
[680.316s][info][gc,stats    ]       Phase: Concurrent Relocate                           4.707 / 4.707         3.122 / 18.596       25.210 / 511.550      25.210 / 511.550     ms
[680.317s][info][gc,stats    ]       Phase: Concurrent Reset Relocation Set               0.011 / 0.011         0.013 / 0.082         0.016 / 0.139         0.016 / 0.139       ms
[680.318s][info][gc,stats    ]       Phase: Concurrent Select Relocation Set              2.368 / 2.368         2.741 / 12.889        8.995 / 198.723       8.995 / 198.723     ms
[680.319s][info][gc,stats    ]       Phase: Pause Mark End                                0.021 / 0.021         0.050 / 1.316         0.048 / 1.316         0.048 / 1.316       ms
[680.320s][info][gc,stats    ]       Phase: Pause Mark Start                              0.013 / 0.013         0.071 / 2.380         0.167 / 6.286         0.167 / 6.286       ms
[680.321s][info][gc,stats    ]       Phase: Pause Relocate Start                          0.011 / 0.011         0.013 / 0.051         0.016 / 0.139         0.016 / 0.139       ms
[680.322s][info][gc,stats    ]    Subphase: Concurrent Classes Purge                      0.464 / 0.464         0.567 / 3.012         1.099 / 10.871        1.099 / 10.871      ms
[680.323s][info][gc,stats    ]    Subphase: Concurrent Classes Unlink                     8.905 / 8.905         9.248 / 43.155       18.262 / 206.267      18.262 / 206.267     ms
[680.324s][info][gc,stats    ]    Subphase: Concurrent Mark                             136.139 / 136.612     127.574 / 929.042     275.806 / 2133.644    275.806 / 2133.644    ms
[680.326s][info][gc,stats    ]    Subphase: Concurrent Mark Try Flush                     0.433 / 0.773         0.459 / 12.027        2.036 / 43.966        2.036 / 43.966      ms
[680.327s][info][gc,stats    ]    Subphase: Concurrent Mark Try Terminate                 0.588 / 1.177         0.795 / 5.797         2.078 / 24.031        2.078 / 24.031      ms
[680.328s][info][gc,stats    ]    Subphase: Concurrent References Enqueue                 0.047 / 0.047         0.027 / 0.266         0.072 / 2.610         0.072 / 2.610       ms
[680.329s][info][gc,stats    ]    Subphase: Concurrent References Process                 0.311 / 0.311         0.500 / 4.062         0.786 / 6.377         0.786 / 6.377       ms
[680.330s][info][gc,stats    ]    Subphase: Concurrent Roots ClassLoaderDataGraph         0.210 / 0.399         0.266 / 4.754         0.745 / 47.494        0.745 / 47.494      ms
[680.331s][info][gc,stats    ]    Subphase: Concurrent Roots CodeCache                    0.000 / 0.000         0.000 / 0.000         0.000 / 0.000         0.000 / 0.000       ms
[680.332s][info][gc,stats    ]    Subphase: Concurrent Roots JavaThreads                  1.597 / 1.751         2.456 / 25.470        5.314 / 61.015        5.314 / 61.015      ms
[680.333s][info][gc,stats    ]    Subphase: Concurrent Roots OopStorageSet                0.096 / 0.104         0.052 / 0.419         0.996 / 72.582        0.996 / 72.582      ms
[680.336s][info][gc,stats    ]    Subphase: Concurrent Weak Roots OopStorageSet           1.255 / 1.279         0.985 / 3.045         1.674 / 14.084        1.674 / 14.084      ms
[680.337s][info][gc,stats    ]    Subphase: Pause Mark Try Complete                       0.000 / 0.000         0.000 / 0.000         0.000 / 0.000         0.000 / 0.000       ms
[680.338s][info][gc,stats    ]      System: Java Threads                                     74 / 74               75 / 89               75 / 89               75 / 89          threads
[680.339s][info][gc,stats    ] =========================================================================================================================================================
[690.283s][info][gc,stats    ] === Garbage Collection Statistics =======================================================================================================================
[690.285s][info][gc,stats    ]                                                              Last 10s              Last 10m              Last 10h                Total
[690.286s][info][gc,stats    ]                                                              Avg / Max             Avg / Max             Avg / Max             Avg / Max
[690.288s][info][gc,stats    ]   Collector: Garbage Collection Cycle                      0.000 / 0.000       144.701 / 593.003     368.822 / 2485.059    368.822 / 2485.059    ms
[690.289s][info][gc,stats    ]  Contention: Mark Segment Reset Contention                     0 / 0                 0 / 2                 0 / 2                 0 / 2           ops/s
[690.290s][info][gc,stats    ]  Contention: Mark SeqNum Reset Contention                      0 / 0                 0 / 1                 0 / 1                 0 / 1           ops/s
[690.291s][info][gc,stats    ]    Critical: Allocation Stall                                  0 / 0                 0 / 0                 0 / 0                 0 / 0           ops/s
[690.292s][info][gc,stats    ]    Critical: Allocation Stall                              0.000 / 0.000         0.000 / 0.000         0.000 / 0.000         0.000 / 0.000       ms
[690.294s][info][gc,stats    ]    Critical: GC Locker Stall                                   0 / 0                 0 / 0                 0 / 1                 0 / 1           ops/s
[690.299s][info][gc,stats    ]    Critical: GC Locker Stall                               0.000 / 0.000         0.000 / 0.000         0.002 / 0.002         0.002 / 0.002       ms
[690.301s][info][gc,stats    ]    Critical: Relocation Stall                                  0 / 0                 0 / 0                 0 / 0                 0 / 0           ops/s
[690.302s][info][gc,stats    ]    Critical: Relocation Stall                              0.000 / 0.000         0.000 / 0.000         0.000 / 0.000         0.000 / 0.000       ms
[690.303s][info][gc,stats    ]      Memory: Allocation Rate                                  26 / 36               69 / 524              68 / 552              68 / 552         MB/s
[690.305s][info][gc,stats    ]      Memory: Out Of Memory                                     0 / 0                 0 / 0                 0 / 0                 0 / 0           ops/s
[690.306s][info][gc,stats    ]      Memory: Page Cache Flush                                  0 / 0                 0 / 0                 0 / 0                 0 / 0           MB/s
[690.308s][info][gc,stats    ]      Memory: Page Cache Hit L1                                 9 / 14               12 / 53               12 / 112              12 / 112         ops/s
[690.309s][info][gc,stats    ]      Memory: Page Cache Hit L2                                 0 / 0                 0 / 0                 0 / 0                 0 / 0           ops/s
[690.310s][info][gc,stats    ]      Memory: Page Cache Hit L3                                 0 / 0                 0 / 3                 0 / 31                0 / 31          ops/s
[690.313s][info][gc,stats    ]      Memory: Page Cache Miss                                   0 / 0                 0 / 28                0 / 88                0 / 88          ops/s
[690.314s][info][gc,stats    ]      Memory: Uncommit                                          0 / 0                 3 / 872               2 / 872               2 / 872         MB/s
[690.315s][info][gc,stats    ]      Memory: Undo Object Allocation Failed                     0 / 0                 0 / 0                 0 / 1                 0 / 1           ops/s
[690.316s][info][gc,stats    ]      Memory: Undo Object Allocation Succeeded                  0 / 0                 0 / 1                 0 / 2                 0 / 2           ops/s
[690.317s][info][gc,stats    ]      Memory: Undo Page Allocation                              0 / 0                 0 / 1                 0 / 25                0 / 25          ops/s
[690.318s][info][gc,stats    ]       Phase: Concurrent Mark                               0.000 / 0.000       115.115 / 496.258     286.551 / 2153.078    286.551 / 2153.078    ms
[690.320s][info][gc,stats    ]       Phase: Concurrent Mark Continue                      0.000 / 0.000         0.000 / 0.000         0.000 / 0.000         0.000 / 0.000       ms
[690.321s][info][gc,stats    ]       Phase: Concurrent Mark Free                          0.000 / 0.000         0.003 / 0.067         0.003 / 0.067         0.003 / 0.067       ms
[690.322s][info][gc,stats    ]       Phase: Concurrent Process Non-Strong References      0.000 / 0.000        11.446 / 50.798       24.742 / 257.265      24.742 / 257.265     ms
[690.323s][info][gc,stats    ]       Phase: Concurrent Relocate                           0.000 / 0.000         2.812 / 10.708       25.210 / 511.550      25.210 / 511.550     ms
[690.324s][info][gc,stats    ]       Phase: Concurrent Reset Relocation Set               0.000 / 0.000         0.013 / 0.082         0.016 / 0.139         0.016 / 0.139       ms
[690.325s][info][gc,stats    ]       Phase: Concurrent Select Relocation Set              0.000 / 0.000         2.538 / 8.264         8.995 / 198.723       8.995 / 198.723     ms
[690.326s][info][gc,stats    ]       Phase: Pause Mark End                                0.000 / 0.000         0.048 / 1.316         0.048 / 1.316         0.048 / 1.316       ms
[690.327s][info][gc,stats    ]       Phase: Pause Mark Start                              0.000 / 0.000         0.071 / 2.380         0.167 / 6.286         0.167 / 6.286       ms
[690.328s][info][gc,stats    ]       Phase: Pause Relocate Start                          0.000 / 0.000         0.013 / 0.051         0.016 / 0.139         0.016 / 0.139       ms
[690.329s][info][gc,stats    ]    Subphase: Concurrent Classes Purge                      0.000 / 0.000         0.518 / 2.068         1.099 / 10.871        1.099 / 10.871      ms
[690.330s][info][gc,stats    ]    Subphase: Concurrent Classes Unlink                     0.000 / 0.000         8.957 / 43.155       18.262 / 206.267      18.262 / 206.267     ms
[690.331s][info][gc,stats    ]    Subphase: Concurrent Mark                               0.000 / 0.000       111.555 / 478.418     275.806 / 2133.644    275.806 / 2133.644    ms
[690.332s][info][gc,stats    ]    Subphase: Concurrent Mark Try Flush                     0.000 / 0.000         0.389 / 10.928        2.036 / 43.966        2.036 / 43.966      ms
[690.333s][info][gc,stats    ]    Subphase: Concurrent Mark Try Terminate                 0.000 / 0.000         0.780 / 5.797         2.078 / 24.031        2.078 / 24.031      ms
[690.334s][info][gc,stats    ]    Subphase: Concurrent References Enqueue                 0.000 / 0.000         0.027 / 0.266         0.072 / 2.610         0.072 / 2.610       ms
[690.335s][info][gc,stats    ]    Subphase: Concurrent References Process                 0.000 / 0.000         0.429 / 3.756         0.786 / 6.377         0.786 / 6.377       ms
[690.336s][info][gc,stats    ]    Subphase: Concurrent Roots ClassLoaderDataGraph         0.000 / 0.000         0.223 / 0.912         0.745 / 47.494        0.745 / 47.494      ms
[690.338s][info][gc,stats    ]    Subphase: Concurrent Roots CodeCache                    0.000 / 0.000         0.000 / 0.000         0.000 / 0.000         0.000 / 0.000       ms
[690.339s][info][gc,stats    ]    Subphase: Concurrent Roots JavaThreads                  0.000 / 0.000         2.037 / 14.086        5.314 / 61.015        5.314 / 61.015      ms
[690.340s][info][gc,stats    ]    Subphase: Concurrent Roots OopStorageSet                0.000 / 0.000         0.050 / 0.419         0.996 / 72.582        0.996 / 72.582      ms
[690.341s][info][gc,stats    ]    Subphase: Concurrent Weak Roots OopStorageSet           0.000 / 0.000         0.945 / 2.945         1.674 / 14.084        1.674 / 14.084      ms
[690.342s][info][gc,stats    ]    Subphase: Pause Mark Try Complete                       0.000 / 0.000         0.000 / 0.000         0.000 / 0.000         0.000 / 0.000       ms
[690.343s][info][gc,stats    ]      System: Java Threads                                      0 / 0                75 / 87               75 / 89               75 / 89          threads
[690.344s][info][gc,stats    ] =========================================================================================================================================================
[691.683s][info][gc,start    ] GC(60) Garbage Collection (Proactive)
[691.684s][info][gc,task     ] GC(60) Using 2 workers
[691.685s][info][gc,phases   ] GC(60) Pause Mark Start 0.010ms
[691.818s][info][gc,phases   ] GC(60) Concurrent Mark 131.708ms
[691.821s][info][gc,phases   ] GC(60) Pause Mark End 0.043ms
[691.825s][info][gc,phases   ] GC(60) Concurrent Mark Free 0.004ms
[691.848s][info][gc,phases   ] GC(60) Concurrent Process Non-Strong References 21.178ms
[691.850s][info][gc,phases   ] GC(60) Concurrent Reset Relocation Set 0.077ms
[691.854s][info][gc,phases   ] GC(60) Concurrent Select Relocation Set 2.754ms
[691.855s][info][gc,phases   ] GC(60) Pause Relocate Start 0.012ms
[691.861s][info][gc,phases   ] GC(60) Concurrent Relocate 3.656ms
[691.862s][info][gc,load     ] GC(60) Load: 1.19/1.83/2.91
[691.863s][info][gc,mmu      ] GC(60) MMU: 2ms/0.0%, 5ms/0.0%, 10ms/37.1%, 20ms/68.6%, 50ms/87.4%, 100ms/93.7%
[691.864s][info][gc,marking  ] GC(60) Mark: 2 stripe(s), 2 proactive flush(es), 1 terminate flush(es), 0 completion(s), 0 continuation(s) 
[691.866s][info][gc,marking  ] GC(60) Mark Stack Usage: 32M
[691.867s][info][gc,nmethod  ] GC(60) NMethods: 6952 registered, 928 unregistered
[691.868s][info][gc,metaspace] GC(60) Metaspace: 52M used, 53M committed, 1072M reserved
[691.869s][info][gc,ref      ] GC(60) Soft: 5021 encountered, 0 discovered, 0 enqueued
[691.870s][info][gc,ref      ] GC(60) Weak: 3176 encountered, 1267 discovered, 0 enqueued
[691.872s][info][gc,ref      ] GC(60) Final: 85 encountered, 29 discovered, 2 enqueued
[691.873s][info][gc,ref      ] GC(60) Phantom: 483 encountered, 437 discovered, 0 enqueued
[691.873s][info][gc,reloc    ] GC(60) Small Pages: 147 / 294M, Empty: 50M, Relocated: 3M, In-Place: 0
[691.874s][info][gc,reloc    ] GC(60) Medium Pages: 1 / 32M, Empty: 0M, Relocated: 0M, In-Place: 0
[691.876s][info][gc,reloc    ] GC(60) Large Pages: 53 / 646M, Empty: 612M, Relocated: 0M, In-Place: 0
[691.876s][info][gc,reloc    ] GC(60) Forwarding Usage: 0M
[691.878s][info][gc,heap     ] GC(60) Min Capacity: 256M(6%)
[691.879s][info][gc,heap     ] GC(60) Max Capacity: 4096M(100%)
[691.880s][info][gc,heap     ] GC(60) Soft Max Capacity: 4096M(100%)
[691.881s][info][gc,heap     ] GC(60)                Mark Start          Mark End        Relocate Start      Relocate End           High               Low         
[691.882s][info][gc,heap     ] GC(60)  Capacity:     1110M (27%)        1110M (27%)        1110M (27%)        1110M (27%)        1110M (27%)        1110M (27%)    
[691.883s][info][gc,heap     ] GC(60)      Free:     3124M (76%)        3108M (76%)        3770M (92%)        3908M (95%)        3908M (95%)        3108M (76%)    
[691.884s][info][gc,heap     ] GC(60)      Used:      972M (24%)         988M (24%)         326M (8%)          188M (5%)          988M (24%)         188M (5%)     
[691.886s][info][gc,heap     ] GC(60)      Live:         -               128M (3%)          128M (3%)          128M (3%)             -                  -          
[691.887s][info][gc,heap     ] GC(60) Allocated:         -                16M (0%)           16M (0%)           17M (0%)             -                  -          
[691.888s][info][gc,heap     ] GC(60)   Garbage:         -               843M (21%)         181M (4%)           41M (1%)             -                  -          
[691.889s][info][gc,heap     ] GC(60) Reclaimed:         -                  -               662M (16%)         801M (20%)            -                  -          
[691.890s][info][gc          ] GC(60) Garbage Collection (Proactive) 972M(24%)->188M(5%)
[700.283s][info][gc,stats    ] === Garbage Collection Statistics =======================================================================================================================
[700.285s][info][gc,stats    ]                                                              Last 10s              Last 10m              Last 10h                Total
[700.286s][info][gc,stats    ]                                                              Avg / Max             Avg / Max             Avg / Max             Avg / Max
[700.287s][info][gc,stats    ]   Collector: Garbage Collection Cycle                    179.040 / 179.040     129.999 / 321.259     365.711 / 2485.059    365.711 / 2485.059    ms
[700.288s][info][gc,stats    ]  Contention: Mark Segment Reset Contention                     0 / 0                 0 / 2                 0 / 2                 0 / 2           ops/s
[700.289s][info][gc,stats    ]  Contention: Mark SeqNum Reset Contention                      0 / 0                 0 / 1                 0 / 1                 0 / 1           ops/s
[700.290s][info][gc,stats    ]    Critical: Allocation Stall                                  0 / 0                 0 / 0                 0 / 0                 0 / 0           ops/s
[700.291s][info][gc,stats    ]    Critical: Allocation Stall                              0.000 / 0.000         0.000 / 0.000         0.000 / 0.000         0.000 / 0.000       ms
[700.292s][info][gc,stats    ]    Critical: GC Locker Stall                                   0 / 0                 0 / 0                 0 / 1                 0 / 1           ops/s
[700.293s][info][gc,stats    ]    Critical: GC Locker Stall                               0.000 / 0.000         0.000 / 0.000         0.002 / 0.002         0.002 / 0.002       ms
[700.294s][info][gc,stats    ]    Critical: Relocation Stall                                  0 / 0                 0 / 0                 0 / 0                 0 / 0           ops/s
[700.295s][info][gc,stats    ]    Critical: Relocation Stall                              0.000 / 0.000         0.000 / 0.000         0.000 / 0.000         0.000 / 0.000       ms
[700.295s][info][gc,stats    ]      Memory: Allocation Rate                                  74 / 502              69 / 524              68 / 552              68 / 552         MB/s
[700.296s][info][gc,stats    ]      Memory: Out Of Memory                                     0 / 0                 0 / 0                 0 / 0                 0 / 0           ops/s
[700.297s][info][gc,stats    ]      Memory: Page Cache Flush                                  0 / 0                 0 / 0                 0 / 0                 0 / 0           MB/s
[700.299s][info][gc,stats    ]      Memory: Page Cache Hit L1                                13 / 41               12 / 53               12 / 112              12 / 112         ops/s
[700.300s][info][gc,stats    ]      Memory: Page Cache Hit L2                                 0 / 0                 0 / 0                 0 / 0                 0 / 0           ops/s
[700.301s][info][gc,stats    ]      Memory: Page Cache Hit L3                                 0 / 1                 0 / 3                 0 / 31                0 / 31          ops/s
[700.302s][info][gc,stats    ]      Memory: Page Cache Miss                                   0 / 0                 0 / 28                0 / 88                0 / 88          ops/s
[700.303s][info][gc,stats    ]      Memory: Uncommit                                          0 / 0                 3 / 872               2 / 872               2 / 872         MB/s
[700.305s][info][gc,stats    ]      Memory: Undo Object Allocation Failed                     0 / 0                 0 / 0                 0 / 1                 0 / 1           ops/s
[700.306s][info][gc,stats    ]      Memory: Undo Object Allocation Succeeded                  0 / 1                 0 / 1                 0 / 2                 0 / 2           ops/s
[700.307s][info][gc,stats    ]      Memory: Undo Page Allocation                              0 / 0                 0 / 1                 0 / 25                0 / 25          ops/s
[700.308s][info][gc,stats    ]       Phase: Concurrent Mark                             131.708 / 131.708     102.527 / 242.626     284.013 / 2153.078    284.013 / 2153.078    ms
[700.308s][info][gc,stats    ]       Phase: Concurrent Mark Continue                      0.000 / 0.000         0.000 / 0.000         0.000 / 0.000         0.000 / 0.000       ms
[700.309s][info][gc,stats    ]       Phase: Concurrent Mark Free                          0.004 / 0.004         0.003 / 0.067         0.003 / 0.067         0.003 / 0.067       ms
[700.311s][info][gc,stats    ]       Phase: Concurrent Process Non-Strong References     21.178 / 21.178       10.456 / 21.178       24.684 / 257.265      24.684 / 257.265     ms
[700.312s][info][gc,stats    ]       Phase: Concurrent Relocate                           3.656 / 3.656         2.620 / 10.708       24.857 / 511.550      24.857 / 511.550     ms
[700.313s][info][gc,stats    ]       Phase: Concurrent Reset Relocation Set               0.077 / 0.077         0.014 / 0.082         0.017 / 0.139         0.017 / 0.139       ms
[700.314s][info][gc,stats    ]       Phase: Concurrent Select Relocation Set              2.754 / 2.754         2.338 / 5.959         8.893 / 198.723       8.893 / 198.723     ms
[700.315s][info][gc,stats    ]       Phase: Pause Mark End                                0.043 / 0.043         0.047 / 1.316         0.048 / 1.316         0.048 / 1.316       ms
[700.316s][info][gc,stats    ]       Phase: Pause Mark Start                              0.010 / 0.010         0.073 / 2.380         0.165 / 6.286         0.165 / 6.286       ms
[700.317s][info][gc,stats    ]       Phase: Pause Relocate Start                          0.012 / 0.012         0.012 / 0.051         0.016 / 0.139         0.016 / 0.139       ms
[700.318s][info][gc,stats    ]    Subphase: Concurrent Classes Purge                      0.833 / 0.833         0.491 / 2.068         1.095 / 10.871        1.095 / 10.871      ms
[700.319s][info][gc,stats    ]    Subphase: Concurrent Classes Unlink                    16.683 / 16.683        8.134 / 16.944       18.236 / 206.267      18.236 / 206.267     ms
[700.320s][info][gc,stats    ]    Subphase: Concurrent Mark                             129.562 / 129.652      99.679 / 234.695     273.409 / 2133.644    273.409 / 2133.644    ms
[700.321s][info][gc,stats    ]    Subphase: Concurrent Mark Try Flush                     0.278 / 0.639         0.255 / 2.310         2.011 / 43.966        2.011 / 43.966      ms
[700.323s][info][gc,stats    ]    Subphase: Concurrent Mark Try Terminate                 0.415 / 1.189         0.679 / 4.986         2.069 / 24.031        2.069 / 24.031      ms
[700.324s][info][gc,stats    ]    Subphase: Concurrent References Enqueue                 0.009 / 0.009         0.020 / 0.138         0.071 / 2.610         0.071 / 2.610       ms
[700.325s][info][gc,stats    ]    Subphase: Concurrent References Process                 1.000 / 1.000         0.401 / 3.756         0.790 / 6.377         0.790 / 6.377       ms
[700.326s][info][gc,stats    ]    Subphase: Concurrent Roots ClassLoaderDataGraph         0.198 / 0.360         0.212 / 0.896         0.735 / 47.494        0.735 / 47.494      ms
[700.328s][info][gc,stats    ]    Subphase: Concurrent Roots CodeCache                    0.000 / 0.000         0.000 / 0.000         0.000 / 0.000         0.000 / 0.000       ms
[700.329s][info][gc,stats    ]    Subphase: Concurrent Roots JavaThreads                  1.337 / 1.502         1.632 / 12.589        5.249 / 61.015        5.249 / 61.015      ms
[700.330s][info][gc,stats    ]    Subphase: Concurrent Roots OopStorageSet                0.045 / 0.055         0.049 / 0.419         0.978 / 72.582        0.978 / 72.582      ms
[700.332s][info][gc,stats    ]    Subphase: Concurrent Weak Roots OopStorageSet           1.767 / 1.822         0.893 / 2.340         1.675 / 14.084        1.675 / 14.084      ms
[700.335s][info][gc,stats    ]    Subphase: Pause Mark Try Complete                       0.000 / 0.000         0.000 / 0.000         0.000 / 0.000         0.000 / 0.000       ms
[700.337s][info][gc,stats    ]      System: Java Threads                                     74 / 74               75 / 83               74 / 89               74 / 89          threads
[700.338s][info][gc,stats    ] =========================================================================================================================================================
[702.784s][info][gc,start    ] GC(61) Garbage Collection (Proactive)
[702.785s][info][gc,task     ] GC(61) Using 2 workers
[702.787s][info][gc,phases   ] GC(61) Pause Mark Start 0.011ms
[703.031s][info][gc,phases   ] GC(61) Concurrent Mark 243.334ms
[703.033s][info][gc,phases   ] GC(61) Pause Mark End 0.023ms
[703.035s][info][gc,phases   ] GC(61) Concurrent Mark Free 0.003ms
[703.056s][info][gc,phases   ] GC(61) Concurrent Process Non-Strong References 20.161ms
[703.059s][info][gc,phases   ] GC(61) Concurrent Reset Relocation Set 0.020ms
[703.066s][info][gc,phases   ] GC(61) Concurrent Select Relocation Set 5.193ms
[703.068s][info][gc,phases   ] GC(61) Pause Relocate Start 0.017ms
[703.074s][info][gc,phases   ] GC(61) Concurrent Relocate 4.036ms
[703.076s][info][gc,load     ] GC(61) Load: 1.00/1.77/2.88
[703.077s][info][gc,mmu      ] GC(61) MMU: 2ms/0.0%, 5ms/0.0%, 10ms/37.1%, 20ms/68.6%, 50ms/87.4%, 100ms/93.7%
[703.079s][info][gc,marking  ] GC(61) Mark: 2 stripe(s), 7 proactive flush(es), 1 terminate flush(es), 0 completion(s), 0 continuation(s) 
[703.080s][info][gc,marking  ] GC(61) Mark Stack Usage: 32M
[703.082s][info][gc,nmethod  ] GC(61) NMethods: 6959 registered, 928 unregistered
[703.083s][info][gc,metaspace] GC(61) Metaspace: 52M used, 53M committed, 1072M reserved
[703.085s][info][gc,ref      ] GC(61) Soft: 5021 encountered, 0 discovered, 0 enqueued
[703.086s][info][gc,ref      ] GC(61) Weak: 3161 encountered, 352 discovered, 0 enqueued
[703.087s][info][gc,ref      ] GC(61) Final: 86 encountered, 4 discovered, 3 enqueued
[703.088s][info][gc,ref      ] GC(61) Phantom: 483 encountered, 352 discovered, 0 enqueued
[703.090s][info][gc,reloc    ] GC(61) Small Pages: 133 / 266M, Empty: 42M, Relocated: 3M, In-Place: 0
[703.091s][info][gc,reloc    ] GC(61) Medium Pages: 1 / 32M, Empty: 0M, Relocated: 0M, In-Place: 0
[703.093s][info][gc,reloc    ] GC(61) Large Pages: 51 / 634M, Empty: 600M, Relocated: 0M, In-Place: 0
[703.094s][info][gc,reloc    ] GC(61) Forwarding Usage: 0M
[703.095s][info][gc,heap     ] GC(61) Min Capacity: 256M(6%)
[703.096s][info][gc,heap     ] GC(61) Max Capacity: 4096M(100%)
[703.097s][info][gc,heap     ] GC(61) Soft Max Capacity: 4096M(100%)
[703.098s][info][gc,heap     ] GC(61)                Mark Start          Mark End        Relocate Start      Relocate End           High               Low         
[703.100s][info][gc,heap     ] GC(61)  Capacity:     1110M (27%)        1110M (27%)        1110M (27%)        1110M (27%)        1110M (27%)        1110M (27%)    
[703.101s][info][gc,heap     ] GC(61)      Free:     3164M (77%)        3146M (77%)        3788M (92%)        3908M (95%)        3908M (95%)        3146M (77%)    
[703.102s][info][gc,heap     ] GC(61)      Used:      932M (23%)         950M (23%)         308M (8%)          188M (5%)          950M (23%)         188M (5%)     
[703.106s][info][gc,heap     ] GC(61)      Live:         -               128M (3%)          128M (3%)          128M (3%)             -                  -          
[703.111s][info][gc,heap     ] GC(61) Allocated:         -                18M (0%)           18M (0%)           17M (0%)             -                  -          
[703.112s][info][gc,heap     ] GC(61)   Garbage:         -               803M (20%)         161M (4%)           41M (1%)             -                  -          
[703.114s][info][gc,heap     ] GC(61) Reclaimed:         -                  -               642M (16%)         761M (19%)            -                  -          
[703.115s][info][gc          ] GC(61) Garbage Collection (Proactive) 932M(23%)->188M(5%)
[710.283s][info][gc,stats    ] === Garbage Collection Statistics =======================================================================================================================
[710.285s][info][gc,stats    ]                                                              Last 10s              Last 10m              Last 10h                Total
[710.286s][info][gc,stats    ]                                                              Avg / Max             Avg / Max             Avg / Max             Avg / Max
[710.287s][info][gc,stats    ]   Collector: Garbage Collection Cycle                    291.708 / 291.708     129.396 / 291.708     364.517 / 2485.059    364.517 / 2485.059    ms
[710.289s][info][gc,stats    ]  Contention: Mark Segment Reset Contention                     0 / 0                 0 / 2                 0 / 2                 0 / 2           ops/s
[710.290s][info][gc,stats    ]  Contention: Mark SeqNum Reset Contention                      0 / 0                 0 / 1                 0 / 1                 0 / 1           ops/s
[710.292s][info][gc,stats    ]    Critical: Allocation Stall                                  0 / 0                 0 / 0                 0 / 0                 0 / 0           ops/s
[710.293s][info][gc,stats    ]    Critical: Allocation Stall                              0.000 / 0.000         0.000 / 0.000         0.000 / 0.000         0.000 / 0.000       ms
[710.294s][info][gc,stats    ]    Critical: GC Locker Stall                                   0 / 0                 0 / 0                 0 / 1                 0 / 1           ops/s
[710.296s][info][gc,stats    ]    Critical: GC Locker Stall                               0.000 / 0.000         0.000 / 0.000         0.002 / 0.002         0.002 / 0.002       ms
[710.297s][info][gc,stats    ]    Critical: Relocation Stall                                  0 / 0                 0 / 0                 0 / 0                 0 / 0           ops/s
[710.297s][info][gc,stats    ]    Critical: Relocation Stall                              0.000 / 0.000         0.000 / 0.000         0.000 / 0.000         0.000 / 0.000       ms
[710.299s][info][gc,stats    ]      Memory: Allocation Rate                                  74 / 490              69 / 524              68 / 552              68 / 552         MB/s
[710.300s][info][gc,stats    ]      Memory: Out Of Memory                                     0 / 0                 0 / 0                 0 / 0                 0 / 0           ops/s
[710.301s][info][gc,stats    ]      Memory: Page Cache Flush                                  0 / 0                 0 / 0                 0 / 0                 0 / 0           MB/s
[710.302s][info][gc,stats    ]      Memory: Page Cache Hit L1                                12 / 35               12 / 53               12 / 112              12 / 112         ops/s
[710.303s][info][gc,stats    ]      Memory: Page Cache Hit L2                                 0 / 0                 0 / 0                 0 / 0                 0 / 0           ops/s
[710.304s][info][gc,stats    ]      Memory: Page Cache Hit L3                                 0 / 0                 0 / 3                 0 / 31                0 / 31          ops/s
[710.305s][info][gc,stats    ]      Memory: Page Cache Miss                                   0 / 0                 0 / 28                0 / 88                0 / 88          ops/s
[710.309s][info][gc,stats    ]      Memory: Uncommit                                          0 / 0                 3 / 872               2 / 872               2 / 872         MB/s
[710.310s][info][gc,stats    ]      Memory: Undo Object Allocation Failed                     0 / 0                 0 / 0                 0 / 1                 0 / 1           ops/s
[710.311s][info][gc,stats    ]      Memory: Undo Object Allocation Succeeded                  0 / 0                 0 / 1                 0 / 2                 0 / 2           ops/s
[710.313s][info][gc,stats    ]      Memory: Undo Page Allocation                              0 / 0                 0 / 1                 0 / 25                0 / 25          ops/s
[710.314s][info][gc,stats    ]       Phase: Concurrent Mark                             243.334 / 243.334     102.541 / 243.334     283.357 / 2153.078    283.357 / 2153.078    ms
[710.315s][info][gc,stats    ]       Phase: Concurrent Mark Continue                      0.000 / 0.000         0.000 / 0.000         0.000 / 0.000         0.000 / 0.000       ms
[710.316s][info][gc,stats    ]       Phase: Concurrent Mark Free                          0.003 / 0.003         0.003 / 0.067         0.003 / 0.067         0.003 / 0.067       ms
[710.317s][info][gc,stats    ]       Phase: Concurrent Process Non-Strong References     20.161 / 20.161       10.444 / 21.178       24.611 / 257.265      24.611 / 257.265     ms
[710.318s][info][gc,stats    ]       Phase: Concurrent Relocate                           4.036 / 4.036         2.560 / 10.708       24.521 / 511.550      24.521 / 511.550     ms
[710.320s][info][gc,stats    ]       Phase: Concurrent Reset Relocation Set               0.020 / 0.020         0.014 / 0.082         0.017 / 0.139         0.017 / 0.139       ms
[710.321s][info][gc,stats    ]       Phase: Concurrent Select Relocation Set              5.193 / 5.193         2.323 / 5.945         8.833 / 198.723       8.833 / 198.723     ms
[710.322s][info][gc,stats    ]       Phase: Pause Mark End                                0.023 / 0.023         0.044 / 1.316         0.047 / 1.316         0.047 / 1.316       ms
[710.323s][info][gc,stats    ]       Phase: Pause Mark Start                              0.011 / 0.011         0.070 / 2.380         0.162 / 6.286         0.162 / 6.286       ms
[710.324s][info][gc,stats    ]       Phase: Pause Relocate Start                          0.017 / 0.017         0.012 / 0.051         0.016 / 0.139         0.016 / 0.139       ms
[710.325s][info][gc,stats    ]    Subphase: Concurrent Classes Purge                      1.058 / 1.058         0.471 / 1.058         1.094 / 10.871        1.094 / 10.871      ms
[710.326s][info][gc,stats    ]    Subphase: Concurrent Classes Unlink                    16.042 / 16.042        8.149 / 16.944       18.201 / 206.267      18.201 / 206.267     ms
[710.328s][info][gc,stats    ]    Subphase: Concurrent Mark                             240.467 / 240.609      99.803 / 240.609     272.878 / 2133.644    272.878 / 2133.644    ms
[710.329s][info][gc,stats    ]    Subphase: Concurrent Mark Try Flush                     0.790 / 1.304         0.266 / 2.310         1.967 / 43.966        1.967 / 43.966      ms
[710.330s][info][gc,stats    ]    Subphase: Concurrent Mark Try Terminate                 1.189 / 2.205         0.717 / 4.986         2.044 / 24.031        2.044 / 24.031      ms
[710.331s][info][gc,stats    ]    Subphase: Concurrent References Enqueue                 0.017 / 0.017         0.018 / 0.059         0.070 / 2.610         0.070 / 2.610       ms
[710.332s][info][gc,stats    ]    Subphase: Concurrent References Process                 0.528 / 0.528         0.392 / 3.756         0.786 / 6.377         0.786 / 6.377       ms
[710.334s][info][gc,stats    ]    Subphase: Concurrent Roots ClassLoaderDataGraph         0.279 / 0.447         0.210 / 0.896         0.728 / 47.494        0.728 / 47.494      ms
[710.335s][info][gc,stats    ]    Subphase: Concurrent Roots CodeCache                    0.000 / 0.000         0.000 / 0.000         0.000 / 0.000         0.000 / 0.000       ms
[710.337s][info][gc,stats    ]    Subphase: Concurrent Roots JavaThreads                  1.911 / 2.129         1.552 / 12.589        5.195 / 61.015        5.195 / 61.015      ms
[710.338s][info][gc,stats    ]    Subphase: Concurrent Roots OopStorageSet                0.092 / 0.125         0.049 / 0.419         0.962 / 72.582        0.962 / 72.582      ms
[710.339s][info][gc,stats    ]    Subphase: Concurrent Weak Roots OopStorageSet           1.435 / 1.437         0.896 / 2.340         1.671 / 14.084        1.671 / 14.084      ms
[710.340s][info][gc,stats    ]    Subphase: Pause Mark Try Complete                       0.000 / 0.000         0.000 / 0.000         0.000 / 0.000         0.000 / 0.000       ms
[710.342s][info][gc,stats    ]      System: Java Threads                                     74 / 74               75 / 83               74 / 89               74 / 89          threads
[710.343s][info][gc,stats    ] =========================================================================================================================================================
[720.283s][info][gc,stats    ] === Garbage Collection Statistics =======================================================================================================================
[720.285s][info][gc,stats    ]                                                              Last 10s              Last 10m              Last 10h                Total
[720.286s][info][gc,stats    ]                                                              Avg / Max             Avg / Max             Avg / Max             Avg / Max
[720.288s][info][gc,stats    ]   Collector: Garbage Collection Cycle                      0.000 / 0.000       129.396 / 291.708     364.517 / 2485.059    364.517 / 2485.059    ms
[720.289s][info][gc,stats    ]  Contention: Mark Segment Reset Contention                     0 / 0                 0 / 2                 0 / 2                 0 / 2           ops/s
[720.291s][info][gc,stats    ]  Contention: Mark SeqNum Reset Contention                      0 / 0                 0 / 1                 0 / 1                 0 / 1           ops/s
[720.293s][info][gc,stats    ]    Critical: Allocation Stall                                  0 / 0                 0 / 0                 0 / 0                 0 / 0           ops/s
[720.294s][info][gc,stats    ]    Critical: Allocation Stall                              0.000 / 0.000         0.000 / 0.000         0.000 / 0.000         0.000 / 0.000       ms
[720.296s][info][gc,stats    ]    Critical: GC Locker Stall                                   0 / 0                 0 / 0                 0 / 1                 0 / 1           ops/s
[720.298s][info][gc,stats    ]    Critical: GC Locker Stall                               0.000 / 0.000         0.000 / 0.000         0.002 / 0.002         0.002 / 0.002       ms
[720.299s][info][gc,stats    ]    Critical: Relocation Stall                                  0 / 0                 0 / 0                 0 / 0                 0 / 0           ops/s
[720.300s][info][gc,stats    ]    Critical: Relocation Stall                              0.000 / 0.000         0.000 / 0.000         0.000 / 0.000         0.000 / 0.000       ms
[720.302s][info][gc,stats    ]      Memory: Allocation Rate                                  73 / 490              69 / 524              68 / 552              68 / 552         MB/s
[720.303s][info][gc,stats    ]      Memory: Out Of Memory                                     0 / 0                 0 / 0                 0 / 0                 0 / 0           ops/s
[720.304s][info][gc,stats    ]      Memory: Page Cache Flush                                  0 / 0                 0 / 0                 0 / 0                 0 / 0           MB/s
[720.306s][info][gc,stats    ]      Memory: Page Cache Hit L1                                 9 / 35               12 / 53               12 / 112              12 / 112         ops/s
[720.310s][info][gc,stats    ]      Memory: Page Cache Hit L2                                 0 / 0                 0 / 0                 0 / 0                 0 / 0           ops/s
[720.312s][info][gc,stats    ]      Memory: Page Cache Hit L3                                 2 / 5                 0 / 5                 0 / 31                0 / 31          ops/s
[720.315s][info][gc,stats    ]      Memory: Page Cache Miss                                   0 / 2                 0 / 28                0 / 88                0 / 88          ops/s
[720.316s][info][gc,stats    ]      Memory: Uncommit                                          0 / 0                 3 / 872               2 / 872               2 / 872         MB/s
[720.318s][info][gc,stats    ]      Memory: Undo Object Allocation Failed                     0 / 0                 0 / 0                 0 / 1                 0 / 1           ops/s
[720.319s][info][gc,stats    ]      Memory: Undo Object Allocation Succeeded                  0 / 0                 0 / 1                 0 / 2                 0 / 2           ops/s
[720.321s][info][gc,stats    ]      Memory: Undo Page Allocation                              0 / 0                 0 / 1                 0 / 25                0 / 25          ops/s
[720.322s][info][gc,stats    ]       Phase: Concurrent Mark                               0.000 / 0.000       102.541 / 243.334     283.357 / 2153.078    283.357 / 2153.078    ms
[720.323s][info][gc,stats    ]       Phase: Concurrent Mark Continue                      0.000 / 0.000         0.000 / 0.000         0.000 / 0.000         0.000 / 0.000       ms
[720.324s][info][gc,stats    ]       Phase: Concurrent Mark Free                          0.000 / 0.000         0.003 / 0.067         0.003 / 0.067         0.003 / 0.067       ms
[720.325s][info][gc,stats    ]       Phase: Concurrent Process Non-Strong References      0.000 / 0.000        10.444 / 21.178       24.611 / 257.265      24.611 / 257.265     ms
[720.326s][info][gc,stats    ]       Phase: Concurrent Relocate                           0.000 / 0.000         2.560 / 10.708       24.521 / 511.550      24.521 / 511.550     ms
[720.327s][info][gc,stats    ]       Phase: Concurrent Reset Relocation Set               0.000 / 0.000         0.014 / 0.082         0.017 / 0.139         0.017 / 0.139       ms
[720.328s][info][gc,stats    ]       Phase: Concurrent Select Relocation Set              0.000 / 0.000         2.323 / 5.945         8.833 / 198.723       8.833 / 198.723     ms
[720.330s][info][gc,stats    ]       Phase: Pause Mark End                                0.000 / 0.000         0.044 / 1.316         0.047 / 1.316         0.047 / 1.316       ms
[720.331s][info][gc,stats    ]       Phase: Pause Mark Start                              0.000 / 0.000         0.070 / 2.380         0.162 / 6.286         0.162 / 6.286       ms
[720.332s][info][gc,stats    ]       Phase: Pause Relocate Start                          0.000 / 0.000         0.012 / 0.051         0.016 / 0.139         0.016 / 0.139       ms
[720.334s][info][gc,stats    ]    Subphase: Concurrent Classes Purge                      0.000 / 0.000         0.471 / 1.058         1.094 / 10.871        1.094 / 10.871      ms
[720.335s][info][gc,stats    ]    Subphase: Concurrent Classes Unlink                     0.000 / 0.000         8.149 / 16.944       18.201 / 206.267      18.201 / 206.267     ms
[720.336s][info][gc,stats    ]    Subphase: Concurrent Mark                               0.000 / 0.000        99.803 / 240.609     272.878 / 2133.644    272.878 / 2133.644    ms
[720.337s][info][gc,stats    ]    Subphase: Concurrent Mark Try Flush                     0.000 / 0.000         0.266 / 2.310         1.967 / 43.966        1.967 / 43.966      ms
[720.338s][info][gc,stats    ]    Subphase: Concurrent Mark Try Terminate                 0.000 / 0.000         0.717 / 4.986         2.044 / 24.031        2.044 / 24.031      ms
[720.339s][info][gc,stats    ]    Subphase: Concurrent References Enqueue                 0.000 / 0.000         0.018 / 0.059         0.070 / 2.610         0.070 / 2.610       ms
[720.342s][info][gc,stats    ]    Subphase: Concurrent References Process                 0.000 / 0.000         0.392 / 3.756         0.786 / 6.377         0.786 / 6.377       ms
[720.343s][info][gc,stats    ]    Subphase: Concurrent Roots ClassLoaderDataGraph         0.000 / 0.000         0.210 / 0.896         0.728 / 47.494        0.728 / 47.494      ms
[720.345s][info][gc,stats    ]    Subphase: Concurrent Roots CodeCache                    0.000 / 0.000         0.000 / 0.000         0.000 / 0.000         0.000 / 0.000       ms
[720.347s][info][gc,stats    ]    Subphase: Concurrent Roots JavaThreads                  0.000 / 0.000         1.552 / 12.589        5.195 / 61.015        5.195 / 61.015      ms
[720.348s][info][gc,stats    ]    Subphase: Concurrent Roots OopStorageSet                0.000 / 0.000         0.049 / 0.419         0.962 / 72.582        0.962 / 72.582      ms
[720.349s][info][gc,stats    ]    Subphase: Concurrent Weak Roots OopStorageSet           0.000 / 0.000         0.896 / 2.340         1.671 / 14.084        1.671 / 14.084      ms
[720.350s][info][gc,stats    ]    Subphase: Pause Mark Try Complete                       0.000 / 0.000         0.000 / 0.000         0.000 / 0.000         0.000 / 0.000       ms
[720.351s][info][gc,stats    ]      System: Java Threads                                      0 / 0                75 / 83               74 / 89               74 / 89          threads
[720.353s][info][gc,stats    ] =========================================================================================================================================================
[724.483s][info][gc,start    ] GC(62) Garbage Collection (Proactive)
[724.485s][info][gc,task     ] GC(62) Using 2 workers
[724.488s][info][gc,phases   ] GC(62) Pause Mark Start 0.017ms
[724.740s][info][gc,phases   ] GC(62) Concurrent Mark 251.170ms
[724.743s][info][gc,phases   ] GC(62) Pause Mark End 0.036ms
[724.746s][info][gc,phases   ] GC(62) Concurrent Mark Free 0.005ms
[724.772s][info][gc,phases   ] GC(62) Concurrent Process Non-Strong References 24.900ms
[724.775s][info][gc,phases   ] GC(62) Concurrent Reset Relocation Set 0.015ms
[724.782s][info][gc,phases   ] GC(62) Concurrent Select Relocation Set 6.108ms
[724.785s][info][gc,phases   ] GC(62) Pause Relocate Start 0.015ms
[724.792s][info][gc,phases   ] GC(62) Concurrent Relocate 5.773ms
[724.794s][info][gc,load     ] GC(62) Load: 0.92/1.71/2.83
[724.796s][info][gc,mmu      ] GC(62) MMU: 2ms/0.0%, 5ms/0.0%, 10ms/37.1%, 20ms/68.6%, 50ms/87.4%, 100ms/93.7%
[724.798s][info][gc,marking  ] GC(62) Mark: 2 stripe(s), 2 proactive flush(es), 1 terminate flush(es), 0 completion(s), 0 continuation(s) 
[724.801s][info][gc,marking  ] GC(62) Mark Stack Usage: 32M
[724.802s][info][gc,nmethod  ] GC(62) NMethods: 6962 registered, 928 unregistered
[724.804s][info][gc,metaspace] GC(62) Metaspace: 52M used, 53M committed, 1072M reserved
[724.805s][info][gc,ref      ] GC(62) Soft: 5021 encountered, 0 discovered, 0 enqueued
[724.807s][info][gc,ref      ] GC(62) Weak: 3161 encountered, 943 discovered, 0 enqueued
[724.809s][info][gc,ref      ] GC(62) Final: 87 encountered, 4 discovered, 4 enqueued
[724.810s][info][gc,ref      ] GC(62) Phantom: 503 encountered, 449 discovered, 0 enqueued
[724.812s][info][gc,reloc    ] GC(62) Small Pages: 220 / 440M, Empty: 114M, Relocated: 4M, In-Place: 0
[724.813s][info][gc,reloc    ] GC(62) Medium Pages: 1 / 32M, Empty: 0M, Relocated: 0M, In-Place: 0
[724.814s][info][gc,reloc    ] GC(62) Large Pages: 71 / 754M, Empty: 720M, Relocated: 0M, In-Place: 0
[724.816s][info][gc,reloc    ] GC(62) Forwarding Usage: 1M
[724.817s][info][gc,heap     ] GC(62) Min Capacity: 256M(6%)
[724.818s][info][gc,heap     ] GC(62) Max Capacity: 4096M(100%)
[724.820s][info][gc,heap     ] GC(62) Soft Max Capacity: 4096M(100%)
[724.821s][info][gc,heap     ] GC(62)                Mark Start          Mark End        Relocate Start      Relocate End           High               Low         
[724.823s][info][gc,heap     ] GC(62)  Capacity:     1226M (30%)        1386M (34%)        1404M (34%)        1404M (34%)        1404M (34%)        1226M (30%)    
[724.826s][info][gc,heap     ] GC(62)      Free:     2870M (70%)        2710M (66%)        3526M (86%)        3746M (91%)        3746M (91%)        2692M (66%)    
[724.828s][info][gc,heap     ] GC(62)      Used:     1226M (30%)        1386M (34%)         570M (14%)         350M (9%)         1404M (34%)         350M (9%)     
[724.829s][info][gc,heap     ] GC(62)      Live:         -               129M (3%)          129M (3%)          129M (3%)             -                  -          
[724.831s][info][gc,heap     ] GC(62) Allocated:         -               160M (4%)          178M (4%)          177M (4%)             -                  -          
[724.832s][info][gc,heap     ] GC(62)   Garbage:         -              1096M (27%)         262M (6%)           42M (1%)             -                  -          
[724.835s][info][gc,heap     ] GC(62) Reclaimed:         -                  -               834M (20%)        1053M (26%)            -                  -          
[724.837s][info][gc          ] GC(62) Garbage Collection (Proactive) 1226M(30%)->350M(9%)
[730.283s][info][gc,stats    ] === Garbage Collection Statistics =======================================================================================================================
[730.286s][info][gc,stats    ]                                                              Last 10s              Last 10m              Last 10h                Total
[730.287s][info][gc,stats    ]                                                              Avg / Max             Avg / Max             Avg / Max             Avg / Max
[730.289s][info][gc,stats    ]   Collector: Garbage Collection Cycle                    310.960 / 310.960     133.027 / 310.960     363.667 / 2485.059    363.667 / 2485.059    ms
[730.290s][info][gc,stats    ]  Contention: Mark Segment Reset Contention                     0 / 1                 0 / 2                 0 / 2                 0 / 2           ops/s
[730.292s][info][gc,stats    ]  Contention: Mark SeqNum Reset Contention                      0 / 0                 0 / 1                 0 / 1                 0 / 1           ops/s
[730.293s][info][gc,stats    ]    Critical: Allocation Stall                                  0 / 0                 0 / 0                 0 / 0                 0 / 0           ops/s
[730.295s][info][gc,stats    ]    Critical: Allocation Stall                              0.000 / 0.000         0.000 / 0.000         0.000 / 0.000         0.000 / 0.000       ms
[730.297s][info][gc,stats    ]    Critical: GC Locker Stall                                   0 / 0                 0 / 0                 0 / 1                 0 / 1           ops/s
[730.299s][info][gc,stats    ]    Critical: GC Locker Stall                               0.000 / 0.000         0.000 / 0.000         0.002 / 0.002         0.002 / 0.002       ms
[730.300s][info][gc,stats    ]    Critical: Relocation Stall                                  0 / 0                 0 / 0                 0 / 0                 0 / 0           ops/s
[730.302s][info][gc,stats    ]    Critical: Relocation Stall                              0.000 / 0.000         0.000 / 0.000         0.000 / 0.000         0.000 / 0.000       ms
[730.303s][info][gc,stats    ]      Memory: Allocation Rate                                  75 / 534              69 / 534              68 / 552              68 / 552         MB/s
[730.304s][info][gc,stats    ]      Memory: Out Of Memory                                     0 / 0                 0 / 0                 0 / 0                 0 / 0           ops/s
[730.306s][info][gc,stats    ]      Memory: Page Cache Flush                                  0 / 0                 0 / 0                 0 / 0                 0 / 0           MB/s
[730.307s][info][gc,stats    ]      Memory: Page Cache Hit L1                                 7 / 27               12 / 53               12 / 112              12 / 112         ops/s
[730.309s][info][gc,stats    ]      Memory: Page Cache Hit L2                                 0 / 0                 0 / 0                 0 / 0                 0 / 0           ops/s
[730.313s][info][gc,stats    ]      Memory: Page Cache Hit L3                                 0 / 6                 0 / 6                 0 / 31                0 / 31          ops/s
[730.317s][info][gc,stats    ]      Memory: Page Cache Miss                                   4 / 26                0 / 28                0 / 88                0 / 88          ops/s
[730.320s][info][gc,stats    ]      Memory: Uncommit                                          0 / 0                 3 / 872               2 / 872               2 / 872         MB/s
[730.321s][info][gc,stats    ]      Memory: Undo Object Allocation Failed                     0 / 0                 0 / 0                 0 / 1                 0 / 1           ops/s
[730.323s][info][gc,stats    ]      Memory: Undo Object Allocation Succeeded                  0 / 0                 0 / 1                 0 / 2                 0 / 2           ops/s
[730.325s][info][gc,stats    ]      Memory: Undo Page Allocation                              0 / 0                 0 / 1                 0 / 25                0 / 25          ops/s
[730.327s][info][gc,stats    ]       Phase: Concurrent Mark                             251.170 / 251.170     105.514 / 251.170     282.846 / 2153.078    282.846 / 2153.078    ms
[730.328s][info][gc,stats    ]       Phase: Concurrent Mark Continue                      0.000 / 0.000         0.000 / 0.000         0.000 / 0.000         0.000 / 0.000       ms
[730.330s][info][gc,stats    ]       Phase: Concurrent Mark Free                          0.005 / 0.005         0.003 / 0.067         0.003 / 0.067         0.003 / 0.067       ms
[730.331s][info][gc,stats    ]       Phase: Concurrent Process Non-Strong References     24.900 / 24.900       10.734 / 24.900       24.616 / 257.265      24.616 / 257.265     ms
[730.333s][info][gc,stats    ]       Phase: Concurrent Relocate                           5.773 / 5.773         2.625 / 10.708       24.223 / 511.550      24.223 / 511.550     ms
[730.335s][info][gc,stats    ]       Phase: Concurrent Reset Relocation Set               0.015 / 0.015         0.014 / 0.082         0.017 / 0.139         0.017 / 0.139       ms
[730.336s][info][gc,stats    ]       Phase: Concurrent Select Relocation Set              6.108 / 6.108         2.398 / 6.108         8.790 / 198.723       8.790 / 198.723     ms
[730.338s][info][gc,stats    ]       Phase: Pause Mark End                                0.036 / 0.036         0.044 / 1.316         0.047 / 1.316         0.047 / 1.316       ms
[730.339s][info][gc,stats    ]       Phase: Pause Mark Start                              0.017 / 0.017         0.069 / 2.380         0.160 / 6.286         0.160 / 6.286       ms
[730.340s][info][gc,stats    ]       Phase: Pause Relocate Start                          0.015 / 0.015         0.012 / 0.051         0.016 / 0.139         0.016 / 0.139       ms
[730.342s][info][gc,stats    ]    Subphase: Concurrent Classes Purge                      0.903 / 0.903         0.479 / 1.058         1.091 / 10.871        1.091 / 10.871      ms
[730.344s][info][gc,stats    ]    Subphase: Concurrent Classes Unlink                    17.092 / 17.092        8.328 / 17.092       18.183 / 206.267      18.183 / 206.267     ms
[730.345s][info][gc,stats    ]    Subphase: Concurrent Mark                             244.485 / 245.069     102.697 / 245.069     272.427 / 2133.644    272.427 / 2133.644    ms
[730.347s][info][gc,stats    ]    Subphase: Concurrent Mark Try Flush                     3.731 / 10.215        0.322 / 10.215        1.991 / 43.966        1.991 / 43.966      ms
[730.350s][info][gc,stats    ]    Subphase: Concurrent Mark Try Terminate                 1.077 / 1.349         0.735 / 4.986         2.026 / 24.031        2.026 / 24.031      ms
[730.352s][info][gc,stats    ]    Subphase: Concurrent References Enqueue                 0.051 / 0.051         0.019 / 0.059         0.070 / 2.610         0.070 / 2.610       ms
[730.354s][info][gc,stats    ]    Subphase: Concurrent References Process                 0.843 / 0.843         0.401 / 3.756         0.786 / 6.377         0.786 / 6.377       ms
[730.357s][info][gc,stats    ]    Subphase: Concurrent Roots ClassLoaderDataGraph         0.464 / 0.729         0.215 / 0.896         0.724 / 47.494        0.724 / 47.494      ms
[730.360s][info][gc,stats    ]    Subphase: Concurrent Roots CodeCache                    0.000 / 0.000         0.000 / 0.000         0.000 / 0.000         0.000 / 0.000       ms
[730.363s][info][gc,stats    ]    Subphase: Concurrent Roots JavaThreads                  4.906 / 5.275         1.619 / 12.589        5.190 / 61.015        5.190 / 61.015      ms
[730.365s][info][gc,stats    ]    Subphase: Concurrent Roots OopStorageSet                0.051 / 0.060         0.049 / 0.419         0.946 / 72.582        0.946 / 72.582      ms
[730.366s][info][gc,stats    ]    Subphase: Concurrent Weak Roots OopStorageSet           1.557 / 1.589         0.910 / 2.340         1.669 / 14.084        1.669 / 14.084      ms
[730.369s][info][gc,stats    ]    Subphase: Pause Mark Try Complete                       0.000 / 0.000         0.000 / 0.000         0.000 / 0.000         0.000 / 0.000       ms
[730.370s][info][gc,stats    ]      System: Java Threads                                     74 / 74               75 / 83               74 / 89               74 / 89          threads
[730.372s][info][gc,stats    ] =========================================================================================================================================================
[740.283s][info][gc,stats    ] === Garbage Collection Statistics =======================================================================================================================
[740.285s][info][gc,stats    ]                                                              Last 10s              Last 10m              Last 10h                Total
[740.288s][info][gc,stats    ]                                                              Avg / Max             Avg / Max             Avg / Max             Avg / Max
[740.289s][info][gc,stats    ]   Collector: Garbage Collection Cycle                      0.000 / 0.000       130.097 / 310.960     363.667 / 2485.059    363.667 / 2485.059    ms
[740.291s][info][gc,stats    ]  Contention: Mark Segment Reset Contention                     0 / 0                 0 / 2                 0 / 2                 0 / 2           ops/s
[740.292s][info][gc,stats    ]  Contention: Mark SeqNum Reset Contention                      0 / 0                 0 / 1                 0 / 1                 0 / 1           ops/s
[740.293s][info][gc,stats    ]    Critical: Allocation Stall                                  0 / 0                 0 / 0                 0 / 0                 0 / 0           ops/s
[740.295s][info][gc,stats    ]    Critical: Allocation Stall                              0.000 / 0.000         0.000 / 0.000         0.000 / 0.000         0.000 / 0.000       ms
[740.296s][info][gc,stats    ]    Critical: GC Locker Stall                                   0 / 0                 0 / 0                 0 / 1                 0 / 1           ops/s
[740.298s][info][gc,stats    ]    Critical: GC Locker Stall                               0.000 / 0.000         0.000 / 0.000         0.002 / 0.002         0.002 / 0.002       ms
[740.299s][info][gc,stats    ]    Critical: Relocation Stall                                  0 / 0                 0 / 0                 0 / 0                 0 / 0           ops/s
[740.300s][info][gc,stats    ]    Critical: Relocation Stall                              0.000 / 0.000         0.000 / 0.000         0.000 / 0.000         0.000 / 0.000       ms
[740.302s][info][gc,stats    ]      Memory: Allocation Rate                                  74 / 488              69 / 534              68 / 552              68 / 552         MB/s
[740.304s][info][gc,stats    ]      Memory: Out Of Memory                                     0 / 0                 0 / 0                 0 / 0                 0 / 0           ops/s
[740.307s][info][gc,stats    ]      Memory: Page Cache Flush                                  0 / 0                 0 / 0                 0 / 0                 0 / 0           MB/s
[740.309s][info][gc,stats    ]      Memory: Page Cache Hit L1                                10 / 15               12 / 53               12 / 112              12 / 112         ops/s
[740.310s][info][gc,stats    ]      Memory: Page Cache Hit L2                                 0 / 0                 0 / 0                 0 / 0                 0 / 0           ops/s
[740.312s][info][gc,stats    ]      Memory: Page Cache Hit L3                                 0 / 0                 0 / 6                 0 / 31                0 / 31          ops/s
[740.313s][info][gc,stats    ]      Memory: Page Cache Miss                                   1 / 19                0 / 26                0 / 88                0 / 88          ops/s
[740.314s][info][gc,stats    ]      Memory: Uncommit                                          0 / 0                 3 / 872               2 / 872               2 / 872         MB/s
[740.315s][info][gc,stats    ]      Memory: Undo Object Allocation Failed                     0 / 0                 0 / 0                 0 / 1                 0 / 1           ops/s
[740.316s][info][gc,stats    ]      Memory: Undo Object Allocation Succeeded                  0 / 0                 0 / 1                 0 / 2                 0 / 2           ops/s
[740.318s][info][gc,stats    ]      Memory: Undo Page Allocation                              0 / 0                 0 / 1                 0 / 25                0 / 25          ops/s
[740.319s][info][gc,stats    ]       Phase: Concurrent Mark                               0.000 / 0.000       103.818 / 251.170     282.846 / 2153.078    282.846 / 2153.078    ms
[740.321s][info][gc,stats    ]       Phase: Concurrent Mark Continue                      0.000 / 0.000         0.000 / 0.000         0.000 / 0.000         0.000 / 0.000       ms
[740.322s][info][gc,stats    ]       Phase: Concurrent Mark Free                          0.000 / 0.000         0.003 / 0.067         0.003 / 0.067         0.003 / 0.067       ms
[740.323s][info][gc,stats    ]       Phase: Concurrent Process Non-Strong References      0.000 / 0.000        10.539 / 24.900       24.616 / 257.265      24.616 / 257.265     ms
[740.324s][info][gc,stats    ]       Phase: Concurrent Relocate                           0.000 / 0.000         2.572 / 10.708       24.223 / 511.550      24.223 / 511.550     ms
[740.326s][info][gc,stats    ]       Phase: Concurrent Reset Relocation Set               0.000 / 0.000         0.014 / 0.082         0.017 / 0.139         0.017 / 0.139       ms
[740.327s][info][gc,stats    ]       Phase: Concurrent Select Relocation Set              0.000 / 0.000         2.326 / 6.108         8.790 / 198.723       8.790 / 198.723     ms
[740.328s][info][gc,stats    ]       Phase: Pause Mark End                                0.000 / 0.000         0.018 / 0.069         0.047 / 1.316         0.047 / 1.316       ms
[740.329s][info][gc,stats    ]       Phase: Pause Mark Start                              0.000 / 0.000         0.022 / 0.474         0.160 / 6.286         0.160 / 6.286       ms
[740.330s][info][gc,stats    ]       Phase: Pause Relocate Start                          0.000 / 0.000         0.012 / 0.051         0.016 / 0.139         0.016 / 0.139       ms
[740.332s][info][gc,stats    ]    Subphase: Concurrent Classes Purge                      0.000 / 0.000         0.479 / 1.058         1.091 / 10.871        1.091 / 10.871      ms
[740.333s][info][gc,stats    ]    Subphase: Concurrent Classes Unlink                     0.000 / 0.000         8.152 / 17.092       18.183 / 206.267      18.183 / 206.267     ms
[740.334s][info][gc,stats    ]    Subphase: Concurrent Mark                               0.000 / 0.000       101.272 / 245.069     272.427 / 2133.644    272.427 / 2133.644    ms
[740.335s][info][gc,stats    ]    Subphase: Concurrent Mark Try Flush                     0.000 / 0.000         0.325 / 10.215        1.991 / 43.966        1.991 / 43.966      ms
[740.337s][info][gc,stats    ]    Subphase: Concurrent Mark Try Terminate                 0.000 / 0.000         0.740 / 4.986         2.026 / 24.031        2.026 / 24.031      ms
[740.338s][info][gc,stats    ]    Subphase: Concurrent References Enqueue                 0.000 / 0.000         0.018 / 0.059         0.070 / 2.610         0.070 / 2.610       ms
[740.339s][info][gc,stats    ]    Subphase: Concurrent References Process                 0.000 / 0.000         0.390 / 3.756         0.786 / 6.377         0.786 / 6.377       ms
[740.340s][info][gc,stats    ]    Subphase: Concurrent Roots ClassLoaderDataGraph         0.000 / 0.000         0.214 / 0.896         0.724 / 47.494        0.724 / 47.494      ms
[740.341s][info][gc,stats    ]    Subphase: Concurrent Roots CodeCache                    0.000 / 0.000         0.000 / 0.000         0.000 / 0.000         0.000 / 0.000       ms
[740.342s][info][gc,stats    ]    Subphase: Concurrent Roots JavaThreads                  0.000 / 0.000         1.396 / 5.275         5.190 / 61.015        5.190 / 61.015      ms
[740.343s][info][gc,stats    ]    Subphase: Concurrent Roots OopStorageSet                0.000 / 0.000         0.049 / 0.419         0.946 / 72.582        0.946 / 72.582      ms
[740.344s][info][gc,stats    ]    Subphase: Concurrent Weak Roots OopStorageSet           0.000 / 0.000         0.903 / 2.340         1.669 / 14.084        1.669 / 14.084      ms
[740.345s][info][gc,stats    ]    Subphase: Pause Mark Try Complete                       0.000 / 0.000         0.000 / 0.000         0.000 / 0.000         0.000 / 0.000       ms
[740.346s][info][gc,stats    ]      System: Java Threads                                      0 / 0                74 / 83               74 / 89               74 / 89          threads
[740.347s][info][gc,stats    ] =========================================================================================================================================================
[745.583s][info][gc,start    ] GC(63) Garbage Collection (Proactive)
[745.585s][info][gc,task     ] GC(63) Using 2 workers
[745.586s][info][gc,phases   ] GC(63) Pause Mark Start 0.041ms
[745.745s][info][gc,phases   ] GC(63) Concurrent Mark 156.970ms
[745.747s][info][gc,phases   ] GC(63) Pause Mark End 0.020ms
[745.748s][info][gc,phases   ] GC(63) Concurrent Mark Free 0.002ms
[745.767s][info][gc,phases   ] GC(63) Concurrent Process Non-Strong References 17.316ms
[745.775s][info][gc,phases   ] GC(63) Concurrent Reset Relocation Set 0.022ms
[745.781s][info][gc,phases   ] GC(63) Concurrent Select Relocation Set 3.659ms
[745.784s][info][gc,phases   ] GC(63) Pause Relocate Start 0.014ms
[745.790s][info][gc,phases   ] GC(63) Concurrent Relocate 4.388ms
[745.793s][info][gc,load     ] GC(63) Load: 0.86/1.64/2.79
[745.794s][info][gc,mmu      ] GC(63) MMU: 2ms/0.0%, 5ms/0.0%, 10ms/37.1%, 20ms/68.6%, 50ms/87.4%, 100ms/93.7%
[745.795s][info][gc,marking  ] GC(63) Mark: 2 stripe(s), 2 proactive flush(es), 1 terminate flush(es), 0 completion(s), 0 continuation(s) 
[745.796s][info][gc,marking  ] GC(63) Mark Stack Usage: 32M
[745.797s][info][gc,nmethod  ] GC(63) NMethods: 6973 registered, 928 unregistered
[745.799s][info][gc,metaspace] GC(63) Metaspace: 52M used, 53M committed, 1072M reserved
[745.800s][info][gc,ref      ] GC(63) Soft: 5021 encountered, 0 discovered, 0 enqueued
[745.803s][info][gc,ref      ] GC(63) Weak: 3176 encountered, 351 discovered, 0 enqueued
[745.805s][info][gc,ref      ] GC(63) Final: 87 encountered, 4 discovered, 4 enqueued
[745.806s][info][gc,ref      ] GC(63) Phantom: 500 encountered, 446 discovered, 0 enqueued
[745.807s][info][gc,reloc    ] GC(63) Small Pages: 204 / 408M, Empty: 84M, Relocated: 4M, In-Place: 0
[745.808s][info][gc,reloc    ] GC(63) Medium Pages: 1 / 32M, Empty: 0M, Relocated: 0M, In-Place: 0
[745.810s][info][gc,reloc    ] GC(63) Large Pages: 100 / 1240M, Empty: 1206M, Relocated: 0M, In-Place: 0
[745.810s][info][gc,reloc    ] GC(63) Forwarding Usage: 1M
[745.812s][info][gc,heap     ] GC(63) Min Capacity: 256M(6%)
[745.814s][info][gc,heap     ] GC(63) Max Capacity: 4096M(100%)
[745.815s][info][gc,heap     ] GC(63) Soft Max Capacity: 4096M(100%)
[745.816s][info][gc,heap     ] GC(63)                Mark Start          Mark End        Relocate Start      Relocate End           High               Low         
[745.818s][info][gc,heap     ] GC(63)  Capacity:     1734M (42%)        1734M (42%)        1734M (42%)        1734M (42%)        1734M (42%)        1734M (42%)    
[745.820s][info][gc,heap     ] GC(63)      Free:     2416M (59%)        2384M (58%)        3674M (90%)        3894M (95%)        3894M (95%)        2384M (58%)    
[745.821s][info][gc,heap     ] GC(63)      Used:     1680M (41%)        1712M (42%)         422M (10%)         202M (5%)         1712M (42%)         202M (5%)     
[745.822s][info][gc,heap     ] GC(63)      Live:         -               128M (3%)          128M (3%)          128M (3%)             -                  -          
[745.823s][info][gc,heap     ] GC(63) Allocated:         -                32M (1%)           32M (1%)           31M (1%)             -                  -          
[745.824s][info][gc,heap     ] GC(63)   Garbage:         -              1551M (38%)         261M (6%)           41M (1%)             -                  -          
[745.825s][info][gc,heap     ] GC(63) Reclaimed:         -                  -              1290M (31%)        1509M (37%)            -                  -          
[745.827s][info][gc          ] GC(63) Garbage Collection (Proactive) 1680M(41%)->202M(5%)
[750.283s][info][gc,stats    ] === Garbage Collection Statistics =======================================================================================================================
[750.284s][info][gc,stats    ]                                                              Last 10s              Last 10m              Last 10h                Total
[750.285s][info][gc,stats    ]                                                              Avg / Max             Avg / Max             Avg / Max             Avg / Max
[750.286s][info][gc,stats    ]   Collector: Garbage Collection Cycle                    209.383 / 209.383     131.683 / 310.960     361.256 / 2485.059    361.256 / 2485.059    ms
[750.287s][info][gc,stats    ]  Contention: Mark Segment Reset Contention                     0 / 1                 0 / 2                 0 / 2                 0 / 2           ops/s
[750.288s][info][gc,stats    ]  Contention: Mark SeqNum Reset Contention                      0 / 0                 0 / 1                 0 / 1                 0 / 1           ops/s
[750.289s][info][gc,stats    ]    Critical: Allocation Stall                                  0 / 0                 0 / 0                 0 / 0                 0 / 0           ops/s
[750.290s][info][gc,stats    ]    Critical: Allocation Stall                              0.000 / 0.000         0.000 / 0.000         0.000 / 0.000         0.000 / 0.000       ms
[750.291s][info][gc,stats    ]    Critical: GC Locker Stall                                   0 / 0                 0 / 0                 0 / 1                 0 / 1           ops/s
[750.292s][info][gc,stats    ]    Critical: GC Locker Stall                               0.000 / 0.000         0.000 / 0.000         0.002 / 0.002         0.002 / 0.002       ms
[750.292s][info][gc,stats    ]    Critical: Relocation Stall                                  0 / 0                 0 / 0                 0 / 0                 0 / 0           ops/s
[750.293s][info][gc,stats    ]    Critical: Relocation Stall                              0.000 / 0.000         0.000 / 0.000         0.000 / 0.000         0.000 / 0.000       ms
[750.294s][info][gc,stats    ]      Memory: Allocation Rate                                  72 / 470              69 / 534              68 / 552              68 / 552         MB/s
[750.296s][info][gc,stats    ]      Memory: Out Of Memory                                     0 / 0                 0 / 0                 0 / 0                 0 / 0           ops/s
[750.297s][info][gc,stats    ]      Memory: Page Cache Flush                                  0 / 0                 0 / 0                 0 / 0                 0 / 0           MB/s
[750.298s][info][gc,stats    ]      Memory: Page Cache Hit L1                                12 / 33               12 / 53               12 / 112              12 / 112         ops/s
[750.299s][info][gc,stats    ]      Memory: Page Cache Hit L2                                 0 / 0                 0 / 0                 0 / 0                 0 / 0           ops/s
[750.300s][info][gc,stats    ]      Memory: Page Cache Hit L3                                 0 / 0                 0 / 6                 0 / 31                0 / 31          ops/s
[750.301s][info][gc,stats    ]      Memory: Page Cache Miss                                   0 / 0                 0 / 26                0 / 88                0 / 88          ops/s
[750.302s][info][gc,stats    ]      Memory: Uncommit                                          0 / 0                 3 / 872               2 / 872               2 / 872         MB/s
[750.303s][info][gc,stats    ]      Memory: Undo Object Allocation Failed                     0 / 0                 0 / 0                 0 / 1                 0 / 1           ops/s
[750.304s][info][gc,stats    ]      Memory: Undo Object Allocation Succeeded                  0 / 0                 0 / 1                 0 / 2                 0 / 2           ops/s
[750.304s][info][gc,stats    ]      Memory: Undo Page Allocation                              0 / 0                 0 / 1                 0 / 25                0 / 25          ops/s
[750.305s][info][gc,stats    ]       Phase: Concurrent Mark                             156.970 / 156.970     104.881 / 251.170     280.879 / 2153.078    280.879 / 2153.078    ms
[750.306s][info][gc,stats    ]       Phase: Concurrent Mark Continue                      0.000 / 0.000         0.000 / 0.000         0.000 / 0.000         0.000 / 0.000       ms
[750.307s][info][gc,stats    ]       Phase: Concurrent Mark Free                          0.002 / 0.002         0.003 / 0.067         0.003 / 0.067         0.003 / 0.067       ms
[750.308s][info][gc,stats    ]       Phase: Concurrent Process Non-Strong References     17.316 / 17.316       10.674 / 24.900       24.502 / 257.265      24.502 / 257.265     ms
[750.309s][info][gc,stats    ]       Phase: Concurrent Relocate                           4.388 / 4.388         2.608 / 10.708       23.913 / 511.550      23.913 / 511.550     ms
[750.310s][info][gc,stats    ]       Phase: Concurrent Reset Relocation Set               0.022 / 0.022         0.014 / 0.082         0.017 / 0.139         0.017 / 0.139       ms
[750.311s][info][gc,stats    ]       Phase: Concurrent Select Relocation Set              3.659 / 3.659         2.353 / 6.108         8.710 / 198.723       8.710 / 198.723     ms
[750.312s][info][gc,stats    ]       Phase: Pause Mark End                                0.020 / 0.020         0.018 / 0.069         0.047 / 1.316         0.047 / 1.316       ms
[750.313s][info][gc,stats    ]       Phase: Pause Mark Start                              0.041 / 0.041         0.023 / 0.474         0.158 / 6.286         0.158 / 6.286       ms
[750.314s][info][gc,stats    ]       Phase: Pause Relocate Start                          0.014 / 0.014         0.012 / 0.051         0.016 / 0.139         0.016 / 0.139       ms
[750.315s][info][gc,stats    ]    Subphase: Concurrent Classes Purge                      0.995 / 0.995         0.490 / 1.058         1.090 / 10.871        1.090 / 10.871      ms
[750.316s][info][gc,stats    ]    Subphase: Concurrent Classes Unlink                    13.297 / 13.297        8.255 / 17.092       18.107 / 206.267      18.107 / 206.267     ms
[750.317s][info][gc,stats    ]    Subphase: Concurrent Mark                             153.704 / 153.943     102.320 / 245.069     270.572 / 2133.644    270.572 / 2133.644    ms
[750.318s][info][gc,stats    ]    Subphase: Concurrent Mark Try Flush                     0.294 / 0.783         0.325 / 10.215        1.968 / 43.966        1.968 / 43.966      ms
[750.320s][info][gc,stats    ]    Subphase: Concurrent Mark Try Terminate                 0.437 / 1.274         0.735 / 4.986         2.018 / 24.031        2.018 / 24.031      ms
[750.321s][info][gc,stats    ]    Subphase: Concurrent References Enqueue                 0.051 / 0.051         0.019 / 0.059         0.069 / 2.610         0.069 / 2.610       ms
[750.322s][info][gc,stats    ]    Subphase: Concurrent References Process                 0.816 / 0.816         0.399 / 3.756         0.787 / 6.377         0.787 / 6.377       ms
[750.323s][info][gc,stats    ]    Subphase: Concurrent Roots ClassLoaderDataGraph         0.316 / 0.589         0.216 / 0.896         0.717 / 47.494        0.717 / 47.494      ms
[750.324s][info][gc,stats    ]    Subphase: Concurrent Roots CodeCache                    0.000 / 0.000         0.000 / 0.000         0.000 / 0.000         0.000 / 0.000       ms
[750.325s][info][gc,stats    ]    Subphase: Concurrent Roots JavaThreads                  1.915 / 2.207         1.407 / 5.275         5.139 / 61.015        5.139 / 61.015      ms
[750.326s][info][gc,stats    ]    Subphase: Concurrent Roots OopStorageSet                0.103 / 0.103         0.049 / 0.419         0.939 / 72.582        0.939 / 72.582      ms
[750.327s][info][gc,stats    ]    Subphase: Concurrent Weak Roots OopStorageSet           1.322 / 1.389         0.912 / 2.340         1.664 / 14.084        1.664 / 14.084      ms
[750.328s][info][gc,stats    ]    Subphase: Pause Mark Try Complete                       0.000 / 0.000         0.000 / 0.000         0.000 / 0.000         0.000 / 0.000       ms
[750.329s][info][gc,stats    ]      System: Java Threads                                     74 / 74               74 / 83               74 / 89               74 / 89          threads
[750.330s][info][gc,stats    ] =========================================================================================================================================================
[760.283s][info][gc,stats    ] === Garbage Collection Statistics =======================================================================================================================
[760.284s][info][gc,stats    ]                                                              Last 10s              Last 10m              Last 10h                Total
[760.285s][info][gc,stats    ]                                                              Avg / Max             Avg / Max             Avg / Max             Avg / Max
[760.286s][info][gc,stats    ]   Collector: Garbage Collection Cycle                      0.000 / 0.000       131.333 / 310.960     361.256 / 2485.059    361.256 / 2485.059    ms
[760.287s][info][gc,stats    ]  Contention: Mark Segment Reset Contention                     0 / 0                 0 / 2                 0 / 2                 0 / 2           ops/s
[760.288s][info][gc,stats    ]  Contention: Mark SeqNum Reset Contention                      0 / 0                 0 / 1                 0 / 1                 0 / 1           ops/s
[760.289s][info][gc,stats    ]    Critical: Allocation Stall                                  0 / 0                 0 / 0                 0 / 0                 0 / 0           ops/s
[760.290s][info][gc,stats    ]    Critical: Allocation Stall                              0.000 / 0.000         0.000 / 0.000         0.000 / 0.000         0.000 / 0.000       ms
[760.290s][info][gc,stats    ]    Critical: GC Locker Stall                                   0 / 0                 0 / 0                 0 / 1                 0 / 1           ops/s
[760.291s][info][gc,stats    ]    Critical: GC Locker Stall                               0.000 / 0.000         0.000 / 0.000         0.002 / 0.002         0.002 / 0.002       ms
[760.292s][info][gc,stats    ]    Critical: Relocation Stall                                  0 / 0                 0 / 0                 0 / 0                 0 / 0           ops/s
[760.293s][info][gc,stats    ]    Critical: Relocation Stall                              0.000 / 0.000         0.000 / 0.000         0.000 / 0.000         0.000 / 0.000       ms
[760.295s][info][gc,stats    ]      Memory: Allocation Rate                                  72 / 504              69 / 534              69 / 552              69 / 552         MB/s
[760.295s][info][gc,stats    ]      Memory: Out Of Memory                                     0 / 0                 0 / 0                 0 / 0                 0 / 0           ops/s
[760.296s][info][gc,stats    ]      Memory: Page Cache Flush                                  0 / 0                 0 / 0                 0 / 0                 0 / 0           MB/s
[760.297s][info][gc,stats    ]      Memory: Page Cache Hit L1                                11 / 42               12 / 53               12 / 112              12 / 112         ops/s
[760.298s][info][gc,stats    ]      Memory: Page Cache Hit L2                                 0 / 0                 0 / 0                 0 / 0                 0 / 0           ops/s
[760.298s][info][gc,stats    ]      Memory: Page Cache Hit L3                                 0 / 0                 0 / 6                 0 / 31                0 / 31          ops/s
[760.299s][info][gc,stats    ]      Memory: Page Cache Miss                                   0 / 0                 0 / 26                0 / 88                0 / 88          ops/s
[760.300s][info][gc,stats    ]      Memory: Uncommit                                          0 / 0                 3 / 872               2 / 872               2 / 872         MB/s
[760.300s][info][gc,stats    ]      Memory: Undo Object Allocation Failed                     0 / 0                 0 / 0                 0 / 1                 0 / 1           ops/s
[760.301s][info][gc,stats    ]      Memory: Undo Object Allocation Succeeded                  0 / 0                 0 / 1                 0 / 2                 0 / 2           ops/s
[760.302s][info][gc,stats    ]      Memory: Undo Page Allocation                              0 / 0                 0 / 1                 0 / 25                0 / 25          ops/s
[760.302s][info][gc,stats    ]       Phase: Concurrent Mark                               0.000 / 0.000       104.616 / 251.170     280.879 / 2153.078    280.879 / 2153.078    ms
[760.303s][info][gc,stats    ]       Phase: Concurrent Mark Continue                      0.000 / 0.000         0.000 / 0.000         0.000 / 0.000         0.000 / 0.000       ms
[760.304s][info][gc,stats    ]       Phase: Concurrent Mark Free                          0.000 / 0.000         0.003 / 0.067         0.003 / 0.067         0.003 / 0.067       ms
[760.305s][info][gc,stats    ]       Phase: Concurrent Process Non-Strong References      0.000 / 0.000        10.645 / 24.900       24.502 / 257.265      24.502 / 257.265     ms
[760.305s][info][gc,stats    ]       Phase: Concurrent Relocate                           0.000 / 0.000         2.610 / 10.708       23.913 / 511.550      23.913 / 511.550     ms
[760.306s][info][gc,stats    ]       Phase: Concurrent Reset Relocation Set               0.000 / 0.000         0.014 / 0.082         0.017 / 0.139         0.017 / 0.139       ms
[760.307s][info][gc,stats    ]       Phase: Concurrent Select Relocation Set              0.000 / 0.000         2.349 / 6.108         8.710 / 198.723       8.710 / 198.723     ms
[760.308s][info][gc,stats    ]       Phase: Pause Mark End                                0.000 / 0.000         0.018 / 0.069         0.047 / 1.316         0.047 / 1.316       ms
[760.308s][info][gc,stats    ]       Phase: Pause Mark Start                              0.000 / 0.000         0.013 / 0.064         0.158 / 6.286         0.158 / 6.286       ms
[760.309s][info][gc,stats    ]       Phase: Pause Relocate Start                          0.000 / 0.000         0.012 / 0.051         0.016 / 0.139         0.016 / 0.139       ms
[760.310s][info][gc,stats    ]    Subphase: Concurrent Classes Purge                      0.000 / 0.000         0.490 / 1.058         1.090 / 10.871        1.090 / 10.871      ms
[760.311s][info][gc,stats    ]    Subphase: Concurrent Classes Unlink                     0.000 / 0.000         8.215 / 17.092       18.107 / 206.267      18.107 / 206.267     ms
[760.312s][info][gc,stats    ]    Subphase: Concurrent Mark                               0.000 / 0.000       102.058 / 245.069     270.572 / 2133.644    270.572 / 2133.644    ms
[760.313s][info][gc,stats    ]    Subphase: Concurrent Mark Try Flush                     0.000 / 0.000         0.329 / 10.215        1.968 / 43.966        1.968 / 43.966      ms
[760.313s][info][gc,stats    ]    Subphase: Concurrent Mark Try Terminate                 0.000 / 0.000         0.740 / 4.986         2.018 / 24.031        2.018 / 24.031      ms
[760.314s][info][gc,stats    ]    Subphase: Concurrent References Enqueue                 0.000 / 0.000         0.018 / 0.059         0.069 / 2.610         0.069 / 2.610       ms
[760.315s][info][gc,stats    ]    Subphase: Concurrent References Process                 0.000 / 0.000         0.400 / 3.756         0.787 / 6.377         0.787 / 6.377       ms
[760.316s][info][gc,stats    ]    Subphase: Concurrent Roots ClassLoaderDataGraph         0.000 / 0.000         0.216 / 0.896         0.717 / 47.494        0.717 / 47.494      ms
[760.316s][info][gc,stats    ]    Subphase: Concurrent Roots CodeCache                    0.000 / 0.000         0.000 / 0.000         0.000 / 0.000         0.000 / 0.000       ms
[760.317s][info][gc,stats    ]    Subphase: Concurrent Roots JavaThreads                  0.000 / 0.000         1.403 / 5.275         5.139 / 61.015        5.139 / 61.015      ms
[760.318s][info][gc,stats    ]    Subphase: Concurrent Roots OopStorageSet                0.000 / 0.000         0.048 / 0.419         0.939 / 72.582        0.939 / 72.582      ms
[760.318s][info][gc,stats    ]    Subphase: Concurrent Weak Roots OopStorageSet           0.000 / 0.000         0.915 / 2.340         1.664 / 14.084        1.664 / 14.084      ms
[760.319s][info][gc,stats    ]    Subphase: Pause Mark Try Complete                       0.000 / 0.000         0.000 / 0.000         0.000 / 0.000         0.000 / 0.000       ms
[760.321s][info][gc,stats    ]      System: Java Threads                                      0 / 0                74 / 83               74 / 89               74 / 89          threads
[760.327s][info][gc,stats    ] =========================================================================================================================================================
[764.684s][info][gc,start    ] GC(64) Garbage Collection (Proactive)
[764.685s][info][gc,task     ] GC(64) Using 2 workers
[764.686s][info][gc,phases   ] GC(64) Pause Mark Start 0.009ms
[764.792s][info][gc,phases   ] GC(64) Concurrent Mark 105.088ms
[764.793s][info][gc,phases   ] GC(64) Pause Mark End 0.015ms
[764.794s][info][gc,phases   ] GC(64) Concurrent Mark Free 0.001ms
[764.805s][info][gc,phases   ] GC(64) Concurrent Process Non-Strong References 9.990ms
[764.806s][info][gc,phases   ] GC(64) Concurrent Reset Relocation Set 0.015ms
[764.809s][info][gc,phases   ] GC(64) Concurrent Select Relocation Set 2.341ms
[764.810s][info][gc,phases   ] GC(64) Pause Relocate Start 0.008ms
[764.814s][info][gc,phases   ] GC(64) Concurrent Relocate 2.992ms
[764.814s][info][gc,load     ] GC(64) Load: 0.76/1.57/2.74
[764.815s][info][gc,mmu      ] GC(64) MMU: 2ms/0.0%, 5ms/0.0%, 10ms/37.1%, 20ms/68.6%, 50ms/87.4%, 100ms/93.7%
[764.816s][info][gc,marking  ] GC(64) Mark: 2 stripe(s), 2 proactive flush(es), 1 terminate flush(es), 0 completion(s), 0 continuation(s) 
[764.816s][info][gc,marking  ] GC(64) Mark Stack Usage: 32M
[764.817s][info][gc,nmethod  ] GC(64) NMethods: 6978 registered, 928 unregistered
[764.818s][info][gc,metaspace] GC(64) Metaspace: 52M used, 53M committed, 1072M reserved
[764.818s][info][gc,ref      ] GC(64) Soft: 5021 encountered, 0 discovered, 0 enqueued
[764.819s][info][gc,ref      ] GC(64) Weak: 3176 encountered, 982 discovered, 0 enqueued
[764.820s][info][gc,ref      ] GC(64) Final: 87 encountered, 29 discovered, 4 enqueued
[764.820s][info][gc,ref      ] GC(64) Phantom: 495 encountered, 457 discovered, 0 enqueued
[764.821s][info][gc,reloc    ] GC(64) Small Pages: 202 / 404M, Empty: 102M, Relocated: 4M, In-Place: 0
[764.822s][info][gc,reloc    ] GC(64) Medium Pages: 1 / 32M, Empty: 0M, Relocated: 0M, In-Place: 0
[764.823s][info][gc,reloc    ] GC(64) Large Pages: 94 / 1180M, Empty: 1146M, Relocated: 0M, In-Place: 0
[764.823s][info][gc,reloc    ] GC(64) Forwarding Usage: 1M
[764.824s][info][gc,heap     ] GC(64) Min Capacity: 256M(6%)
[764.825s][info][gc,heap     ] GC(64) Max Capacity: 4096M(100%)
[764.825s][info][gc,heap     ] GC(64) Soft Max Capacity: 4096M(100%)
[764.826s][info][gc,heap     ] GC(64)                Mark Start          Mark End        Relocate Start      Relocate End           High               Low         
[764.827s][info][gc,heap     ] GC(64)  Capacity:     1734M (42%)        1734M (42%)        1734M (42%)        1734M (42%)        1734M (42%)        1734M (42%)    
[764.828s][info][gc,heap     ] GC(64)      Free:     2480M (61%)        2462M (60%)        3710M (91%)        3906M (95%)        3906M (95%)        2462M (60%)    
[764.828s][info][gc,heap     ] GC(64)      Used:     1616M (39%)        1634M (40%)         386M (9%)          190M (5%)         1634M (40%)         190M (5%)     
[764.829s][info][gc,heap     ] GC(64)      Live:         -               128M (3%)          128M (3%)          128M (3%)             -                  -          
[764.830s][info][gc,heap     ] GC(64) Allocated:         -                18M (0%)           18M (0%)           17M (0%)             -                  -          
[764.831s][info][gc,heap     ] GC(64)   Garbage:         -              1487M (36%)         239M (6%)           43M (1%)             -                  -          
[764.832s][info][gc,heap     ] GC(64) Reclaimed:         -                  -              1248M (30%)        1443M (35%)            -                  -          
[764.832s][info][gc          ] GC(64) Garbage Collection (Proactive) 1616M(39%)->190M(5%)
[0.052s][info][gc,init] Initializing The Z Garbage Collector
[0.054s][info][gc,init] Version: 17.0.2+8-86 (release)
[0.055s][info][gc,init] NUMA Support: Disabled
[0.056s][info][gc,init] CPUs: 6 total, 6 available
[0.058s][info][gc,init] Memory: 8192M
[0.059s][info][gc,init] Large Page Support: Disabled
[0.060s][info][gc,init] GC Workers: 2 (dynamic)
[0.063s][info][gc,init] Address Space Type: Contiguous/Unrestricted/Complete
[0.064s][info][gc,init] Address Space Size: 65536M x 3 = 196608M
[0.065s][info][gc,init] Heap Backing File: /memfd:java_heap
[0.065s][info][gc,init] Heap Backing Filesystem: tmpfs (0x1021994)
[0.067s][info][gc,init] Min Capacity: 256M
[0.068s][info][gc,init] Initial Capacity: 256M
[0.069s][info][gc,init] Max Capacity: 4096M
[0.070s][info][gc,init] Medium Page Size: 32M
[0.076s][info][gc,init] Pre-touch: Disabled
[0.077s][info][gc,init] Available space on backing filesystem: N/A
[0.080s][info][gc,init] Uncommit: Enabled
[0.081s][info][gc,init] Uncommit Delay: 300s
[0.158s][info][gc,init] Runtime Workers: 4
[0.161s][info][gc     ] Using The Z Garbage Collector
[0.163s][info][gc,metaspace] CDS archive(s) mapped at: [0x0000000800000000-0x0000000800bb4000-0x0000000800bb4000), size 12271616, SharedBaseAddress: 0x0000000800000000, ArchiveRelocationMode: 0.
[0.164s][info][gc,metaspace] Compressed class space mapped at: 0x0000000800c00000-0x0000000840c00000, reserved size: 1073741824
[0.165s][info][gc,metaspace] Narrow klass base: 0x0000000800000000, Narrow klass shift: 0, Narrow klass range: 0x100000000
[10.248s][info][gc,stats    ] === Garbage Collection Statistics =======================================================================================================================
[10.251s][info][gc,stats    ]                                                              Last 10s              Last 10m              Last 10h                Total
[10.255s][info][gc,stats    ]                                                              Avg / Max             Avg / Max             Avg / Max             Avg / Max
[10.256s][info][gc,stats    ]   Collector: Garbage Collection Cycle                      0.000 / 0.000         0.000 / 0.000         0.000 / 0.000         0.000 / 0.000       ms
[10.258s][info][gc,stats    ]  Contention: Mark Segment Reset Contention                     0 / 0                 0 / 0                 0 / 0                 0 / 0           ops/s
[10.259s][info][gc,stats    ]  Contention: Mark SeqNum Reset Contention                      0 / 0                 0 / 0                 0 / 0                 0 / 0           ops/s
[10.260s][info][gc,stats    ]    Critical: Allocation Stall                                  0 / 0                 0 / 0                 0 / 0                 0 / 0           ops/s
[10.261s][info][gc,stats    ]    Critical: Allocation Stall                              0.000 / 0.000         0.000 / 0.000         0.000 / 0.000         0.000 / 0.000       ms
[10.263s][info][gc,stats    ]    Critical: GC Locker Stall                                   0 / 0                 0 / 0                 0 / 0                 0 / 0           ops/s
[10.264s][info][gc,stats    ]    Critical: GC Locker Stall                               0.000 / 0.000         0.000 / 0.000         0.000 / 0.000         0.000 / 0.000       ms
[10.265s][info][gc,stats    ]    Critical: Relocation Stall                                  0 / 0                 0 / 0                 0 / 0                 0 / 0           ops/s
[10.266s][info][gc,stats    ]    Critical: Relocation Stall                              0.000 / 0.000         0.000 / 0.000         0.000 / 0.000         0.000 / 0.000       ms
[10.267s][info][gc,stats    ]      Memory: Allocation Rate                                  15 / 46               15 / 46               15 / 46               15 / 46          MB/s
[10.268s][info][gc,stats    ]      Memory: Out Of Memory                                     0 / 0                 0 / 0                 0 / 0                 0 / 0           ops/s
[10.269s][info][gc,stats    ]      Memory: Page Cache Flush                                  0 / 0                 0 / 0                 0 / 0                 0 / 0           MB/s
[10.271s][info][gc,stats    ]      Memory: Page Cache Hit L1                                 0 / 0                 0 / 0                 0 / 0                 0 / 0           ops/s
[10.272s][info][gc,stats    ]      Memory: Page Cache Hit L2                                 0 / 0                 0 / 0                 0 / 0                 0 / 0           ops/s
[10.273s][info][gc,stats    ]      Memory: Page Cache Hit L3                                 6 / 15                6 / 15                6 / 15                6 / 15          ops/s
[10.274s][info][gc,stats    ]      Memory: Page Cache Miss                                   0 / 1                 0 / 1                 0 / 1                 0 / 1           ops/s
[10.275s][info][gc,stats    ]      Memory: Uncommit                                          0 / 0                 0 / 0                 0 / 0                 0 / 0           MB/s
[10.276s][info][gc,stats    ]      Memory: Undo Object Allocation Failed                     0 / 0                 0 / 0                 0 / 0                 0 / 0           ops/s
[10.278s][info][gc,stats    ]      Memory: Undo Object Allocation Succeeded                  0 / 0                 0 / 0                 0 / 0                 0 / 0           ops/s
[10.279s][info][gc,stats    ]      Memory: Undo Page Allocation                              0 / 1                 0 / 1                 0 / 1                 0 / 1           ops/s
[10.280s][info][gc,stats    ]       Phase: Concurrent Mark                               0.000 / 0.000         0.000 / 0.000         0.000 / 0.000         0.000 / 0.000       ms
[10.281s][info][gc,stats    ]       Phase: Concurrent Mark Continue                      0.000 / 0.000         0.000 / 0.000         0.000 / 0.000         0.000 / 0.000       ms
[10.282s][info][gc,stats    ]       Phase: Concurrent Mark Free                          0.000 / 0.000         0.000 / 0.000         0.000 / 0.000         0.000 / 0.000       ms
[10.283s][info][gc,stats    ]       Phase: Concurrent Process Non-Strong References      0.000 / 0.000         0.000 / 0.000         0.000 / 0.000         0.000 / 0.000       ms
[10.285s][info][gc,stats    ]       Phase: Concurrent Relocate                           0.000 / 0.000         0.000 / 0.000         0.000 / 0.000         0.000 / 0.000       ms
[10.286s][info][gc,stats    ]       Phase: Concurrent Reset Relocation Set               0.000 / 0.000         0.000 / 0.000         0.000 / 0.000         0.000 / 0.000       ms
[10.287s][info][gc,stats    ]       Phase: Concurrent Select Relocation Set              0.000 / 0.000         0.000 / 0.000         0.000 / 0.000         0.000 / 0.000       ms
[10.288s][info][gc,stats    ]       Phase: Pause Mark End                                0.000 / 0.000         0.000 / 0.000         0.000 / 0.000         0.000 / 0.000       ms
[10.289s][info][gc,stats    ]       Phase: Pause Mark Start                              0.000 / 0.000         0.000 / 0.000         0.000 / 0.000         0.000 / 0.000       ms
[10.291s][info][gc,stats    ]       Phase: Pause Relocate Start                          0.000 / 0.000         0.000 / 0.000         0.000 / 0.000         0.000 / 0.000       ms
[10.292s][info][gc,stats    ]    Subphase: Concurrent Classes Purge                      0.000 / 0.000         0.000 / 0.000         0.000 / 0.000         0.000 / 0.000       ms
[10.293s][info][gc,stats    ]    Subphase: Concurrent Classes Unlink                     0.000 / 0.000         0.000 / 0.000         0.000 / 0.000         0.000 / 0.000       ms
[10.294s][info][gc,stats    ]    Subphase: Concurrent Mark                               0.000 / 0.000         0.000 / 0.000         0.000 / 0.000         0.000 / 0.000       ms
[10.295s][info][gc,stats    ]    Subphase: Concurrent Mark Try Flush                     0.000 / 0.000         0.000 / 0.000         0.000 / 0.000         0.000 / 0.000       ms
[10.296s][info][gc,stats    ]    Subphase: Concurrent Mark Try Terminate                 0.000 / 0.000         0.000 / 0.000         0.000 / 0.000         0.000 / 0.000       ms
[10.298s][info][gc,stats    ]    Subphase: Concurrent References Enqueue                 0.000 / 0.000         0.000 / 0.000         0.000 / 0.000         0.000 / 0.000       ms
[10.299s][info][gc,stats    ]    Subphase: Concurrent References Process                 0.000 / 0.000         0.000 / 0.000         0.000 / 0.000         0.000 / 0.000       ms
[10.300s][info][gc,stats    ]    Subphase: Concurrent Roots ClassLoaderDataGraph         0.000 / 0.000         0.000 / 0.000         0.000 / 0.000         0.000 / 0.000       ms
[10.301s][info][gc,stats    ]    Subphase: Concurrent Roots CodeCache                    0.000 / 0.000         0.000 / 0.000         0.000 / 0.000         0.000 / 0.000       ms
[10.302s][info][gc,stats    ]    Subphase: Concurrent Roots JavaThreads                  0.000 / 0.000         0.000 / 0.000         0.000 / 0.000         0.000 / 0.000       ms
[10.304s][info][gc,stats    ]    Subphase: Concurrent Roots OopStorageSet                0.000 / 0.000         0.000 / 0.000         0.000 / 0.000         0.000 / 0.000       ms
[10.305s][info][gc,stats    ]    Subphase: Concurrent Weak Roots OopStorageSet           0.000 / 0.000         0.000 / 0.000         0.000 / 0.000         0.000 / 0.000       ms
[10.306s][info][gc,stats    ]    Subphase: Pause Mark Try Complete                       0.000 / 0.000         0.000 / 0.000         0.000 / 0.000         0.000 / 0.000       ms
[10.306s][info][gc,stats    ]      System: Java Threads                                      0 / 0                 0 / 0                 0 / 0                 0 / 0           threads
[10.308s][info][gc,stats    ] =========================================================================================================================================================
[13.356s][info][gc,start    ] GC(0) Garbage Collection (Warmup)
[13.364s][info][gc,task     ] GC(0) Using 2 workers
[13.378s][info][gc,phases   ] GC(0) Pause Mark Start 0.013ms
[15.365s][info][gc,phases   ] GC(0) Concurrent Mark 1984.499ms
[15.379s][info][gc,phases   ] GC(0) Pause Mark End 0.021ms
[15.381s][info][gc,phases   ] GC(0) Concurrent Mark Free 0.002ms
[15.484s][info][gc,phases   ] GC(0) Concurrent Process Non-Strong References 102.188ms
[15.487s][info][gc,phases   ] GC(0) Concurrent Reset Relocation Set 0.014ms
[15.678s][info][gc,phases   ] GC(0) Concurrent Select Relocation Set 190.196ms
[15.686s][info][gc,phases   ] GC(0) Pause Relocate Start 0.012ms
[15.854s][info][gc,phases   ] GC(0) Concurrent Relocate 163.989ms
[15.855s][info][gc,load     ] GC(0) Load: 5.65/2.56/3.02
[15.856s][info][gc,mmu      ] GC(0) MMU: 2ms/99.0%, 5ms/99.6%, 10ms/99.8%, 20ms/99.9%, 50ms/100.0%, 100ms/100.0%
[15.858s][info][gc,marking  ] GC(0) Mark: 2 stripe(s), 2 proactive flush(es), 1 terminate flush(es), 0 completion(s), 0 continuation(s) 
[15.859s][info][gc,marking  ] GC(0) Mark Stack Usage: 32M
[15.859s][info][gc,nmethod  ] GC(0) NMethods: 2815 registered, 0 unregistered
[15.861s][info][gc,metaspace] GC(0) Metaspace: 17M used, 17M committed, 1048M reserved
[15.863s][info][gc,ref      ] GC(0) Soft: 3817 encountered, 0 discovered, 0 enqueued
[15.864s][info][gc,ref      ] GC(0) Weak: 1514 encountered, 878 discovered, 241 enqueued
[15.866s][info][gc,ref      ] GC(0) Final: 16 encountered, 13 discovered, 13 enqueued
[15.867s][info][gc,ref      ] GC(0) Phantom: 789 encountered, 497 discovered, 249 enqueued
[15.868s][info][gc,reloc    ] GC(0) Small Pages: 190 / 380M, Empty: 2M, Relocated: 52M, In-Place: 0
[15.869s][info][gc,reloc    ] GC(0) Medium Pages: 1 / 32M, Empty: 0M, Relocated: 0M, In-Place: 0
[15.871s][info][gc,reloc    ] GC(0) Large Pages: 0 / 0M, Empty: 0M, Relocated: 0M, In-Place: 0
[15.872s][info][gc,reloc    ] GC(0) Forwarding Usage: 16M
[15.873s][info][gc,heap     ] GC(0) Min Capacity: 256M(6%)
[15.874s][info][gc,heap     ] GC(0) Max Capacity: 4096M(100%)
[15.875s][info][gc,heap     ] GC(0) Soft Max Capacity: 4096M(100%)
[15.876s][info][gc,heap     ] GC(0)                Mark Start          Mark End        Relocate Start      Relocate End           High               Low         
[15.877s][info][gc,heap     ] GC(0)  Capacity:      414M (10%)         660M (16%)         708M (17%)         712M (17%)         712M (17%)         414M (10%)    
[15.878s][info][gc,heap     ] GC(0)      Free:     3684M (90%)        3436M (84%)        3388M (83%)        3656M (89%)        3684M (90%)        3384M (83%)    
[15.879s][info][gc,heap     ] GC(0)      Used:      412M (10%)         660M (16%)         708M (17%)         440M (11%)         712M (17%)         412M (10%)    
[15.880s][info][gc,heap     ] GC(0)      Live:         -                57M (1%)           57M (1%)           57M (1%)             -                  -          
[15.881s][info][gc,heap     ] GC(0) Allocated:         -               248M (6%)          298M (7%)          349M (9%)             -                  -          
[15.881s][info][gc,heap     ] GC(0)   Garbage:         -               354M (9%)          352M (9%)           33M (1%)             -                  -          
[15.882s][info][gc,heap     ] GC(0) Reclaimed:         -                  -                 2M (0%)          321M (8%)             -                  -          
[15.883s][info][gc          ] GC(0) Garbage Collection (Warmup) 412M(10%)->440M(11%)
[17.251s][info][gc,start    ] GC(1) Garbage Collection (Warmup)
[17.252s][info][gc,task     ] GC(1) Using 2 workers
[17.266s][info][gc,phases   ] GC(1) Pause Mark Start 0.030ms
[19.473s][info][gc,phases   ] GC(1) Concurrent Mark 2205.677ms
[19.483s][info][gc,phases   ] GC(1) Pause Mark End 0.128ms
[19.486s][info][gc,phases   ] GC(1) Concurrent Mark Free 0.004ms
[19.593s][info][gc,phases   ] GC(1) Concurrent Process Non-Strong References 105.587ms
[19.599s][info][gc,phases   ] GC(1) Concurrent Reset Relocation Set 0.099ms
[19.628s][info][gc,phases   ] GC(1) Concurrent Select Relocation Set 24.125ms
[19.636s][info][gc,phases   ] GC(1) Pause Relocate Start 0.013ms
[19.950s][info][gc,phases   ] GC(1) Concurrent Relocate 311.289ms
[19.951s][info][gc,load     ] GC(1) Load: 7.36/2.97/3.15
[19.954s][info][gc,mmu      ] GC(1) MMU: 2ms/93.6%, 5ms/97.4%, 10ms/98.7%, 20ms/99.4%, 50ms/99.7%, 100ms/99.9%
[19.955s][info][gc,marking  ] GC(1) Mark: 2 stripe(s), 7 proactive flush(es), 1 terminate flush(es), 0 completion(s), 0 continuation(s) 
[19.957s][info][gc,marking  ] GC(1) Mark Stack Usage: 32M
[19.958s][info][gc,nmethod  ] GC(1) NMethods: 2906 registered, 0 unregistered
[19.960s][info][gc,metaspace] GC(1) Metaspace: 17M used, 17M committed, 1048M reserved
[19.961s][info][gc,ref      ] GC(1) Soft: 3817 encountered, 0 discovered, 0 enqueued
[19.963s][info][gc,ref      ] GC(1) Weak: 1273 encountered, 40 discovered, 0 enqueued
[19.964s][info][gc,ref      ] GC(1) Final: 3 encountered, 0 discovered, 0 enqueued
[19.965s][info][gc,ref      ] GC(1) Phantom: 540 encountered, 302 discovered, 0 enqueued
[19.966s][info][gc,reloc    ] GC(1) Small Pages: 380 / 760M, Empty: 0M, Relocated: 42M, In-Place: 0
[19.968s][info][gc,reloc    ] GC(1) Medium Pages: 2 / 64M, Empty: 0M, Relocated: 2M, In-Place: 0
[19.969s][info][gc,reloc    ] GC(1) Large Pages: 0 / 0M, Empty: 0M, Relocated: 0M, In-Place: 0
[19.970s][info][gc,reloc    ] GC(1) Forwarding Usage: 7M
[19.971s][info][gc,heap     ] GC(1) Min Capacity: 256M(6%)
[19.972s][info][gc,heap     ] GC(1) Max Capacity: 4096M(100%)
[19.973s][info][gc,heap     ] GC(1) Soft Max Capacity: 4096M(100%)
[19.974s][info][gc,heap     ] GC(1)                Mark Start          Mark End        Relocate Start      Relocate End           High               Low         
[19.975s][info][gc,heap     ] GC(1)  Capacity:      824M (20%)        1132M (28%)        1152M (28%)        1184M (29%)        1184M (29%)         824M (20%)    
[19.978s][info][gc,heap     ] GC(1)      Free:     3272M (80%)        2964M (72%)        2944M (72%)        3632M (89%)        3632M (89%)        2912M (71%)    
[19.979s][info][gc,heap     ] GC(1)      Used:      824M (20%)        1132M (28%)        1152M (28%)         464M (11%)        1184M (29%)         464M (11%)    
[19.980s][info][gc,heap     ] GC(1)      Live:         -                97M (2%)           97M (2%)           97M (2%)             -                  -          
[19.981s][info][gc,heap     ] GC(1) Allocated:         -               308M (8%)          328M (8%)          331M (8%)             -                  -          
[19.982s][info][gc,heap     ] GC(1)   Garbage:         -               726M (18%)         726M (18%)          34M (1%)             -                  -          
[19.983s][info][gc,heap     ] GC(1) Reclaimed:         -                  -                 0M (0%)          691M (17%)            -                  -          
[19.984s][info][gc          ] GC(1) Garbage Collection (Warmup) 824M(20%)->464M(11%)
[20.251s][info][gc,stats    ] === Garbage Collection Statistics =======================================================================================================================
[20.253s][info][gc,stats    ]                                                              Last 10s              Last 10m              Last 10h                Total
[20.256s][info][gc,stats    ]                                                              Avg / Max             Avg / Max             Avg / Max             Avg / Max
[20.257s][info][gc,stats    ]   Collector: Garbage Collection Cycle                   2602.376 / 2700.333   2602.376 / 2700.333   2602.376 / 2700.333   2602.376 / 2700.333    ms
[20.261s][info][gc,stats    ]  Contention: Mark Segment Reset Contention                     0 / 2                 0 / 2                 0 / 2                 0 / 2           ops/s
[20.264s][info][gc,stats    ]  Contention: Mark SeqNum Reset Contention                      0 / 0                 0 / 0                 0 / 0                 0 / 0           ops/s
[20.267s][info][gc,stats    ]    Critical: Allocation Stall                                  0 / 0                 0 / 0                 0 / 0                 0 / 0           ops/s
[20.271s][info][gc,stats    ]    Critical: Allocation Stall                              0.000 / 0.000         0.000 / 0.000         0.000 / 0.000         0.000 / 0.000       ms
[20.277s][info][gc,stats    ]    Critical: GC Locker Stall                                   0 / 1                 0 / 1                 0 / 1                 0 / 1           ops/s
[20.279s][info][gc,stats    ]    Critical: GC Locker Stall                               1.239 / 2.323         1.239 / 2.323         1.239 / 2.323         1.239 / 2.323       ms
[20.282s][info][gc,stats    ]    Critical: Relocation Stall                                  0 / 0                 0 / 0                 0 / 0                 0 / 0           ops/s
[20.285s][info][gc,stats    ]    Critical: Relocation Stall                              0.000 / 0.000         0.000 / 0.000         0.000 / 0.000         0.000 / 0.000       ms
[20.288s][info][gc,stats    ]      Memory: Allocation Rate                                 156 / 306              86 / 306              86 / 306              86 / 306         MB/s
[20.289s][info][gc,stats    ]      Memory: Out Of Memory                                     0 / 0                 0 / 0                 0 / 0                 0 / 0           ops/s
[20.291s][info][gc,stats    ]      Memory: Page Cache Flush                                  0 / 0                 0 / 0                 0 / 0                 0 / 0           MB/s
[20.293s][info][gc,stats    ]      Memory: Page Cache Hit L1                                33 / 146              16 / 146              16 / 146              16 / 146         ops/s
[20.295s][info][gc,stats    ]      Memory: Page Cache Hit L2                                 0 / 0                 0 / 0                 0 / 0                 0 / 0           ops/s
[20.298s][info][gc,stats    ]      Memory: Page Cache Hit L3                                 4 / 24                5 / 24                5 / 24                5 / 24          ops/s
[20.300s][info][gc,stats    ]      Memory: Page Cache Miss                                  41 / 67               21 / 67               21 / 67               21 / 67          ops/s
[20.303s][info][gc,stats    ]      Memory: Uncommit                                          0 / 0                 0 / 0                 0 / 0                 0 / 0           MB/s
[20.306s][info][gc,stats    ]      Memory: Undo Object Allocation Failed                     0 / 0                 0 / 0                 0 / 0                 0 / 0           ops/s
[20.308s][info][gc,stats    ]      Memory: Undo Object Allocation Succeeded                  0 / 1                 0 / 1                 0 / 1                 0 / 1           ops/s
[20.310s][info][gc,stats    ]      Memory: Undo Page Allocation                             11 / 22                5 / 22                5 / 22                5 / 22          ops/s
[20.312s][info][gc,stats    ]       Phase: Concurrent Mark                            2095.088 / 2205.677   2095.088 / 2205.677   2095.088 / 2205.677   2095.088 / 2205.677    ms
[20.314s][info][gc,stats    ]       Phase: Concurrent Mark Continue                      0.000 / 0.000         0.000 / 0.000         0.000 / 0.000         0.000 / 0.000       ms
[20.316s][info][gc,stats    ]       Phase: Concurrent Mark Free                          0.003 / 0.004         0.003 / 0.004         0.003 / 0.004         0.003 / 0.004       ms
[20.318s][info][gc,stats    ]       Phase: Concurrent Process Non-Strong References    103.887 / 105.587     103.887 / 105.587     103.887 / 105.587     103.887 / 105.587     ms
[20.320s][info][gc,stats    ]       Phase: Concurrent Relocate                         237.639 / 311.289     237.639 / 311.289     237.639 / 311.289     237.639 / 311.289     ms
[20.323s][info][gc,stats    ]       Phase: Concurrent Reset Relocation Set               0.057 / 0.099         0.057 / 0.099         0.057 / 0.099         0.057 / 0.099       ms
[20.326s][info][gc,stats    ]       Phase: Concurrent Select Relocation Set            107.160 / 190.196     107.160 / 190.196     107.160 / 190.196     107.160 / 190.196     ms
[20.329s][info][gc,stats    ]       Phase: Pause Mark End                                0.074 / 0.128         0.074 / 0.128         0.074 / 0.128         0.074 / 0.128       ms
[20.333s][info][gc,stats    ]       Phase: Pause Mark Start                              0.022 / 0.030         0.022 / 0.030         0.022 / 0.030         0.022 / 0.030       ms
[20.335s][info][gc,stats    ]       Phase: Pause Relocate Start                          0.013 / 0.013         0.013 / 0.013         0.013 / 0.013         0.013 / 0.013       ms
[20.337s][info][gc,stats    ]    Subphase: Concurrent Classes Purge                      6.075 / 9.014         6.075 / 9.014         6.075 / 9.014         6.075 / 9.014       ms
[20.339s][info][gc,stats    ]    Subphase: Concurrent Classes Unlink                    46.095 / 50.230       46.095 / 50.230       46.095 / 50.230       46.095 / 50.230      ms
[20.340s][info][gc,stats    ]    Subphase: Concurrent Mark                            2073.185 / 2200.628   2073.185 / 2200.628   2073.185 / 2200.628   2073.185 / 2200.628    ms
[20.344s][info][gc,stats    ]    Subphase: Concurrent Mark Try Flush                    35.338 / 69.665       35.338 / 69.665       35.338 / 69.665       35.338 / 69.665      ms
[20.347s][info][gc,stats    ]    Subphase: Concurrent Mark Try Terminate                 2.738 / 30.108        2.738 / 30.108        2.738 / 30.108        2.738 / 30.108      ms
[20.348s][info][gc,stats    ]    Subphase: Concurrent References Enqueue                 0.024 / 0.046         0.024 / 0.046         0.024 / 0.046         0.024 / 0.046       ms
[20.349s][info][gc,stats    ]    Subphase: Concurrent References Process                 3.995 / 7.419         3.995 / 7.419         3.995 / 7.419         3.995 / 7.419       ms
[20.351s][info][gc,stats    ]    Subphase: Concurrent Roots ClassLoaderDataGraph         3.405 / 12.229        3.405 / 12.229        3.405 / 12.229        3.405 / 12.229      ms
[20.354s][info][gc,stats    ]    Subphase: Concurrent Roots CodeCache                    0.000 / 0.000         0.000 / 0.000         0.000 / 0.000         0.000 / 0.000       ms
[20.355s][info][gc,stats    ]    Subphase: Concurrent Roots JavaThreads                  9.428 / 17.617        9.428 / 17.617        9.428 / 17.617        9.428 / 17.617      ms
[20.358s][info][gc,stats    ]    Subphase: Concurrent Roots OopStorageSet                8.444 / 18.763        8.444 / 18.763        8.444 / 18.763        8.444 / 18.763      ms
[20.361s][info][gc,stats    ]    Subphase: Concurrent Weak Roots OopStorageSet           2.220 / 3.462         2.220 / 3.462         2.220 / 3.462         2.220 / 3.462       ms
[20.362s][info][gc,stats    ]    Subphase: Pause Mark Try Complete                       0.000 / 0.000         0.000 / 0.000         0.000 / 0.000         0.000 / 0.000       ms
[20.363s][info][gc,stats    ]      System: Java Threads                                     31 / 32               31 / 32               31 / 32               31 / 32          threads
[20.365s][info][gc,stats    ] =========================================================================================================================================================
[25.686s][info][gc,start    ] GC(2) Garbage Collection (Metadata GC Threshold)
[25.687s][info][gc,task     ] GC(2) Using 2 workers
[25.690s][info][gc,phases   ] GC(2) Pause Mark Start 0.018ms
[26.265s][info][gc,phases   ] GC(2) Concurrent Mark 573.355ms
[26.275s][info][gc,phases   ] GC(2) Pause Mark End 0.030ms
[26.278s][info][gc,phases   ] GC(2) Concurrent Mark Free 0.003ms
[26.327s][info][gc,phases   ] GC(2) Concurrent Process Non-Strong References 48.052ms
[26.329s][info][gc,phases   ] GC(2) Concurrent Reset Relocation Set 0.415ms
[26.343s][info][gc,phases   ] GC(2) Concurrent Select Relocation Set 11.749ms
[26.351s][info][gc,phases   ] GC(2) Pause Relocate Start 0.016ms
[26.416s][info][gc,phases   ] GC(2) Concurrent Relocate 61.925ms
[26.418s][info][gc,load     ] GC(2) Load: 7.81/3.14/3.20
[26.419s][info][gc,mmu      ] GC(2) MMU: 2ms/93.6%, 5ms/97.4%, 10ms/98.7%, 20ms/99.4%, 50ms/99.7%, 100ms/99.9%
[26.421s][info][gc,marking  ] GC(2) Mark: 2 stripe(s), 2 proactive flush(es), 1 terminate flush(es), 0 completion(s), 0 continuation(s) 
[26.423s][info][gc,marking  ] GC(2) Mark Stack Usage: 32M
[26.425s][info][gc,nmethod  ] GC(2) NMethods: 2995 registered, 766 unregistered
[26.426s][info][gc,metaspace] GC(2) Metaspace: 30M used, 31M committed, 1056M reserved
[26.427s][info][gc,ref      ] GC(2) Soft: 4295 encountered, 0 discovered, 0 enqueued
[26.428s][info][gc,ref      ] GC(2) Weak: 2274 encountered, 1283 discovered, 512 enqueued
[26.430s][info][gc,ref      ] GC(2) Final: 35 encountered, 10 discovered, 1 enqueued
[26.431s][info][gc,ref      ] GC(2) Phantom: 1064 encountered, 862 discovered, 630 enqueued
[26.432s][info][gc,reloc    ] GC(2) Small Pages: 250 / 500M, Empty: 4M, Relocated: 24M, In-Place: 0
[26.434s][info][gc,reloc    ] GC(2) Medium Pages: 2 / 64M, Empty: 0M, Relocated: 1M, In-Place: 0
[26.441s][info][gc,reloc    ] GC(2) Large Pages: 0 / 0M, Empty: 0M, Relocated: 0M, In-Place: 0
[26.443s][info][gc,reloc    ] GC(2) Forwarding Usage: 8M
[26.444s][info][gc,heap     ] GC(2) Min Capacity: 256M(6%)
[26.445s][info][gc,heap     ] GC(2) Max Capacity: 4096M(100%)
[26.446s][info][gc,heap     ] GC(2) Soft Max Capacity: 4096M(100%)
[26.447s][info][gc,heap     ] GC(2)                Mark Start          Mark End        Relocate Start      Relocate End           High               Low         
[26.449s][info][gc,heap     ] GC(2)  Capacity:     1184M (29%)        1184M (29%)        1184M (29%)        1184M (29%)        1184M (29%)        1184M (29%)    
[26.451s][info][gc,heap     ] GC(2)      Free:     3532M (86%)        3514M (86%)        3516M (86%)        3960M (97%)        3960M (97%)        3484M (85%)    
[26.453s][info][gc,heap     ] GC(2)      Used:      564M (14%)         582M (14%)         580M (14%)         136M (3%)          612M (15%)         136M (3%)     
[26.456s][info][gc,heap     ] GC(2)      Live:         -                77M (2%)           77M (2%)           77M (2%)             -                  -          
[26.458s][info][gc,heap     ] GC(2) Allocated:         -                18M (0%)           20M (0%)           19M (0%)             -                  -          
[26.460s][info][gc,heap     ] GC(2)   Garbage:         -               486M (12%)         482M (12%)          39M (1%)             -                  -          
[26.461s][info][gc,heap     ] GC(2) Reclaimed:         -                  -                 4M (0%)          447M (11%)            -                  -          
[26.463s][info][gc          ] GC(2) Garbage Collection (Metadata GC Threshold) 564M(14%)->136M(3%)
[30.249s][info][gc,stats    ] === Garbage Collection Statistics =======================================================================================================================
[30.252s][info][gc,stats    ]                                                              Last 10s              Last 10m              Last 10h                Total
[30.255s][info][gc,stats    ]                                                              Avg / Max             Avg / Max             Avg / Max             Avg / Max
[30.256s][info][gc,stats    ]   Collector: Garbage Collection Cycle                    731.629 / 731.629    1978.793 / 2700.333   1978.793 / 2700.333   1978.793 / 2700.333    ms
[30.260s][info][gc,stats    ]  Contention: Mark Segment Reset Contention                     0 / 2                 0 / 2                 0 / 2                 0 / 2           ops/s
[30.263s][info][gc,stats    ]  Contention: Mark SeqNum Reset Contention                      0 / 0                 0 / 0                 0 / 0                 0 / 0           ops/s
[30.264s][info][gc,stats    ]    Critical: Allocation Stall                                  0 / 0                 0 / 0                 0 / 0                 0 / 0           ops/s
[30.267s][info][gc,stats    ]    Critical: Allocation Stall                              0.000 / 0.000         0.000 / 0.000         0.000 / 0.000         0.000 / 0.000       ms
[30.273s][info][gc,stats    ]    Critical: GC Locker Stall                                   0 / 0                 0 / 1                 0 / 1                 0 / 1           ops/s
[30.277s][info][gc,stats    ]    Critical: GC Locker Stall                               0.000 / 0.000         1.239 / 2.323         1.239 / 2.323         1.239 / 2.323       ms
[30.280s][info][gc,stats    ]    Critical: Relocation Stall                                  0 / 0                 0 / 0                 0 / 0                 0 / 0           ops/s
[30.281s][info][gc,stats    ]    Critical: Relocation Stall                              0.000 / 0.000         0.000 / 0.000         0.000 / 0.000         0.000 / 0.000       ms
[30.284s][info][gc,stats    ]      Memory: Allocation Rate                                  22 / 78               64 / 306              64 / 306              64 / 306         MB/s
[30.287s][info][gc,stats    ]      Memory: Out Of Memory                                     0 / 0                 0 / 0                 0 / 0                 0 / 0           ops/s
[30.288s][info][gc,stats    ]      Memory: Page Cache Flush                                  0 / 0                 0 / 0                 0 / 0                 0 / 0           MB/s
[30.289s][info][gc,stats    ]      Memory: Page Cache Hit L1                                 9 / 24               14 / 146              14 / 146              14 / 146         ops/s
[30.293s][info][gc,stats    ]      Memory: Page Cache Hit L2                                 0 / 0                 0 / 0                 0 / 0                 0 / 0           ops/s
[30.297s][info][gc,stats    ]      Memory: Page Cache Hit L3                                 0 / 0                 3 / 24                3 / 24                3 / 24          ops/s
[30.301s][info][gc,stats    ]      Memory: Page Cache Miss                                   0 / 1                14 / 67               14 / 67               14 / 67          ops/s
[30.304s][info][gc,stats    ]      Memory: Uncommit                                          0 / 0                 0 / 0                 0 / 0                 0 / 0           MB/s
[30.308s][info][gc,stats    ]      Memory: Undo Object Allocation Failed                     0 / 0                 0 / 0                 0 / 0                 0 / 0           ops/s
[30.312s][info][gc,stats    ]      Memory: Undo Object Allocation Succeeded                  0 / 0                 0 / 1                 0 / 1                 0 / 1           ops/s
[30.313s][info][gc,stats    ]      Memory: Undo Page Allocation                              0 / 0                 3 / 22                3 / 22                3 / 22          ops/s
[30.314s][info][gc,stats    ]       Phase: Concurrent Mark                             573.355 / 573.355    1587.844 / 2205.677   1587.844 / 2205.677   1587.844 / 2205.677    ms
[30.317s][info][gc,stats    ]       Phase: Concurrent Mark Continue                      0.000 / 0.000         0.000 / 0.000         0.000 / 0.000         0.000 / 0.000       ms
[30.318s][info][gc,stats    ]       Phase: Concurrent Mark Free                          0.003 / 0.003         0.003 / 0.004         0.003 / 0.004         0.003 / 0.004       ms
[30.322s][info][gc,stats    ]       Phase: Concurrent Process Non-Strong References     48.052 / 48.052       85.276 / 105.587      85.276 / 105.587      85.276 / 105.587     ms
[30.325s][info][gc,stats    ]       Phase: Concurrent Relocate                          61.925 / 61.925      179.068 / 311.289     179.068 / 311.289     179.068 / 311.289     ms
[30.326s][info][gc,stats    ]       Phase: Concurrent Reset Relocation Set               0.415 / 0.415         0.176 / 0.415         0.176 / 0.415         0.176 / 0.415       ms
[30.328s][info][gc,stats    ]       Phase: Concurrent Select Relocation Set             11.749 / 11.749       75.356 / 190.196      75.356 / 190.196      75.356 / 190.196     ms
[30.330s][info][gc,stats    ]       Phase: Pause Mark End                                0.030 / 0.030         0.059 / 0.128         0.059 / 0.128         0.059 / 0.128       ms
[30.335s][info][gc,stats    ]       Phase: Pause Mark Start                              0.018 / 0.018         0.020 / 0.030         0.020 / 0.030         0.020 / 0.030       ms
[30.338s][info][gc,stats    ]       Phase: Pause Relocate Start                          0.016 / 0.016         0.014 / 0.016         0.014 / 0.016         0.014 / 0.016       ms
[30.340s][info][gc,stats    ]    Subphase: Concurrent Classes Purge                      0.603 / 0.603         4.251 / 9.014         4.251 / 9.014         4.251 / 9.014       ms
[30.341s][info][gc,stats    ]    Subphase: Concurrent Classes Unlink                    31.269 / 31.269       41.153 / 50.230       41.153 / 50.230       41.153 / 50.230      ms
[30.344s][info][gc,stats    ]    Subphase: Concurrent Mark                             552.846 / 559.144    1566.405 / 2200.628   1566.405 / 2200.628   1566.405 / 2200.628    ms
[30.348s][info][gc,stats    ]    Subphase: Concurrent Mark Try Flush                     4.794 / 8.312        28.793 / 69.665       28.793 / 69.665       28.793 / 69.665      ms
[30.350s][info][gc,stats    ]    Subphase: Concurrent Mark Try Terminate                 1.249 / 3.205         2.459 / 30.108        2.459 / 30.108        2.459 / 30.108      ms
[30.353s][info][gc,stats    ]    Subphase: Concurrent References Enqueue                 2.993 / 2.993         1.013 / 2.993         1.013 / 2.993         1.013 / 2.993       ms
[30.360s][info][gc,stats    ]    Subphase: Concurrent References Process                 1.080 / 1.080         3.023 / 7.419         3.023 / 7.419         3.023 / 7.419       ms
[30.363s][info][gc,stats    ]    Subphase: Concurrent Roots ClassLoaderDataGraph         0.593 / 0.593         2.842 / 12.229        2.842 / 12.229        2.842 / 12.229      ms
[30.364s][info][gc,stats    ]    Subphase: Concurrent Roots CodeCache                    0.000 / 0.000         0.000 / 0.000         0.000 / 0.000         0.000 / 0.000       ms
[30.366s][info][gc,stats    ]    Subphase: Concurrent Roots JavaThreads                  4.042 / 6.746         7.633 / 17.617        7.633 / 17.617        7.633 / 17.617      ms
[30.375s][info][gc,stats    ]    Subphase: Concurrent Roots OopStorageSet                0.099 / 0.099         6.358 / 18.763        6.358 / 18.763        6.358 / 18.763      ms
[30.378s][info][gc,stats    ]    Subphase: Concurrent Weak Roots OopStorageSet           0.981 / 1.826         1.601 / 3.462         1.601 / 3.462         1.601 / 3.462       ms
[30.381s][info][gc,stats    ]    Subphase: Pause Mark Try Complete                       0.000 / 0.000         0.000 / 0.000         0.000 / 0.000         0.000 / 0.000       ms
[30.386s][info][gc,stats    ]      System: Java Threads                                     49 / 49               37 / 49               37 / 49               37 / 49          threads
[30.389s][info][gc,stats    ] =========================================================================================================================================================
[39.657s][info][gc,start    ] GC(3) Garbage Collection (Metadata GC Threshold)
[39.688s][info][gc,task     ] GC(3) Using 2 workers
[39.761s][info][gc,phases   ] GC(3) Pause Mark Start 0.041ms
[40.258s][info][gc,stats    ] === Garbage Collection Statistics =======================================================================================================================
[40.265s][info][gc,stats    ]                                                              Last 10s              Last 10m              Last 10h                Total
[40.271s][info][gc,stats    ]                                                              Avg / Max             Avg / Max             Avg / Max             Avg / Max
[40.284s][info][gc,stats    ]   Collector: Garbage Collection Cycle                      0.000 / 0.000      1978.793 / 2700.333   1978.793 / 2700.333   1978.793 / 2700.333    ms
[40.295s][info][gc,stats    ]  Contention: Mark Segment Reset Contention                     0 / 0                 0 / 2                 0 / 2                 0 / 2           ops/s
[40.312s][info][gc,stats    ]  Contention: Mark SeqNum Reset Contention                      0 / 0                 0 / 0                 0 / 0                 0 / 0           ops/s
[40.330s][info][gc,stats    ]    Critical: Allocation Stall                                  0 / 0                 0 / 0                 0 / 0                 0 / 0           ops/s
[40.335s][info][gc,stats    ]    Critical: Allocation Stall                              0.000 / 0.000         0.000 / 0.000         0.000 / 0.000         0.000 / 0.000       ms
[40.344s][info][gc,stats    ]    Critical: GC Locker Stall                                   0 / 0                 0 / 1                 0 / 1                 0 / 1           ops/s
[40.346s][info][gc,stats    ]    Critical: GC Locker Stall                               0.000 / 0.000         1.239 / 2.323         1.239 / 2.323         1.239 / 2.323       ms
[40.354s][info][gc,stats    ]    Critical: Relocation Stall                                  0 / 0                 0 / 0                 0 / 0                 0 / 0           ops/s
[40.356s][info][gc,stats    ]    Critical: Relocation Stall                              0.000 / 0.000         0.000 / 0.000         0.000 / 0.000         0.000 / 0.000       ms
[40.361s][info][gc,stats    ]      Memory: Allocation Rate                                  29 / 74               56 / 306              56 / 306              56 / 306         MB/s
[40.367s][info][gc,stats    ]      Memory: Out Of Memory                                     0 / 0                 0 / 0                 0 / 0                 0 / 0           ops/s
[40.370s][info][gc,stats    ]      Memory: Page Cache Flush                                  0 / 0                 0 / 0                 0 / 0                 0 / 0           MB/s
[40.371s][info][gc,stats    ]      Memory: Page Cache Hit L1                                13 / 37               14 / 146              14 / 146              14 / 146         ops/s
[40.374s][info][gc,stats    ]      Memory: Page Cache Hit L2                                 0 / 0                 0 / 0                 0 / 0                 0 / 0           ops/s
[40.376s][info][gc,stats    ]      Memory: Page Cache Hit L3                                 0 / 2                 2 / 24                2 / 24                2 / 24          ops/s
[40.378s][info][gc,stats    ]      Memory: Page Cache Miss                                   0 / 0                10 / 67               10 / 67               10 / 67          ops/s
[40.380s][info][gc,stats    ]      Memory: Uncommit                                          0 / 0                 0 / 0                 0 / 0                 0 / 0           MB/s
[40.385s][info][gc,stats    ]      Memory: Undo Object Allocation Failed                     0 / 0                 0 / 0                 0 / 0                 0 / 0           ops/s
[40.392s][info][gc,stats    ]      Memory: Undo Object Allocation Succeeded                  0 / 0                 0 / 1                 0 / 1                 0 / 1           ops/s
[40.400s][info][gc,stats    ]      Memory: Undo Page Allocation                              0 / 1                 2 / 22                2 / 22                2 / 22          ops/s
[40.405s][info][gc,stats    ]       Phase: Concurrent Mark                               0.000 / 0.000      1587.844 / 2205.677   1587.844 / 2205.677   1587.844 / 2205.677    ms
[40.407s][info][gc,stats    ]       Phase: Concurrent Mark Continue                      0.000 / 0.000         0.000 / 0.000         0.000 / 0.000         0.000 / 0.000       ms
[40.410s][info][gc,stats    ]       Phase: Concurrent Mark Free                          0.000 / 0.000         0.003 / 0.004         0.003 / 0.004         0.003 / 0.004       ms
[40.413s][info][gc,stats    ]       Phase: Concurrent Process Non-Strong References      0.000 / 0.000        85.276 / 105.587      85.276 / 105.587      85.276 / 105.587     ms
[40.417s][info][gc,stats    ]       Phase: Concurrent Relocate                           0.000 / 0.000       179.068 / 311.289     179.068 / 311.289     179.068 / 311.289     ms
[40.425s][info][gc,stats    ]       Phase: Concurrent Reset Relocation Set               0.000 / 0.000         0.176 / 0.415         0.176 / 0.415         0.176 / 0.415       ms
[40.427s][info][gc,stats    ]       Phase: Concurrent Select Relocation Set              0.000 / 0.000        75.356 / 190.196      75.356 / 190.196      75.356 / 190.196     ms
[40.430s][info][gc,stats    ]       Phase: Pause Mark End                                0.000 / 0.000         0.059 / 0.128         0.059 / 0.128         0.059 / 0.128       ms
[40.433s][info][gc,stats    ]       Phase: Pause Mark Start                              0.041 / 0.041         0.026 / 0.041         0.026 / 0.041         0.026 / 0.041       ms
[40.434s][info][gc,stats    ]       Phase: Pause Relocate Start                          0.000 / 0.000         0.014 / 0.016         0.014 / 0.016         0.014 / 0.016       ms
[40.442s][info][gc,stats    ]    Subphase: Concurrent Classes Purge                      0.000 / 0.000         4.251 / 9.014         4.251 / 9.014         4.251 / 9.014       ms
[40.449s][info][gc,stats    ]    Subphase: Concurrent Classes Unlink                     0.000 / 0.000        41.153 / 50.230       41.153 / 50.230       41.153 / 50.230      ms
[40.452s][info][gc,stats    ]    Subphase: Concurrent Mark                               0.000 / 0.000      1566.405 / 2200.628   1566.405 / 2200.628   1566.405 / 2200.628    ms
[40.454s][info][gc,stats    ]    Subphase: Concurrent Mark Try Flush                     0.000 / 0.000        28.793 / 69.665       28.793 / 69.665       28.793 / 69.665      ms
[40.458s][info][gc,stats    ]    Subphase: Concurrent Mark Try Terminate                 0.000 / 0.000         2.459 / 30.108        2.459 / 30.108        2.459 / 30.108      ms
[40.460s][info][gc,stats    ]    Subphase: Concurrent References Enqueue                 0.000 / 0.000         1.013 / 2.993         1.013 / 2.993         1.013 / 2.993       ms
[40.463s][info][gc,stats    ]    Subphase: Concurrent References Process                 0.000 / 0.000         3.023 / 7.419         3.023 / 7.419         3.023 / 7.419       ms
[40.466s][info][gc,stats    ]    Subphase: Concurrent Roots ClassLoaderDataGraph         5.393 / 10.610        3.571 / 12.229        3.571 / 12.229        3.571 / 12.229      ms
[40.468s][info][gc,stats    ]    Subphase: Concurrent Roots CodeCache                    0.000 / 0.000         0.000 / 0.000         0.000 / 0.000         0.000 / 0.000       ms
[40.469s][info][gc,stats    ]    Subphase: Concurrent Roots JavaThreads                125.488 / 134.591      37.097 / 134.591      37.097 / 134.591      37.097 / 134.591     ms
[40.473s][info][gc,stats    ]    Subphase: Concurrent Roots OopStorageSet                0.363 / 0.363         5.159 / 18.763        5.159 / 18.763        5.159 / 18.763      ms
[40.476s][info][gc,stats    ]    Subphase: Concurrent Weak Roots OopStorageSet           0.000 / 0.000         1.601 / 3.462         1.601 / 3.462         1.601 / 3.462       ms
[40.478s][info][gc,stats    ]    Subphase: Pause Mark Try Complete                       0.000 / 0.000         0.000 / 0.000         0.000 / 0.000         0.000 / 0.000       ms
[40.488s][info][gc,stats    ]      System: Java Threads                                     89 / 89               42 / 89               42 / 89               42 / 89          threads
[40.494s][info][gc,stats    ] =========================================================================================================================================================
[42.116s][info][gc,phases   ] GC(3) Concurrent Mark 2350.351ms
[42.127s][info][gc,phases   ] GC(3) Pause Mark End 0.040ms
[42.132s][info][gc,phases   ] GC(3) Concurrent Mark Free 0.005ms
[42.325s][info][gc,phases   ] GC(3) Concurrent Process Non-Strong References 187.646ms
[42.328s][info][gc,phases   ] GC(3) Concurrent Reset Relocation Set 0.051ms
[42.380s][info][gc,phases   ] GC(3) Concurrent Select Relocation Set 50.754ms
[42.389s][info][gc,phases   ] GC(3) Pause Relocate Start 0.021ms
[42.605s][info][gc,phases   ] GC(3) Concurrent Relocate 211.863ms
[42.612s][info][gc,load     ] GC(3) Load: 9.70/3.78/3.41
[42.614s][info][gc,mmu      ] GC(3) MMU: 2ms/93.6%, 5ms/97.4%, 10ms/98.7%, 20ms/99.4%, 50ms/99.7%, 100ms/99.9%
[42.617s][info][gc,marking  ] GC(3) Mark: 2 stripe(s), 2 proactive flush(es), 1 terminate flush(es), 0 completion(s), 0 continuation(s) 
[42.619s][info][gc,marking  ] GC(3) Mark Stack Usage: 32M
[42.621s][info][gc,nmethod  ] GC(3) NMethods: 5357 registered, 0 unregistered
[42.624s][info][gc,metaspace] GC(3) Metaspace: 51M used, 52M committed, 1072M reserved
[42.626s][info][gc,ref      ] GC(3) Soft: 4994 encountered, 0 discovered, 0 enqueued
[42.628s][info][gc,ref      ] GC(3) Weak: 3558 encountered, 842 discovered, 483 enqueued
[42.630s][info][gc,ref      ] GC(3) Final: 84 encountered, 1 discovered, 1 enqueued
[42.633s][info][gc,ref      ] GC(3) Phantom: 1078 encountered, 863 discovered, 595 enqueued
[42.635s][info][gc,reloc    ] GC(3) Small Pages: 206 / 412M, Empty: 134M, Relocated: 16M, In-Place: 0
[42.640s][info][gc,reloc    ] GC(3) Medium Pages: 2 / 64M, Empty: 0M, Relocated: 2M, In-Place: 0
[42.643s][info][gc,reloc    ] GC(3) Large Pages: 4 / 52M, Empty: 12M, Relocated: 0M, In-Place: 0
[42.645s][info][gc,reloc    ] GC(3) Forwarding Usage: 4M
[42.647s][info][gc,heap     ] GC(3) Min Capacity: 256M(6%)
[42.649s][info][gc,heap     ] GC(3) Max Capacity: 4096M(100%)
[42.651s][info][gc,heap     ] GC(3) Soft Max Capacity: 4096M(100%)
[42.653s][info][gc,heap     ] GC(3)                Mark Start          Mark End        Relocate Start      Relocate End           High               Low         
[42.655s][info][gc,heap     ] GC(3)  Capacity:     1218M (30%)        1224M (30%)        1224M (30%)        1256M (31%)        1256M (31%)        1218M (30%)    
[42.657s][info][gc,heap     ] GC(3)      Free:     3568M (87%)        3476M (85%)        3620M (88%)        3826M (93%)        3826M (93%)        3476M (85%)    
[42.659s][info][gc,heap     ] GC(3)      Used:      528M (13%)         620M (15%)         476M (12%)         270M (7%)          620M (15%)         270M (7%)     
[42.661s][info][gc,heap     ] GC(3)      Live:         -               134M (3%)          134M (3%)          134M (3%)             -                  -          
[42.663s][info][gc,heap     ] GC(3) Allocated:         -                92M (2%)           94M (2%)           95M (2%)             -                  -          
[42.666s][info][gc,heap     ] GC(3)   Garbage:         -               393M (10%)         247M (6%)           39M (1%)             -                  -          
[42.668s][info][gc,heap     ] GC(3) Reclaimed:         -                  -               146M (4%)          353M (9%)             -                  -          
[42.669s][info][gc          ] GC(3) Garbage Collection (Metadata GC Threshold) 528M(13%)->270M(7%)
[50.248s][info][gc,stats    ] === Garbage Collection Statistics =======================================================================================================================
[50.251s][info][gc,stats    ]                                                              Last 10s              Last 10m              Last 10h                Total
[50.253s][info][gc,stats    ]                                                              Avg / Max             Avg / Max             Avg / Max             Avg / Max
[50.256s][info][gc,stats    ]   Collector: Garbage Collection Cycle                   2954.243 / 2954.243   2222.656 / 2954.243   2222.656 / 2954.243   2222.656 / 2954.243    ms
[50.258s][info][gc,stats    ]  Contention: Mark Segment Reset Contention                     0 / 0                 0 / 2                 0 / 2                 0 / 2           ops/s
[50.260s][info][gc,stats    ]  Contention: Mark SeqNum Reset Contention                      0 / 0                 0 / 0                 0 / 0                 0 / 0           ops/s
[50.263s][info][gc,stats    ]    Critical: Allocation Stall                                  0 / 0                 0 / 0                 0 / 0                 0 / 0           ops/s
[50.271s][info][gc,stats    ]    Critical: Allocation Stall                              0.000 / 0.000         0.000 / 0.000         0.000 / 0.000         0.000 / 0.000       ms
[50.274s][info][gc,stats    ]    Critical: GC Locker Stall                                   0 / 0                 0 / 1                 0 / 1                 0 / 1           ops/s
[50.275s][info][gc,stats    ]    Critical: GC Locker Stall                               0.000 / 0.000         1.239 / 2.323         1.239 / 2.323         1.239 / 2.323       ms
[50.277s][info][gc,stats    ]    Critical: Relocation Stall                                  0 / 0                 0 / 0                 0 / 0                 0 / 0           ops/s
[50.279s][info][gc,stats    ]    Critical: Relocation Stall                              0.000 / 0.000         0.000 / 0.000         0.000 / 0.000         0.000 / 0.000       ms
[50.282s][info][gc,stats    ]      Memory: Allocation Rate                                  46 / 162              54 / 306              54 / 306              54 / 306         MB/s
[50.288s][info][gc,stats    ]      Memory: Out Of Memory                                     0 / 0                 0 / 0                 0 / 0                 0 / 0           ops/s
[50.290s][info][gc,stats    ]      Memory: Page Cache Flush                                  0 / 0                 0 / 0                 0 / 0                 0 / 0           MB/s
[50.292s][info][gc,stats    ]      Memory: Page Cache Hit L1                                 7 / 14               12 / 146              12 / 146              12 / 146         ops/s
[50.294s][info][gc,stats    ]      Memory: Page Cache Hit L2                                 0 / 0                 0 / 0                 0 / 0                 0 / 0           ops/s
[50.296s][info][gc,stats    ]      Memory: Page Cache Hit L3                                 1 / 5                 2 / 24                2 / 24                2 / 24          ops/s
[50.298s][info][gc,stats    ]      Memory: Page Cache Miss                                   1 / 8                 8 / 67                8 / 67                8 / 67          ops/s
[50.300s][info][gc,stats    ]      Memory: Uncommit                                          0 / 0                 0 / 0                 0 / 0                 0 / 0           MB/s
[50.301s][info][gc,stats    ]      Memory: Undo Object Allocation Failed                     0 / 0                 0 / 0                 0 / 0                 0 / 0           ops/s
[50.302s][info][gc,stats    ]      Memory: Undo Object Allocation Succeeded                  0 / 5                 0 / 5                 0 / 5                 0 / 5           ops/s
[50.304s][info][gc,stats    ]      Memory: Undo Page Allocation                              0 / 0                 2 / 22                2 / 22                2 / 22          ops/s
[50.306s][info][gc,stats    ]       Phase: Concurrent Mark                            2350.351 / 2350.351   1778.471 / 2350.351   1778.471 / 2350.351   1778.471 / 2350.351    ms
[50.308s][info][gc,stats    ]       Phase: Concurrent Mark Continue                      0.000 / 0.000         0.000 / 0.000         0.000 / 0.000         0.000 / 0.000       ms
[50.310s][info][gc,stats    ]       Phase: Concurrent Mark Free                          0.005 / 0.005         0.004 / 0.005         0.004 / 0.005         0.004 / 0.005       ms
[50.312s][info][gc,stats    ]       Phase: Concurrent Process Non-Strong References    187.646 / 187.646     110.868 / 187.646     110.868 / 187.646     110.868 / 187.646     ms
[50.314s][info][gc,stats    ]       Phase: Concurrent Relocate                         211.863 / 211.863     187.267 / 311.289     187.267 / 311.289     187.267 / 311.289     ms
[50.317s][info][gc,stats    ]       Phase: Concurrent Reset Relocation Set               0.051 / 0.051         0.145 / 0.415         0.145 / 0.415         0.145 / 0.415       ms
[50.321s][info][gc,stats    ]       Phase: Concurrent Select Relocation Set             50.754 / 50.754       69.206 / 190.196      69.206 / 190.196      69.206 / 190.196     ms
[50.327s][info][gc,stats    ]       Phase: Pause Mark End                                0.040 / 0.040         0.055 / 0.128         0.055 / 0.128         0.055 / 0.128       ms
[50.330s][info][gc,stats    ]       Phase: Pause Mark Start                              0.000 / 0.000         0.026 / 0.041         0.026 / 0.041         0.026 / 0.041       ms
[50.332s][info][gc,stats    ]       Phase: Pause Relocate Start                          0.021 / 0.021         0.016 / 0.021         0.016 / 0.021         0.016 / 0.021       ms
[50.335s][info][gc,stats    ]    Subphase: Concurrent Classes Purge                      3.363 / 3.363         4.029 / 9.014         4.029 / 9.014         4.029 / 9.014       ms
[50.337s][info][gc,stats    ]    Subphase: Concurrent Classes Unlink                   139.848 / 139.848      65.827 / 139.848      65.827 / 139.848      65.827 / 139.848     ms
[50.339s][info][gc,stats    ]    Subphase: Concurrent Mark                            2188.935 / 2191.014   1722.038 / 2200.628   1722.038 / 2200.628   1722.038 / 2200.628    ms
[50.342s][info][gc,stats    ]    Subphase: Concurrent Mark Try Flush                    18.104 / 21.315       26.907 / 69.665       26.907 / 69.665       26.907 / 69.665      ms
[50.344s][info][gc,stats    ]    Subphase: Concurrent Mark Try Terminate                 3.693 / 20.826        2.638 / 30.108        2.638 / 30.108        2.638 / 30.108      ms
[50.348s][info][gc,stats    ]    Subphase: Concurrent References Enqueue                 0.063 / 0.063         0.776 / 2.993         0.776 / 2.993         0.776 / 2.993       ms
[50.351s][info][gc,stats    ]    Subphase: Concurrent References Process                 3.200 / 3.200         3.067 / 7.419         3.067 / 7.419         3.067 / 7.419       ms
[50.353s][info][gc,stats    ]    Subphase: Concurrent Roots ClassLoaderDataGraph         0.000 / 0.000         3.571 / 12.229        3.571 / 12.229        3.571 / 12.229      ms
[50.355s][info][gc,stats    ]    Subphase: Concurrent Roots CodeCache                    0.000 / 0.000         0.000 / 0.000         0.000 / 0.000         0.000 / 0.000       ms
[50.357s][info][gc,stats    ]    Subphase: Concurrent Roots JavaThreads                  0.000 / 0.000        37.097 / 134.591      37.097 / 134.591      37.097 / 134.591     ms
[50.360s][info][gc,stats    ]    Subphase: Concurrent Roots OopStorageSet                0.000 / 0.000         5.159 / 18.763        5.159 / 18.763        5.159 / 18.763      ms
[50.362s][info][gc,stats    ]    Subphase: Concurrent Weak Roots OopStorageSet          11.082 / 17.678        4.761 / 17.678        4.761 / 17.678        4.761 / 17.678      ms
[50.365s][info][gc,stats    ]    Subphase: Pause Mark Try Complete                       0.000 / 0.000         0.000 / 0.000         0.000 / 0.000         0.000 / 0.000       ms
[50.370s][info][gc,stats    ]      System: Java Threads                                     89 / 89               50 / 89               50 / 89               50 / 89          threads
[50.372s][info][gc,stats    ] =========================================================================================================================================================
[60.251s][info][gc,stats    ] === Garbage Collection Statistics =======================================================================================================================
[60.254s][info][gc,stats    ]                                                              Last 10s              Last 10m              Last 10h                Total
[60.257s][info][gc,stats    ]                                                              Avg / Max             Avg / Max             Avg / Max             Avg / Max
[60.258s][info][gc,stats    ]   Collector: Garbage Collection Cycle                      0.000 / 0.000      2222.656 / 2954.243   2222.656 / 2954.243   2222.656 / 2954.243    ms
[60.260s][info][gc,stats    ]  Contention: Mark Segment Reset Contention                     0 / 0                 0 / 2                 0 / 2                 0 / 2           ops/s
[60.264s][info][gc,stats    ]  Contention: Mark SeqNum Reset Contention                      0 / 0                 0 / 0                 0 / 0                 0 / 0           ops/s
[60.267s][info][gc,stats    ]    Critical: Allocation Stall                                  0 / 0                 0 / 0                 0 / 0                 0 / 0           ops/s
[60.269s][info][gc,stats    ]    Critical: Allocation Stall                              0.000 / 0.000         0.000 / 0.000         0.000 / 0.000         0.000 / 0.000       ms
[60.271s][info][gc,stats    ]    Critical: GC Locker Stall                                   0 / 0                 0 / 1                 0 / 1                 0 / 1           ops/s
[60.273s][info][gc,stats    ]    Critical: GC Locker Stall                               0.000 / 0.000         1.239 / 2.323         1.239 / 2.323         1.239 / 2.323       ms
[60.275s][info][gc,stats    ]    Critical: Relocation Stall                                  0 / 0                 0 / 0                 0 / 0                 0 / 0           ops/s
[60.278s][info][gc,stats    ]    Critical: Relocation Stall                              0.000 / 0.000         0.000 / 0.000         0.000 / 0.000         0.000 / 0.000       ms
[60.280s][info][gc,stats    ]      Memory: Allocation Rate                                  47 / 156              53 / 306              53 / 306              53 / 306         MB/s
[60.283s][info][gc,stats    ]      Memory: Out Of Memory                                     0 / 0                 0 / 0                 0 / 0                 0 / 0           ops/s
[60.285s][info][gc,stats    ]      Memory: Page Cache Flush                                  0 / 0                 0 / 0                 0 / 0                 0 / 0           MB/s
[60.287s][info][gc,stats    ]      Memory: Page Cache Hit L1                                 6 / 11               11 / 146              11 / 146              11 / 146         ops/s
[60.289s][info][gc,stats    ]      Memory: Page Cache Hit L2                                 0 / 0                 0 / 0                 0 / 0                 0 / 0           ops/s
[60.292s][info][gc,stats    ]      Memory: Page Cache Hit L3                                 0 / 0                 2 / 24                2 / 24                2 / 24          ops/s
[60.294s][info][gc,stats    ]      Memory: Page Cache Miss                                   3 / 9                 7 / 67                7 / 67                7 / 67          ops/s
[60.297s][info][gc,stats    ]      Memory: Uncommit                                          0 / 0                 0 / 0                 0 / 0                 0 / 0           MB/s
[60.302s][info][gc,stats    ]      Memory: Undo Object Allocation Failed                     0 / 0                 0 / 0                 0 / 0                 0 / 0           ops/s
[60.303s][info][gc,stats    ]      Memory: Undo Object Allocation Succeeded                  0 / 0                 0 / 5                 0 / 5                 0 / 5           ops/s
[60.305s][info][gc,stats    ]      Memory: Undo Page Allocation                              0 / 0                 1 / 22                1 / 22                1 / 22          ops/s
[60.306s][info][gc,stats    ]       Phase: Concurrent Mark                               0.000 / 0.000      1778.471 / 2350.351   1778.471 / 2350.351   1778.471 / 2350.351    ms
[60.308s][info][gc,stats    ]       Phase: Concurrent Mark Continue                      0.000 / 0.000         0.000 / 0.000         0.000 / 0.000         0.000 / 0.000       ms
[60.309s][info][gc,stats    ]       Phase: Concurrent Mark Free                          0.000 / 0.000         0.004 / 0.005         0.004 / 0.005         0.004 / 0.005       ms
[60.311s][info][gc,stats    ]       Phase: Concurrent Process Non-Strong References      0.000 / 0.000       110.868 / 187.646     110.868 / 187.646     110.868 / 187.646     ms
[60.314s][info][gc,stats    ]       Phase: Concurrent Relocate                           0.000 / 0.000       187.267 / 311.289     187.267 / 311.289     187.267 / 311.289     ms
[60.317s][info][gc,stats    ]       Phase: Concurrent Reset Relocation Set               0.000 / 0.000         0.145 / 0.415         0.145 / 0.415         0.145 / 0.415       ms
[60.318s][info][gc,stats    ]       Phase: Concurrent Select Relocation Set              0.000 / 0.000        69.206 / 190.196      69.206 / 190.196      69.206 / 190.196     ms
[60.320s][info][gc,stats    ]       Phase: Pause Mark End                                0.000 / 0.000         0.055 / 0.128         0.055 / 0.128         0.055 / 0.128       ms
[60.322s][info][gc,stats    ]       Phase: Pause Mark Start                              0.000 / 0.000         0.026 / 0.041         0.026 / 0.041         0.026 / 0.041       ms
[60.332s][info][gc,stats    ]       Phase: Pause Relocate Start                          0.000 / 0.000         0.016 / 0.021         0.016 / 0.021         0.016 / 0.021       ms
[60.334s][info][gc,stats    ]    Subphase: Concurrent Classes Purge                      0.000 / 0.000         4.029 / 9.014         4.029 / 9.014         4.029 / 9.014       ms
[60.335s][info][gc,stats    ]    Subphase: Concurrent Classes Unlink                     0.000 / 0.000        65.827 / 139.848      65.827 / 139.848      65.827 / 139.848     ms
[60.337s][info][gc,stats    ]    Subphase: Concurrent Mark                               0.000 / 0.000      1722.038 / 2200.628   1722.038 / 2200.628   1722.038 / 2200.628    ms
[60.339s][info][gc,stats    ]    Subphase: Concurrent Mark Try Flush                     0.000 / 0.000        26.907 / 69.665       26.907 / 69.665       26.907 / 69.665      ms
[60.341s][info][gc,stats    ]    Subphase: Concurrent Mark Try Terminate                 0.000 / 0.000         2.638 / 30.108        2.638 / 30.108        2.638 / 30.108      ms
[60.342s][info][gc,stats    ]    Subphase: Concurrent References Enqueue                 0.000 / 0.000         0.776 / 2.993         0.776 / 2.993         0.776 / 2.993       ms
[60.343s][info][gc,stats    ]    Subphase: Concurrent References Process                 0.000 / 0.000         3.067 / 7.419         3.067 / 7.419         3.067 / 7.419       ms
[60.353s][info][gc,stats    ]    Subphase: Concurrent Roots ClassLoaderDataGraph         0.000 / 0.000         3.571 / 12.229        3.571 / 12.229        3.571 / 12.229      ms
[60.356s][info][gc,stats    ]    Subphase: Concurrent Roots CodeCache                    0.000 / 0.000         0.000 / 0.000         0.000 / 0.000         0.000 / 0.000       ms
[60.365s][info][gc,stats    ]    Subphase: Concurrent Roots JavaThreads                  0.000 / 0.000        37.097 / 134.591      37.097 / 134.591      37.097 / 134.591     ms
[60.368s][info][gc,stats    ]    Subphase: Concurrent Roots OopStorageSet                0.000 / 0.000         5.159 / 18.763        5.159 / 18.763        5.159 / 18.763      ms
[60.370s][info][gc,stats    ]    Subphase: Concurrent Weak Roots OopStorageSet           0.000 / 0.000         4.761 / 17.678        4.761 / 17.678        4.761 / 17.678      ms
[60.372s][info][gc,stats    ]    Subphase: Pause Mark Try Complete                       0.000 / 0.000         0.000 / 0.000         0.000 / 0.000         0.000 / 0.000       ms
[60.376s][info][gc,stats    ]      System: Java Threads                                      0 / 0                50 / 89               50 / 89               50 / 89          threads
[60.378s][info][gc,stats    ] =========================================================================================================================================================
[61.951s][info][gc,start    ] GC(4) Garbage Collection (Warmup)
[61.954s][info][gc,task     ] GC(4) Using 2 workers
[61.981s][info][gc,phases   ] GC(4) Pause Mark Start 0.022ms
[63.362s][info][gc,phases   ] GC(4) Concurrent Mark 1378.370ms
[63.376s][info][gc,phases   ] GC(4) Pause Mark End 0.181ms
[63.390s][info][gc,phases   ] GC(4) Concurrent Mark Free 0.005ms
[63.668s][info][gc,phases   ] GC(4) Concurrent Process Non-Strong References 268.016ms
[63.681s][info][gc,phases   ] GC(4) Concurrent Reset Relocation Set 0.027ms
[63.698s][info][gc,phases   ] GC(4) Concurrent Select Relocation Set 13.089ms
[63.709s][info][gc,phases   ] GC(4) Pause Relocate Start 0.021ms
[63.799s][info][gc,phases   ] GC(4) Concurrent Relocate 85.406ms
[63.803s][info][gc,load     ] GC(4) Load: 11.38/4.64/3.70
[63.806s][info][gc,mmu      ] GC(4) MMU: 2ms/90.9%, 5ms/96.4%, 10ms/98.2%, 20ms/99.1%, 50ms/99.6%, 100ms/99.8%
[63.808s][info][gc,marking  ] GC(4) Mark: 2 stripe(s), 2 proactive flush(es), 1 terminate flush(es), 0 completion(s), 0 continuation(s) 
[63.811s][info][gc,marking  ] GC(4) Mark Stack Usage: 32M
[63.814s][info][gc,nmethod  ] GC(4) NMethods: 6225 registered, 0 unregistered
[63.815s][info][gc,metaspace] GC(4) Metaspace: 52M used, 52M committed, 1072M reserved
[63.817s][info][gc,ref      ] GC(4) Soft: 5015 encountered, 0 discovered, 0 enqueued
[63.821s][info][gc,ref      ] GC(4) Weak: 3181 encountered, 1945 discovered, 25 enqueued
[63.823s][info][gc,ref      ] GC(4) Final: 87 encountered, 31 discovered, 4 enqueued
[63.824s][info][gc,ref      ] GC(4) Phantom: 544 encountered, 362 discovered, 26 enqueued
[63.826s][info][gc,reloc    ] GC(4) Small Pages: 198 / 396M, Empty: 98M, Relocated: 6M, In-Place: 0
[63.828s][info][gc,reloc    ] GC(4) Medium Pages: 1 / 32M, Empty: 0M, Relocated: 0M, In-Place: 0
[63.830s][info][gc,reloc    ] GC(4) Large Pages: 77 / 814M, Empty: 708M, Relocated: 0M, In-Place: 0
[63.833s][info][gc,reloc    ] GC(4) Forwarding Usage: 2M
[63.835s][info][gc,heap     ] GC(4) Min Capacity: 256M(6%)
[63.837s][info][gc,heap     ] GC(4) Max Capacity: 4096M(100%)
[63.846s][info][gc,heap     ] GC(4) Soft Max Capacity: 4096M(100%)
[63.850s][info][gc,heap     ] GC(4)                Mark Start          Mark End        Relocate Start      Relocate End           High               Low         
[63.853s][info][gc,heap     ] GC(4)  Capacity:     1910M (47%)        2066M (50%)        2108M (51%)        2108M (51%)        2108M (51%)        1910M (47%)    
[63.856s][info][gc,heap     ] GC(4)      Free:     2854M (70%)        2668M (65%)        3426M (84%)        3536M (86%)        3612M (88%)        2620M (64%)    
[63.858s][info][gc,heap     ] GC(4)      Used:     1242M (30%)        1428M (35%)         670M (16%)         560M (14%)        1476M (36%)         484M (12%)    
[63.860s][info][gc,heap     ] GC(4)      Live:         -               200M (5%)          200M (5%)          200M (5%)             -                  -          
[63.882s][info][gc,heap     ] GC(4) Allocated:         -               186M (5%)          234M (6%)          317M (8%)             -                  -          
[63.885s][info][gc,heap     ] GC(4)   Garbage:         -              1041M (25%)         235M (6%)           41M (1%)             -                  -          
[63.892s][info][gc,heap     ] GC(4) Reclaimed:         -                  -               806M (20%)         999M (24%)            -                  -          
[63.894s][info][gc          ] GC(4) Garbage Collection (Warmup) 1242M(30%)->560M(14%)
[64.056s][info][gc,start    ] GC(5) Garbage Collection (Allocation Rate)
[64.068s][info][gc,task     ] GC(5) Using 2 workers
[64.081s][info][gc,phases   ] GC(5) Pause Mark Start 0.130ms
[65.219s][info][gc,phases   ] GC(5) Concurrent Mark 1130.194ms
[65.228s][info][gc,phases   ] GC(5) Pause Mark End 0.052ms
[65.236s][info][gc,phases   ] GC(5) Concurrent Mark Free 0.005ms
[65.289s][info][gc,phases   ] GC(5) Concurrent Process Non-Strong References 51.051ms
[65.293s][info][gc,phases   ] GC(5) Concurrent Reset Relocation Set 0.025ms
[65.320s][info][gc,phases   ] GC(5) Concurrent Select Relocation Set 24.231ms
[65.323s][info][gc,phases   ] GC(5) Pause Relocate Start 0.019ms
[65.334s][info][gc,phases   ] GC(5) Concurrent Relocate 7.860ms
[65.336s][info][gc,load     ] GC(5) Load: 11.38/4.64/3.70
[65.338s][info][gc,mmu      ] GC(5) MMU: 2ms/90.9%, 5ms/96.4%, 10ms/98.2%, 20ms/99.1%, 50ms/99.6%, 100ms/99.8%
[65.340s][info][gc,marking  ] GC(5) Mark: 2 stripe(s), 6 proactive flush(es), 1 terminate flush(es), 0 completion(s), 0 continuation(s) 
[65.345s][info][gc,marking  ] GC(5) Mark Stack Usage: 32M
[65.347s][info][gc,nmethod  ] GC(5) NMethods: 6237 registered, 0 unregistered
[65.349s][info][gc,metaspace] GC(5) Metaspace: 52M used, 52M committed, 1072M reserved
[65.350s][info][gc,ref      ] GC(5) Soft: 5015 encountered, 0 discovered, 0 enqueued
[65.357s][info][gc,ref      ] GC(5) Weak: 3161 encountered, 1473 discovered, 2 enqueued
[65.360s][info][gc,ref      ] GC(5) Final: 84 encountered, 1 discovered, 1 enqueued
[65.362s][info][gc,ref      ] GC(5) Phantom: 498 encountered, 319 discovered, 2 enqueued
[65.364s][info][gc,reloc    ] GC(5) Small Pages: 78 / 156M, Empty: 12M, Relocated: 3M, In-Place: 0
[65.366s][info][gc,reloc    ] GC(5) Medium Pages: 1 / 32M, Empty: 0M, Relocated: 0M, In-Place: 0
[65.368s][info][gc,reloc    ] GC(5) Large Pages: 37 / 574M, Empty: 540M, Relocated: 0M, In-Place: 0
[65.370s][info][gc,reloc    ] GC(5) Forwarding Usage: 0M
[65.371s][info][gc,heap     ] GC(5) Min Capacity: 256M(6%)
[65.373s][info][gc,heap     ] GC(5) Max Capacity: 4096M(100%)
[65.375s][info][gc,heap     ] GC(5) Soft Max Capacity: 4096M(100%)
[65.376s][info][gc,heap     ] GC(5)                Mark Start          Mark End        Relocate Start      Relocate End           High               Low         
[65.380s][info][gc,heap     ] GC(5)  Capacity:     2108M (51%)        2108M (51%)        2108M (51%)        2108M (51%)        2108M (51%)        2108M (51%)    
[65.383s][info][gc,heap     ] GC(5)      Free:     3334M (81%)        3298M (81%)        3850M (94%)        3888M (95%)        3888M (95%)        3298M (81%)    
[65.386s][info][gc,heap     ] GC(5)      Used:      762M (19%)         798M (19%)         246M (6%)          208M (5%)          798M (19%)         208M (5%)     
[65.389s][info][gc,heap     ] GC(5)      Live:         -               128M (3%)          128M (3%)          128M (3%)             -                  -          
[65.391s][info][gc,heap     ] GC(5) Allocated:         -                36M (1%)           36M (1%)           37M (1%)             -                  -          
[65.393s][info][gc,heap     ] GC(5)   Garbage:         -               633M (15%)          81M (2%)           41M (1%)             -                  -          
[65.395s][info][gc,heap     ] GC(5) Reclaimed:         -                  -               552M (13%)         591M (14%)            -                  -          
[65.397s][info][gc          ] GC(5) Garbage Collection (Allocation Rate) 762M(19%)->208M(5%)
[70.248s][info][gc,stats    ] === Garbage Collection Statistics =======================================================================================================================
[70.255s][info][gc,stats    ]                                                              Last 10s              Last 10m              Last 10h                Total
[70.257s][info][gc,stats    ]                                                              Avg / Max             Avg / Max             Avg / Max             Avg / Max
[70.263s][info][gc,stats    ]   Collector: Garbage Collection Cycle                   1565.355 / 1851.478   2003.556 / 2954.243   2003.556 / 2954.243   2003.556 / 2954.243    ms
[70.265s][info][gc,stats    ]  Contention: Mark Segment Reset Contention                     0 / 0                 0 / 2                 0 / 2                 0 / 2           ops/s
[70.271s][info][gc,stats    ]  Contention: Mark SeqNum Reset Contention                      0 / 0                 0 / 0                 0 / 0                 0 / 0           ops/s
[70.273s][info][gc,stats    ]    Critical: Allocation Stall                                  0 / 0                 0 / 0                 0 / 0                 0 / 0           ops/s
[70.276s][info][gc,stats    ]    Critical: Allocation Stall                              0.000 / 0.000         0.000 / 0.000         0.000 / 0.000         0.000 / 0.000       ms
[70.278s][info][gc,stats    ]    Critical: GC Locker Stall                                   0 / 0                 0 / 1                 0 / 1                 0 / 1           ops/s
[70.282s][info][gc,stats    ]    Critical: GC Locker Stall                               0.000 / 0.000         1.239 / 2.323         1.239 / 2.323         1.239 / 2.323       ms
[70.285s][info][gc,stats    ]    Critical: Relocation Stall                                  0 / 0                 0 / 0                 0 / 0                 0 / 0           ops/s
[70.288s][info][gc,stats    ]    Critical: Relocation Stall                              0.000 / 0.000         0.000 / 0.000         0.000 / 0.000         0.000 / 0.000       ms
[70.292s][info][gc,stats    ]      Memory: Allocation Rate                                  83 / 366              57 / 366              57 / 366              57 / 366         MB/s
[70.294s][info][gc,stats    ]      Memory: Out Of Memory                                     0 / 0                 0 / 0                 0 / 0                 0 / 0           ops/s
[70.296s][info][gc,stats    ]      Memory: Page Cache Flush                                  0 / 0                 0 / 0                 0 / 0                 0 / 0           MB/s
[70.298s][info][gc,stats    ]      Memory: Page Cache Hit L1                                13 / 38               11 / 146              11 / 146              11 / 146         ops/s
[70.301s][info][gc,stats    ]      Memory: Page Cache Hit L2                                 0 / 0                 0 / 0                 0 / 0                 0 / 0           ops/s
[70.305s][info][gc,stats    ]      Memory: Page Cache Hit L3                                 0 / 0                 1 / 24                1 / 24                1 / 24          ops/s
[70.309s][info][gc,stats    ]      Memory: Page Cache Miss                                   2 / 8                 7 / 67                7 / 67                7 / 67          ops/s
[70.312s][info][gc,stats    ]      Memory: Uncommit                                          0 / 0                 0 / 0                 0 / 0                 0 / 0           MB/s
[70.314s][info][gc,stats    ]      Memory: Undo Object Allocation Failed                     0 / 0                 0 / 0                 0 / 0                 0 / 0           ops/s
[70.316s][info][gc,stats    ]      Memory: Undo Object Allocation Succeeded                  0 / 1                 0 / 5                 0 / 5                 0 / 5           ops/s
[70.322s][info][gc,stats    ]      Memory: Undo Page Allocation                              0 / 0                 1 / 22                1 / 22                1 / 22          ops/s
[70.326s][info][gc,stats    ]       Phase: Concurrent Mark                            1254.282 / 1378.370   1603.741 / 2350.351   1603.741 / 2350.351   1603.741 / 2350.351    ms
[70.328s][info][gc,stats    ]       Phase: Concurrent Mark Continue                      0.000 / 0.000         0.000 / 0.000         0.000 / 0.000         0.000 / 0.000       ms
[70.333s][info][gc,stats    ]       Phase: Concurrent Mark Free                          0.005 / 0.005         0.004 / 0.005         0.004 / 0.005         0.004 / 0.005       ms
[70.336s][info][gc,stats    ]       Phase: Concurrent Process Non-Strong References    159.533 / 268.016     127.090 / 268.016     127.090 / 268.016     127.090 / 268.016     ms
[70.342s][info][gc,stats    ]       Phase: Concurrent Relocate                          46.633 / 85.406      140.389 / 311.289     140.389 / 311.289     140.389 / 311.289     ms
[70.345s][info][gc,stats    ]       Phase: Concurrent Reset Relocation Set               0.026 / 0.027         0.105 / 0.415         0.105 / 0.415         0.105 / 0.415       ms
[70.348s][info][gc,stats    ]       Phase: Concurrent Select Relocation Set             18.660 / 24.231       52.357 / 190.196      52.357 / 190.196      52.357 / 190.196     ms
[70.351s][info][gc,stats    ]       Phase: Pause Mark End                                0.116 / 0.181         0.075 / 0.181         0.075 / 0.181         0.075 / 0.181       ms
[70.353s][info][gc,stats    ]       Phase: Pause Mark Start                              0.076 / 0.130         0.042 / 0.130         0.042 / 0.130         0.042 / 0.130       ms
[70.357s][info][gc,stats    ]       Phase: Pause Relocate Start                          0.020 / 0.021         0.017 / 0.021         0.017 / 0.021         0.017 / 0.021       ms
[70.362s][info][gc,stats    ]    Subphase: Concurrent Classes Purge                      5.056 / 8.886         4.371 / 9.014         4.371 / 9.014         4.371 / 9.014       ms
[70.365s][info][gc,stats    ]    Subphase: Concurrent Classes Unlink                   119.203 / 212.844      83.619 / 212.844      83.619 / 212.844      83.619 / 212.844     ms
[70.371s][info][gc,stats    ]    Subphase: Concurrent Mark                            1192.883 / 1319.261   1545.653 / 2200.628   1545.653 / 2200.628   1545.653 / 2200.628    ms
[70.373s][info][gc,stats    ]    Subphase: Concurrent Mark Try Flush                     8.130 / 18.444       19.952 / 69.665       19.952 / 69.665       19.952 / 69.665      ms
[70.378s][info][gc,stats    ]    Subphase: Concurrent Mark Try Terminate                 2.044 / 7.905         2.556 / 30.108        2.556 / 30.108        2.556 / 30.108      ms
[70.380s][info][gc,stats    ]    Subphase: Concurrent References Enqueue                 0.077 / 0.079         0.543 / 2.993         0.543 / 2.993         0.543 / 2.993       ms
[70.382s][info][gc,stats    ]    Subphase: Concurrent References Process                 1.651 / 1.912         2.595 / 7.419         2.595 / 7.419         2.595 / 7.419       ms
[70.387s][info][gc,stats    ]    Subphase: Concurrent Roots ClassLoaderDataGraph         2.507 / 5.727         3.252 / 12.229        3.252 / 12.229        3.252 / 12.229      ms
[70.392s][info][gc,stats    ]    Subphase: Concurrent Roots CodeCache                    0.000 / 0.000         0.000 / 0.000         0.000 / 0.000         0.000 / 0.000       ms
[70.395s][info][gc,stats    ]    Subphase: Concurrent Roots JavaThreads                 36.667 / 44.590       36.953 / 134.591      36.953 / 134.591      36.953 / 134.591     ms
[70.397s][info][gc,stats    ]    Subphase: Concurrent Roots OopStorageSet                0.213 / 0.281         3.746 / 18.763        3.746 / 18.763        3.746 / 18.763      ms
[70.401s][info][gc,stats    ]    Subphase: Concurrent Weak Roots OopStorageSet          13.827 / 25.256        8.387 / 25.256        8.387 / 25.256        8.387 / 25.256      ms
[70.403s][info][gc,stats    ]    Subphase: Pause Mark Try Complete                       0.000 / 0.000         0.000 / 0.000         0.000 / 0.000         0.000 / 0.000       ms
[70.408s][info][gc,stats    ]      System: Java Threads                                     88 / 89               63 / 89               63 / 89               63 / 89          threads
[70.411s][info][gc,stats    ] =========================================================================================================================================================
[70.953s][info][gc,start    ] GC(6) Garbage Collection (Allocation Rate)
[70.956s][info][gc,task     ] GC(6) Using 2 workers
[70.959s][info][gc,phases   ] GC(6) Pause Mark Start 0.018ms
[72.029s][info][gc,phases   ] GC(6) Concurrent Mark 1065.549ms
[72.038s][info][gc,phases   ] GC(6) Pause Mark End 0.047ms
[72.041s][info][gc,phases   ] GC(6) Concurrent Mark Free 0.005ms
[72.123s][info][gc,phases   ] GC(6) Concurrent Process Non-Strong References 79.073ms
[72.127s][info][gc,phases   ] GC(6) Concurrent Reset Relocation Set 0.008ms
[72.148s][info][gc,phases   ] GC(6) Concurrent Select Relocation Set 16.953ms
[72.158s][info][gc,phases   ] GC(6) Pause Relocate Start 0.022ms
[72.190s][info][gc,phases   ] GC(6) Concurrent Relocate 28.437ms
[72.193s][info][gc,load     ] GC(6) Load: 11.35/4.75/3.74
[72.195s][info][gc,mmu      ] GC(6) MMU: 2ms/90.9%, 5ms/96.4%, 10ms/98.2%, 20ms/99.1%, 50ms/99.6%, 100ms/99.8%
[72.199s][info][gc,marking  ] GC(6) Mark: 2 stripe(s), 2 proactive flush(es), 1 terminate flush(es), 0 completion(s), 0 continuation(s) 
[72.204s][info][gc,marking  ] GC(6) Mark Stack Usage: 32M
[72.207s][info][gc,nmethod  ] GC(6) NMethods: 6401 registered, 0 unregistered
[72.212s][info][gc,metaspace] GC(6) Metaspace: 52M used, 52M committed, 1072M reserved
[72.214s][info][gc,ref      ] GC(6) Soft: 5015 encountered, 0 discovered, 0 enqueued
[72.216s][info][gc,ref      ] GC(6) Weak: 3159 encountered, 766 discovered, 0 enqueued
[72.219s][info][gc,ref      ] GC(6) Final: 84 encountered, 3 discovered, 1 enqueued
[72.220s][info][gc,ref      ] GC(6) Phantom: 492 encountered, 308 discovered, 0 enqueued
[72.222s][info][gc,reloc    ] GC(6) Small Pages: 114 / 228M, Empty: 32M, Relocated: 5M, In-Place: 0
[72.224s][info][gc,reloc    ] GC(6) Medium Pages: 1 / 32M, Empty: 0M, Relocated: 0M, In-Place: 0
[72.227s][info][gc,reloc    ] GC(6) Large Pages: 38 / 478M, Empty: 330M, Relocated: 0M, In-Place: 0
[72.230s][info][gc,reloc    ] GC(6) Forwarding Usage: 1M
[72.233s][info][gc,heap     ] GC(6) Min Capacity: 256M(6%)
[72.235s][info][gc,heap     ] GC(6) Max Capacity: 4096M(100%)
[72.237s][info][gc,heap     ] GC(6) Soft Max Capacity: 4096M(100%)
[72.239s][info][gc,heap     ] GC(6)                Mark Start          Mark End        Relocate Start      Relocate End           High               Low         
[72.242s][info][gc,heap     ] GC(6)  Capacity:     2108M (51%)        2108M (51%)        2108M (51%)        2108M (51%)        2108M (51%)        2108M (51%)    
[72.244s][info][gc,heap     ] GC(6)      Free:     3358M (82%)        3258M (80%)        3620M (88%)        3706M (90%)        3706M (90%)        3258M (80%)    
[72.246s][info][gc,heap     ] GC(6)      Used:      738M (18%)         838M (20%)         476M (12%)         390M (10%)         838M (20%)         390M (10%)    
[72.249s][info][gc,heap     ] GC(6)      Live:         -               242M (6%)          242M (6%)          242M (6%)             -                  -          
[72.250s][info][gc,heap     ] GC(6) Allocated:         -               100M (2%)          100M (2%)          105M (3%)             -                  -          
[72.253s][info][gc,heap     ] GC(6)   Garbage:         -               495M (12%)         133M (3%)           41M (1%)             -                  -          
[72.255s][info][gc,heap     ] GC(6) Reclaimed:         -                  -               362M (9%)          453M (11%)            -                  -          
[72.257s][info][gc          ] GC(6) Garbage Collection (Allocation Rate) 738M(18%)->390M(10%)
[79.751s][info][gc,start    ] GC(7) Garbage Collection (Allocation Rate)
[79.757s][info][gc,task     ] GC(7) Using 2 workers
[79.762s][info][gc,phases   ] GC(7) Pause Mark Start 0.023ms
[80.250s][info][gc,stats    ] === Garbage Collection Statistics =======================================================================================================================
[80.253s][info][gc,stats    ]                                                              Last 10s              Last 10m              Last 10h                Total
[80.260s][info][gc,stats    ]                                                              Avg / Max             Avg / Max             Avg / Max             Avg / Max
[80.262s][info][gc,stats    ]   Collector: Garbage Collection Cycle                   1239.258 / 1239.258   1894.370 / 2954.243   1894.370 / 2954.243   1894.370 / 2954.243    ms
[80.264s][info][gc,stats    ]  Contention: Mark Segment Reset Contention                     0 / 0                 0 / 2                 0 / 2                 0 / 2           ops/s
[80.272s][info][gc,stats    ]  Contention: Mark SeqNum Reset Contention                      0 / 0                 0 / 0                 0 / 0                 0 / 0           ops/s
[80.273s][info][gc,stats    ]    Critical: Allocation Stall                                  0 / 0                 0 / 0                 0 / 0                 0 / 0           ops/s
[80.275s][info][gc,stats    ]    Critical: Allocation Stall                              0.000 / 0.000         0.000 / 0.000         0.000 / 0.000         0.000 / 0.000       ms
[80.276s][info][gc,stats    ]    Critical: GC Locker Stall                                   0 / 0                 0 / 1                 0 / 1                 0 / 1           ops/s
[80.289s][info][gc,stats    ]    Critical: GC Locker Stall                               0.000 / 0.000         1.239 / 2.323         1.239 / 2.323         1.239 / 2.323       ms
[80.291s][info][gc,stats    ]    Critical: Relocation Stall                                  0 / 0                 0 / 0                 0 / 0                 0 / 0           ops/s
[80.298s][info][gc,stats    ]    Critical: Relocation Stall                              0.000 / 0.000         0.000 / 0.000         0.000 / 0.000         0.000 / 0.000       ms
[80.300s][info][gc,stats    ]      Memory: Allocation Rate                                 117 / 490              64 / 490              64 / 490              64 / 490         MB/s
[80.308s][info][gc,stats    ]      Memory: Out Of Memory                                     0 / 0                 0 / 0                 0 / 0                 0 / 0           ops/s
[80.312s][info][gc,stats    ]      Memory: Page Cache Flush                                  0 / 0                 0 / 0                 0 / 0                 0 / 0           MB/s
[80.314s][info][gc,stats    ]      Memory: Page Cache Hit L1                                16 / 48               12 / 146              12 / 146              12 / 146         ops/s
[80.319s][info][gc,stats    ]      Memory: Page Cache Hit L2                                 0 / 0                 0 / 0                 0 / 0                 0 / 0           ops/s
[80.321s][info][gc,stats    ]      Memory: Page Cache Hit L3                                 0 / 0                 1 / 24                1 / 24                1 / 24          ops/s
[80.327s][info][gc,stats    ]      Memory: Page Cache Miss                                   0 / 0                 6 / 67                6 / 67                6 / 67          ops/s
[80.328s][info][gc,stats    ]      Memory: Uncommit                                          0 / 0                 0 / 0                 0 / 0                 0 / 0           MB/s
[80.334s][info][gc,stats    ]      Memory: Undo Object Allocation Failed                     0 / 0                 0 / 0                 0 / 0                 0 / 0           ops/s
[80.335s][info][gc,stats    ]      Memory: Undo Object Allocation Succeeded                  0 / 0                 0 / 5                 0 / 5                 0 / 5           ops/s
[80.337s][info][gc,stats    ]      Memory: Undo Page Allocation                              0 / 0                 1 / 22                1 / 22                1 / 22          ops/s
[80.338s][info][gc,stats    ]       Phase: Concurrent Mark                            1065.549 / 1065.549   1526.856 / 2350.351   1526.856 / 2350.351   1526.856 / 2350.351    ms
[80.344s][info][gc,stats    ]       Phase: Concurrent Mark Continue                      0.000 / 0.000         0.000 / 0.000         0.000 / 0.000         0.000 / 0.000       ms
[80.346s][info][gc,stats    ]       Phase: Concurrent Mark Free                          0.005 / 0.005         0.004 / 0.005         0.004 / 0.005         0.004 / 0.005       ms
[80.349s][info][gc,stats    ]       Phase: Concurrent Process Non-Strong References     79.073 / 79.073      120.230 / 268.016     120.230 / 268.016     120.230 / 268.016     ms
[80.356s][info][gc,stats    ]       Phase: Concurrent Relocate                          28.437 / 28.437      124.396 / 311.289     124.396 / 311.289     124.396 / 311.289     ms
[80.358s][info][gc,stats    ]       Phase: Concurrent Reset Relocation Set               0.008 / 0.008         0.092 / 0.415         0.092 / 0.415         0.092 / 0.415       ms
[80.363s][info][gc,stats    ]       Phase: Concurrent Select Relocation Set             16.953 / 16.953       47.299 / 190.196      47.299 / 190.196      47.299 / 190.196     ms
[80.367s][info][gc,stats    ]       Phase: Pause Mark End                                0.047 / 0.047         0.071 / 0.181         0.071 / 0.181         0.071 / 0.181       ms
[80.372s][info][gc,stats    ]       Phase: Pause Mark Start                              0.020 / 0.023         0.037 / 0.130         0.037 / 0.130         0.037 / 0.130       ms
[80.376s][info][gc,stats    ]       Phase: Pause Relocate Start                          0.022 / 0.022         0.018 / 0.022         0.018 / 0.022         0.018 / 0.022       ms
[80.382s][info][gc,stats    ]    Subphase: Concurrent Classes Purge                      2.121 / 2.121         4.050 / 9.014         4.050 / 9.014         4.050 / 9.014       ms
[80.385s][info][gc,stats    ]    Subphase: Concurrent Classes Unlink                    65.350 / 65.350       81.009 / 212.844      81.009 / 212.844      81.009 / 212.844     ms
[80.387s][info][gc,stats    ]    Subphase: Concurrent Mark                            1020.829 / 1021.829   1470.678 / 2200.628   1470.678 / 2200.628   1470.678 / 2200.628    ms
[80.392s][info][gc,stats    ]    Subphase: Concurrent Mark Try Flush                     2.750 / 7.870        18.232 / 69.665       18.232 / 69.665       18.232 / 69.665      ms
[80.394s][info][gc,stats    ]    Subphase: Concurrent Mark Try Terminate                 2.624 / 12.673        2.559 / 30.108        2.559 / 30.108        2.559 / 30.108      ms
[80.395s][info][gc,stats    ]    Subphase: Concurrent References Enqueue                 0.069 / 0.069         0.475 / 2.993         0.475 / 2.993         0.475 / 2.993       ms
[80.398s][info][gc,stats    ]    Subphase: Concurrent References Process                 3.685 / 3.685         2.751 / 7.419         2.751 / 7.419         2.751 / 7.419       ms
[80.400s][info][gc,stats    ]    Subphase: Concurrent Roots ClassLoaderDataGraph         0.857 / 1.313         2.699 / 12.229        2.699 / 12.229        2.699 / 12.229      ms
[80.408s][info][gc,stats    ]    Subphase: Concurrent Roots CodeCache                    0.000 / 0.000         0.000 / 0.000         0.000 / 0.000         0.000 / 0.000       ms
[80.410s][info][gc,stats    ]    Subphase: Concurrent Roots JavaThreads                 24.609 / 31.240       33.867 / 134.591      33.867 / 134.591      33.867 / 134.591     ms
[80.412s][info][gc,stats    ]    Subphase: Concurrent Roots OopStorageSet                0.286 / 0.460         2.708 / 18.763        2.708 / 18.763        2.708 / 18.763      ms
[80.421s][info][gc,stats    ]    Subphase: Concurrent Weak Roots OopStorageSet           3.688 / 3.688         7.960 / 25.256        7.960 / 25.256        7.960 / 25.256      ms
[80.423s][info][gc,stats    ]    Subphase: Pause Mark Try Complete                       0.000 / 0.000         0.000 / 0.000         0.000 / 0.000         0.000 / 0.000       ms
[80.425s][info][gc,stats    ]      System: Java Threads                                     88 / 89               67 / 89               67 / 89               67 / 89          threads
[80.427s][info][gc,stats    ] =========================================================================================================================================================
[80.724s][info][gc,phases   ] GC(7) Concurrent Mark 959.592ms
[80.727s][info][gc,phases   ] GC(7) Pause Mark End 0.049ms
[80.730s][info][gc,phases   ] GC(7) Concurrent Mark Free 0.006ms
[80.798s][info][gc,phases   ] GC(7) Concurrent Process Non-Strong References 65.402ms
[80.803s][info][gc,phases   ] GC(7) Concurrent Reset Relocation Set 0.016ms
[80.830s][info][gc,phases   ] GC(7) Concurrent Select Relocation Set 22.114ms
[80.838s][info][gc,phases   ] GC(7) Pause Relocate Start 0.017ms
[80.854s][info][gc,phases   ] GC(7) Concurrent Relocate 10.922ms
[80.857s][info][gc,load     ] GC(7) Load: 11.77/5.05/3.85
[80.859s][info][gc,mmu      ] GC(7) MMU: 2ms/90.9%, 5ms/96.4%, 10ms/98.2%, 20ms/99.1%, 50ms/99.6%, 100ms/99.8%
[80.863s][info][gc,marking  ] GC(7) Mark: 2 stripe(s), 2 proactive flush(es), 1 terminate flush(es), 0 completion(s), 0 continuation(s) 
[80.867s][info][gc,marking  ] GC(7) Mark Stack Usage: 32M
[80.873s][info][gc,nmethod  ] GC(7) NMethods: 6571 registered, 0 unregistered
[80.876s][info][gc,metaspace] GC(7) Metaspace: 52M used, 52M committed, 1072M reserved
[80.879s][info][gc,ref      ] GC(7) Soft: 5015 encountered, 0 discovered, 0 enqueued
[80.885s][info][gc,ref      ] GC(7) Weak: 3161 encountered, 1933 discovered, 2 enqueued
[80.889s][info][gc,ref      ] GC(7) Final: 85 encountered, 33 discovered, 2 enqueued
[80.892s][info][gc,ref      ] GC(7) Phantom: 508 encountered, 402 discovered, 1 enqueued
[80.895s][info][gc,reloc    ] GC(7) Small Pages: 126 / 252M, Empty: 36M, Relocated: 5M, In-Place: 0
[80.898s][info][gc,reloc    ] GC(7) Medium Pages: 1 / 32M, Empty: 0M, Relocated: 0M, In-Place: 0
[80.901s][info][gc,reloc    ] GC(7) Large Pages: 51 / 622M, Empty: 546M, Relocated: 0M, In-Place: 0
[80.904s][info][gc,reloc    ] GC(7) Forwarding Usage: 1M
[80.907s][info][gc,heap     ] GC(7) Min Capacity: 256M(6%)
[80.910s][info][gc,heap     ] GC(7) Max Capacity: 4096M(100%)
[80.914s][info][gc,heap     ] GC(7) Soft Max Capacity: 4096M(100%)
[80.916s][info][gc,heap     ] GC(7)                Mark Start          Mark End        Relocate Start      Relocate End           High               Low         
[80.920s][info][gc,heap     ] GC(7)  Capacity:     2108M (51%)        2108M (51%)        2108M (51%)        2108M (51%)        2108M (51%)        2108M (51%)    
[80.924s][info][gc,heap     ] GC(7)      Free:     3190M (78%)        2956M (72%)        3538M (86%)        3650M (89%)        3650M (89%)        2956M (72%)    
[80.928s][info][gc,heap     ] GC(7)      Used:      906M (22%)        1140M (28%)         558M (14%)         446M (11%)        1140M (28%)         446M (11%)    
[80.931s][info][gc,heap     ] GC(7)      Live:         -               170M (4%)          170M (4%)          170M (4%)             -                  -          
[80.934s][info][gc,heap     ] GC(7) Allocated:         -               234M (6%)          234M (6%)          233M (6%)             -                  -          
[80.937s][info][gc,heap     ] GC(7)   Garbage:         -               735M (18%)         153M (4%)           41M (1%)             -                  -          
[80.940s][info][gc,heap     ] GC(7) Reclaimed:         -                  -               582M (14%)         693M (17%)            -                  -          
[80.943s][info][gc          ] GC(7) Garbage Collection (Allocation Rate) 906M(22%)->446M(11%)
[90.248s][info][gc,stats    ] === Garbage Collection Statistics =======================================================================================================================
[90.251s][info][gc,stats    ]                                                              Last 10s              Last 10m              Last 10h                Total
[90.253s][info][gc,stats    ]                                                              Avg / Max             Avg / Max             Avg / Max             Avg / Max
[90.254s][info][gc,stats    ]   Collector: Garbage Collection Cycle                   1105.332 / 1105.332   1795.740 / 2954.243   1795.740 / 2954.243   1795.740 / 2954.243    ms
[90.256s][info][gc,stats    ]  Contention: Mark Segment Reset Contention                     0 / 0                 0 / 2                 0 / 2                 0 / 2           ops/s
[90.258s][info][gc,stats    ]  Contention: Mark SeqNum Reset Contention                      0 / 0                 0 / 0                 0 / 0                 0 / 0           ops/s
[90.259s][info][gc,stats    ]    Critical: Allocation Stall                                  0 / 0                 0 / 0                 0 / 0                 0 / 0           ops/s
[90.260s][info][gc,stats    ]    Critical: Allocation Stall                              0.000 / 0.000         0.000 / 0.000         0.000 / 0.000         0.000 / 0.000       ms
[90.262s][info][gc,stats    ]    Critical: GC Locker Stall                                   0 / 0                 0 / 1                 0 / 1                 0 / 1           ops/s
[90.264s][info][gc,stats    ]    Critical: GC Locker Stall                               0.000 / 0.000         1.239 / 2.323         1.239 / 2.323         1.239 / 2.323       ms
[90.265s][info][gc,stats    ]    Critical: Relocation Stall                                  0 / 0                 0 / 0                 0 / 0                 0 / 0           ops/s
[90.268s][info][gc,stats    ]    Critical: Relocation Stall                              0.000 / 0.000         0.000 / 0.000         0.000 / 0.000         0.000 / 0.000       ms
[90.269s][info][gc,stats    ]      Memory: Allocation Rate                                  28 / 52               60 / 490              60 / 490              60 / 490         MB/s
[90.271s][info][gc,stats    ]      Memory: Out Of Memory                                     0 / 0                 0 / 0                 0 / 0                 0 / 0           ops/s
[90.274s][info][gc,stats    ]      Memory: Page Cache Flush                                  0 / 0                 0 / 0                 0 / 0                 0 / 0           MB/s
[90.275s][info][gc,stats    ]      Memory: Page Cache Hit L1                                 9 / 15               12 / 146              12 / 146              12 / 146         ops/s
[90.277s][info][gc,stats    ]      Memory: Page Cache Hit L2                                 0 / 0                 0 / 0                 0 / 0                 0 / 0           ops/s
[90.278s][info][gc,stats    ]      Memory: Page Cache Hit L3                                 0 / 0                 1 / 24                1 / 24                1 / 24          ops/s
[90.280s][info][gc,stats    ]      Memory: Page Cache Miss                                   0 / 0                 5 / 67                5 / 67                5 / 67          ops/s
[90.282s][info][gc,stats    ]      Memory: Uncommit                                          0 / 0                 0 / 0                 0 / 0                 0 / 0           MB/s
[90.283s][info][gc,stats    ]      Memory: Undo Object Allocation Failed                     0 / 0                 0 / 0                 0 / 0                 0 / 0           ops/s
[90.285s][info][gc,stats    ]      Memory: Undo Object Allocation Succeeded                  0 / 0                 0 / 5                 0 / 5                 0 / 5           ops/s
[90.286s][info][gc,stats    ]      Memory: Undo Page Allocation                              0 / 0                 1 / 22                1 / 22                1 / 22          ops/s
[90.287s][info][gc,stats    ]       Phase: Concurrent Mark                             959.592 / 959.592    1455.948 / 2350.351   1455.948 / 2350.351   1455.948 / 2350.351    ms
[90.289s][info][gc,stats    ]       Phase: Concurrent Mark Continue                      0.000 / 0.000         0.000 / 0.000         0.000 / 0.000         0.000 / 0.000       ms
[90.290s][info][gc,stats    ]       Phase: Concurrent Mark Free                          0.006 / 0.006         0.004 / 0.006         0.004 / 0.006         0.004 / 0.006       ms
[90.292s][info][gc,stats    ]       Phase: Concurrent Process Non-Strong References     65.402 / 65.402      113.377 / 268.016     113.377 / 268.016     113.377 / 268.016     ms
[90.293s][info][gc,stats    ]       Phase: Concurrent Relocate                          10.922 / 10.922      110.211 / 311.289     110.211 / 311.289     110.211 / 311.289     ms
[90.294s][info][gc,stats    ]       Phase: Concurrent Reset Relocation Set               0.016 / 0.016         0.082 / 0.415         0.082 / 0.415         0.082 / 0.415       ms
[90.295s][info][gc,stats    ]       Phase: Concurrent Select Relocation Set             22.114 / 22.114       44.151 / 190.196      44.151 / 190.196      44.151 / 190.196     ms
[90.297s][info][gc,stats    ]       Phase: Pause Mark End                                0.049 / 0.049         0.068 / 0.181         0.068 / 0.181         0.068 / 0.181       ms
[90.299s][info][gc,stats    ]       Phase: Pause Mark Start                              0.000 / 0.000         0.037 / 0.130         0.037 / 0.130         0.037 / 0.130       ms
[90.301s][info][gc,stats    ]       Phase: Pause Relocate Start                          0.017 / 0.017         0.018 / 0.022         0.018 / 0.022         0.018 / 0.022       ms
[90.302s][info][gc,stats    ]    Subphase: Concurrent Classes Purge                      1.920 / 1.920         3.783 / 9.014         3.783 / 9.014         3.783 / 9.014       ms
[90.305s][info][gc,stats    ]    Subphase: Concurrent Classes Unlink                    54.985 / 54.985       77.756 / 212.844      77.756 / 212.844      77.756 / 212.844     ms
[90.306s][info][gc,stats    ]    Subphase: Concurrent Mark                             926.686 / 927.809    1402.679 / 2200.628   1402.679 / 2200.628   1402.679 / 2200.628    ms
[90.308s][info][gc,stats    ]    Subphase: Concurrent Mark Try Flush                     9.730 / 14.984       17.459 / 69.665       17.459 / 69.665       17.459 / 69.665      ms
[90.309s][info][gc,stats    ]    Subphase: Concurrent Mark Try Terminate                 1.782 / 9.949         2.470 / 30.108        2.470 / 30.108        2.470 / 30.108      ms
[90.310s][info][gc,stats    ]    Subphase: Concurrent References Enqueue                 0.128 / 0.128         0.432 / 2.993         0.432 / 2.993         0.432 / 2.993       ms
[90.312s][info][gc,stats    ]    Subphase: Concurrent References Process                 0.678 / 0.678         2.492 / 7.419         2.492 / 7.419         2.492 / 7.419       ms
[90.314s][info][gc,stats    ]    Subphase: Concurrent Roots ClassLoaderDataGraph         0.000 / 0.000         2.699 / 12.229        2.699 / 12.229        2.699 / 12.229      ms
[90.315s][info][gc,stats    ]    Subphase: Concurrent Roots CodeCache                    0.000 / 0.000         0.000 / 0.000         0.000 / 0.000         0.000 / 0.000       ms
[90.317s][info][gc,stats    ]    Subphase: Concurrent Roots JavaThreads                  0.000 / 0.000        33.867 / 134.591      33.867 / 134.591      33.867 / 134.591     ms
[90.319s][info][gc,stats    ]    Subphase: Concurrent Roots OopStorageSet                0.000 / 0.000         2.708 / 18.763        2.708 / 18.763        2.708 / 18.763      ms
[90.320s][info][gc,stats    ]    Subphase: Concurrent Weak Roots OopStorageSet           2.016 / 2.084         7.046 / 25.256        7.046 / 25.256        7.046 / 25.256      ms
[90.322s][info][gc,stats    ]    Subphase: Pause Mark Try Complete                       0.000 / 0.000         0.000 / 0.000         0.000 / 0.000         0.000 / 0.000       ms
[90.323s][info][gc,stats    ]      System: Java Threads                                     88 / 88               69 / 89               69 / 89               69 / 89          threads
[90.325s][info][gc,stats    ] =========================================================================================================================================================
[90.751s][info][gc,start    ] GC(8) Garbage Collection (Allocation Rate)
[90.754s][info][gc,task     ] GC(8) Using 2 workers
[90.759s][info][gc,phases   ] GC(8) Pause Mark Start 0.026ms
[91.046s][info][gc,phases   ] GC(8) Concurrent Mark 284.857ms
[91.048s][info][gc,phases   ] GC(8) Pause Mark End 0.033ms
[91.049s][info][gc,phases   ] GC(8) Concurrent Mark Free 0.003ms
[91.093s][info][gc,phases   ] GC(8) Concurrent Process Non-Strong References 41.768ms
[91.094s][info][gc,phases   ] GC(8) Concurrent Reset Relocation Set 0.014ms
[91.100s][info][gc,phases   ] GC(8) Concurrent Select Relocation Set 4.321ms
[91.102s][info][gc,phases   ] GC(8) Pause Relocate Start 0.014ms
[91.111s][info][gc,phases   ] GC(8) Concurrent Relocate 7.900ms
[91.113s][info][gc,load     ] GC(8) Load: 10.89/5.08/3.88
[91.115s][info][gc,mmu      ] GC(8) MMU: 2ms/90.9%, 5ms/96.4%, 10ms/98.2%, 20ms/99.1%, 50ms/99.6%, 100ms/99.8%
[91.116s][info][gc,marking  ] GC(8) Mark: 2 stripe(s), 3 proactive flush(es), 1 terminate flush(es), 0 completion(s), 0 continuation(s) 
[91.118s][info][gc,marking  ] GC(8) Mark Stack Usage: 32M
[91.120s][info][gc,nmethod  ] GC(8) NMethods: 6678 registered, 0 unregistered
[91.122s][info][gc,metaspace] GC(8) Metaspace: 52M used, 52M committed, 1072M reserved
[91.123s][info][gc,ref      ] GC(8) Soft: 5015 encountered, 0 discovered, 0 enqueued
[91.125s][info][gc,ref      ] GC(8) Weak: 3179 encountered, 449 discovered, 3 enqueued
[91.127s][info][gc,ref      ] GC(8) Final: 85 encountered, 4 discovered, 2 enqueued
[91.130s][info][gc,ref      ] GC(8) Phantom: 492 encountered, 312 discovered, 0 enqueued
[91.131s][info][gc,reloc    ] GC(8) Small Pages: 133 / 266M, Empty: 46M, Relocated: 4M, In-Place: 0
[91.133s][info][gc,reloc    ] GC(8) Medium Pages: 1 / 32M, Empty: 0M, Relocated: 0M, In-Place: 0
[91.134s][info][gc,reloc    ] GC(8) Large Pages: 65 / 868M, Empty: 798M, Relocated: 0M, In-Place: 0
[91.136s][info][gc,reloc    ] GC(8) Forwarding Usage: 1M
[91.138s][info][gc,heap     ] GC(8) Min Capacity: 256M(6%)
[91.140s][info][gc,heap     ] GC(8) Max Capacity: 4096M(100%)
[91.141s][info][gc,heap     ] GC(8) Soft Max Capacity: 4096M(100%)
[91.143s][info][gc,heap     ] GC(8)                Mark Start          Mark End        Relocate Start      Relocate End           High               Low         
[91.145s][info][gc,heap     ] GC(8)  Capacity:     2126M (52%)        2126M (52%)        2126M (52%)        2126M (52%)        2126M (52%)        2126M (52%)    
[91.146s][info][gc,heap     ] GC(8)      Free:     2930M (72%)        2912M (71%)        3756M (92%)        3870M (94%)        3870M (94%)        2912M (71%)    
[91.147s][info][gc,heap     ] GC(8)      Used:     1166M (28%)        1184M (29%)         340M (8%)          226M (6%)         1184M (29%)         226M (6%)     
[91.149s][info][gc,heap     ] GC(8)      Live:         -               164M (4%)          164M (4%)          164M (4%)             -                  -          
[91.151s][info][gc,heap     ] GC(8) Allocated:         -                18M (0%)           18M (0%)           19M (0%)             -                  -          
[91.153s][info][gc,heap     ] GC(8)   Garbage:         -              1001M (24%)         157M (4%)           41M (1%)             -                  -          
[91.154s][info][gc,heap     ] GC(8) Reclaimed:         -                  -               844M (21%)         959M (23%)            -                  -          
[91.156s][info][gc          ] GC(8) Garbage Collection (Allocation Rate) 1166M(28%)->226M(6%)
[91.249s][info][gc,start    ] GC(9) Garbage Collection (Allocation Rate)
[91.252s][info][gc,task     ] GC(9) Using 2 workers
[91.254s][info][gc,phases   ] GC(9) Pause Mark Start 0.017ms
[91.516s][info][gc,phases   ] GC(9) Concurrent Mark 259.391ms
[91.519s][info][gc,phases   ] GC(9) Pause Mark End 0.042ms
[91.521s][info][gc,phases   ] GC(9) Concurrent Mark Free 0.003ms
[91.548s][info][gc,phases   ] GC(9) Concurrent Process Non-Strong References 25.731ms
[91.550s][info][gc,phases   ] GC(9) Concurrent Reset Relocation Set 0.015ms
[91.556s][info][gc,phases   ] GC(9) Concurrent Select Relocation Set 4.656ms
[91.558s][info][gc,phases   ] GC(9) Pause Relocate Start 0.017ms
[91.569s][info][gc,phases   ] GC(9) Concurrent Relocate 8.916ms
[91.572s][info][gc,load     ] GC(9) Load: 10.89/5.08/3.88
[91.574s][info][gc,mmu      ] GC(9) MMU: 2ms/90.9%, 5ms/96.4%, 10ms/98.2%, 20ms/99.1%, 50ms/99.6%, 100ms/99.8%
[91.576s][info][gc,marking  ] GC(9) Mark: 2 stripe(s), 2 proactive flush(es), 1 terminate flush(es), 0 completion(s), 0 continuation(s) 
[91.577s][info][gc,marking  ] GC(9) Mark Stack Usage: 32M
[91.578s][info][gc,nmethod  ] GC(9) NMethods: 6679 registered, 0 unregistered
[91.580s][info][gc,metaspace] GC(9) Metaspace: 52M used, 52M committed, 1072M reserved
[91.581s][info][gc,ref      ] GC(9) Soft: 5015 encountered, 0 discovered, 0 enqueued
[91.583s][info][gc,ref      ] GC(9) Weak: 3176 encountered, 398 discovered, 0 enqueued
[91.584s][info][gc,ref      ] GC(9) Final: 83 encountered, 24 discovered, 0 enqueued
[91.586s][info][gc,ref      ] GC(9) Phantom: 495 encountered, 307 discovered, 0 enqueued
[91.588s][info][gc,reloc    ] GC(9) Small Pages: 63 / 126M, Empty: 0M, Relocated: 5M, In-Place: 0
[91.590s][info][gc,reloc    ] GC(9) Medium Pages: 1 / 32M, Empty: 0M, Relocated: 0M, In-Place: 0
[91.594s][info][gc,reloc    ] GC(9) Large Pages: 6 / 82M, Empty: 48M, Relocated: 0M, In-Place: 0
[91.596s][info][gc,reloc    ] GC(9) Forwarding Usage: 1M
[91.600s][info][gc,heap     ] GC(9) Min Capacity: 256M(6%)
[91.602s][info][gc,heap     ] GC(9) Max Capacity: 4096M(100%)
[91.606s][info][gc,heap     ] GC(9) Soft Max Capacity: 4096M(100%)
[91.607s][info][gc,heap     ] GC(9)                Mark Start          Mark End        Relocate Start      Relocate End           High               Low         
[91.609s][info][gc,heap     ] GC(9)  Capacity:     2126M (52%)        2126M (52%)        2126M (52%)        2126M (52%)        2126M (52%)        2126M (52%)    
[91.610s][info][gc,heap     ] GC(9)      Free:     3856M (94%)        3838M (94%)        3886M (95%)        3908M (95%)        3908M (95%)        3838M (94%)    
[91.613s][info][gc,heap     ] GC(9)      Used:      240M (6%)          258M (6%)          210M (5%)          188M (5%)          258M (6%)          188M (5%)     
[91.614s][info][gc,heap     ] GC(9)      Live:         -               128M (3%)          128M (3%)          128M (3%)             -                  -          
[91.620s][info][gc,heap     ] GC(9) Allocated:         -                18M (0%)           18M (0%)           17M (0%)             -                  -          
[91.621s][info][gc,heap     ] GC(9)   Garbage:         -               111M (3%)           63M (2%)           41M (1%)             -                  -          
[91.623s][info][gc,heap     ] GC(9) Reclaimed:         -                  -                48M (1%)           69M (2%)             -                  -          
[91.624s][info][gc          ] GC(9) Garbage Collection (Allocation Rate) 240M(6%)->188M(5%)
[100.249s][info][gc,stats    ] === Garbage Collection Statistics =======================================================================================================================
[100.251s][info][gc,stats    ]                                                              Last 10s              Last 10m              Last 10h                Total
[100.252s][info][gc,stats    ]                                                              Avg / Max             Avg / Max             Avg / Max             Avg / Max
[100.254s][info][gc,stats    ]   Collector: Garbage Collection Cycle                    342.534 / 361.869    1505.099 / 2954.243   1505.099 / 2954.243   1505.099 / 2954.243    ms
[100.255s][info][gc,stats    ]  Contention: Mark Segment Reset Contention                     0 / 0                 0 / 2                 0 / 2                 0 / 2           ops/s
[100.256s][info][gc,stats    ]  Contention: Mark SeqNum Reset Contention                      0 / 0                 0 / 0                 0 / 0                 0 / 0           ops/s
[100.258s][info][gc,stats    ]    Critical: Allocation Stall                                  0 / 0                 0 / 0                 0 / 0                 0 / 0           ops/s
[100.260s][info][gc,stats    ]    Critical: Allocation Stall                              0.000 / 0.000         0.000 / 0.000         0.000 / 0.000         0.000 / 0.000       ms
[100.262s][info][gc,stats    ]    Critical: GC Locker Stall                                   0 / 0                 0 / 1                 0 / 1                 0 / 1           ops/s
[100.263s][info][gc,stats    ]    Critical: GC Locker Stall                               0.000 / 0.000         1.239 / 2.323         1.239 / 2.323         1.239 / 2.323       ms
[100.265s][info][gc,stats    ]    Critical: Relocation Stall                                  0 / 0                 0 / 0                 0 / 0                 0 / 0           ops/s
[100.266s][info][gc,stats    ]    Critical: Relocation Stall                              0.000 / 0.000         0.000 / 0.000         0.000 / 0.000         0.000 / 0.000       ms
[100.268s][info][gc,stats    ]      Memory: Allocation Rate                                  75 / 504              62 / 504              62 / 504              62 / 504         MB/s
[100.270s][info][gc,stats    ]      Memory: Out Of Memory                                     0 / 0                 0 / 0                 0 / 0                 0 / 0           ops/s
[100.271s][info][gc,stats    ]      Memory: Page Cache Flush                                  0 / 0                 0 / 0                 0 / 0                 0 / 0           MB/s
[100.274s][info][gc,stats    ]      Memory: Page Cache Hit L1                                13 / 44               12 / 146              12 / 146              12 / 146         ops/s
[100.275s][info][gc,stats    ]      Memory: Page Cache Hit L2                                 0 / 0                 0 / 0                 0 / 0                 0 / 0           ops/s
[100.276s][info][gc,stats    ]      Memory: Page Cache Hit L3                                 0 / 0                 1 / 24                1 / 24                1 / 24          ops/s
[100.278s][info][gc,stats    ]      Memory: Page Cache Miss                                   0 / 1                 4 / 67                4 / 67                4 / 67          ops/s
[100.279s][info][gc,stats    ]      Memory: Uncommit                                          0 / 0                 0 / 0                 0 / 0                 0 / 0           MB/s
[100.280s][info][gc,stats    ]      Memory: Undo Object Allocation Failed                     0 / 0                 0 / 0                 0 / 0                 0 / 0           ops/s
[100.283s][info][gc,stats    ]      Memory: Undo Object Allocation Succeeded                  0 / 0                 0 / 5                 0 / 5                 0 / 5           ops/s
[100.284s][info][gc,stats    ]      Memory: Undo Page Allocation                              0 / 0                 1 / 22                1 / 22                1 / 22          ops/s
[100.285s][info][gc,stats    ]       Phase: Concurrent Mark                             272.124 / 284.857    1219.184 / 2350.351   1219.184 / 2350.351   1219.184 / 2350.351    ms
[100.286s][info][gc,stats    ]       Phase: Concurrent Mark Continue                      0.000 / 0.000         0.000 / 0.000         0.000 / 0.000         0.000 / 0.000       ms
[100.287s][info][gc,stats    ]       Phase: Concurrent Mark Free                          0.003 / 0.003         0.004 / 0.006         0.004 / 0.006         0.004 / 0.006       ms
[100.289s][info][gc,stats    ]       Phase: Concurrent Process Non-Strong References     33.750 / 41.768       97.451 / 268.016      97.451 / 268.016      97.451 / 268.016     ms
[100.290s][info][gc,stats    ]       Phase: Concurrent Relocate                           8.408 / 8.916        89.851 / 311.289      89.851 / 311.289      89.851 / 311.289     ms
[100.293s][info][gc,stats    ]       Phase: Concurrent Reset Relocation Set               0.014 / 0.015         0.068 / 0.415         0.068 / 0.415         0.068 / 0.415       ms
[100.295s][info][gc,stats    ]       Phase: Concurrent Select Relocation Set              4.489 / 4.656        36.219 / 190.196      36.219 / 190.196      36.219 / 190.196     ms
[100.297s][info][gc,stats    ]       Phase: Pause Mark End                                0.038 / 0.042         0.062 / 0.181         0.062 / 0.181         0.062 / 0.181       ms
[100.298s][info][gc,stats    ]       Phase: Pause Mark Start                              0.022 / 0.026         0.034 / 0.130         0.034 / 0.130         0.034 / 0.130       ms
[100.299s][info][gc,stats    ]       Phase: Pause Relocate Start                          0.016 / 0.017         0.017 / 0.022         0.017 / 0.022         0.017 / 0.022       ms
[100.301s][info][gc,stats    ]    Subphase: Concurrent Classes Purge                      0.796 / 0.928         3.186 / 9.014         3.186 / 9.014         3.186 / 9.014       ms
[100.302s][info][gc,stats    ]    Subphase: Concurrent Classes Unlink                    26.584 / 31.503       67.522 / 212.844      67.522 / 212.844      67.522 / 212.844     ms
[100.303s][info][gc,stats    ]    Subphase: Concurrent Mark                             260.093 / 271.784    1174.162 / 2200.628   1174.162 / 2200.628   1174.162 / 2200.628    ms
[100.305s][info][gc,stats    ]    Subphase: Concurrent Mark Try Flush                     0.722 / 1.110        14.530 / 69.665       14.530 / 69.665       14.530 / 69.665      ms
[100.307s][info][gc,stats    ]    Subphase: Concurrent Mark Try Terminate                 1.419 / 6.538         2.410 / 30.108        2.410 / 30.108        2.410 / 30.108      ms
[100.310s][info][gc,stats    ]    Subphase: Concurrent References Enqueue                 0.029 / 0.058         0.351 / 2.993         0.351 / 2.993         0.351 / 2.993       ms
[100.312s][info][gc,stats    ]    Subphase: Concurrent References Process                 1.000 / 1.151         2.193 / 7.419         2.193 / 7.419         2.193 / 7.419       ms
[100.313s][info][gc,stats    ]    Subphase: Concurrent Roots ClassLoaderDataGraph         0.368 / 0.824         2.151 / 12.229        2.151 / 12.229        2.151 / 12.229      ms
[100.314s][info][gc,stats    ]    Subphase: Concurrent Roots CodeCache                    0.000 / 0.000         0.000 / 0.000         0.000 / 0.000         0.000 / 0.000       ms
[100.316s][info][gc,stats    ]    Subphase: Concurrent Roots JavaThreads                  8.793 / 11.513       28.852 / 134.591      28.852 / 134.591      28.852 / 134.591     ms
[100.317s][info][gc,stats    ]    Subphase: Concurrent Roots OopStorageSet                0.068 / 0.098         2.099 / 18.763        2.099 / 18.763        2.099 / 18.763      ms
[100.318s][info][gc,stats    ]    Subphase: Concurrent Weak Roots OopStorageSet           4.494 / 7.149         6.445 / 25.256        6.445 / 25.256        6.445 / 25.256      ms
[100.319s][info][gc,stats    ]    Subphase: Pause Mark Try Complete                       0.000 / 0.000         0.000 / 0.000         0.000 / 0.000         0.000 / 0.000       ms
[100.321s][info][gc,stats    ]      System: Java Threads                                     87 / 87               72 / 89               72 / 89               72 / 89          threads
[100.322s][info][gc,stats    ] =========================================================================================================================================================
[101.851s][info][gc,start    ] GC(10) Garbage Collection (Allocation Rate)
[101.855s][info][gc,task     ] GC(10) Using 2 workers
[101.860s][info][gc,phases   ] GC(10) Pause Mark Start 0.020ms
[102.247s][info][gc,phases   ] GC(10) Concurrent Mark 377.190ms
[102.251s][info][gc,phases   ] GC(10) Pause Mark End 0.026ms
[102.253s][info][gc,phases   ] GC(10) Concurrent Mark Free 0.003ms
[102.272s][info][gc,phases   ] GC(10) Concurrent Process Non-Strong References 18.115ms
[102.275s][info][gc,phases   ] GC(10) Concurrent Reset Relocation Set 0.245ms
[102.283s][info][gc,phases   ] GC(10) Concurrent Select Relocation Set 7.126ms
[102.286s][info][gc,phases   ] GC(10) Pause Relocate Start 0.015ms
[102.291s][info][gc,phases   ] GC(10) Concurrent Relocate 2.545ms
[102.293s][info][gc,load     ] GC(10) Load: 9.89/5.06/3.88
[102.295s][info][gc,mmu      ] GC(10) MMU: 2ms/90.9%, 5ms/96.4%, 10ms/98.2%, 20ms/99.1%, 50ms/99.6%, 100ms/99.8%
[102.298s][info][gc,marking  ] GC(10) Mark: 2 stripe(s), 2 proactive flush(es), 1 terminate flush(es), 0 completion(s), 0 continuation(s) 
[102.303s][info][gc,marking  ] GC(10) Mark Stack Usage: 32M
[102.305s][info][gc,nmethod  ] GC(10) NMethods: 6339 registered, 451 unregistered
[102.307s][info][gc,metaspace] GC(10) Metaspace: 52M used, 52M committed, 1072M reserved
[102.308s][info][gc,ref      ] GC(10) Soft: 5015 encountered, 0 discovered, 0 enqueued
[102.309s][info][gc,ref      ] GC(10) Weak: 3138 encountered, 391 discovered, 2 enqueued
[102.311s][info][gc,ref      ] GC(10) Final: 85 encountered, 2 discovered, 2 enqueued
[102.312s][info][gc,ref      ] GC(10) Phantom: 479 encountered, 303 discovered, 0 enqueued
[102.313s][info][gc,reloc    ] GC(10) Small Pages: 138 / 276M, Empty: 56M, Relocated: 1M, In-Place: 0
[102.315s][info][gc,reloc    ] GC(10) Medium Pages: 1 / 32M, Empty: 0M, Relocated: 0M, In-Place: 0
[102.316s][info][gc,reloc    ] GC(10) Large Pages: 49 / 622M, Empty: 588M, Relocated: 0M, In-Place: 0
[102.317s][info][gc,reloc    ] GC(10) Forwarding Usage: 0M
[102.319s][info][gc,heap     ] GC(10) Min Capacity: 256M(6%)
[102.320s][info][gc,heap     ] GC(10) Max Capacity: 4096M(100%)
[102.321s][info][gc,heap     ] GC(10) Soft Max Capacity: 4096M(100%)
[102.324s][info][gc,heap     ] GC(10)                Mark Start          Mark End        Relocate Start      Relocate End           High               Low         
[102.326s][info][gc,heap     ] GC(10)  Capacity:     2126M (52%)        2126M (52%)        2126M (52%)        2126M (52%)        2126M (52%)        2126M (52%)    
[102.327s][info][gc,heap     ] GC(10)      Free:     3166M (77%)        3148M (77%)        3792M (93%)        3902M (95%)        3902M (95%)        3148M (77%)    
[102.330s][info][gc,heap     ] GC(10)      Used:      930M (23%)         948M (23%)         304M (7%)          194M (5%)          948M (23%)         194M (5%)     
[102.332s][info][gc,heap     ] GC(10)      Live:         -               128M (3%)          128M (3%)          128M (3%)             -                  -          
[102.333s][info][gc,heap     ] GC(10) Allocated:         -                18M (0%)           18M (0%)           21M (1%)             -                  -          
[102.334s][info][gc,heap     ] GC(10)   Garbage:         -               801M (20%)         157M (4%)           43M (1%)             -                  -          
[102.336s][info][gc,heap     ] GC(10) Reclaimed:         -                  -               644M (16%)         757M (19%)            -                  -          
[102.337s][info][gc          ] GC(10) Garbage Collection (Allocation Rate) 930M(23%)->194M(5%)
[110.249s][info][gc,stats    ] === Garbage Collection Statistics =======================================================================================================================
[110.251s][info][gc,stats    ]                                                              Last 10s              Last 10m              Last 10h                Total
[110.252s][info][gc,stats    ]                                                              Avg / Max             Avg / Max             Avg / Max             Avg / Max
[110.254s][info][gc,stats    ]   Collector: Garbage Collection Cycle                    442.138 / 442.138    1408.466 / 2954.243   1408.466 / 2954.243   1408.466 / 2954.243    ms
[110.256s][info][gc,stats    ]  Contention: Mark Segment Reset Contention                     0 / 0                 0 / 2                 0 / 2                 0 / 2           ops/s
[110.257s][info][gc,stats    ]  Contention: Mark SeqNum Reset Contention                      0 / 0                 0 / 0                 0 / 0                 0 / 0           ops/s
[110.259s][info][gc,stats    ]    Critical: Allocation Stall                                  0 / 0                 0 / 0                 0 / 0                 0 / 0           ops/s
[110.260s][info][gc,stats    ]    Critical: Allocation Stall                              0.000 / 0.000         0.000 / 0.000         0.000 / 0.000         0.000 / 0.000       ms
[110.261s][info][gc,stats    ]    Critical: GC Locker Stall                                   0 / 0                 0 / 1                 0 / 1                 0 / 1           ops/s
[110.262s][info][gc,stats    ]    Critical: GC Locker Stall                               0.000 / 0.000         1.239 / 2.323         1.239 / 2.323         1.239 / 2.323       ms
[110.264s][info][gc,stats    ]    Critical: Relocation Stall                                  0 / 0                 0 / 0                 0 / 0                 0 / 0           ops/s
[110.265s][info][gc,stats    ]    Critical: Relocation Stall                              0.000 / 0.000         0.000 / 0.000         0.000 / 0.000         0.000 / 0.000       ms
[110.266s][info][gc,stats    ]      Memory: Allocation Rate                                  72 / 516              63 / 516              63 / 516              63 / 516         MB/s
[110.268s][info][gc,stats    ]      Memory: Out Of Memory                                     0 / 0                 0 / 0                 0 / 0                 0 / 0           ops/s
[110.269s][info][gc,stats    ]      Memory: Page Cache Flush                                  0 / 0                 0 / 0                 0 / 0                 0 / 0           MB/s
[110.272s][info][gc,stats    ]      Memory: Page Cache Hit L1                                12 / 48               12 / 146              12 / 146              12 / 146         ops/s
[110.273s][info][gc,stats    ]      Memory: Page Cache Hit L2                                 0 / 0                 0 / 0                 0 / 0                 0 / 0           ops/s
[110.275s][info][gc,stats    ]      Memory: Page Cache Hit L3                                 0 / 0                 1 / 24                1 / 24                1 / 24          ops/s
[110.276s][info][gc,stats    ]      Memory: Page Cache Miss                                   0 / 0                 4 / 67                4 / 67                4 / 67          ops/s
[110.277s][info][gc,stats    ]      Memory: Uncommit                                          0 / 0                 0 / 0                 0 / 0                 0 / 0           MB/s
[110.279s][info][gc,stats    ]      Memory: Undo Object Allocation Failed                     0 / 0                 0 / 0                 0 / 0                 0 / 0           ops/s
[110.280s][info][gc,stats    ]      Memory: Undo Object Allocation Succeeded                  0 / 0                 0 / 5                 0 / 5                 0 / 5           ops/s
[110.281s][info][gc,stats    ]      Memory: Undo Page Allocation                              0 / 0                 1 / 22                1 / 22                1 / 22          ops/s
[110.282s][info][gc,stats    ]       Phase: Concurrent Mark                             377.190 / 377.190    1142.639 / 2350.351   1142.639 / 2350.351   1142.639 / 2350.351    ms
[110.284s][info][gc,stats    ]       Phase: Concurrent Mark Continue                      0.000 / 0.000         0.000 / 0.000         0.000 / 0.000         0.000 / 0.000       ms
[110.285s][info][gc,stats    ]       Phase: Concurrent Mark Free                          0.003 / 0.003         0.004 / 0.006         0.004 / 0.006         0.004 / 0.006       ms
[110.286s][info][gc,stats    ]       Phase: Concurrent Process Non-Strong References     18.115 / 18.115       90.239 / 268.016      90.239 / 268.016      90.239 / 268.016     ms
[110.287s][info][gc,stats    ]       Phase: Concurrent Relocate                           2.545 / 2.545        81.914 / 311.289      81.914 / 311.289      81.914 / 311.289     ms
[110.288s][info][gc,stats    ]       Phase: Concurrent Reset Relocation Set               0.245 / 0.245         0.085 / 0.415         0.085 / 0.415         0.085 / 0.415       ms
[110.290s][info][gc,stats    ]       Phase: Concurrent Select Relocation Set              7.126 / 7.126        33.574 / 190.196      33.574 / 190.196      33.574 / 190.196     ms
[110.290s][info][gc,stats    ]       Phase: Pause Mark End                                0.026 / 0.026         0.059 / 0.181         0.059 / 0.181         0.059 / 0.181       ms
[110.291s][info][gc,stats    ]       Phase: Pause Mark Start                              0.020 / 0.020         0.033 / 0.130         0.033 / 0.130         0.033 / 0.130       ms
[110.292s][info][gc,stats    ]       Phase: Pause Relocate Start                          0.015 / 0.015         0.017 / 0.022         0.017 / 0.022         0.017 / 0.022       ms
[110.293s][info][gc,stats    ]    Subphase: Concurrent Classes Purge                      1.592 / 1.592         3.041 / 9.014         3.041 / 9.014         3.041 / 9.014       ms
[110.295s][info][gc,stats    ]    Subphase: Concurrent Classes Unlink                    14.251 / 14.251       62.679 / 212.844      62.679 / 212.844      62.679 / 212.844     ms
[110.296s][info][gc,stats    ]    Subphase: Concurrent Mark                             350.596 / 350.747    1099.292 / 2200.628   1099.292 / 2200.628   1099.292 / 2200.628    ms
[110.297s][info][gc,stats    ]    Subphase: Concurrent Mark Try Flush                     1.244 / 2.679        13.603 / 69.665       13.603 / 69.665       13.603 / 69.665      ms
[110.298s][info][gc,stats    ]    Subphase: Concurrent Mark Try Terminate                 0.872 / 1.346         2.371 / 30.108        2.371 / 30.108        2.371 / 30.108      ms
[110.300s][info][gc,stats    ]    Subphase: Concurrent References Enqueue                 0.006 / 0.006         0.320 / 2.993         0.320 / 2.993         0.320 / 2.993       ms
[110.301s][info][gc,stats    ]    Subphase: Concurrent References Process                 0.212 / 0.212         2.013 / 7.419         2.013 / 7.419         2.013 / 7.419       ms
[110.303s][info][gc,stats    ]    Subphase: Concurrent Roots ClassLoaderDataGraph         0.488 / 0.915         1.976 / 12.229        1.976 / 12.229        1.976 / 12.229      ms
[110.305s][info][gc,stats    ]    Subphase: Concurrent Roots CodeCache                    0.000 / 0.000         0.000 / 0.000         0.000 / 0.000         0.000 / 0.000       ms
[110.306s][info][gc,stats    ]    Subphase: Concurrent Roots JavaThreads                 15.297 / 24.483       27.620 / 134.591      27.620 / 134.591      27.620 / 134.591     ms
[110.307s][info][gc,stats    ]    Subphase: Concurrent Roots OopStorageSet                0.216 / 0.419         1.847 / 18.763        1.847 / 18.763        1.847 / 18.763      ms
[110.309s][info][gc,stats    ]    Subphase: Concurrent Weak Roots OopStorageSet           1.247 / 1.291         5.898 / 25.256        5.898 / 25.256        5.898 / 25.256      ms
[110.310s][info][gc,stats    ]    Subphase: Pause Mark Try Complete                       0.000 / 0.000         0.000 / 0.000         0.000 / 0.000         0.000 / 0.000       ms
[110.312s][info][gc,stats    ]      System: Java Threads                                     76 / 77               73 / 89               73 / 89               73 / 89          threads
[110.313s][info][gc,stats    ] =========================================================================================================================================================
[120.248s][info][gc,stats    ] === Garbage Collection Statistics =======================================================================================================================
[120.251s][info][gc,stats    ]                                                              Last 10s              Last 10m              Last 10h                Total
[120.252s][info][gc,stats    ]                                                              Avg / Max             Avg / Max             Avg / Max             Avg / Max
[120.254s][info][gc,stats    ]   Collector: Garbage Collection Cycle                      0.000 / 0.000      1408.466 / 2954.243   1408.466 / 2954.243   1408.466 / 2954.243    ms
[120.255s][info][gc,stats    ]  Contention: Mark Segment Reset Contention                     0 / 0                 0 / 2                 0 / 2                 0 / 2           ops/s
[120.256s][info][gc,stats    ]  Contention: Mark SeqNum Reset Contention                      0 / 0                 0 / 0                 0 / 0                 0 / 0           ops/s
[120.257s][info][gc,stats    ]    Critical: Allocation Stall                                  0 / 0                 0 / 0                 0 / 0                 0 / 0           ops/s
[120.258s][info][gc,stats    ]    Critical: Allocation Stall                              0.000 / 0.000         0.000 / 0.000         0.000 / 0.000         0.000 / 0.000       ms
[120.259s][info][gc,stats    ]    Critical: GC Locker Stall                                   0 / 0                 0 / 1                 0 / 1                 0 / 1           ops/s
[120.261s][info][gc,stats    ]    Critical: GC Locker Stall                               0.000 / 0.000         1.239 / 2.323         1.239 / 2.323         1.239 / 2.323       ms
[120.263s][info][gc,stats    ]    Critical: Relocation Stall                                  0 / 0                 0 / 0                 0 / 0                 0 / 0           ops/s
[120.264s][info][gc,stats    ]    Critical: Relocation Stall                              0.000 / 0.000         0.000 / 0.000         0.000 / 0.000         0.000 / 0.000       ms
[120.265s][info][gc,stats    ]      Memory: Allocation Rate                                  73 / 490              64 / 516              64 / 516              64 / 516         MB/s
[120.267s][info][gc,stats    ]      Memory: Out Of Memory                                     0 / 0                 0 / 0                 0 / 0                 0 / 0           ops/s
[120.268s][info][gc,stats    ]      Memory: Page Cache Flush                                  0 / 0                 0 / 0                 0 / 0                 0 / 0           MB/s
[120.269s][info][gc,stats    ]      Memory: Page Cache Hit L1                                12 / 35               12 / 146              12 / 146              12 / 146         ops/s
[120.270s][info][gc,stats    ]      Memory: Page Cache Hit L2                                 0 / 0                 0 / 0                 0 / 0                 0 / 0           ops/s
[120.271s][info][gc,stats    ]      Memory: Page Cache Hit L3                                 0 / 0                 1 / 24                1 / 24                1 / 24          ops/s
[120.273s][info][gc,stats    ]      Memory: Page Cache Miss                                   0 / 0                 4 / 67                4 / 67                4 / 67          ops/s
[120.274s][info][gc,stats    ]      Memory: Uncommit                                          0 / 0                 0 / 0                 0 / 0                 0 / 0           MB/s
[120.275s][info][gc,stats    ]      Memory: Undo Object Allocation Failed                     0 / 0                 0 / 0                 0 / 0                 0 / 0           ops/s
[120.276s][info][gc,stats    ]      Memory: Undo Object Allocation Succeeded                  0 / 0                 0 / 5                 0 / 5                 0 / 5           ops/s
[120.277s][info][gc,stats    ]      Memory: Undo Page Allocation                              0 / 0                 0 / 22                0 / 22                0 / 22          ops/s
[120.279s][info][gc,stats    ]       Phase: Concurrent Mark                               0.000 / 0.000      1142.639 / 2350.351   1142.639 / 2350.351   1142.639 / 2350.351    ms
[120.280s][info][gc,stats    ]       Phase: Concurrent Mark Continue                      0.000 / 0.000         0.000 / 0.000         0.000 / 0.000         0.000 / 0.000       ms
[120.281s][info][gc,stats    ]       Phase: Concurrent Mark Free                          0.000 / 0.000         0.004 / 0.006         0.004 / 0.006         0.004 / 0.006       ms
[120.283s][info][gc,stats    ]       Phase: Concurrent Process Non-Strong References      0.000 / 0.000        90.239 / 268.016      90.239 / 268.016      90.239 / 268.016     ms
[120.284s][info][gc,stats    ]       Phase: Concurrent Relocate                           0.000 / 0.000        81.914 / 311.289      81.914 / 311.289      81.914 / 311.289     ms
[120.285s][info][gc,stats    ]       Phase: Concurrent Reset Relocation Set               0.000 / 0.000         0.085 / 0.415         0.085 / 0.415         0.085 / 0.415       ms
[120.286s][info][gc,stats    ]       Phase: Concurrent Select Relocation Set              0.000 / 0.000        33.574 / 190.196      33.574 / 190.196      33.574 / 190.196     ms
[120.287s][info][gc,stats    ]       Phase: Pause Mark End                                0.000 / 0.000         0.059 / 0.181         0.059 / 0.181         0.059 / 0.181       ms
[120.288s][info][gc,stats    ]       Phase: Pause Mark Start                              0.000 / 0.000         0.033 / 0.130         0.033 / 0.130         0.033 / 0.130       ms
[120.289s][info][gc,stats    ]       Phase: Pause Relocate Start                          0.000 / 0.000         0.017 / 0.022         0.017 / 0.022         0.017 / 0.022       ms
[120.290s][info][gc,stats    ]    Subphase: Concurrent Classes Purge                      0.000 / 0.000         3.041 / 9.014         3.041 / 9.014         3.041 / 9.014       ms
[120.291s][info][gc,stats    ]    Subphase: Concurrent Classes Unlink                     0.000 / 0.000        62.679 / 212.844      62.679 / 212.844      62.679 / 212.844     ms
[120.294s][info][gc,stats    ]    Subphase: Concurrent Mark                               0.000 / 0.000      1099.292 / 2200.628   1099.292 / 2200.628   1099.292 / 2200.628    ms
[120.295s][info][gc,stats    ]    Subphase: Concurrent Mark Try Flush                     0.000 / 0.000        13.603 / 69.665       13.603 / 69.665       13.603 / 69.665      ms
[120.296s][info][gc,stats    ]    Subphase: Concurrent Mark Try Terminate                 0.000 / 0.000         2.371 / 30.108        2.371 / 30.108        2.371 / 30.108      ms
[120.298s][info][gc,stats    ]    Subphase: Concurrent References Enqueue                 0.000 / 0.000         0.320 / 2.993         0.320 / 2.993         0.320 / 2.993       ms
[120.299s][info][gc,stats    ]    Subphase: Concurrent References Process                 0.000 / 0.000         2.013 / 7.419         2.013 / 7.419         2.013 / 7.419       ms
[120.300s][info][gc,stats    ]    Subphase: Concurrent Roots ClassLoaderDataGraph         0.000 / 0.000         1.976 / 12.229        1.976 / 12.229        1.976 / 12.229      ms
[120.302s][info][gc,stats    ]    Subphase: Concurrent Roots CodeCache                    0.000 / 0.000         0.000 / 0.000         0.000 / 0.000         0.000 / 0.000       ms
[120.303s][info][gc,stats    ]    Subphase: Concurrent Roots JavaThreads                  0.000 / 0.000        27.620 / 134.591      27.620 / 134.591      27.620 / 134.591     ms
[120.304s][info][gc,stats    ]    Subphase: Concurrent Roots OopStorageSet                0.000 / 0.000         1.847 / 18.763        1.847 / 18.763        1.847 / 18.763      ms
[120.305s][info][gc,stats    ]    Subphase: Concurrent Weak Roots OopStorageSet           0.000 / 0.000         5.898 / 25.256        5.898 / 25.256        5.898 / 25.256      ms
[120.307s][info][gc,stats    ]    Subphase: Pause Mark Try Complete                       0.000 / 0.000         0.000 / 0.000         0.000 / 0.000         0.000 / 0.000       ms
[120.308s][info][gc,stats    ]      System: Java Threads                                      0 / 0                73 / 89               73 / 89               73 / 89          threads
[120.309s][info][gc,stats    ] =========================================================================================================================================================
[130.248s][info][gc,stats    ] === Garbage Collection Statistics =======================================================================================================================
[130.251s][info][gc,stats    ]                                                              Last 10s              Last 10m              Last 10h                Total
[130.252s][info][gc,stats    ]                                                              Avg / Max             Avg / Max             Avg / Max             Avg / Max
[130.253s][info][gc,stats    ]   Collector: Garbage Collection Cycle                      0.000 / 0.000      1408.466 / 2954.243   1408.466 / 2954.243   1408.466 / 2954.243    ms
[130.254s][info][gc,stats    ]  Contention: Mark Segment Reset Contention                     0 / 0                 0 / 2                 0 / 2                 0 / 2           ops/s
[130.255s][info][gc,stats    ]  Contention: Mark SeqNum Reset Contention                      0 / 0                 0 / 0                 0 / 0                 0 / 0           ops/s
[130.256s][info][gc,stats    ]    Critical: Allocation Stall                                  0 / 0                 0 / 0                 0 / 0                 0 / 0           ops/s
[130.257s][info][gc,stats    ]    Critical: Allocation Stall                              0.000 / 0.000         0.000 / 0.000         0.000 / 0.000         0.000 / 0.000       ms
[130.258s][info][gc,stats    ]    Critical: GC Locker Stall                                   0 / 0                 0 / 1                 0 / 1                 0 / 1           ops/s
[130.259s][info][gc,stats    ]    Critical: GC Locker Stall                               0.000 / 0.000         1.239 / 2.323         1.239 / 2.323         1.239 / 2.323       ms
[130.261s][info][gc,stats    ]    Critical: Relocation Stall                                  0 / 0                 0 / 0                 0 / 0                 0 / 0           ops/s
[130.263s][info][gc,stats    ]    Critical: Relocation Stall                              0.000 / 0.000         0.000 / 0.000         0.000 / 0.000         0.000 / 0.000       ms
[130.264s][info][gc,stats    ]      Memory: Allocation Rate                                  72 / 490              64 / 516              64 / 516              64 / 516         MB/s
[130.265s][info][gc,stats    ]      Memory: Out Of Memory                                     0 / 0                 0 / 0                 0 / 0                 0 / 0           ops/s
[130.266s][info][gc,stats    ]      Memory: Page Cache Flush                                  0 / 0                 0 / 0                 0 / 0                 0 / 0           MB/s
[130.269s][info][gc,stats    ]      Memory: Page Cache Hit L1                                 9 / 22               12 / 146              12 / 146              12 / 146         ops/s
[130.270s][info][gc,stats    ]      Memory: Page Cache Hit L2                                 0 / 0                 0 / 0                 0 / 0                 0 / 0           ops/s
[130.271s][info][gc,stats    ]      Memory: Page Cache Hit L3                                 0 / 0                 1 / 24                1 / 24                1 / 24          ops/s
[130.272s][info][gc,stats    ]      Memory: Page Cache Miss                                   2 / 13                3 / 67                3 / 67                3 / 67          ops/s
[130.273s][info][gc,stats    ]      Memory: Uncommit                                          0 / 0                 0 / 0                 0 / 0                 0 / 0           MB/s
[130.274s][info][gc,stats    ]      Memory: Undo Object Allocation Failed                     0 / 0                 0 / 0                 0 / 0                 0 / 0           ops/s
[130.275s][info][gc,stats    ]      Memory: Undo Object Allocation Succeeded                  0 / 0                 0 / 5                 0 / 5                 0 / 5           ops/s
[130.276s][info][gc,stats    ]      Memory: Undo Page Allocation                              0 / 0                 0 / 22                0 / 22                0 / 22          ops/s
[130.277s][info][gc,stats    ]       Phase: Concurrent Mark                               0.000 / 0.000      1142.639 / 2350.351   1142.639 / 2350.351   1142.639 / 2350.351    ms
[130.279s][info][gc,stats    ]       Phase: Concurrent Mark Continue                      0.000 / 0.000         0.000 / 0.000         0.000 / 0.000         0.000 / 0.000       ms
[130.280s][info][gc,stats    ]       Phase: Concurrent Mark Free                          0.000 / 0.000         0.004 / 0.006         0.004 / 0.006         0.004 / 0.006       ms
[130.281s][info][gc,stats    ]       Phase: Concurrent Process Non-Strong References      0.000 / 0.000        90.239 / 268.016      90.239 / 268.016      90.239 / 268.016     ms
[130.282s][info][gc,stats    ]       Phase: Concurrent Relocate                           0.000 / 0.000        81.914 / 311.289      81.914 / 311.289      81.914 / 311.289     ms
[130.284s][info][gc,stats    ]       Phase: Concurrent Reset Relocation Set               0.000 / 0.000         0.085 / 0.415         0.085 / 0.415         0.085 / 0.415       ms
[130.285s][info][gc,stats    ]       Phase: Concurrent Select Relocation Set              0.000 / 0.000        33.574 / 190.196      33.574 / 190.196      33.574 / 190.196     ms
[130.286s][info][gc,stats    ]       Phase: Pause Mark End                                0.000 / 0.000         0.059 / 0.181         0.059 / 0.181         0.059 / 0.181       ms
[130.287s][info][gc,stats    ]       Phase: Pause Mark Start                              0.000 / 0.000         0.033 / 0.130         0.033 / 0.130         0.033 / 0.130       ms
[130.288s][info][gc,stats    ]       Phase: Pause Relocate Start                          0.000 / 0.000         0.017 / 0.022         0.017 / 0.022         0.017 / 0.022       ms
[130.290s][info][gc,stats    ]    Subphase: Concurrent Classes Purge                      0.000 / 0.000         3.041 / 9.014         3.041 / 9.014         3.041 / 9.014       ms
[130.291s][info][gc,stats    ]    Subphase: Concurrent Classes Unlink                     0.000 / 0.000        62.679 / 212.844      62.679 / 212.844      62.679 / 212.844     ms
[130.292s][info][gc,stats    ]    Subphase: Concurrent Mark                               0.000 / 0.000      1099.292 / 2200.628   1099.292 / 2200.628   1099.292 / 2200.628    ms
[130.293s][info][gc,stats    ]    Subphase: Concurrent Mark Try Flush                     0.000 / 0.000        13.603 / 69.665       13.603 / 69.665       13.603 / 69.665      ms
[130.294s][info][gc,stats    ]    Subphase: Concurrent Mark Try Terminate                 0.000 / 0.000         2.371 / 30.108        2.371 / 30.108        2.371 / 30.108      ms
[130.295s][info][gc,stats    ]    Subphase: Concurrent References Enqueue                 0.000 / 0.000         0.320 / 2.993         0.320 / 2.993         0.320 / 2.993       ms
[130.296s][info][gc,stats    ]    Subphase: Concurrent References Process                 0.000 / 0.000         2.013 / 7.419         2.013 / 7.419         2.013 / 7.419       ms
[130.297s][info][gc,stats    ]    Subphase: Concurrent Roots ClassLoaderDataGraph         0.000 / 0.000         1.976 / 12.229        1.976 / 12.229        1.976 / 12.229      ms
[130.298s][info][gc,stats    ]    Subphase: Concurrent Roots CodeCache                    0.000 / 0.000         0.000 / 0.000         0.000 / 0.000         0.000 / 0.000       ms
[130.299s][info][gc,stats    ]    Subphase: Concurrent Roots JavaThreads                  0.000 / 0.000        27.620 / 134.591      27.620 / 134.591      27.620 / 134.591     ms
[130.301s][info][gc,stats    ]    Subphase: Concurrent Roots OopStorageSet                0.000 / 0.000         1.847 / 18.763        1.847 / 18.763        1.847 / 18.763      ms
[130.303s][info][gc,stats    ]    Subphase: Concurrent Weak Roots OopStorageSet           0.000 / 0.000         5.898 / 25.256        5.898 / 25.256        5.898 / 25.256      ms
[130.306s][info][gc,stats    ]    Subphase: Pause Mark Try Complete                       0.000 / 0.000         0.000 / 0.000         0.000 / 0.000         0.000 / 0.000       ms
[130.307s][info][gc,stats    ]      System: Java Threads                                      0 / 0                73 / 89               73 / 89               73 / 89          threads
[130.308s][info][gc,stats    ] =========================================================================================================================================================
[136.250s][info][gc,start    ] GC(11) Garbage Collection (Allocation Rate)
[136.252s][info][gc,task     ] GC(11) Using 2 workers
[136.257s][info][gc,phases   ] GC(11) Pause Mark Start 0.019ms
[136.473s][info][gc,phases   ] GC(11) Concurrent Mark 214.477ms
[136.475s][info][gc,phases   ] GC(11) Pause Mark End 0.041ms
[136.477s][info][gc,phases   ] GC(11) Concurrent Mark Free 0.003ms
[136.509s][info][gc,phases   ] GC(11) Concurrent Process Non-Strong References 30.616ms
[136.510s][info][gc,phases   ] GC(11) Concurrent Reset Relocation Set 0.011ms
[136.517s][info][gc,phases   ] GC(11) Concurrent Select Relocation Set 5.108ms
[136.519s][info][gc,phases   ] GC(11) Pause Relocate Start 0.013ms
[136.525s][info][gc,phases   ] GC(11) Concurrent Relocate 4.668ms
[136.528s][info][gc,load     ] GC(11) Load: 7.13/4.92/3.88
[136.529s][info][gc,mmu      ] GC(11) MMU: 2ms/90.9%, 5ms/96.4%, 10ms/98.2%, 20ms/99.1%, 50ms/99.6%, 100ms/99.8%
[136.531s][info][gc,marking  ] GC(11) Mark: 2 stripe(s), 2 proactive flush(es), 1 terminate flush(es), 0 completion(s), 0 continuation(s) 
[136.533s][info][gc,marking  ] GC(11) Mark Stack Usage: 32M
[136.537s][info][gc,nmethod  ] GC(11) NMethods: 6078 registered, 934 unregistered
[136.539s][info][gc,metaspace] GC(11) Metaspace: 52M used, 52M committed, 1072M reserved
[136.541s][info][gc,ref      ] GC(11) Soft: 5015 encountered, 0 discovered, 0 enqueued
[136.545s][info][gc,ref      ] GC(11) Weak: 3136 encountered, 344 discovered, 0 enqueued
[136.548s][info][gc,ref      ] GC(11) Final: 90 encountered, 44 discovered, 7 enqueued
[136.549s][info][gc,ref      ] GC(11) Phantom: 487 encountered, 306 discovered, 0 enqueued
[136.552s][info][gc,reloc    ] GC(11) Small Pages: 296 / 592M, Empty: 218M, Relocated: 4M, In-Place: 0
[136.555s][info][gc,reloc    ] GC(11) Medium Pages: 1 / 32M, Empty: 0M, Relocated: 0M, In-Place: 0
[136.557s][info][gc,reloc    ] GC(11) Large Pages: 153 / 1852M, Empty: 1578M, Relocated: 0M, In-Place: 0
[136.559s][info][gc,reloc    ] GC(11) Forwarding Usage: 1M
[136.560s][info][gc,heap     ] GC(11) Min Capacity: 256M(6%)
[136.562s][info][gc,heap     ] GC(11) Max Capacity: 4096M(100%)
[136.563s][info][gc,heap     ] GC(11) Soft Max Capacity: 4096M(100%)
[136.564s][info][gc,heap     ] GC(11)                Mark Start          Mark End        Relocate Start      Relocate End           High               Low         
[136.566s][info][gc,heap     ] GC(11)  Capacity:     2948M (72%)        2960M (72%)        2960M (72%)        2960M (72%)        2960M (72%)        2948M (72%)    
[136.568s][info][gc,heap     ] GC(11)      Free:     1620M (40%)        1594M (39%)        3390M (83%)        3658M (89%)        3658M (89%)        1594M (39%)    
[136.569s][info][gc,heap     ] GC(11)      Used:     2476M (60%)        2502M (61%)         706M (17%)         438M (11%)        2502M (61%)         438M (11%)    
[136.570s][info][gc,heap     ] GC(11)      Live:         -               368M (9%)          368M (9%)          368M (9%)             -                  -          
[136.572s][info][gc,heap     ] GC(11) Allocated:         -                26M (1%)           26M (1%)           25M (1%)             -                  -          
[136.573s][info][gc,heap     ] GC(11)   Garbage:         -              2107M (51%)         311M (8%)           43M (1%)             -                  -          
[136.574s][info][gc,heap     ] GC(11) Reclaimed:         -                  -              1796M (44%)        2063M (50%)            -                  -          
[136.575s][info][gc          ] GC(11) Garbage Collection (Allocation Rate) 2476M(60%)->438M(11%)
[140.249s][info][gc,stats    ] === Garbage Collection Statistics =======================================================================================================================
[140.251s][info][gc,stats    ]                                                              Last 10s              Last 10m              Last 10h                Total
[140.252s][info][gc,stats    ]                                                              Avg / Max             Avg / Max             Avg / Max             Avg / Max
[140.253s][info][gc,stats    ]   Collector: Garbage Collection Cycle                    277.252 / 277.252    1314.198 / 2954.243   1314.198 / 2954.243   1314.198 / 2954.243    ms
[140.254s][info][gc,stats    ]  Contention: Mark Segment Reset Contention                     0 / 0                 0 / 2                 0 / 2                 0 / 2           ops/s
[140.255s][info][gc,stats    ]  Contention: Mark SeqNum Reset Contention                      0 / 0                 0 / 0                 0 / 0                 0 / 0           ops/s
[140.256s][info][gc,stats    ]    Critical: Allocation Stall                                  0 / 0                 0 / 0                 0 / 0                 0 / 0           ops/s
[140.257s][info][gc,stats    ]    Critical: Allocation Stall                              0.000 / 0.000         0.000 / 0.000         0.000 / 0.000         0.000 / 0.000       ms
[140.258s][info][gc,stats    ]    Critical: GC Locker Stall                                   0 / 0                 0 / 1                 0 / 1                 0 / 1           ops/s
[140.259s][info][gc,stats    ]    Critical: GC Locker Stall                               0.000 / 0.000         1.239 / 2.323         1.239 / 2.323         1.239 / 2.323       ms
[140.261s][info][gc,stats    ]    Critical: Relocation Stall                                  0 / 0                 0 / 0                 0 / 0                 0 / 0           ops/s
[140.263s][info][gc,stats    ]    Critical: Relocation Stall                              0.000 / 0.000         0.000 / 0.000         0.000 / 0.000         0.000 / 0.000       ms
[140.265s][info][gc,stats    ]      Memory: Allocation Rate                                  74 / 474              65 / 516              65 / 516              65 / 516         MB/s
[140.266s][info][gc,stats    ]      Memory: Out Of Memory                                     0 / 0                 0 / 0                 0 / 0                 0 / 0           ops/s
[140.267s][info][gc,stats    ]      Memory: Page Cache Flush                                  0 / 0                 0 / 0                 0 / 0                 0 / 0           MB/s
[140.268s][info][gc,stats    ]      Memory: Page Cache Hit L1                                 8 / 19               11 / 146              11 / 146              11 / 146         ops/s
[140.269s][info][gc,stats    ]      Memory: Page Cache Hit L2                                 0 / 0                 0 / 0                 0 / 0                 0 / 0           ops/s
[140.270s][info][gc,stats    ]      Memory: Page Cache Hit L3                                 0 / 0                 0 / 24                0 / 24                0 / 24          ops/s
[140.272s][info][gc,stats    ]      Memory: Page Cache Miss                                   4 / 30                3 / 67                3 / 67                3 / 67          ops/s
[140.273s][info][gc,stats    ]      Memory: Uncommit                                          0 / 0                 0 / 0                 0 / 0                 0 / 0           MB/s
[140.274s][info][gc,stats    ]      Memory: Undo Object Allocation Failed                     0 / 0                 0 / 0                 0 / 0                 0 / 0           ops/s
[140.275s][info][gc,stats    ]      Memory: Undo Object Allocation Succeeded                  0 / 0                 0 / 5                 0 / 5                 0 / 5           ops/s
[140.276s][info][gc,stats    ]      Memory: Undo Page Allocation                              0 / 0                 0 / 22                0 / 22                0 / 22          ops/s
[140.278s][info][gc,stats    ]       Phase: Concurrent Mark                             214.477 / 214.477    1065.292 / 2350.351   1065.292 / 2350.351   1065.292 / 2350.351    ms
[140.278s][info][gc,stats    ]       Phase: Concurrent Mark Continue                      0.000 / 0.000         0.000 / 0.000         0.000 / 0.000         0.000 / 0.000       ms
[140.280s][info][gc,stats    ]       Phase: Concurrent Mark Free                          0.003 / 0.003         0.004 / 0.006         0.004 / 0.006         0.004 / 0.006       ms
[140.281s][info][gc,stats    ]       Phase: Concurrent Process Non-Strong References     30.616 / 30.616       85.270 / 268.016      85.270 / 268.016      85.270 / 268.016     ms
[140.282s][info][gc,stats    ]       Phase: Concurrent Relocate                           4.668 / 4.668        75.477 / 311.289      75.477 / 311.289      75.477 / 311.289     ms
[140.283s][info][gc,stats    ]       Phase: Concurrent Reset Relocation Set               0.011 / 0.011         0.078 / 0.415         0.078 / 0.415         0.078 / 0.415       ms
[140.284s][info][gc,stats    ]       Phase: Concurrent Select Relocation Set              5.108 / 5.108        31.202 / 190.196      31.202 / 190.196      31.202 / 190.196     ms
[140.285s][info][gc,stats    ]       Phase: Pause Mark End                                0.041 / 0.041         0.057 / 0.181         0.057 / 0.181         0.057 / 0.181       ms
[140.287s][info][gc,stats    ]       Phase: Pause Mark Start                              0.019 / 0.019         0.031 / 0.130         0.031 / 0.130         0.031 / 0.130       ms
[140.288s][info][gc,stats    ]       Phase: Pause Relocate Start                          0.013 / 0.013         0.017 / 0.022         0.017 / 0.022         0.017 / 0.022       ms
[140.290s][info][gc,stats    ]    Subphase: Concurrent Classes Purge                      0.765 / 0.765         2.851 / 9.014         2.851 / 9.014         2.851 / 9.014       ms
[140.291s][info][gc,stats    ]    Subphase: Concurrent Classes Unlink                    27.196 / 27.196       59.722 / 212.844      59.722 / 212.844      59.722 / 212.844     ms
[140.292s][info][gc,stats    ]    Subphase: Concurrent Mark                             197.128 / 200.718    1024.112 / 2200.628   1024.112 / 2200.628   1024.112 / 2200.628    ms
[140.294s][info][gc,stats    ]    Subphase: Concurrent Mark Try Flush                     1.887 / 3.055        12.839 / 69.665       12.839 / 69.665       12.839 / 69.665      ms
[140.295s][info][gc,stats    ]    Subphase: Concurrent Mark Try Terminate                 3.764 / 13.055        2.399 / 30.108        2.399 / 30.108        2.399 / 30.108      ms
[140.296s][info][gc,stats    ]    Subphase: Concurrent References Enqueue                 0.010 / 0.010         0.294 / 2.993         0.294 / 2.993         0.294 / 2.993       ms
[140.297s][info][gc,stats    ]    Subphase: Concurrent References Process                 0.215 / 0.215         1.863 / 7.419         1.863 / 7.419         1.863 / 7.419       ms
[140.298s][info][gc,stats    ]    Subphase: Concurrent Roots ClassLoaderDataGraph         0.411 / 0.411         1.898 / 12.229        1.898 / 12.229        1.898 / 12.229      ms
[140.299s][info][gc,stats    ]    Subphase: Concurrent Roots CodeCache                    0.000 / 0.000         0.000 / 0.000         0.000 / 0.000         0.000 / 0.000       ms
[140.300s][info][gc,stats    ]    Subphase: Concurrent Roots JavaThreads                  2.841 / 4.219        25.555 / 134.591      25.555 / 134.591      25.555 / 134.591     ms
[140.301s][info][gc,stats    ]    Subphase: Concurrent Roots OopStorageSet                0.074 / 0.074         1.737 / 18.763        1.737 / 18.763        1.737 / 18.763      ms
[140.303s][info][gc,stats    ]    Subphase: Concurrent Weak Roots OopStorageSet           1.423 / 1.490         5.472 / 25.256        5.472 / 25.256        5.472 / 25.256      ms
[140.304s][info][gc,stats    ]    Subphase: Pause Mark Try Complete                       0.000 / 0.000         0.000 / 0.000         0.000 / 0.000         0.000 / 0.000       ms
[140.305s][info][gc,stats    ]      System: Java Threads                                     76 / 76               73 / 89               73 / 89               73 / 89          threads
[140.306s][info][gc,stats    ] =========================================================================================================================================================
[150.248s][info][gc,stats    ] === Garbage Collection Statistics =======================================================================================================================
[150.250s][info][gc,stats    ]                                                              Last 10s              Last 10m              Last 10h                Total
[150.252s][info][gc,stats    ]                                                              Avg / Max             Avg / Max             Avg / Max             Avg / Max
[150.253s][info][gc,stats    ]   Collector: Garbage Collection Cycle                      0.000 / 0.000      1314.198 / 2954.243   1314.198 / 2954.243   1314.198 / 2954.243    ms
[150.254s][info][gc,stats    ]  Contention: Mark Segment Reset Contention                     0 / 0                 0 / 2                 0 / 2                 0 / 2           ops/s
[150.255s][info][gc,stats    ]  Contention: Mark SeqNum Reset Contention                      0 / 0                 0 / 0                 0 / 0                 0 / 0           ops/s
[150.256s][info][gc,stats    ]    Critical: Allocation Stall                                  0 / 0                 0 / 0                 0 / 0                 0 / 0           ops/s
[150.258s][info][gc,stats    ]    Critical: Allocation Stall                              0.000 / 0.000         0.000 / 0.000         0.000 / 0.000         0.000 / 0.000       ms
[150.260s][info][gc,stats    ]    Critical: GC Locker Stall                                   0 / 0                 0 / 1                 0 / 1                 0 / 1           ops/s
[150.262s][info][gc,stats    ]    Critical: GC Locker Stall                               0.000 / 0.000         1.239 / 2.323         1.239 / 2.323         1.239 / 2.323       ms
[150.263s][info][gc,stats    ]    Critical: Relocation Stall                                  0 / 0                 0 / 0                 0 / 0                 0 / 0           ops/s
[150.265s][info][gc,stats    ]    Critical: Relocation Stall                              0.000 / 0.000         0.000 / 0.000         0.000 / 0.000         0.000 / 0.000       ms
[150.266s][info][gc,stats    ]      Memory: Allocation Rate                                  72 / 486              65 / 516              65 / 516              65 / 516         MB/s
[150.267s][info][gc,stats    ]      Memory: Out Of Memory                                     0 / 0                 0 / 0                 0 / 0                 0 / 0           ops/s
[150.268s][info][gc,stats    ]      Memory: Page Cache Flush                                  0 / 0                 0 / 0                 0 / 0                 0 / 0           MB/s
[150.270s][info][gc,stats    ]      Memory: Page Cache Hit L1                                12 / 41               11 / 146              11 / 146              11 / 146         ops/s
[150.271s][info][gc,stats    ]      Memory: Page Cache Hit L2                                 0 / 0                 0 / 0                 0 / 0                 0 / 0           ops/s
[150.272s][info][gc,stats    ]      Memory: Page Cache Hit L3                                 0 / 0                 0 / 24                0 / 24                0 / 24          ops/s
[150.274s][info][gc,stats    ]      Memory: Page Cache Miss                                   0 / 0                 3 / 67                3 / 67                3 / 67          ops/s
[150.277s][info][gc,stats    ]      Memory: Uncommit                                          0 / 0                 0 / 0                 0 / 0                 0 / 0           MB/s
[150.279s][info][gc,stats    ]      Memory: Undo Object Allocation Failed                     0 / 0                 0 / 0                 0 / 0                 0 / 0           ops/s
[150.280s][info][gc,stats    ]      Memory: Undo Object Allocation Succeeded                  0 / 0                 0 / 5                 0 / 5                 0 / 5           ops/s
[150.282s][info][gc,stats    ]      Memory: Undo Page Allocation                              0 / 0                 0 / 22                0 / 22                0 / 22          ops/s
[150.285s][info][gc,stats    ]       Phase: Concurrent Mark                               0.000 / 0.000      1065.292 / 2350.351   1065.292 / 2350.351   1065.292 / 2350.351    ms
[150.286s][info][gc,stats    ]       Phase: Concurrent Mark Continue                      0.000 / 0.000         0.000 / 0.000         0.000 / 0.000         0.000 / 0.000       ms
[150.287s][info][gc,stats    ]       Phase: Concurrent Mark Free                          0.000 / 0.000         0.004 / 0.006         0.004 / 0.006         0.004 / 0.006       ms
[150.288s][info][gc,stats    ]       Phase: Concurrent Process Non-Strong References      0.000 / 0.000        85.270 / 268.016      85.270 / 268.016      85.270 / 268.016     ms
[150.291s][info][gc,stats    ]       Phase: Concurrent Relocate                           0.000 / 0.000        75.477 / 311.289      75.477 / 311.289      75.477 / 311.289     ms
[150.292s][info][gc,stats    ]       Phase: Concurrent Reset Relocation Set               0.000 / 0.000         0.078 / 0.415         0.078 / 0.415         0.078 / 0.415       ms
[150.293s][info][gc,stats    ]       Phase: Concurrent Select Relocation Set              0.000 / 0.000        31.202 / 190.196      31.202 / 190.196      31.202 / 190.196     ms
[150.295s][info][gc,stats    ]       Phase: Pause Mark End                                0.000 / 0.000         0.057 / 0.181         0.057 / 0.181         0.057 / 0.181       ms
[150.299s][info][gc,stats    ]       Phase: Pause Mark Start                              0.000 / 0.000         0.031 / 0.130         0.031 / 0.130         0.031 / 0.130       ms
[150.301s][info][gc,stats    ]       Phase: Pause Relocate Start                          0.000 / 0.000         0.017 / 0.022         0.017 / 0.022         0.017 / 0.022       ms
[150.303s][info][gc,stats    ]    Subphase: Concurrent Classes Purge                      0.000 / 0.000         2.851 / 9.014         2.851 / 9.014         2.851 / 9.014       ms
[150.304s][info][gc,stats    ]    Subphase: Concurrent Classes Unlink                     0.000 / 0.000        59.722 / 212.844      59.722 / 212.844      59.722 / 212.844     ms
[150.306s][info][gc,stats    ]    Subphase: Concurrent Mark                               0.000 / 0.000      1024.112 / 2200.628   1024.112 / 2200.628   1024.112 / 2200.628    ms
[150.307s][info][gc,stats    ]    Subphase: Concurrent Mark Try Flush                     0.000 / 0.000        12.839 / 69.665       12.839 / 69.665       12.839 / 69.665      ms
[150.309s][info][gc,stats    ]    Subphase: Concurrent Mark Try Terminate                 0.000 / 0.000         2.399 / 30.108        2.399 / 30.108        2.399 / 30.108      ms
[150.310s][info][gc,stats    ]    Subphase: Concurrent References Enqueue                 0.000 / 0.000         0.294 / 2.993         0.294 / 2.993         0.294 / 2.993       ms
[150.312s][info][gc,stats    ]    Subphase: Concurrent References Process                 0.000 / 0.000         1.863 / 7.419         1.863 / 7.419         1.863 / 7.419       ms
[150.313s][info][gc,stats    ]    Subphase: Concurrent Roots ClassLoaderDataGraph         0.000 / 0.000         1.898 / 12.229        1.898 / 12.229        1.898 / 12.229      ms
[150.315s][info][gc,stats    ]    Subphase: Concurrent Roots CodeCache                    0.000 / 0.000         0.000 / 0.000         0.000 / 0.000         0.000 / 0.000       ms
[150.317s][info][gc,stats    ]    Subphase: Concurrent Roots JavaThreads                  0.000 / 0.000        25.555 / 134.591      25.555 / 134.591      25.555 / 134.591     ms
[150.319s][info][gc,stats    ]    Subphase: Concurrent Roots OopStorageSet                0.000 / 0.000         1.737 / 18.763        1.737 / 18.763        1.737 / 18.763      ms
[150.321s][info][gc,stats    ]    Subphase: Concurrent Weak Roots OopStorageSet           0.000 / 0.000         5.472 / 25.256        5.472 / 25.256        5.472 / 25.256      ms
[150.322s][info][gc,stats    ]    Subphase: Pause Mark Try Complete                       0.000 / 0.000         0.000 / 0.000         0.000 / 0.000         0.000 / 0.000       ms
[150.324s][info][gc,stats    ]      System: Java Threads                                      0 / 0                73 / 89               73 / 89               73 / 89          threads
[150.325s][info][gc,stats    ] =========================================================================================================================================================
[160.251s][info][gc,stats    ] === Garbage Collection Statistics =======================================================================================================================
[160.285s][info][gc,stats    ]                                                              Last 10s              Last 10m              Last 10h                Total
[160.303s][info][gc,stats    ]                                                              Avg / Max             Avg / Max             Avg / Max             Avg / Max
[160.307s][info][gc,stats    ]   Collector: Garbage Collection Cycle                      0.000 / 0.000      1314.198 / 2954.243   1314.198 / 2954.243   1314.198 / 2954.243    ms
[160.320s][info][gc,stats    ]  Contention: Mark Segment Reset Contention                     0 / 0                 0 / 2                 0 / 2                 0 / 2           ops/s
[160.322s][info][gc,stats    ]  Contention: Mark SeqNum Reset Contention                      0 / 0                 0 / 0                 0 / 0                 0 / 0           ops/s
[160.326s][info][gc,stats    ]    Critical: Allocation Stall                                  0 / 0                 0 / 0                 0 / 0                 0 / 0           ops/s
[160.328s][info][gc,stats    ]    Critical: Allocation Stall                              0.000 / 0.000         0.000 / 0.000         0.000 / 0.000         0.000 / 0.000       ms
[160.330s][info][gc,stats    ]    Critical: GC Locker Stall                                   0 / 0                 0 / 1                 0 / 1                 0 / 1           ops/s
[160.331s][info][gc,stats    ]    Critical: GC Locker Stall                               0.000 / 0.000         1.239 / 2.323         1.239 / 2.323         1.239 / 2.323       ms
[160.332s][info][gc,stats    ]    Critical: Relocation Stall                                  0 / 0                 0 / 0                 0 / 0                 0 / 0           ops/s
[160.334s][info][gc,stats    ]    Critical: Relocation Stall                              0.000 / 0.000         0.000 / 0.000         0.000 / 0.000         0.000 / 0.000       ms
[160.336s][info][gc,stats    ]      Memory: Allocation Rate                                  72 / 490              66 / 516              66 / 516              66 / 516         MB/s
[160.338s][info][gc,stats    ]      Memory: Out Of Memory                                     0 / 0                 0 / 0                 0 / 0                 0 / 0           ops/s
[160.340s][info][gc,stats    ]      Memory: Page Cache Flush                                  0 / 0                 0 / 0                 0 / 0                 0 / 0           MB/s
[160.342s][info][gc,stats    ]      Memory: Page Cache Hit L1                                11 / 35               11 / 146              11 / 146              11 / 146         ops/s
[160.347s][info][gc,stats    ]      Memory: Page Cache Hit L2                                 0 / 0                 0 / 0                 0 / 0                 0 / 0           ops/s
[160.354s][info][gc,stats    ]      Memory: Page Cache Hit L3                                 0 / 0                 0 / 24                0 / 24                0 / 24          ops/s
[160.359s][info][gc,stats    ]      Memory: Page Cache Miss                                   0 / 0                 3 / 67                3 / 67                3 / 67          ops/s
[160.361s][info][gc,stats    ]      Memory: Uncommit                                          0 / 0                 0 / 0                 0 / 0                 0 / 0           MB/s
[160.363s][info][gc,stats    ]      Memory: Undo Object Allocation Failed                     0 / 0                 0 / 0                 0 / 0                 0 / 0           ops/s
[160.365s][info][gc,stats    ]      Memory: Undo Object Allocation Succeeded                  0 / 0                 0 / 5                 0 / 5                 0 / 5           ops/s
[160.369s][info][gc,stats    ]      Memory: Undo Page Allocation                              0 / 0                 0 / 22                0 / 22                0 / 22          ops/s
[160.378s][info][gc,stats    ]       Phase: Concurrent Mark                               0.000 / 0.000      1065.292 / 2350.351   1065.292 / 2350.351   1065.292 / 2350.351    ms
[160.379s][info][gc,stats    ]       Phase: Concurrent Mark Continue                      0.000 / 0.000         0.000 / 0.000         0.000 / 0.000         0.000 / 0.000       ms
[160.381s][info][gc,stats    ]       Phase: Concurrent Mark Free                          0.000 / 0.000         0.004 / 0.006         0.004 / 0.006         0.004 / 0.006       ms
[160.382s][info][gc,stats    ]       Phase: Concurrent Process Non-Strong References      0.000 / 0.000        85.270 / 268.016      85.270 / 268.016      85.270 / 268.016     ms
[160.385s][info][gc,stats    ]       Phase: Concurrent Relocate                           0.000 / 0.000        75.477 / 311.289      75.477 / 311.289      75.477 / 311.289     ms
[160.389s][info][gc,stats    ]       Phase: Concurrent Reset Relocation Set               0.000 / 0.000         0.078 / 0.415         0.078 / 0.415         0.078 / 0.415       ms
[160.391s][info][gc,stats    ]       Phase: Concurrent Select Relocation Set              0.000 / 0.000        31.202 / 190.196      31.202 / 190.196      31.202 / 190.196     ms
[160.393s][info][gc,stats    ]       Phase: Pause Mark End                                0.000 / 0.000         0.057 / 0.181         0.057 / 0.181         0.057 / 0.181       ms
[160.394s][info][gc,stats    ]       Phase: Pause Mark Start                              0.000 / 0.000         0.031 / 0.130         0.031 / 0.130         0.031 / 0.130       ms
[160.396s][info][gc,stats    ]       Phase: Pause Relocate Start                          0.000 / 0.000         0.017 / 0.022         0.017 / 0.022         0.017 / 0.022       ms
[160.398s][info][gc,stats    ]    Subphase: Concurrent Classes Purge                      0.000 / 0.000         2.851 / 9.014         2.851 / 9.014         2.851 / 9.014       ms
[160.400s][info][gc,stats    ]    Subphase: Concurrent Classes Unlink                     0.000 / 0.000        59.722 / 212.844      59.722 / 212.844      59.722 / 212.844     ms
[160.406s][info][gc,stats    ]    Subphase: Concurrent Mark                               0.000 / 0.000      1024.112 / 2200.628   1024.112 / 2200.628   1024.112 / 2200.628    ms
[160.409s][info][gc,stats    ]    Subphase: Concurrent Mark Try Flush                     0.000 / 0.000        12.839 / 69.665       12.839 / 69.665       12.839 / 69.665      ms
[160.411s][info][gc,stats    ]    Subphase: Concurrent Mark Try Terminate                 0.000 / 0.000         2.399 / 30.108        2.399 / 30.108        2.399 / 30.108      ms
[160.412s][info][gc,stats    ]    Subphase: Concurrent References Enqueue                 0.000 / 0.000         0.294 / 2.993         0.294 / 2.993         0.294 / 2.993       ms
[160.413s][info][gc,stats    ]    Subphase: Concurrent References Process                 0.000 / 0.000         1.863 / 7.419         1.863 / 7.419         1.863 / 7.419       ms
[160.416s][info][gc,stats    ]    Subphase: Concurrent Roots ClassLoaderDataGraph         0.000 / 0.000         1.898 / 12.229        1.898 / 12.229        1.898 / 12.229      ms
[160.417s][info][gc,stats    ]    Subphase: Concurrent Roots CodeCache                    0.000 / 0.000         0.000 / 0.000         0.000 / 0.000         0.000 / 0.000       ms
[160.419s][info][gc,stats    ]    Subphase: Concurrent Roots JavaThreads                  0.000 / 0.000        25.555 / 134.591      25.555 / 134.591      25.555 / 134.591     ms
[160.422s][info][gc,stats    ]    Subphase: Concurrent Roots OopStorageSet                0.000 / 0.000         1.737 / 18.763        1.737 / 18.763        1.737 / 18.763      ms
[160.424s][info][gc,stats    ]    Subphase: Concurrent Weak Roots OopStorageSet           0.000 / 0.000         5.472 / 25.256        5.472 / 25.256        5.472 / 25.256      ms
[160.426s][info][gc,stats    ]    Subphase: Pause Mark Try Complete                       0.000 / 0.000         0.000 / 0.000         0.000 / 0.000         0.000 / 0.000       ms
[160.428s][info][gc,stats    ]      System: Java Threads                                      0 / 0                73 / 89               73 / 89               73 / 89          threads
[160.430s][info][gc,stats    ] =========================================================================================================================================================
[168.850s][info][gc,start    ] GC(12) Garbage Collection (Proactive)
[168.852s][info][gc,task     ] GC(12) Using 2 workers
[168.859s][info][gc,phases   ] GC(12) Pause Mark Start 0.025ms
[169.509s][info][gc,phases   ] GC(12) Concurrent Mark 647.027ms
[169.512s][info][gc,phases   ] GC(12) Pause Mark End 0.130ms
[169.516s][info][gc,phases   ] GC(12) Concurrent Mark Free 0.004ms
[169.579s][info][gc,phases   ] GC(12) Concurrent Process Non-Strong References 60.249ms
[169.582s][info][gc,phases   ] GC(12) Concurrent Reset Relocation Set 0.029ms
[169.594s][info][gc,phases   ] GC(12) Concurrent Select Relocation Set 7.970ms
[169.599s][info][gc,phases   ] GC(12) Pause Relocate Start 1.051ms
[169.609s][info][gc,phases   ] GC(12) Concurrent Relocate 6.488ms
[169.613s][info][gc,load     ] GC(12) Load: 5.01/4.63/3.82
[169.616s][info][gc,mmu      ] GC(12) MMU: 2ms/47.5%, 5ms/79.0%, 10ms/89.5%, 20ms/94.7%, 50ms/97.9%, 100ms/98.8%
[169.619s][info][gc,marking  ] GC(12) Mark: 2 stripe(s), 2 proactive flush(es), 1 terminate flush(es), 0 completion(s), 0 continuation(s) 
[169.620s][info][gc,marking  ] GC(12) Mark Stack Usage: 32M
[169.622s][info][gc,nmethod  ] GC(12) NMethods: 6272 registered, 934 unregistered
[169.623s][info][gc,metaspace] GC(12) Metaspace: 52M used, 53M committed, 1072M reserved
[169.625s][info][gc,ref      ] GC(12) Soft: 5015 encountered, 0 discovered, 0 enqueued
[169.626s][info][gc,ref      ] GC(12) Weak: 3151 encountered, 399 discovered, 0 enqueued
[169.628s][info][gc,ref      ] GC(12) Final: 90 encountered, 33 discovered, 7 enqueued
[169.630s][info][gc,ref      ] GC(12) Phantom: 496 encountered, 310 discovered, 0 enqueued
[169.632s][info][gc,reloc    ] GC(12) Small Pages: 290 / 580M, Empty: 222M, Relocated: 4M, In-Place: 0
[169.634s][info][gc,reloc    ] GC(12) Medium Pages: 1 / 32M, Empty: 0M, Relocated: 0M, In-Place: 0
[169.636s][info][gc,reloc    ] GC(12) Large Pages: 155 / 1918M, Empty: 1788M, Relocated: 0M, In-Place: 0
[169.638s][info][gc,reloc    ] GC(12) Forwarding Usage: 1M
[169.641s][info][gc,heap     ] GC(12) Min Capacity: 256M(6%)
[169.642s][info][gc,heap     ] GC(12) Max Capacity: 4096M(100%)
[169.644s][info][gc,heap     ] GC(12) Soft Max Capacity: 4096M(100%)
[169.648s][info][gc,heap     ] GC(12)                Mark Start          Mark End        Relocate Start      Relocate End           High               Low         
[169.652s][info][gc,heap     ] GC(12)  Capacity:     3032M (74%)        3170M (77%)        3170M (77%)        3170M (77%)        3170M (77%)        3032M (74%)    
[169.654s][info][gc,heap     ] GC(12)      Free:     1566M (38%)        1396M (34%)        3404M (83%)        3656M (89%)        3656M (89%)        1394M (34%)    
[169.656s][info][gc,heap     ] GC(12)      Used:     2530M (62%)        2700M (66%)         692M (17%)         440M (11%)        2702M (66%)         440M (11%)    
[169.657s][info][gc,heap     ] GC(12)      Live:         -               225M (5%)          225M (5%)          225M (5%)             -                  -          
[169.660s][info][gc,heap     ] GC(12) Allocated:         -               170M (4%)          172M (4%)          171M (4%)             -                  -          
[169.661s][info][gc,heap     ] GC(12)   Garbage:         -              2304M (56%)         294M (7%)           42M (1%)             -                  -          
[169.663s][info][gc,heap     ] GC(12) Reclaimed:         -                  -              2010M (49%)        2261M (55%)            -                  -          
[169.665s][info][gc          ] GC(12) Garbage Collection (Proactive) 2530M(62%)->440M(11%)
[170.249s][info][gc,stats    ] === Garbage Collection Statistics =======================================================================================================================
[170.251s][info][gc,stats    ]                                                              Last 10s              Last 10m              Last 10h                Total
[170.252s][info][gc,stats    ]                                                              Avg / Max             Avg / Max             Avg / Max             Avg / Max
[170.254s][info][gc,stats    ]   Collector: Garbage Collection Cycle                    761.025 / 761.025    1271.647 / 2954.243   1271.647 / 2954.243   1271.647 / 2954.243    ms
[170.256s][info][gc,stats    ]  Contention: Mark Segment Reset Contention                     0 / 0                 0 / 2                 0 / 2                 0 / 2           ops/s
[170.258s][info][gc,stats    ]  Contention: Mark SeqNum Reset Contention                      0 / 0                 0 / 0                 0 / 0                 0 / 0           ops/s
[170.261s][info][gc,stats    ]    Critical: Allocation Stall                                  0 / 0                 0 / 0                 0 / 0                 0 / 0           ops/s
[170.262s][info][gc,stats    ]    Critical: Allocation Stall                              0.000 / 0.000         0.000 / 0.000         0.000 / 0.000         0.000 / 0.000       ms
[170.264s][info][gc,stats    ]    Critical: GC Locker Stall                                   0 / 0                 0 / 1                 0 / 1                 0 / 1           ops/s
[170.266s][info][gc,stats    ]    Critical: GC Locker Stall                               0.000 / 0.000         1.239 / 2.323         1.239 / 2.323         1.239 / 2.323       ms
[170.268s][info][gc,stats    ]    Critical: Relocation Stall                                  0 / 0                 0 / 0                 0 / 0                 0 / 0           ops/s
[170.269s][info][gc,stats    ]    Critical: Relocation Stall                              0.000 / 0.000         0.000 / 0.000         0.000 / 0.000         0.000 / 0.000       ms
[170.272s][info][gc,stats    ]      Memory: Allocation Rate                                  73 / 460              66 / 516              66 / 516              66 / 516         MB/s
[170.273s][info][gc,stats    ]      Memory: Out Of Memory                                     0 / 0                 0 / 0                 0 / 0                 0 / 0           ops/s
[170.274s][info][gc,stats    ]      Memory: Page Cache Flush                                  0 / 0                 0 / 0                 0 / 0                 0 / 0           MB/s
[170.275s][info][gc,stats    ]      Memory: Page Cache Hit L1                                11 / 32               11 / 146              11 / 146              11 / 146         ops/s
[170.278s][info][gc,stats    ]      Memory: Page Cache Hit L2                                 0 / 0                 0 / 0                 0 / 0                 0 / 0           ops/s
[170.279s][info][gc,stats    ]      Memory: Page Cache Hit L3                                 0 / 0                 0 / 24                0 / 24                0 / 24          ops/s
[170.280s][info][gc,stats    ]      Memory: Page Cache Miss                                   1 / 10                3 / 67                3 / 67                3 / 67          ops/s
[170.282s][info][gc,stats    ]      Memory: Uncommit                                          0 / 0                 0 / 0                 0 / 0                 0 / 0           MB/s
[170.283s][info][gc,stats    ]      Memory: Undo Object Allocation Failed                     0 / 0                 0 / 0                 0 / 0                 0 / 0           ops/s
[170.284s][info][gc,stats    ]      Memory: Undo Object Allocation Succeeded                  0 / 0                 0 / 5                 0 / 5                 0 / 5           ops/s
[170.286s][info][gc,stats    ]      Memory: Undo Page Allocation                              0 / 0                 0 / 22                0 / 22                0 / 22          ops/s
[170.287s][info][gc,stats    ]       Phase: Concurrent Mark                             647.027 / 647.027    1033.118 / 2350.351   1033.118 / 2350.351   1033.118 / 2350.351    ms
[170.288s][info][gc,stats    ]       Phase: Concurrent Mark Continue                      0.000 / 0.000         0.000 / 0.000         0.000 / 0.000         0.000 / 0.000       ms
[170.290s][info][gc,stats    ]       Phase: Concurrent Mark Free                          0.004 / 0.004         0.004 / 0.006         0.004 / 0.006         0.004 / 0.006       ms
[170.291s][info][gc,stats    ]       Phase: Concurrent Process Non-Strong References     60.249 / 60.249       83.346 / 268.016      83.346 / 268.016      83.346 / 268.016     ms
[170.292s][info][gc,stats    ]       Phase: Concurrent Relocate                           6.488 / 6.488        70.170 / 311.289      70.170 / 311.289      70.170 / 311.289     ms
[170.294s][info][gc,stats    ]       Phase: Concurrent Reset Relocation Set               0.029 / 0.029         0.075 / 0.415         0.075 / 0.415         0.075 / 0.415       ms
[170.297s][info][gc,stats    ]       Phase: Concurrent Select Relocation Set              7.970 / 7.970        29.415 / 190.196      29.415 / 190.196      29.415 / 190.196     ms
[170.299s][info][gc,stats    ]       Phase: Pause Mark End                                0.130 / 0.130         0.063 / 0.181         0.063 / 0.181         0.063 / 0.181       ms
[170.300s][info][gc,stats    ]       Phase: Pause Mark Start                              0.025 / 0.025         0.031 / 0.130         0.031 / 0.130         0.031 / 0.130       ms
[170.302s][info][gc,stats    ]       Phase: Pause Relocate Start                          1.051 / 1.051         0.096 / 1.051         0.096 / 1.051         0.096 / 1.051       ms
[170.303s][info][gc,stats    ]    Subphase: Concurrent Classes Purge                      1.066 / 1.066         2.714 / 9.014         2.714 / 9.014         2.714 / 9.014       ms
[170.304s][info][gc,stats    ]    Subphase: Concurrent Classes Unlink                    42.291 / 42.291       58.381 / 212.844      58.381 / 212.844      58.381 / 212.844     ms
[170.306s][info][gc,stats    ]    Subphase: Concurrent Mark                             633.712 / 635.427     994.081 / 2200.628    994.081 / 2200.628    994.081 / 2200.628    ms
[170.308s][info][gc,stats    ]    Subphase: Concurrent Mark Try Flush                     2.221 / 3.662        12.189 / 69.665       12.189 / 69.665       12.189 / 69.665      ms
[170.309s][info][gc,stats    ]    Subphase: Concurrent Mark Try Terminate                 1.359 / 2.312         2.373 / 30.108        2.373 / 30.108        2.373 / 30.108      ms
[170.311s][info][gc,stats    ]    Subphase: Concurrent References Enqueue                 0.012 / 0.012         0.272 / 2.993         0.272 / 2.993         0.272 / 2.993       ms
[170.312s][info][gc,stats    ]    Subphase: Concurrent References Process                 0.369 / 0.369         1.748 / 7.419         1.748 / 7.419         1.748 / 7.419       ms
[170.314s][info][gc,stats    ]    Subphase: Concurrent Roots ClassLoaderDataGraph         0.444 / 0.825         1.765 / 12.229        1.765 / 12.229        1.765 / 12.229      ms
[170.315s][info][gc,stats    ]    Subphase: Concurrent Roots CodeCache                    0.000 / 0.000         0.000 / 0.000         0.000 / 0.000         0.000 / 0.000       ms
[170.317s][info][gc,stats    ]    Subphase: Concurrent Roots JavaThreads                  7.288 / 7.400        24.150 / 134.591      24.150 / 134.591      24.150 / 134.591     ms
[170.319s][info][gc,stats    ]    Subphase: Concurrent Roots OopStorageSet                0.295 / 0.295         1.652 / 18.763        1.652 / 18.763        1.652 / 18.763      ms
[170.321s][info][gc,stats    ]    Subphase: Concurrent Weak Roots OopStorageSet           2.062 / 2.165         5.175 / 25.256        5.175 / 25.256        5.175 / 25.256      ms
[170.322s][info][gc,stats    ]    Subphase: Pause Mark Try Complete                       0.000 / 0.000         0.000 / 0.000         0.000 / 0.000         0.000 / 0.000       ms
[170.323s][info][gc,stats    ]      System: Java Threads                                     75 / 75               73 / 89               73 / 89               73 / 89          threads
[170.325s][info][gc,stats    ] =========================================================================================================================================================
[179.864s][info][gc,start    ] GC(13) Garbage Collection (Allocation Rate)
[179.878s][info][gc,task     ] GC(13) Using 2 workers
[179.891s][info][gc,phases   ] GC(13) Pause Mark Start 5.975ms
[180.249s][info][gc,stats    ] === Garbage Collection Statistics =======================================================================================================================
[180.255s][info][gc,stats    ]                                                              Last 10s              Last 10m              Last 10h                Total
[180.265s][info][gc,stats    ]                                                              Avg / Max             Avg / Max             Avg / Max             Avg / Max
[180.268s][info][gc,stats    ]   Collector: Garbage Collection Cycle                      0.000 / 0.000      1271.647 / 2954.243   1271.647 / 2954.243   1271.647 / 2954.243    ms
[180.274s][info][gc,stats    ]  Contention: Mark Segment Reset Contention                     0 / 1                 0 / 2                 0 / 2                 0 / 2           ops/s
[180.280s][info][gc,stats    ]  Contention: Mark SeqNum Reset Contention                      0 / 0                 0 / 0                 0 / 0                 0 / 0           ops/s
[180.282s][info][gc,stats    ]    Critical: Allocation Stall                                  0 / 0                 0 / 0                 0 / 0                 0 / 0           ops/s
[180.286s][info][gc,stats    ]    Critical: Allocation Stall                              0.000 / 0.000         0.000 / 0.000         0.000 / 0.000         0.000 / 0.000       ms
[180.288s][info][gc,stats    ]    Critical: GC Locker Stall                                   0 / 0                 0 / 1                 0 / 1                 0 / 1           ops/s
[180.292s][info][gc,stats    ]    Critical: GC Locker Stall                               0.000 / 0.000         1.239 / 2.323         1.239 / 2.323         1.239 / 2.323       ms
[180.298s][info][gc,stats    ]    Critical: Relocation Stall                                  0 / 0                 0 / 0                 0 / 0                 0 / 0           ops/s
[180.299s][info][gc,stats    ]    Critical: Relocation Stall                              0.000 / 0.000         0.000 / 0.000         0.000 / 0.000         0.000 / 0.000       ms
[180.301s][info][gc,stats    ]      Memory: Allocation Rate                                  73 / 496              67 / 516              67 / 516              67 / 516         MB/s
[180.304s][info][gc,stats    ]      Memory: Out Of Memory                                     0 / 0                 0 / 0                 0 / 0                 0 / 0           ops/s
[180.307s][info][gc,stats    ]      Memory: Page Cache Flush                                  0 / 0                 0 / 0                 0 / 0                 0 / 0           MB/s
[180.310s][info][gc,stats    ]      Memory: Page Cache Hit L1                                12 / 42               11 / 146              11 / 146              11 / 146         ops/s
[180.315s][info][gc,stats    ]      Memory: Page Cache Hit L2                                 0 / 0                 0 / 0                 0 / 0                 0 / 0           ops/s
[180.318s][info][gc,stats    ]      Memory: Page Cache Hit L3                                 0 / 0                 0 / 24                0 / 24                0 / 24          ops/s
[180.323s][info][gc,stats    ]      Memory: Page Cache Miss                                   0 / 0                 3 / 67                3 / 67                3 / 67          ops/s
[180.329s][info][gc,stats    ]      Memory: Uncommit                                          0 / 0                 0 / 0                 0 / 0                 0 / 0           MB/s
[180.330s][info][gc,stats    ]      Memory: Undo Object Allocation Failed                     0 / 0                 0 / 0                 0 / 0                 0 / 0           ops/s
[180.333s][info][gc,stats    ]      Memory: Undo Object Allocation Succeeded                  0 / 0                 0 / 5                 0 / 5                 0 / 5           ops/s
[180.335s][info][gc,stats    ]      Memory: Undo Page Allocation                              0 / 0                 0 / 22                0 / 22                0 / 22          ops/s
[180.338s][info][gc,stats    ]       Phase: Concurrent Mark                               0.000 / 0.000      1033.118 / 2350.351   1033.118 / 2350.351   1033.118 / 2350.351    ms
[180.340s][info][gc,stats    ]       Phase: Concurrent Mark Continue                      0.000 / 0.000         0.000 / 0.000         0.000 / 0.000         0.000 / 0.000       ms
[180.346s][info][gc,stats    ]       Phase: Concurrent Mark Free                          0.000 / 0.000         0.004 / 0.006         0.004 / 0.006         0.004 / 0.006       ms
[180.349s][info][gc,stats    ]       Phase: Concurrent Process Non-Strong References      0.000 / 0.000        83.346 / 268.016      83.346 / 268.016      83.346 / 268.016     ms
[180.361s][info][gc,stats    ]       Phase: Concurrent Relocate                           0.000 / 0.000        70.170 / 311.289      70.170 / 311.289      70.170 / 311.289     ms
[180.364s][info][gc,stats    ]       Phase: Concurrent Reset Relocation Set               0.000 / 0.000         0.075 / 0.415         0.075 / 0.415         0.075 / 0.415       ms
[180.366s][info][gc,stats    ]       Phase: Concurrent Select Relocation Set              0.000 / 0.000        29.415 / 190.196      29.415 / 190.196      29.415 / 190.196     ms
[180.368s][info][gc,stats    ]       Phase: Pause Mark End                                0.000 / 0.000         0.063 / 0.181         0.063 / 0.181         0.063 / 0.181       ms
[180.389s][info][gc,stats    ]       Phase: Pause Mark Start                              5.975 / 5.975         0.455 / 5.975         0.455 / 5.975         0.455 / 5.975       ms
[180.391s][info][gc,stats    ]       Phase: Pause Relocate Start                          0.000 / 0.000         0.096 / 1.051         0.096 / 1.051         0.096 / 1.051       ms
[180.393s][info][gc,stats    ]    Subphase: Concurrent Classes Purge                      0.000 / 0.000         2.714 / 9.014         2.714 / 9.014         2.714 / 9.014       ms
[180.394s][info][gc,stats    ]    Subphase: Concurrent Classes Unlink                     0.000 / 0.000        58.381 / 212.844      58.381 / 212.844      58.381 / 212.844     ms
[180.396s][info][gc,stats    ]    Subphase: Concurrent Mark                               0.000 / 0.000       994.081 / 2200.628    994.081 / 2200.628    994.081 / 2200.628    ms
[180.400s][info][gc,stats    ]    Subphase: Concurrent Mark Try Flush                     0.000 / 0.000        12.189 / 69.665       12.189 / 69.665       12.189 / 69.665      ms
[180.402s][info][gc,stats    ]    Subphase: Concurrent Mark Try Terminate                 0.000 / 0.000         2.373 / 30.108        2.373 / 30.108        2.373 / 30.108      ms
[180.405s][info][gc,stats    ]    Subphase: Concurrent References Enqueue                 0.000 / 0.000         0.272 / 2.993         0.272 / 2.993         0.272 / 2.993       ms
[180.407s][info][gc,stats    ]    Subphase: Concurrent References Process                 0.000 / 0.000         1.748 / 7.419         1.748 / 7.419         1.748 / 7.419       ms
[180.410s][info][gc,stats    ]    Subphase: Concurrent Roots ClassLoaderDataGraph         1.438 / 1.438         1.751 / 12.229        1.751 / 12.229        1.751 / 12.229      ms
[180.412s][info][gc,stats    ]    Subphase: Concurrent Roots CodeCache                    0.000 / 0.000         0.000 / 0.000         0.000 / 0.000         0.000 / 0.000       ms
[180.414s][info][gc,stats    ]    Subphase: Concurrent Roots JavaThreads                 28.709 / 34.688       24.476 / 134.591      24.476 / 134.591      24.476 / 134.591     ms
[180.416s][info][gc,stats    ]    Subphase: Concurrent Roots OopStorageSet                0.664 / 0.664         1.597 / 18.763        1.597 / 18.763        1.597 / 18.763      ms
[180.419s][info][gc,stats    ]    Subphase: Concurrent Weak Roots OopStorageSet           0.000 / 0.000         5.175 / 25.256        5.175 / 25.256        5.175 / 25.256      ms
[180.423s][info][gc,stats    ]    Subphase: Pause Mark Try Complete                       0.000 / 0.000         0.000 / 0.000         0.000 / 0.000         0.000 / 0.000       ms
[180.425s][info][gc,stats    ]      System: Java Threads                                     75 / 75               73 / 89               73 / 89               73 / 89          threads
[180.427s][info][gc,stats    ] =========================================================================================================================================================
[180.707s][info][gc,phases   ] GC(13) Concurrent Mark 812.177ms
[180.712s][info][gc,phases   ] GC(13) Pause Mark End 0.240ms
[180.715s][info][gc,phases   ] GC(13) Concurrent Mark Free 0.003ms
[180.794s][info][gc,phases   ] GC(13) Concurrent Process Non-Strong References 72.169ms
[180.795s][info][gc,phases   ] GC(13) Concurrent Reset Relocation Set 0.036ms
[180.803s][info][gc,phases   ] GC(13) Concurrent Select Relocation Set 6.145ms
[180.817s][info][gc,phases   ] GC(13) Pause Relocate Start 0.018ms
[180.828s][info][gc,phases   ] GC(13) Concurrent Relocate 8.610ms
[180.840s][info][gc,load     ] GC(13) Load: 5.18/4.68/3.85
[180.843s][info][gc,mmu      ] GC(13) MMU: 2ms/0.0%, 5ms/0.0%, 10ms/40.3%, 20ms/70.1%, 50ms/88.1%, 100ms/94.0%
[180.844s][info][gc,marking  ] GC(13) Mark: 2 stripe(s), 2 proactive flush(es), 1 terminate flush(es), 0 completion(s), 0 continuation(s) 
[180.846s][info][gc,marking  ] GC(13) Mark Stack Usage: 32M
[180.847s][info][gc,nmethod  ] GC(13) NMethods: 6307 registered, 934 unregistered
[180.850s][info][gc,metaspace] GC(13) Metaspace: 52M used, 53M committed, 1072M reserved
[180.853s][info][gc,ref      ] GC(13) Soft: 5015 encountered, 0 discovered, 0 enqueued
[180.855s][info][gc,ref      ] GC(13) Weak: 3136 encountered, 815 discovered, 0 enqueued
[180.857s][info][gc,ref      ] GC(13) Final: 85 encountered, 77 discovered, 2 enqueued
[180.858s][info][gc,ref      ] GC(13) Phantom: 479 encountered, 297 discovered, 0 enqueued
[180.859s][info][gc,reloc    ] GC(13) Small Pages: 133 / 266M, Empty: 46M, Relocated: 4M, In-Place: 0
[180.861s][info][gc,reloc    ] GC(13) Medium Pages: 1 / 32M, Empty: 0M, Relocated: 0M, In-Place: 0
[180.862s][info][gc,reloc    ] GC(13) Large Pages: 65 / 868M, Empty: 834M, Relocated: 0M, In-Place: 0
[180.864s][info][gc,reloc    ] GC(13) Forwarding Usage: 1M
[180.865s][info][gc,heap     ] GC(13) Min Capacity: 256M(6%)
[180.866s][info][gc,heap     ] GC(13) Max Capacity: 4096M(100%)
[180.868s][info][gc,heap     ] GC(13) Soft Max Capacity: 4096M(100%)
[180.869s][info][gc,heap     ] GC(13)                Mark Start          Mark End        Relocate Start      Relocate End           High               Low         
[180.870s][info][gc,heap     ] GC(13)  Capacity:     3170M (77%)        3170M (77%)        3170M (77%)        3170M (77%)        3170M (77%)        3170M (77%)    
[180.872s][info][gc,heap     ] GC(13)      Free:     2930M (72%)        2882M (70%)        3762M (92%)        3874M (95%)        3874M (95%)        2882M (70%)    
[180.873s][info][gc,heap     ] GC(13)      Used:     1166M (28%)        1214M (30%)         334M (8%)          222M (5%)         1214M (30%)         222M (5%)     
[180.874s][info][gc,heap     ] GC(13)      Live:         -               128M (3%)          128M (3%)          128M (3%)             -                  -          
[180.876s][info][gc,heap     ] GC(13) Allocated:         -                48M (1%)           48M (1%)           51M (1%)             -                  -          
[180.877s][info][gc,heap     ] GC(13)   Garbage:         -              1037M (25%)         157M (4%)           41M (1%)             -                  -          
[180.878s][info][gc,heap     ] GC(13) Reclaimed:         -                  -               880M (21%)         995M (24%)            -                  -          
[180.879s][info][gc          ] GC(13) Garbage Collection (Allocation Rate) 1166M(28%)->222M(5%)
[190.249s][info][gc,stats    ] === Garbage Collection Statistics =======================================================================================================================
[190.251s][info][gc,stats    ]                                                              Last 10s              Last 10m              Last 10h                Total
[190.253s][info][gc,stats    ]                                                              Avg / Max             Avg / Max             Avg / Max             Avg / Max
[190.254s][info][gc,stats    ]   Collector: Garbage Collection Cycle                    986.326 / 986.326    1251.267 / 2954.243   1251.267 / 2954.243   1251.267 / 2954.243    ms
[190.257s][info][gc,stats    ]  Contention: Mark Segment Reset Contention                     0 / 0                 0 / 2                 0 / 2                 0 / 2           ops/s
[190.258s][info][gc,stats    ]  Contention: Mark SeqNum Reset Contention                      0 / 0                 0 / 0                 0 / 0                 0 / 0           ops/s
[190.259s][info][gc,stats    ]    Critical: Allocation Stall                                  0 / 0                 0 / 0                 0 / 0                 0 / 0           ops/s
[190.260s][info][gc,stats    ]    Critical: Allocation Stall                              0.000 / 0.000         0.000 / 0.000         0.000 / 0.000         0.000 / 0.000       ms
[190.262s][info][gc,stats    ]    Critical: GC Locker Stall                                   0 / 0                 0 / 1                 0 / 1                 0 / 1           ops/s
[190.263s][info][gc,stats    ]    Critical: GC Locker Stall                               0.000 / 0.000         1.239 / 2.323         1.239 / 2.323         1.239 / 2.323       ms
[190.265s][info][gc,stats    ]    Critical: Relocation Stall                                  0 / 0                 0 / 0                 0 / 0                 0 / 0           ops/s
[190.266s][info][gc,stats    ]    Critical: Relocation Stall                              0.000 / 0.000         0.000 / 0.000         0.000 / 0.000         0.000 / 0.000       ms
[190.267s][info][gc,stats    ]      Memory: Allocation Rate                                  27 / 42               65 / 516              65 / 516              65 / 516         MB/s
[190.268s][info][gc,stats    ]      Memory: Out Of Memory                                     0 / 0                 0 / 0                 0 / 0                 0 / 0           ops/s
[190.269s][info][gc,stats    ]      Memory: Page Cache Flush                                  0 / 0                 0 / 0                 0 / 0                 0 / 0           MB/s
[190.271s][info][gc,stats    ]      Memory: Page Cache Hit L1                                 9 / 16               11 / 146              11 / 146              11 / 146         ops/s
[190.272s][info][gc,stats    ]      Memory: Page Cache Hit L2                                 0 / 0                 0 / 0                 0 / 0                 0 / 0           ops/s
[190.273s][info][gc,stats    ]      Memory: Page Cache Hit L3                                 0 / 0                 0 / 24                0 / 24                0 / 24          ops/s
[190.274s][info][gc,stats    ]      Memory: Page Cache Miss                                   0 / 0                 2 / 67                2 / 67                2 / 67          ops/s
[190.275s][info][gc,stats    ]      Memory: Uncommit                                          0 / 0                 0 / 0                 0 / 0                 0 / 0           MB/s
[190.277s][info][gc,stats    ]      Memory: Undo Object Allocation Failed                     0 / 0                 0 / 0                 0 / 0                 0 / 0           ops/s
[190.278s][info][gc,stats    ]      Memory: Undo Object Allocation Succeeded                  0 / 0                 0 / 5                 0 / 5                 0 / 5           ops/s
[190.279s][info][gc,stats    ]      Memory: Undo Page Allocation                              0 / 0                 0 / 22                0 / 22                0 / 22          ops/s
[190.280s][info][gc,stats    ]       Phase: Concurrent Mark                             812.177 / 812.177    1017.336 / 2350.351   1017.336 / 2350.351   1017.336 / 2350.351    ms
[190.282s][info][gc,stats    ]       Phase: Concurrent Mark Continue                      0.000 / 0.000         0.000 / 0.000         0.000 / 0.000         0.000 / 0.000       ms
[190.283s][info][gc,stats    ]       Phase: Concurrent Mark Free                          0.003 / 0.003         0.004 / 0.006         0.004 / 0.006         0.004 / 0.006       ms
[190.286s][info][gc,stats    ]       Phase: Concurrent Process Non-Strong References     72.169 / 72.169       82.547 / 268.016      82.547 / 268.016      82.547 / 268.016     ms
[190.287s][info][gc,stats    ]       Phase: Concurrent Relocate                           8.610 / 8.610        65.773 / 311.289      65.773 / 311.289      65.773 / 311.289     ms
[190.288s][info][gc,stats    ]       Phase: Concurrent Reset Relocation Set               0.036 / 0.036         0.072 / 0.415         0.072 / 0.415         0.072 / 0.415       ms
[190.289s][info][gc,stats    ]       Phase: Concurrent Select Relocation Set              6.145 / 6.145        27.753 / 190.196      27.753 / 190.196      27.753 / 190.196     ms
[190.291s][info][gc,stats    ]       Phase: Pause Mark End                                0.240 / 0.240         0.076 / 0.240         0.076 / 0.240         0.076 / 0.240       ms
[190.292s][info][gc,stats    ]       Phase: Pause Mark Start                              0.000 / 0.000         0.455 / 5.975         0.455 / 5.975         0.455 / 5.975       ms
[190.293s][info][gc,stats    ]       Phase: Pause Relocate Start                          0.018 / 0.018         0.091 / 1.051         0.091 / 1.051         0.091 / 1.051       ms
[190.294s][info][gc,stats    ]    Subphase: Concurrent Classes Purge                      0.707 / 0.707         2.571 / 9.014         2.571 / 9.014         2.571 / 9.014       ms
[190.296s][info][gc,stats    ]    Subphase: Concurrent Classes Unlink                    49.499 / 49.499       57.747 / 212.844      57.747 / 212.844      57.747 / 212.844     ms
[190.297s][info][gc,stats    ]    Subphase: Concurrent Mark                             768.208 / 769.613     977.947 / 2200.628    977.947 / 2200.628    977.947 / 2200.628    ms
[190.298s][info][gc,stats    ]    Subphase: Concurrent Mark Try Flush                     1.506 / 3.613        11.573 / 69.665       11.573 / 69.665       11.573 / 69.665      ms
[190.300s][info][gc,stats    ]    Subphase: Concurrent Mark Try Terminate                 1.203 / 3.007         2.330 / 30.108        2.330 / 30.108        2.330 / 30.108      ms
[190.301s][info][gc,stats    ]    Subphase: Concurrent References Enqueue                 0.545 / 0.545         0.292 / 2.993         0.292 / 2.993         0.292 / 2.993       ms
[190.303s][info][gc,stats    ]    Subphase: Concurrent References Process                 1.326 / 1.326         1.718 / 7.419         1.718 / 7.419         1.718 / 7.419       ms
[190.304s][info][gc,stats    ]    Subphase: Concurrent Roots ClassLoaderDataGraph         0.000 / 0.000         1.751 / 12.229        1.751 / 12.229        1.751 / 12.229      ms
[190.305s][info][gc,stats    ]    Subphase: Concurrent Roots CodeCache                    0.000 / 0.000         0.000 / 0.000         0.000 / 0.000         0.000 / 0.000       ms
[190.307s][info][gc,stats    ]    Subphase: Concurrent Roots JavaThreads                  0.000 / 0.000        24.476 / 134.591      24.476 / 134.591      24.476 / 134.591     ms
[190.308s][info][gc,stats    ]    Subphase: Concurrent Roots OopStorageSet                0.000 / 0.000         1.597 / 18.763        1.597 / 18.763        1.597 / 18.763      ms
[190.309s][info][gc,stats    ]    Subphase: Concurrent Weak Roots OopStorageSet           7.189 / 14.226        5.336 / 25.256        5.336 / 25.256        5.336 / 25.256      ms
[190.310s][info][gc,stats    ]    Subphase: Pause Mark Try Complete                       0.000 / 0.000         0.000 / 0.000         0.000 / 0.000         0.000 / 0.000       ms
[190.311s][info][gc,stats    ]      System: Java Threads                                     75 / 75               73 / 89               73 / 89               73 / 89          threads
[190.313s][info][gc,stats    ] =========================================================================================================================================================
[190.749s][info][gc,start    ] GC(14) Garbage Collection (Allocation Rate)
[190.751s][info][gc,task     ] GC(14) Using 2 workers
[190.754s][info][gc,phases   ] GC(14) Pause Mark Start 0.012ms
[190.930s][info][gc,phases   ] GC(14) Concurrent Mark 174.359ms
[190.932s][info][gc,phases   ] GC(14) Pause Mark End 0.025ms
[190.934s][info][gc,phases   ] GC(14) Concurrent Mark Free 0.002ms
[190.951s][info][gc,phases   ] GC(14) Concurrent Process Non-Strong References 16.238ms
[190.952s][info][gc,phases   ] GC(14) Concurrent Reset Relocation Set 0.012ms
[190.957s][info][gc,phases   ] GC(14) Concurrent Select Relocation Set 3.749ms
[190.959s][info][gc,phases   ] GC(14) Pause Relocate Start 0.013ms
[190.966s][info][gc,phases   ] GC(14) Concurrent Relocate 5.367ms
[190.968s][info][gc,load     ] GC(14) Load: 4.83/4.62/3.84
[190.970s][info][gc,mmu      ] GC(14) MMU: 2ms/0.0%, 5ms/0.0%, 10ms/40.3%, 20ms/70.1%, 50ms/88.1%, 100ms/94.0%
[190.971s][info][gc,marking  ] GC(14) Mark: 2 stripe(s), 2 proactive flush(es), 1 terminate flush(es), 0 completion(s), 0 continuation(s) 
[190.972s][info][gc,marking  ] GC(14) Mark Stack Usage: 32M
[190.974s][info][gc,nmethod  ] GC(14) NMethods: 6325 registered, 934 unregistered
[190.975s][info][gc,metaspace] GC(14) Metaspace: 52M used, 53M committed, 1072M reserved
[190.976s][info][gc,ref      ] GC(14) Soft: 5015 encountered, 0 discovered, 0 enqueued
[190.977s][info][gc,ref      ] GC(14) Weak: 3151 encountered, 418 discovered, 0 enqueued
[190.978s][info][gc,ref      ] GC(14) Final: 85 encountered, 2 discovered, 2 enqueued
[190.979s][info][gc,ref      ] GC(14) Phantom: 479 encountered, 373 discovered, 0 enqueued
[190.981s][info][gc,reloc    ] GC(14) Small Pages: 138 / 276M, Empty: 54M, Relocated: 4M, In-Place: 0
[190.982s][info][gc,reloc    ] GC(14) Medium Pages: 1 / 32M, Empty: 0M, Relocated: 0M, In-Place: 0
[190.984s][info][gc,reloc    ] GC(14) Large Pages: 51 / 634M, Empty: 600M, Relocated: 0M, In-Place: 0
[190.985s][info][gc,reloc    ] GC(14) Forwarding Usage: 1M
[190.987s][info][gc,heap     ] GC(14) Min Capacity: 256M(6%)
[190.988s][info][gc,heap     ] GC(14) Max Capacity: 4096M(100%)
[190.989s][info][gc,heap     ] GC(14) Soft Max Capacity: 4096M(100%)
[190.990s][info][gc,heap     ] GC(14)                Mark Start          Mark End        Relocate Start      Relocate End           High               Low         
[190.991s][info][gc,heap     ] GC(14)  Capacity:     3170M (77%)        3170M (77%)        3170M (77%)        3170M (77%)        3170M (77%)        3170M (77%)    
[190.992s][info][gc,heap     ] GC(14)      Free:     3154M (77%)        3138M (77%)        3792M (93%)        3910M (95%)        3910M (95%)        3138M (77%)    
[190.994s][info][gc,heap     ] GC(14)      Used:      942M (23%)         958M (23%)         304M (7%)          186M (5%)          958M (23%)         186M (5%)     
[190.995s][info][gc,heap     ] GC(14)      Live:         -               128M (3%)          128M (3%)          128M (3%)             -                  -          
[190.996s][info][gc,heap     ] GC(14) Allocated:         -                16M (0%)           16M (0%)           15M (0%)             -                  -          
[190.998s][info][gc,heap     ] GC(14)   Garbage:         -               813M (20%)         159M (4%)           41M (1%)             -                  -          
[190.999s][info][gc,heap     ] GC(14) Reclaimed:         -                  -               654M (16%)         771M (19%)            -                  -          
[191.000s][info][gc          ] GC(14) Garbage Collection (Allocation Rate) 942M(23%)->186M(5%)
[191.049s][info][gc,start    ] GC(15) Garbage Collection (Allocation Rate)
[191.051s][info][gc,task     ] GC(15) Using 2 workers
[191.052s][info][gc,phases   ] GC(15) Pause Mark Start 0.012ms
[191.210s][info][gc,phases   ] GC(15) Concurrent Mark 156.246ms
[191.212s][info][gc,phases   ] GC(15) Pause Mark End 0.020ms
[191.213s][info][gc,phases   ] GC(15) Concurrent Mark Free 0.003ms
[191.227s][info][gc,phases   ] GC(15) Concurrent Process Non-Strong References 13.449ms
[191.229s][info][gc,phases   ] GC(15) Concurrent Reset Relocation Set 0.015ms
[191.234s][info][gc,phases   ] GC(15) Concurrent Select Relocation Set 3.806ms
[191.237s][info][gc,phases   ] GC(15) Pause Relocate Start 0.013ms
[191.240s][info][gc,phases   ] GC(15) Concurrent Relocate 1.725ms
[191.241s][info][gc,load     ] GC(15) Load: 4.83/4.62/3.84
[191.243s][info][gc,mmu      ] GC(15) MMU: 2ms/0.0%, 5ms/0.0%, 10ms/40.3%, 20ms/70.1%, 50ms/88.1%, 100ms/94.0%
[191.244s][info][gc,marking  ] GC(15) Mark: 2 stripe(s), 2 proactive flush(es), 1 terminate flush(es), 0 completion(s), 0 continuation(s) 
[191.245s][info][gc,marking  ] GC(15) Mark Stack Usage: 32M
[191.246s][info][gc,nmethod  ] GC(15) NMethods: 6325 registered, 934 unregistered
[191.248s][info][gc,metaspace] GC(15) Metaspace: 52M used, 53M committed, 1072M reserved
[191.249s][info][gc,ref      ] GC(15) Soft: 5015 encountered, 0 discovered, 0 enqueued
[191.250s][info][gc,ref      ] GC(15) Weak: 3151 encountered, 406 discovered, 0 enqueued
[191.251s][info][gc,ref      ] GC(15) Final: 83 encountered, 0 discovered, 0 enqueued
[191.253s][info][gc,ref      ] GC(15) Phantom: 479 encountered, 380 discovered, 0 enqueued
[191.254s][info][gc,reloc    ] GC(15) Small Pages: 61 / 122M, Empty: 0M, Relocated: 0M, In-Place: 0
[191.255s][info][gc,reloc    ] GC(15) Medium Pages: 1 / 32M, Empty: 0M, Relocated: 0M, In-Place: 0
[191.257s][info][gc,reloc    ] GC(15) Large Pages: 1 / 34M, Empty: 0M, Relocated: 0M, In-Place: 0
[191.258s][info][gc,reloc    ] GC(15) Forwarding Usage: 0M
[191.259s][info][gc,heap     ] GC(15) Min Capacity: 256M(6%)
[191.260s][info][gc,heap     ] GC(15) Max Capacity: 4096M(100%)
[191.261s][info][gc,heap     ] GC(15) Soft Max Capacity: 4096M(100%)
[191.263s][info][gc,heap     ] GC(15)                Mark Start          Mark End        Relocate Start      Relocate End           High               Low         
[191.264s][info][gc,heap     ] GC(15)  Capacity:     3170M (77%)        3170M (77%)        3170M (77%)        3170M (77%)        3170M (77%)        3170M (77%)    
[191.265s][info][gc,heap     ] GC(15)      Free:     3908M (95%)        3892M (95%)        3892M (95%)        3908M (95%)        3908M (95%)        3890M (95%)    
[191.266s][info][gc,heap     ] GC(15)      Used:      188M (5%)          204M (5%)          204M (5%)          188M (5%)          206M (5%)          188M (5%)     
[191.268s][info][gc,heap     ] GC(15)      Live:         -               128M (3%)          128M (3%)          128M (3%)             -                  -          
[191.269s][info][gc,heap     ] GC(15) Allocated:         -                16M (0%)           16M (0%)           15M (0%)             -                  -          
[191.270s][info][gc,heap     ] GC(15)   Garbage:         -                59M (1%)           59M (1%)           43M (1%)             -                  -          
[191.271s][info][gc,heap     ] GC(15) Reclaimed:         -                  -                 0M (0%)           15M (0%)             -                  -          
[191.273s][info][gc          ] GC(15) Garbage Collection (Allocation Rate) 188M(5%)->188M(5%)
[200.249s][info][gc,stats    ] === Garbage Collection Statistics =======================================================================================================================
[200.250s][info][gc,stats    ]                                                              Last 10s              Last 10m              Last 10h                Total
[200.252s][info][gc,stats    ]                                                              Avg / Max             Avg / Max             Avg / Max             Avg / Max
[200.253s][info][gc,stats    ]   Collector: Garbage Collection Cycle                    205.377 / 218.619    1120.530 / 2954.243   1120.530 / 2954.243   1120.530 / 2954.243    ms
[200.254s][info][gc,stats    ]  Contention: Mark Segment Reset Contention                     0 / 0                 0 / 2                 0 / 2                 0 / 2           ops/s
[200.255s][info][gc,stats    ]  Contention: Mark SeqNum Reset Contention                      0 / 0                 0 / 0                 0 / 0                 0 / 0           ops/s
[200.256s][info][gc,stats    ]    Critical: Allocation Stall                                  0 / 0                 0 / 0                 0 / 0                 0 / 0           ops/s
[200.258s][info][gc,stats    ]    Critical: Allocation Stall                              0.000 / 0.000         0.000 / 0.000         0.000 / 0.000         0.000 / 0.000       ms
[200.259s][info][gc,stats    ]    Critical: GC Locker Stall                                   0 / 0                 0 / 1                 0 / 1                 0 / 1           ops/s
[200.260s][info][gc,stats    ]    Critical: GC Locker Stall                               0.000 / 0.000         1.239 / 2.323         1.239 / 2.323         1.239 / 2.323       ms
[200.262s][info][gc,stats    ]    Critical: Relocation Stall                                  0 / 0                 0 / 0                 0 / 0                 0 / 0           ops/s
[200.263s][info][gc,stats    ]    Critical: Relocation Stall                              0.000 / 0.000         0.000 / 0.000         0.000 / 0.000         0.000 / 0.000       ms
[200.264s][info][gc,stats    ]      Memory: Allocation Rate                                  74 / 508              65 / 516              65 / 516              65 / 516         MB/s
[200.265s][info][gc,stats    ]      Memory: Out Of Memory                                     0 / 0                 0 / 0                 0 / 0                 0 / 0           ops/s
[200.266s][info][gc,stats    ]      Memory: Page Cache Flush                                  0 / 0                 0 / 0                 0 / 0                 0 / 0           MB/s
[200.267s][info][gc,stats    ]      Memory: Page Cache Hit L1                                13 / 53               11 / 146              11 / 146              11 / 146         ops/s
[200.268s][info][gc,stats    ]      Memory: Page Cache Hit L2                                 0 / 0                 0 / 0                 0 / 0                 0 / 0           ops/s
[200.269s][info][gc,stats    ]      Memory: Page Cache Hit L3                                 0 / 0                 0 / 24                0 / 24                0 / 24          ops/s
[200.270s][info][gc,stats    ]      Memory: Page Cache Miss                                   0 / 0                 2 / 67                2 / 67                2 / 67          ops/s
[200.272s][info][gc,stats    ]      Memory: Uncommit                                          0 / 0                 0 / 0                 0 / 0                 0 / 0           MB/s
[200.273s][info][gc,stats    ]      Memory: Undo Object Allocation Failed                     0 / 0                 0 / 0                 0 / 0                 0 / 0           ops/s
[200.274s][info][gc,stats    ]      Memory: Undo Object Allocation Succeeded                  0 / 0                 0 / 5                 0 / 5                 0 / 5           ops/s
[200.275s][info][gc,stats    ]      Memory: Undo Page Allocation                              0 / 0                 0 / 22                0 / 22                0 / 22          ops/s
[200.276s][info][gc,stats    ]       Phase: Concurrent Mark                             165.303 / 174.359     910.832 / 2350.351    910.832 / 2350.351    910.832 / 2350.351    ms
[200.277s][info][gc,stats    ]       Phase: Concurrent Mark Continue                      0.000 / 0.000         0.000 / 0.000         0.000 / 0.000         0.000 / 0.000       ms
[200.279s][info][gc,stats    ]       Phase: Concurrent Mark Free                          0.003 / 0.003         0.004 / 0.006         0.004 / 0.006         0.004 / 0.006       ms
[200.280s][info][gc,stats    ]       Phase: Concurrent Process Non-Strong References     14.843 / 16.238       74.084 / 268.016      74.084 / 268.016      74.084 / 268.016     ms
[200.281s][info][gc,stats    ]       Phase: Concurrent Relocate                           3.546 / 5.367        57.994 / 311.289      57.994 / 311.289      57.994 / 311.289     ms
[200.282s][info][gc,stats    ]       Phase: Concurrent Reset Relocation Set               0.013 / 0.015         0.065 / 0.415         0.065 / 0.415         0.065 / 0.415       ms
[200.284s][info][gc,stats    ]       Phase: Concurrent Select Relocation Set              3.778 / 3.806        24.756 / 190.196      24.756 / 190.196      24.756 / 190.196     ms
[200.285s][info][gc,stats    ]       Phase: Pause Mark End                                0.023 / 0.025         0.069 / 0.240         0.069 / 0.240         0.069 / 0.240       ms
[200.286s][info][gc,stats    ]       Phase: Pause Mark Start                              0.012 / 0.012         0.400 / 5.975         0.400 / 5.975         0.400 / 5.975       ms
[200.287s][info][gc,stats    ]       Phase: Pause Relocate Start                          0.013 / 0.013         0.081 / 1.051         0.081 / 1.051         0.081 / 1.051       ms
[200.288s][info][gc,stats    ]    Subphase: Concurrent Classes Purge                      0.758 / 0.855         2.344 / 9.014         2.344 / 9.014         2.344 / 9.014       ms
[200.289s][info][gc,stats    ]    Subphase: Concurrent Classes Unlink                    11.408 / 12.416       51.954 / 212.844      51.954 / 212.844      51.954 / 212.844     ms
[200.290s][info][gc,stats    ]    Subphase: Concurrent Mark                             161.046 / 169.713     875.835 / 2200.628    875.835 / 2200.628    875.835 / 2200.628    ms
[200.291s][info][gc,stats    ]    Subphase: Concurrent Mark Try Flush                     0.378 / 0.753        10.415 / 69.665       10.415 / 69.665       10.415 / 69.665      ms
[200.292s][info][gc,stats    ]    Subphase: Concurrent Mark Try Terminate                 0.676 / 1.261         2.271 / 30.108        2.271 / 30.108        2.271 / 30.108      ms
[200.293s][info][gc,stats    ]    Subphase: Concurrent References Enqueue                 0.028 / 0.055         0.259 / 2.993         0.259 / 2.993         0.259 / 2.993       ms
[200.294s][info][gc,stats    ]    Subphase: Concurrent References Process                 0.496 / 0.563         1.565 / 7.419         1.565 / 7.419         1.565 / 7.419       ms
[200.295s][info][gc,stats    ]    Subphase: Concurrent Roots ClassLoaderDataGraph         0.444 / 0.776         1.558 / 12.229        1.558 / 12.229        1.558 / 12.229      ms
[200.296s][info][gc,stats    ]    Subphase: Concurrent Roots CodeCache                    0.000 / 0.000         0.000 / 0.000         0.000 / 0.000         0.000 / 0.000       ms
[200.297s][info][gc,stats    ]    Subphase: Concurrent Roots JavaThreads                  2.683 / 3.483        21.752 / 134.591      21.752 / 134.591      21.752 / 134.591     ms
[200.298s][info][gc,stats    ]    Subphase: Concurrent Roots OopStorageSet                0.141 / 0.196         1.389 / 18.763        1.389 / 18.763        1.389 / 18.763      ms
[200.298s][info][gc,stats    ]    Subphase: Concurrent Weak Roots OopStorageSet           1.469 / 1.735         4.803 / 25.256        4.803 / 25.256        4.803 / 25.256      ms
[200.299s][info][gc,stats    ]    Subphase: Pause Mark Try Complete                       0.000 / 0.000         0.000 / 0.000         0.000 / 0.000         0.000 / 0.000       ms
[200.304s][info][gc,stats    ]      System: Java Threads                                     75 / 75               73 / 89               73 / 89               73 / 89          threads
[200.305s][info][gc,stats    ] =========================================================================================================================================================
[0.039s][info][gc,init] Initializing The Z Garbage Collector
[0.041s][info][gc,init] Version: 17.0.2+8-86 (release)
[0.042s][info][gc,init] NUMA Support: Disabled
[0.043s][info][gc,init] CPUs: 6 total, 6 available
[0.045s][info][gc,init] Memory: 8192M
[0.046s][info][gc,init] Large Page Support: Disabled
[0.048s][info][gc,init] GC Workers: 2 (dynamic)
[0.053s][info][gc,init] Address Space Type: Contiguous/Unrestricted/Complete
[0.055s][info][gc,init] Address Space Size: 65536M x 3 = 196608M
[0.056s][info][gc,init] Heap Backing File: /memfd:java_heap
[0.057s][info][gc,init] Heap Backing Filesystem: tmpfs (0x1021994)
[0.059s][info][gc,init] Min Capacity: 256M
[0.062s][info][gc,init] Initial Capacity: 256M
[0.063s][info][gc,init] Max Capacity: 4096M
[0.065s][info][gc,init] Medium Page Size: 32M
[0.066s][info][gc,init] Pre-touch: Disabled
[0.068s][info][gc,init] Available space on backing filesystem: N/A
[0.074s][info][gc,init] Uncommit: Enabled
[0.075s][info][gc,init] Uncommit Delay: 300s
[0.167s][info][gc,init] Runtime Workers: 4
[0.171s][info][gc     ] Using The Z Garbage Collector
[0.175s][info][gc,metaspace] CDS archive(s) mapped at: [0x0000000800000000-0x0000000800bb4000-0x0000000800bb4000), size 12271616, SharedBaseAddress: 0x0000000800000000, ArchiveRelocationMode: 0.
[0.176s][info][gc,metaspace] Compressed class space mapped at: 0x0000000800c00000-0x0000000840c00000, reserved size: 1073741824
[0.177s][info][gc,metaspace] Narrow klass base: 0x0000000800000000, Narrow klass shift: 0, Narrow klass range: 0x100000000
[10.236s][info][gc,stats    ] === Garbage Collection Statistics =======================================================================================================================
[10.244s][info][gc,stats    ]                                                              Last 10s              Last 10m              Last 10h                Total
[10.245s][info][gc,stats    ]                                                              Avg / Max             Avg / Max             Avg / Max             Avg / Max
[10.256s][info][gc,stats    ]   Collector: Garbage Collection Cycle                      0.000 / 0.000         0.000 / 0.000         0.000 / 0.000         0.000 / 0.000       ms
[10.258s][info][gc,stats    ]  Contention: Mark Segment Reset Contention                     0 / 0                 0 / 0                 0 / 0                 0 / 0           ops/s
[10.259s][info][gc,stats    ]  Contention: Mark SeqNum Reset Contention                      0 / 0                 0 / 0                 0 / 0                 0 / 0           ops/s
[10.268s][info][gc,stats    ]    Critical: Allocation Stall                                  0 / 0                 0 / 0                 0 / 0                 0 / 0           ops/s
[10.269s][info][gc,stats    ]    Critical: Allocation Stall                              0.000 / 0.000         0.000 / 0.000         0.000 / 0.000         0.000 / 0.000       ms
[10.272s][info][gc,stats    ]    Critical: GC Locker Stall                                   0 / 0                 0 / 0                 0 / 0                 0 / 0           ops/s
[10.273s][info][gc,stats    ]    Critical: GC Locker Stall                               0.000 / 0.000         0.000 / 0.000         0.000 / 0.000         0.000 / 0.000       ms
[10.275s][info][gc,stats    ]    Critical: Relocation Stall                                  0 / 0                 0 / 0                 0 / 0                 0 / 0           ops/s
[10.278s][info][gc,stats    ]    Critical: Relocation Stall                              0.000 / 0.000         0.000 / 0.000         0.000 / 0.000         0.000 / 0.000       ms
[10.280s][info][gc,stats    ]      Memory: Allocation Rate                                  17 / 46               17 / 46               17 / 46               17 / 46          MB/s
[10.283s][info][gc,stats    ]      Memory: Out Of Memory                                     0 / 0                 0 / 0                 0 / 0                 0 / 0           ops/s
[10.284s][info][gc,stats    ]      Memory: Page Cache Flush                                  0 / 0                 0 / 0                 0 / 0                 0 / 0           MB/s
[10.287s][info][gc,stats    ]      Memory: Page Cache Hit L1                                 0 / 1                 0 / 1                 0 / 1                 0 / 1           ops/s
[10.290s][info][gc,stats    ]      Memory: Page Cache Hit L2                                 0 / 0                 0 / 0                 0 / 0                 0 / 0           ops/s
[10.293s][info][gc,stats    ]      Memory: Page Cache Hit L3                                 7 / 13                7 / 13                7 / 13                7 / 13          ops/s
[10.299s][info][gc,stats    ]      Memory: Page Cache Miss                                   0 / 1                 0 / 1                 0 / 1                 0 / 1           ops/s
[10.302s][info][gc,stats    ]      Memory: Uncommit                                          0 / 0                 0 / 0                 0 / 0                 0 / 0           MB/s
[10.305s][info][gc,stats    ]      Memory: Undo Object Allocation Failed                     0 / 0                 0 / 0                 0 / 0                 0 / 0           ops/s
[10.306s][info][gc,stats    ]      Memory: Undo Object Allocation Succeeded                  0 / 0                 0 / 0                 0 / 0                 0 / 0           ops/s
[10.309s][info][gc,stats    ]      Memory: Undo Page Allocation                              0 / 1                 0 / 1                 0 / 1                 0 / 1           ops/s
[10.312s][info][gc,stats    ]       Phase: Concurrent Mark                               0.000 / 0.000         0.000 / 0.000         0.000 / 0.000         0.000 / 0.000       ms
[10.315s][info][gc,stats    ]       Phase: Concurrent Mark Continue                      0.000 / 0.000         0.000 / 0.000         0.000 / 0.000         0.000 / 0.000       ms
[10.317s][info][gc,stats    ]       Phase: Concurrent Mark Free                          0.000 / 0.000         0.000 / 0.000         0.000 / 0.000         0.000 / 0.000       ms
[10.319s][info][gc,stats    ]       Phase: Concurrent Process Non-Strong References      0.000 / 0.000         0.000 / 0.000         0.000 / 0.000         0.000 / 0.000       ms
[10.322s][info][gc,stats    ]       Phase: Concurrent Relocate                           0.000 / 0.000         0.000 / 0.000         0.000 / 0.000         0.000 / 0.000       ms
[10.325s][info][gc,stats    ]       Phase: Concurrent Reset Relocation Set               0.000 / 0.000         0.000 / 0.000         0.000 / 0.000         0.000 / 0.000       ms
[10.327s][info][gc,stats    ]       Phase: Concurrent Select Relocation Set              0.000 / 0.000         0.000 / 0.000         0.000 / 0.000         0.000 / 0.000       ms
[10.329s][info][gc,stats    ]       Phase: Pause Mark End                                0.000 / 0.000         0.000 / 0.000         0.000 / 0.000         0.000 / 0.000       ms
[10.332s][info][gc,stats    ]       Phase: Pause Mark Start                              0.000 / 0.000         0.000 / 0.000         0.000 / 0.000         0.000 / 0.000       ms
[10.335s][info][gc,stats    ]       Phase: Pause Relocate Start                          0.000 / 0.000         0.000 / 0.000         0.000 / 0.000         0.000 / 0.000       ms
[10.339s][info][gc,stats    ]    Subphase: Concurrent Classes Purge                      0.000 / 0.000         0.000 / 0.000         0.000 / 0.000         0.000 / 0.000       ms
[10.342s][info][gc,stats    ]    Subphase: Concurrent Classes Unlink                     0.000 / 0.000         0.000 / 0.000         0.000 / 0.000         0.000 / 0.000       ms
[10.345s][info][gc,stats    ]    Subphase: Concurrent Mark                               0.000 / 0.000         0.000 / 0.000         0.000 / 0.000         0.000 / 0.000       ms
[10.350s][info][gc,stats    ]    Subphase: Concurrent Mark Try Flush                     0.000 / 0.000         0.000 / 0.000         0.000 / 0.000         0.000 / 0.000       ms
[10.352s][info][gc,stats    ]    Subphase: Concurrent Mark Try Terminate                 0.000 / 0.000         0.000 / 0.000         0.000 / 0.000         0.000 / 0.000       ms
[10.355s][info][gc,stats    ]    Subphase: Concurrent References Enqueue                 0.000 / 0.000         0.000 / 0.000         0.000 / 0.000         0.000 / 0.000       ms
[10.358s][info][gc,stats    ]    Subphase: Concurrent References Process                 0.000 / 0.000         0.000 / 0.000         0.000 / 0.000         0.000 / 0.000       ms
[10.361s][info][gc,stats    ]    Subphase: Concurrent Roots ClassLoaderDataGraph         0.000 / 0.000         0.000 / 0.000         0.000 / 0.000         0.000 / 0.000       ms
[10.366s][info][gc,stats    ]    Subphase: Concurrent Roots CodeCache                    0.000 / 0.000         0.000 / 0.000         0.000 / 0.000         0.000 / 0.000       ms
[10.368s][info][gc,stats    ]    Subphase: Concurrent Roots JavaThreads                  0.000 / 0.000         0.000 / 0.000         0.000 / 0.000         0.000 / 0.000       ms
[10.370s][info][gc,stats    ]    Subphase: Concurrent Roots OopStorageSet                0.000 / 0.000         0.000 / 0.000         0.000 / 0.000         0.000 / 0.000       ms
[10.372s][info][gc,stats    ]    Subphase: Concurrent Weak Roots OopStorageSet           0.000 / 0.000         0.000 / 0.000         0.000 / 0.000         0.000 / 0.000       ms
[10.375s][info][gc,stats    ]    Subphase: Pause Mark Try Complete                       0.000 / 0.000         0.000 / 0.000         0.000 / 0.000         0.000 / 0.000       ms
[10.376s][info][gc,stats    ]      System: Java Threads                                      0 / 0                 0 / 0                 0 / 0                 0 / 0           threads
[10.378s][info][gc,stats    ] =========================================================================================================================================================
[12.736s][info][gc,start    ] GC(0) Garbage Collection (Warmup)
[12.739s][info][gc,task     ] GC(0) Using 2 workers
[12.772s][info][gc,phases   ] GC(0) Pause Mark Start 0.018ms
[14.223s][info][gc,phases   ] GC(0) Concurrent Mark 1448.254ms
[14.237s][info][gc,phases   ] GC(0) Pause Mark End 0.019ms
[14.254s][info][gc,phases   ] GC(0) Concurrent Mark Free 0.004ms
[14.366s][info][gc,phases   ] GC(0) Concurrent Process Non-Strong References 107.336ms
[14.368s][info][gc,phases   ] GC(0) Concurrent Reset Relocation Set 0.002ms
[14.577s][info][gc,phases   ] GC(0) Concurrent Select Relocation Set 208.028ms
[14.591s][info][gc,phases   ] GC(0) Pause Relocate Start 0.014ms
[15.331s][info][gc,phases   ] GC(0) Concurrent Relocate 730.247ms
[15.333s][info][gc,load     ] GC(0) Load: 6.26/4.79/3.93
[15.335s][info][gc,mmu      ] GC(0) MMU: 2ms/99.0%, 5ms/99.6%, 10ms/99.8%, 20ms/99.9%, 50ms/100.0%, 100ms/100.0%
[15.344s][info][gc,marking  ] GC(0) Mark: 2 stripe(s), 2 proactive flush(es), 1 terminate flush(es), 0 completion(s), 0 continuation(s) 
[15.345s][info][gc,marking  ] GC(0) Mark Stack Usage: 32M
[15.346s][info][gc,nmethod  ] GC(0) NMethods: 2779 registered, 0 unregistered
[15.348s][info][gc,metaspace] GC(0) Metaspace: 17M used, 17M committed, 1048M reserved
[15.352s][info][gc,ref      ] GC(0) Soft: 3817 encountered, 0 discovered, 0 enqueued
[15.353s][info][gc,ref      ] GC(0) Weak: 1520 encountered, 616 discovered, 241 enqueued
[15.354s][info][gc,ref      ] GC(0) Final: 16 encountered, 16 discovered, 13 enqueued
[15.355s][info][gc,ref      ] GC(0) Phantom: 789 encountered, 528 discovered, 249 enqueued
[15.360s][info][gc,reloc    ] GC(0) Small Pages: 193 / 386M, Empty: 4M, Relocated: 54M, In-Place: 0
[15.360s][info][gc,reloc    ] GC(0) Medium Pages: 1 / 32M, Empty: 0M, Relocated: 0M, In-Place: 0
[15.362s][info][gc,reloc    ] GC(0) Large Pages: 0 / 0M, Empty: 0M, Relocated: 0M, In-Place: 0
[15.363s][info][gc,reloc    ] GC(0) Forwarding Usage: 17M
[15.364s][info][gc,heap     ] GC(0) Min Capacity: 256M(6%)
[15.365s][info][gc,heap     ] GC(0) Max Capacity: 4096M(100%)
[15.370s][info][gc,heap     ] GC(0) Soft Max Capacity: 4096M(100%)
[15.371s][info][gc,heap     ] GC(0)                Mark Start          Mark End        Relocate Start      Relocate End           High               Low         
[15.374s][info][gc,heap     ] GC(0)  Capacity:      420M (10%)         640M (16%)         670M (16%)         678M (17%)         678M (17%)         420M (10%)    
[15.376s][info][gc,heap     ] GC(0)      Free:     3678M (90%)        3456M (84%)        3426M (84%)        3536M (86%)        3678M (90%)        3418M (83%)    
[15.377s][info][gc,heap     ] GC(0)      Used:      418M (10%)         640M (16%)         670M (16%)         560M (14%)         678M (17%)         418M (10%)    
[15.379s][info][gc,heap     ] GC(0)      Live:         -                57M (1%)           57M (1%)           57M (1%)             -                  -          
[15.380s][info][gc,heap     ] GC(0) Allocated:         -               222M (5%)          256M (6%)          469M (11%)            -                  -          
[15.386s][info][gc,heap     ] GC(0)   Garbage:         -               360M (9%)          356M (9%)           33M (1%)             -                  -          
[15.387s][info][gc,heap     ] GC(0) Reclaimed:         -                  -                 4M (0%)          327M (8%)             -                  -          
[15.389s][info][gc          ] GC(0) Garbage Collection (Warmup) 418M(10%)->560M(14%)
[16.736s][info][gc,start    ] GC(1) Garbage Collection (Warmup)
[16.738s][info][gc,task     ] GC(1) Using 2 workers
[16.759s][info][gc,phases   ] GC(1) Pause Mark Start 0.014ms
[19.041s][info][gc,phases   ] GC(1) Concurrent Mark 2280.063ms
[19.043s][info][gc,phases   ] GC(1) Pause Mark End 0.023ms
[19.045s][info][gc,phases   ] GC(1) Concurrent Mark Free 0.006ms
[19.087s][info][gc,phases   ] GC(1) Concurrent Process Non-Strong References 37.915ms
[19.089s][info][gc,phases   ] GC(1) Concurrent Reset Relocation Set 0.046ms
[19.100s][info][gc,phases   ] GC(1) Concurrent Select Relocation Set 10.490ms
[19.111s][info][gc,phases   ] GC(1) Pause Relocate Start 0.016ms
[19.308s][info][gc,phases   ] GC(1) Concurrent Relocate 195.482ms
[19.313s][info][gc,load     ] GC(1) Load: 7.84/5.14/4.04
[19.315s][info][gc,mmu      ] GC(1) MMU: 2ms/98.8%, 5ms/99.5%, 10ms/99.8%, 20ms/99.9%, 50ms/100.0%, 100ms/100.0%
[19.317s][info][gc,marking  ] GC(1) Mark: 2 stripe(s), 2 proactive flush(es), 1 terminate flush(es), 0 completion(s), 0 continuation(s) 
[19.319s][info][gc,marking  ] GC(1) Mark Stack Usage: 32M
[19.322s][info][gc,nmethod  ] GC(1) NMethods: 2875 registered, 0 unregistered
[19.323s][info][gc,metaspace] GC(1) Metaspace: 17M used, 17M committed, 1048M reserved
[19.325s][info][gc,ref      ] GC(1) Soft: 3817 encountered, 0 discovered, 0 enqueued
[19.326s][info][gc,ref      ] GC(1) Weak: 1279 encountered, 492 discovered, 0 enqueued
[19.327s][info][gc,ref      ] GC(1) Final: 3 encountered, 0 discovered, 0 enqueued
[19.329s][info][gc,ref      ] GC(1) Phantom: 540 encountered, 314 discovered, 0 enqueued
[19.330s][info][gc,reloc    ] GC(1) Small Pages: 380 / 760M, Empty: 0M, Relocated: 47M, In-Place: 0
[19.343s][info][gc,reloc    ] GC(1) Medium Pages: 2 / 64M, Empty: 0M, Relocated: 2M, In-Place: 0
[19.345s][info][gc,reloc    ] GC(1) Large Pages: 0 / 0M, Empty: 0M, Relocated: 0M, In-Place: 0
[19.346s][info][gc,reloc    ] GC(1) Forwarding Usage: 9M
[19.347s][info][gc,heap     ] GC(1) Min Capacity: 256M(6%)
[19.348s][info][gc,heap     ] GC(1) Max Capacity: 4096M(100%)
[19.355s][info][gc,heap     ] GC(1) Soft Max Capacity: 4096M(100%)
[19.357s][info][gc,heap     ] GC(1)                Mark Start          Mark End        Relocate Start      Relocate End           High               Low         
[19.358s][info][gc,heap     ] GC(1)  Capacity:      826M (20%)        1148M (28%)        1150M (28%)        1182M (29%)        1182M (29%)         826M (20%)    
[19.359s][info][gc,heap     ] GC(1)      Free:     3272M (80%)        2948M (72%)        2946M (72%)        3634M (89%)        3634M (89%)        2914M (71%)    
[19.366s][info][gc,heap     ] GC(1)      Used:      824M (20%)        1148M (28%)        1150M (28%)         462M (11%)        1182M (29%)         462M (11%)    
[19.367s][info][gc,heap     ] GC(1)      Live:         -                98M (2%)           98M (2%)           98M (2%)             -                  -          
[19.368s][info][gc,heap     ] GC(1) Allocated:         -               324M (8%)          326M (8%)          331M (8%)             -                  -          
[19.369s][info][gc,heap     ] GC(1)   Garbage:         -               725M (18%)         725M (18%)          32M (1%)             -                  -          
[19.377s][info][gc,heap     ] GC(1) Reclaimed:         -                  -                 0M (0%)          693M (17%)            -                  -          
[19.386s][info][gc          ] GC(1) Garbage Collection (Warmup) 824M(20%)->462M(11%)
[20.236s][info][gc,stats    ] === Garbage Collection Statistics =======================================================================================================================
[20.239s][info][gc,stats    ]                                                              Last 10s              Last 10m              Last 10h                Total
[20.242s][info][gc,stats    ]                                                              Avg / Max             Avg / Max             Avg / Max             Avg / Max
[20.245s][info][gc,stats    ]   Collector: Garbage Collection Cycle                   2586.798 / 2596.852   2586.798 / 2596.852   2586.798 / 2596.852   2586.798 / 2596.852    ms
[20.248s][info][gc,stats    ]  Contention: Mark Segment Reset Contention                     0 / 0                 0 / 0                 0 / 0                 0 / 0           ops/s
[20.251s][info][gc,stats    ]  Contention: Mark SeqNum Reset Contention                      0 / 0                 0 / 0                 0 / 0                 0 / 0           ops/s
[20.253s][info][gc,stats    ]    Critical: Allocation Stall                                  0 / 0                 0 / 0                 0 / 0                 0 / 0           ops/s
[20.255s][info][gc,stats    ]    Critical: Allocation Stall                              0.000 / 0.000         0.000 / 0.000         0.000 / 0.000         0.000 / 0.000       ms
[20.257s][info][gc,stats    ]    Critical: GC Locker Stall                                   0 / 1                 0 / 1                 0 / 1                 0 / 1           ops/s
[20.260s][info][gc,stats    ]    Critical: GC Locker Stall                               2.565 / 5.127         2.565 / 5.127         2.565 / 5.127         2.565 / 5.127       ms
[20.263s][info][gc,stats    ]    Critical: Relocation Stall                                  0 / 0                 0 / 0                 0 / 0                 0 / 0           ops/s
[20.265s][info][gc,stats    ]    Critical: Relocation Stall                              0.000 / 0.000         0.000 / 0.000         0.000 / 0.000         0.000 / 0.000       ms
[20.266s][info][gc,stats    ]      Memory: Allocation Rate                                 154 / 230              85 / 230              85 / 230              85 / 230         MB/s
[20.269s][info][gc,stats    ]      Memory: Out Of Memory                                     0 / 0                 0 / 0                 0 / 0                 0 / 0           ops/s
[20.272s][info][gc,stats    ]      Memory: Page Cache Flush                                  0 / 0                 0 / 0                 0 / 0                 0 / 0           MB/s
[20.276s][info][gc,stats    ]      Memory: Page Cache Hit L1                                33 / 116              16 / 116              16 / 116              16 / 116         ops/s
[20.279s][info][gc,stats    ]      Memory: Page Cache Hit L2                                 0 / 0                 0 / 0                 0 / 0                 0 / 0           ops/s
[20.282s][info][gc,stats    ]      Memory: Page Cache Hit L3                                 4 / 36                5 / 36                5 / 36                5 / 36          ops/s
[20.285s][info][gc,stats    ]      Memory: Page Cache Miss                                  41 / 78               20 / 78               20 / 78               20 / 78          ops/s
[20.290s][info][gc,stats    ]      Memory: Uncommit                                          0 / 0                 0 / 0                 0 / 0                 0 / 0           MB/s
[20.293s][info][gc,stats    ]      Memory: Undo Object Allocation Failed                     0 / 0                 0 / 0                 0 / 0                 0 / 0           ops/s
[20.295s][info][gc,stats    ]      Memory: Undo Object Allocation Succeeded                  0 / 2                 0 / 2                 0 / 2                 0 / 2           ops/s
[20.300s][info][gc,stats    ]      Memory: Undo Page Allocation                             10 / 22                5 / 22                5 / 22                5 / 22          ops/s
[20.303s][info][gc,stats    ]       Phase: Concurrent Mark                            1864.159 / 2280.063   1864.159 / 2280.063   1864.159 / 2280.063   1864.159 / 2280.063    ms
[20.306s][info][gc,stats    ]       Phase: Concurrent Mark Continue                      0.000 / 0.000         0.000 / 0.000         0.000 / 0.000         0.000 / 0.000       ms
[20.309s][info][gc,stats    ]       Phase: Concurrent Mark Free                          0.005 / 0.006         0.005 / 0.006         0.005 / 0.006         0.005 / 0.006       ms
[20.312s][info][gc,stats    ]       Phase: Concurrent Process Non-Strong References     72.625 / 107.336      72.625 / 107.336      72.625 / 107.336      72.625 / 107.336     ms
[20.315s][info][gc,stats    ]       Phase: Concurrent Relocate                         462.865 / 730.247     462.865 / 730.247     462.865 / 730.247     462.865 / 730.247     ms
[20.318s][info][gc,stats    ]       Phase: Concurrent Reset Relocation Set               0.024 / 0.046         0.024 / 0.046         0.024 / 0.046         0.024 / 0.046       ms
[20.321s][info][gc,stats    ]       Phase: Concurrent Select Relocation Set            109.259 / 208.028     109.259 / 208.028     109.259 / 208.028     109.259 / 208.028     ms
[20.323s][info][gc,stats    ]       Phase: Pause Mark End                                0.021 / 0.023         0.021 / 0.023         0.021 / 0.023         0.021 / 0.023       ms
[20.326s][info][gc,stats    ]       Phase: Pause Mark Start                              0.016 / 0.018         0.016 / 0.018         0.016 / 0.018         0.016 / 0.018       ms
[20.329s][info][gc,stats    ]       Phase: Pause Relocate Start                          0.015 / 0.016         0.015 / 0.016         0.015 / 0.016         0.015 / 0.016       ms
[20.332s][info][gc,stats    ]    Subphase: Concurrent Classes Purge                     12.575 / 18.950       12.575 / 18.950       12.575 / 18.950       12.575 / 18.950      ms
[20.335s][info][gc,stats    ]    Subphase: Concurrent Classes Unlink                    23.024 / 32.620       23.024 / 32.620       23.024 / 32.620       23.024 / 32.620      ms
[20.338s][info][gc,stats    ]    Subphase: Concurrent Mark                            1826.035 / 2270.263   1826.035 / 2270.263   1826.035 / 2270.263   1826.035 / 2270.263    ms
[20.342s][info][gc,stats    ]    Subphase: Concurrent Mark Try Flush                    27.746 / 98.444       27.746 / 98.444       27.746 / 98.444       27.746 / 98.444      ms
[20.343s][info][gc,stats    ]    Subphase: Concurrent Mark Try Terminate                 3.101 / 22.257        3.101 / 22.257        3.101 / 22.257        3.101 / 22.257      ms
[20.346s][info][gc,stats    ]    Subphase: Concurrent References Enqueue                 0.021 / 0.041         0.021 / 0.041         0.021 / 0.041         0.021 / 0.041       ms
[20.349s][info][gc,stats    ]    Subphase: Concurrent References Process                 0.344 / 0.415         0.344 / 0.415         0.344 / 0.415         0.344 / 0.415       ms
[20.352s][info][gc,stats    ]    Subphase: Concurrent Roots ClassLoaderDataGraph         0.686 / 0.840         0.686 / 0.840         0.686 / 0.840         0.686 / 0.840       ms
[20.354s][info][gc,stats    ]    Subphase: Concurrent Roots CodeCache                    0.000 / 0.000         0.000 / 0.000         0.000 / 0.000         0.000 / 0.000       ms
[20.355s][info][gc,stats    ]    Subphase: Concurrent Roots JavaThreads                 24.954 / 55.336       24.954 / 55.336       24.954 / 55.336       24.954 / 55.336      ms
[20.358s][info][gc,stats    ]    Subphase: Concurrent Roots OopStorageSet                0.176 / 0.200         0.176 / 0.200         0.176 / 0.200         0.176 / 0.200       ms
[20.361s][info][gc,stats    ]    Subphase: Concurrent Weak Roots OopStorageSet           0.867 / 1.310         0.867 / 1.310         0.867 / 1.310         0.867 / 1.310       ms
[20.366s][info][gc,stats    ]    Subphase: Pause Mark Try Complete                       0.000 / 0.000         0.000 / 0.000         0.000 / 0.000         0.000 / 0.000       ms
[20.368s][info][gc,stats    ]      System: Java Threads                                     31 / 32               31 / 32               31 / 32               31 / 32          threads
[20.371s][info][gc,stats    ] =========================================================================================================================================================
[25.771s][info][gc,start    ] GC(2) Garbage Collection (Metadata GC Threshold)
[25.773s][info][gc,task     ] GC(2) Using 2 workers
[25.777s][info][gc,phases   ] GC(2) Pause Mark Start 0.015ms
[26.443s][info][gc,phases   ] GC(2) Concurrent Mark 664.667ms
[26.452s][info][gc,phases   ] GC(2) Pause Mark End 1.361ms
[26.453s][info][gc,phases   ] GC(2) Concurrent Mark Free 0.003ms
[26.511s][info][gc,phases   ] GC(2) Concurrent Process Non-Strong References 57.215ms
[26.515s][info][gc,phases   ] GC(2) Concurrent Reset Relocation Set 0.167ms
[26.539s][info][gc,phases   ] GC(2) Concurrent Select Relocation Set 18.069ms
[26.561s][info][gc,phases   ] GC(2) Pause Relocate Start 0.016ms
[26.658s][info][gc,phases   ] GC(2) Concurrent Relocate 92.180ms
[26.661s][info][gc,load     ] GC(2) Load: 8.62/5.40/4.14
[26.664s][info][gc,mmu      ] GC(2) MMU: 2ms/32.0%, 5ms/72.8%, 10ms/86.4%, 20ms/93.2%, 50ms/97.3%, 100ms/98.6%
[26.667s][info][gc,marking  ] GC(2) Mark: 2 stripe(s), 2 proactive flush(es), 1 terminate flush(es), 1 completion(s), 0 continuation(s) 
[26.669s][info][gc,marking  ] GC(2) Mark Stack Usage: 32M
[26.670s][info][gc,nmethod  ] GC(2) NMethods: 3689 registered, 0 unregistered
[26.672s][info][gc,metaspace] GC(2) Metaspace: 30M used, 30M committed, 1056M reserved
[26.673s][info][gc,ref      ] GC(2) Soft: 4298 encountered, 0 discovered, 0 enqueued
[26.674s][info][gc,ref      ] GC(2) Weak: 2280 encountered, 660 discovered, 514 enqueued
[26.675s][info][gc,ref      ] GC(2) Final: 35 encountered, 7 discovered, 1 enqueued
[26.678s][info][gc,ref      ] GC(2) Phantom: 1066 encountered, 898 discovered, 632 enqueued
[26.681s][info][gc,reloc    ] GC(2) Small Pages: 246 / 492M, Empty: 4M, Relocated: 22M, In-Place: 0
[26.704s][info][gc,reloc    ] GC(2) Medium Pages: 2 / 64M, Empty: 0M, Relocated: 1M, In-Place: 0
[26.705s][info][gc,reloc    ] GC(2) Large Pages: 0 / 0M, Empty: 0M, Relocated: 0M, In-Place: 0
[26.706s][info][gc,reloc    ] GC(2) Forwarding Usage: 7M
[26.708s][info][gc,heap     ] GC(2) Min Capacity: 256M(6%)
[26.709s][info][gc,heap     ] GC(2) Max Capacity: 4096M(100%)
[26.710s][info][gc,heap     ] GC(2) Soft Max Capacity: 4096M(100%)
[26.711s][info][gc,heap     ] GC(2)                Mark Start          Mark End        Relocate Start      Relocate End           High               Low         
[26.713s][info][gc,heap     ] GC(2)  Capacity:     1182M (29%)        1182M (29%)        1182M (29%)        1182M (29%)        1182M (29%)        1182M (29%)    
[26.717s][info][gc,heap     ] GC(2)      Free:     3540M (86%)        3524M (86%)        3526M (86%)        3958M (97%)        3958M (97%)        3494M (85%)    
[26.719s][info][gc,heap     ] GC(2)      Used:      556M (14%)         572M (14%)         570M (14%)         138M (3%)          602M (15%)         138M (3%)     
[26.721s][info][gc,heap     ] GC(2)      Live:         -                77M (2%)           77M (2%)           77M (2%)             -                  -          
[26.724s][info][gc,heap     ] GC(2) Allocated:         -                16M (0%)           18M (0%)           19M (0%)             -                  -          
[26.725s][info][gc,heap     ] GC(2)   Garbage:         -               478M (12%)         474M (12%)          41M (1%)             -                  -          
[26.726s][info][gc,heap     ] GC(2) Reclaimed:         -                  -                 4M (0%)          437M (11%)            -                  -          
[26.727s][info][gc          ] GC(2) Garbage Collection (Metadata GC Threshold) 556M(14%)->138M(3%)
[30.237s][info][gc,stats    ] === Garbage Collection Statistics =======================================================================================================================
[30.240s][info][gc,stats    ]                                                              Last 10s              Last 10m              Last 10h                Total
[30.242s][info][gc,stats    ]                                                              Avg / Max             Avg / Max             Avg / Max             Avg / Max
[30.244s][info][gc,stats    ]   Collector: Garbage Collection Cycle                    889.951 / 889.951    2021.182 / 2596.852   2021.182 / 2596.852   2021.182 / 2596.852    ms
[30.246s][info][gc,stats    ]  Contention: Mark Segment Reset Contention                     0 / 1                 0 / 1                 0 / 1                 0 / 1           ops/s
[30.248s][info][gc,stats    ]  Contention: Mark SeqNum Reset Contention                      0 / 0                 0 / 0                 0 / 0                 0 / 0           ops/s
[30.249s][info][gc,stats    ]    Critical: Allocation Stall                                  0 / 0                 0 / 0                 0 / 0                 0 / 0           ops/s
[30.251s][info][gc,stats    ]    Critical: Allocation Stall                              0.000 / 0.000         0.000 / 0.000         0.000 / 0.000         0.000 / 0.000       ms
[30.252s][info][gc,stats    ]    Critical: GC Locker Stall                                   0 / 0                 0 / 1                 0 / 1                 0 / 1           ops/s
[30.255s][info][gc,stats    ]    Critical: GC Locker Stall                               0.000 / 0.000         2.565 / 5.127         2.565 / 5.127         2.565 / 5.127       ms
[30.257s][info][gc,stats    ]    Critical: Relocation Stall                                  0 / 0                 0 / 0                 0 / 0                 0 / 0           ops/s
[30.259s][info][gc,stats    ]    Critical: Relocation Stall                              0.000 / 0.000         0.000 / 0.000         0.000 / 0.000         0.000 / 0.000       ms
[30.260s][info][gc,stats    ]      Memory: Allocation Rate                                  12 / 26               61 / 230              61 / 230              61 / 230         MB/s
[30.261s][info][gc,stats    ]      Memory: Out Of Memory                                     0 / 0                 0 / 0                 0 / 0                 0 / 0           ops/s
[30.263s][info][gc,stats    ]      Memory: Page Cache Flush                                  0 / 0                 0 / 0                 0 / 0                 0 / 0           MB/s
[30.264s][info][gc,stats    ]      Memory: Page Cache Hit L1                                 7 / 17               13 / 116              13 / 116              13 / 116         ops/s
[30.267s][info][gc,stats    ]      Memory: Page Cache Hit L2                                 0 / 0                 0 / 0                 0 / 0                 0 / 0           ops/s
[30.269s][info][gc,stats    ]      Memory: Page Cache Hit L3                                 0 / 0                 3 / 36                3 / 36                3 / 36          ops/s
[30.270s][info][gc,stats    ]      Memory: Page Cache Miss                                   0 / 0                13 / 78               13 / 78               13 / 78          ops/s
[30.272s][info][gc,stats    ]      Memory: Uncommit                                          0 / 0                 0 / 0                 0 / 0                 0 / 0           MB/s
[30.274s][info][gc,stats    ]      Memory: Undo Object Allocation Failed                     0 / 0                 0 / 0                 0 / 0                 0 / 0           ops/s
[30.276s][info][gc,stats    ]      Memory: Undo Object Allocation Succeeded                  0 / 1                 0 / 2                 0 / 2                 0 / 2           ops/s
[30.277s][info][gc,stats    ]      Memory: Undo Page Allocation                              0 / 0                 3 / 22                3 / 22                3 / 22          ops/s
[30.281s][info][gc,stats    ]       Phase: Concurrent Mark                             664.667 / 664.667    1464.328 / 2280.063   1464.328 / 2280.063   1464.328 / 2280.063    ms
[30.283s][info][gc,stats    ]       Phase: Concurrent Mark Continue                      0.000 / 0.000         0.000 / 0.000         0.000 / 0.000         0.000 / 0.000       ms
[30.284s][info][gc,stats    ]       Phase: Concurrent Mark Free                          0.003 / 0.003         0.004 / 0.006         0.004 / 0.006         0.004 / 0.006       ms
[30.286s][info][gc,stats    ]       Phase: Concurrent Process Non-Strong References     57.215 / 57.215       67.489 / 107.336      67.489 / 107.336      67.489 / 107.336     ms
[30.291s][info][gc,stats    ]       Phase: Concurrent Relocate                          92.180 / 92.180      339.303 / 730.247     339.303 / 730.247     339.303 / 730.247     ms
[30.294s][info][gc,stats    ]       Phase: Concurrent Reset Relocation Set               0.167 / 0.167         0.072 / 0.167         0.072 / 0.167         0.072 / 0.167       ms
[30.296s][info][gc,stats    ]       Phase: Concurrent Select Relocation Set             18.069 / 18.069       78.862 / 208.028      78.862 / 208.028      78.862 / 208.028     ms
[30.301s][info][gc,stats    ]       Phase: Pause Mark End                                1.361 / 1.361         0.468 / 1.361         0.468 / 1.361         0.468 / 1.361       ms
[30.308s][info][gc,stats    ]       Phase: Pause Mark Start                              0.015 / 0.015         0.015 / 0.018         0.015 / 0.018         0.015 / 0.018       ms
[30.309s][info][gc,stats    ]       Phase: Pause Relocate Start                          0.016 / 0.016         0.015 / 0.016         0.015 / 0.016         0.015 / 0.016       ms
[30.313s][info][gc,stats    ]    Subphase: Concurrent Classes Purge                      3.338 / 3.338         9.496 / 18.950        9.496 / 18.950        9.496 / 18.950      ms
[30.321s][info][gc,stats    ]    Subphase: Concurrent Classes Unlink                    38.690 / 38.690       28.246 / 38.690       28.246 / 38.690       28.246 / 38.690      ms
[30.332s][info][gc,stats    ]    Subphase: Concurrent Mark                             638.813 / 653.190    1430.294 / 2270.263   1430.294 / 2270.263   1430.294 / 2270.263    ms
[30.337s][info][gc,stats    ]    Subphase: Concurrent Mark Try Flush                     3.291 / 8.447        19.594 / 98.444       19.594 / 98.444       19.594 / 98.444      ms
[30.341s][info][gc,stats    ]    Subphase: Concurrent Mark Try Terminate                 9.327 / 33.926        3.300 / 33.926        3.300 / 33.926        3.300 / 33.926      ms
[30.351s][info][gc,stats    ]    Subphase: Concurrent References Enqueue                 0.045 / 0.045         0.029 / 0.045         0.029 / 0.045         0.029 / 0.045       ms
[30.353s][info][gc,stats    ]    Subphase: Concurrent References Process                 0.538 / 0.538         0.409 / 0.538         0.409 / 0.538         0.409 / 0.538       ms
[30.354s][info][gc,stats    ]    Subphase: Concurrent Roots ClassLoaderDataGraph         0.344 / 0.668         0.515 / 0.840         0.515 / 0.840         0.515 / 0.840       ms
[30.356s][info][gc,stats    ]    Subphase: Concurrent Roots CodeCache                    0.000 / 0.000         0.000 / 0.000         0.000 / 0.000         0.000 / 0.000       ms
[30.358s][info][gc,stats    ]    Subphase: Concurrent Roots JavaThreads                  2.477 / 2.761        17.462 / 55.336       17.462 / 55.336       17.462 / 55.336      ms
[30.359s][info][gc,stats    ]    Subphase: Concurrent Roots OopStorageSet                0.043 / 0.065         0.109 / 0.200         0.109 / 0.200         0.109 / 0.200       ms
[30.360s][info][gc,stats    ]    Subphase: Concurrent Weak Roots OopStorageSet           0.880 / 1.657         0.871 / 1.657         0.871 / 1.657         0.871 / 1.657       ms
[30.362s][info][gc,stats    ]    Subphase: Pause Mark Try Complete                       0.006 / 0.011         0.006 / 0.011         0.006 / 0.011         0.006 / 0.011       ms
[30.370s][info][gc,stats    ]      System: Java Threads                                     49 / 49               37 / 49               37 / 49               37 / 49          threads
[30.373s][info][gc,stats    ] =========================================================================================================================================================
[40.236s][info][gc,stats    ] === Garbage Collection Statistics =======================================================================================================================
[40.240s][info][gc,stats    ]                                                              Last 10s              Last 10m              Last 10h                Total
[40.243s][info][gc,stats    ]                                                              Avg / Max             Avg / Max             Avg / Max             Avg / Max
[40.248s][info][gc,stats    ]   Collector: Garbage Collection Cycle                      0.000 / 0.000      2021.182 / 2596.852   2021.182 / 2596.852   2021.182 / 2596.852    ms
[40.250s][info][gc,stats    ]  Contention: Mark Segment Reset Contention                     0 / 0                 0 / 1                 0 / 1                 0 / 1           ops/s
[40.255s][info][gc,stats    ]  Contention: Mark SeqNum Reset Contention                      0 / 0                 0 / 0                 0 / 0                 0 / 0           ops/s
[40.258s][info][gc,stats    ]    Critical: Allocation Stall                                  0 / 0                 0 / 0                 0 / 0                 0 / 0           ops/s
[40.259s][info][gc,stats    ]    Critical: Allocation Stall                              0.000 / 0.000         0.000 / 0.000         0.000 / 0.000         0.000 / 0.000       ms
[40.265s][info][gc,stats    ]    Critical: GC Locker Stall                                   0 / 0                 0 / 1                 0 / 1                 0 / 1           ops/s
[40.268s][info][gc,stats    ]    Critical: GC Locker Stall                               0.000 / 0.000         2.565 / 5.127         2.565 / 5.127         2.565 / 5.127       ms
[40.270s][info][gc,stats    ]    Critical: Relocation Stall                                  0 / 0                 0 / 0                 0 / 0                 0 / 0           ops/s
[40.274s][info][gc,stats    ]    Critical: Relocation Stall                              0.000 / 0.000         0.000 / 0.000         0.000 / 0.000         0.000 / 0.000       ms
[40.278s][info][gc,stats    ]      Memory: Allocation Rate                                  28 / 78               53 / 230              53 / 230              53 / 230         MB/s
[40.282s][info][gc,stats    ]      Memory: Out Of Memory                                     0 / 0                 0 / 0                 0 / 0                 0 / 0           ops/s
[40.284s][info][gc,stats    ]      Memory: Page Cache Flush                                  0 / 0                 0 / 0                 0 / 0                 0 / 0           MB/s
[40.288s][info][gc,stats    ]      Memory: Page Cache Hit L1                                10 / 39               12 / 116              12 / 116              12 / 116         ops/s
[40.289s][info][gc,stats    ]      Memory: Page Cache Hit L2                                 0 / 0                 0 / 0                 0 / 0                 0 / 0           ops/s
[40.291s][info][gc,stats    ]      Memory: Page Cache Hit L3                                 0 / 1                 2 / 36                2 / 36                2 / 36          ops/s
[40.297s][info][gc,stats    ]      Memory: Page Cache Miss                                   0 / 1                10 / 78               10 / 78               10 / 78          ops/s
[40.302s][info][gc,stats    ]      Memory: Uncommit                                          0 / 0                 0 / 0                 0 / 0                 0 / 0           MB/s
[40.305s][info][gc,stats    ]      Memory: Undo Object Allocation Failed                     0 / 0                 0 / 0                 0 / 0                 0 / 0           ops/s
[40.313s][info][gc,stats    ]      Memory: Undo Object Allocation Succeeded                  0 / 0                 0 / 2                 0 / 2                 0 / 2           ops/s
[40.319s][info][gc,stats    ]      Memory: Undo Page Allocation                              0 / 0                 2 / 22                2 / 22                2 / 22          ops/s
[40.323s][info][gc,stats    ]       Phase: Concurrent Mark                               0.000 / 0.000      1464.328 / 2280.063   1464.328 / 2280.063   1464.328 / 2280.063    ms
[40.324s][info][gc,stats    ]       Phase: Concurrent Mark Continue                      0.000 / 0.000         0.000 / 0.000         0.000 / 0.000         0.000 / 0.000       ms
[40.326s][info][gc,stats    ]       Phase: Concurrent Mark Free                          0.000 / 0.000         0.004 / 0.006         0.004 / 0.006         0.004 / 0.006       ms
[40.337s][info][gc,stats    ]       Phase: Concurrent Process Non-Strong References      0.000 / 0.000        67.489 / 107.336      67.489 / 107.336      67.489 / 107.336     ms
[40.343s][info][gc,stats    ]       Phase: Concurrent Relocate                           0.000 / 0.000       339.303 / 730.247     339.303 / 730.247     339.303 / 730.247     ms
[40.345s][info][gc,stats    ]       Phase: Concurrent Reset Relocation Set               0.000 / 0.000         0.072 / 0.167         0.072 / 0.167         0.072 / 0.167       ms
[40.346s][info][gc,stats    ]       Phase: Concurrent Select Relocation Set              0.000 / 0.000        78.862 / 208.028      78.862 / 208.028      78.862 / 208.028     ms
[40.347s][info][gc,stats    ]       Phase: Pause Mark End                                0.000 / 0.000         0.468 / 1.361         0.468 / 1.361         0.468 / 1.361       ms
[40.355s][info][gc,stats    ]       Phase: Pause Mark Start                              0.000 / 0.000         0.015 / 0.018         0.015 / 0.018         0.015 / 0.018       ms
[40.356s][info][gc,stats    ]       Phase: Pause Relocate Start                          0.000 / 0.000         0.015 / 0.016         0.015 / 0.016         0.015 / 0.016       ms
[40.359s][info][gc,stats    ]    Subphase: Concurrent Classes Purge                      0.000 / 0.000         9.496 / 18.950        9.496 / 18.950        9.496 / 18.950      ms
[40.366s][info][gc,stats    ]    Subphase: Concurrent Classes Unlink                     0.000 / 0.000        28.246 / 38.690       28.246 / 38.690       28.246 / 38.690      ms
[40.368s][info][gc,stats    ]    Subphase: Concurrent Mark                               0.000 / 0.000      1430.294 / 2270.263   1430.294 / 2270.263   1430.294 / 2270.263    ms
[40.369s][info][gc,stats    ]    Subphase: Concurrent Mark Try Flush                     0.000 / 0.000        19.594 / 98.444       19.594 / 98.444       19.594 / 98.444      ms
[40.371s][info][gc,stats    ]    Subphase: Concurrent Mark Try Terminate                 0.000 / 0.000         3.300 / 33.926        3.300 / 33.926        3.300 / 33.926      ms
[40.373s][info][gc,stats    ]    Subphase: Concurrent References Enqueue                 0.000 / 0.000         0.029 / 0.045         0.029 / 0.045         0.029 / 0.045       ms
[40.374s][info][gc,stats    ]    Subphase: Concurrent References Process                 0.000 / 0.000         0.409 / 0.538         0.409 / 0.538         0.409 / 0.538       ms
[40.376s][info][gc,stats    ]    Subphase: Concurrent Roots ClassLoaderDataGraph         0.000 / 0.000         0.515 / 0.840         0.515 / 0.840         0.515 / 0.840       ms
[40.379s][info][gc,stats    ]    Subphase: Concurrent Roots CodeCache                    0.000 / 0.000         0.000 / 0.000         0.000 / 0.000         0.000 / 0.000       ms
[40.383s][info][gc,stats    ]    Subphase: Concurrent Roots JavaThreads                  0.000 / 0.000        17.462 / 55.336       17.462 / 55.336       17.462 / 55.336      ms
[40.385s][info][gc,stats    ]    Subphase: Concurrent Roots OopStorageSet                0.000 / 0.000         0.109 / 0.200         0.109 / 0.200         0.109 / 0.200       ms
[40.393s][info][gc,stats    ]    Subphase: Concurrent Weak Roots OopStorageSet           0.000 / 0.000         0.871 / 1.657         0.871 / 1.657         0.871 / 1.657       ms
[40.394s][info][gc,stats    ]    Subphase: Pause Mark Try Complete                       0.000 / 0.000         0.006 / 0.011         0.006 / 0.011         0.006 / 0.011       ms
[40.396s][info][gc,stats    ]      System: Java Threads                                      0 / 0                37 / 49               37 / 49               37 / 49          threads
[40.397s][info][gc,stats    ] =========================================================================================================================================================
[40.755s][info][gc,start    ] GC(3) Garbage Collection (Metadata GC Threshold)
[40.757s][info][gc,task     ] GC(3) Using 2 workers
[40.768s][info][gc,phases   ] GC(3) Pause Mark Start 0.021ms
[42.475s][info][gc,phases   ] GC(3) Concurrent Mark 1702.654ms
[42.480s][info][gc,phases   ] GC(3) Pause Mark End 0.036ms
[42.482s][info][gc,phases   ] GC(3) Concurrent Mark Free 0.003ms
[42.579s][info][gc,phases   ] GC(3) Concurrent Process Non-Strong References 94.405ms
[42.584s][info][gc,phases   ] GC(3) Concurrent Reset Relocation Set 0.052ms
[42.601s][info][gc,phases   ] GC(3) Concurrent Select Relocation Set 15.051ms
[42.628s][info][gc,phases   ] GC(3) Pause Relocate Start 0.019ms
[42.878s][info][gc,phases   ] GC(3) Concurrent Relocate 247.658ms
[42.882s][info][gc,load     ] GC(3) Load: 10.71/6.02/4.36
[42.885s][info][gc,mmu      ] GC(3) MMU: 2ms/32.0%, 5ms/72.8%, 10ms/86.4%, 20ms/93.2%, 50ms/97.3%, 100ms/98.6%
[42.886s][info][gc,marking  ] GC(3) Mark: 2 stripe(s), 2 proactive flush(es), 1 terminate flush(es), 0 completion(s), 0 continuation(s) 
[42.888s][info][gc,marking  ] GC(3) Mark Stack Usage: 32M
[42.891s][info][gc,nmethod  ] GC(3) NMethods: 5042 registered, 0 unregistered
[42.893s][info][gc,metaspace] GC(3) Metaspace: 51M used, 51M committed, 1072M reserved
[42.894s][info][gc,ref      ] GC(3) Soft: 4990 encountered, 0 discovered, 0 enqueued
[42.899s][info][gc,ref      ] GC(3) Weak: 3545 encountered, 792 discovered, 481 enqueued
[42.902s][info][gc,ref      ] GC(3) Final: 84 encountered, 4 discovered, 1 enqueued
[42.904s][info][gc,ref      ] GC(3) Phantom: 1068 encountered, 986 discovered, 588 enqueued
[42.905s][info][gc,reloc    ] GC(3) Small Pages: 179 / 358M, Empty: 86M, Relocated: 20M, In-Place: 0
[42.907s][info][gc,reloc    ] GC(3) Medium Pages: 2 / 64M, Empty: 0M, Relocated: 2M, In-Place: 0
[42.908s][info][gc,reloc    ] GC(3) Large Pages: 4 / 52M, Empty: 12M, Relocated: 0M, In-Place: 0
[42.910s][info][gc,reloc    ] GC(3) Forwarding Usage: 6M
[42.915s][info][gc,heap     ] GC(3) Min Capacity: 256M(6%)
[42.918s][info][gc,heap     ] GC(3) Max Capacity: 4096M(100%)
[42.922s][info][gc,heap     ] GC(3) Soft Max Capacity: 4096M(100%)
[42.929s][info][gc,heap     ] GC(3)                Mark Start          Mark End        Relocate Start      Relocate End           High               Low         
[42.933s][info][gc,heap     ] GC(3)  Capacity:     1216M (30%)        1216M (30%)        1216M (30%)        1248M (30%)        1248M (30%)        1216M (30%)    
[42.935s][info][gc,heap     ] GC(3)      Free:     3622M (88%)        3510M (86%)        3604M (88%)        3806M (93%)        3806M (93%)        3506M (86%)    
[42.937s][info][gc,heap     ] GC(3)      Used:      474M (12%)         586M (14%)         492M (12%)         290M (7%)          590M (14%)         290M (7%)     
[42.939s][info][gc,heap     ] GC(3)      Live:         -               133M (3%)          133M (3%)          133M (3%)             -                  -          
[42.941s][info][gc,heap     ] GC(3) Allocated:         -               112M (3%)          116M (3%)          116M (3%)             -                  -          
[42.942s][info][gc,heap     ] GC(3)   Garbage:         -               340M (8%)          242M (6%)           39M (1%)             -                  -          
[42.947s][info][gc,heap     ] GC(3) Reclaimed:         -                  -                98M (2%)          300M (7%)             -                  -          
[42.949s][info][gc          ] GC(3) Garbage Collection (Metadata GC Threshold) 474M(12%)->290M(7%)
[50.236s][info][gc,stats    ] === Garbage Collection Statistics =======================================================================================================================
[50.240s][info][gc,stats    ]                                                              Last 10s              Last 10m              Last 10h                Total
[50.250s][info][gc,stats    ]                                                              Avg / Max             Avg / Max             Avg / Max             Avg / Max
[50.252s][info][gc,stats    ]   Collector: Garbage Collection Cycle                   2126.859 / 2126.859   2047.601 / 2596.852   2047.601 / 2596.852   2047.601 / 2596.852    ms
[50.253s][info][gc,stats    ]  Contention: Mark Segment Reset Contention                     0 / 0                 0 / 1                 0 / 1                 0 / 1           ops/s
[50.259s][info][gc,stats    ]  Contention: Mark SeqNum Reset Contention                      0 / 0                 0 / 0                 0 / 0                 0 / 0           ops/s
[50.261s][info][gc,stats    ]    Critical: Allocation Stall                                  0 / 0                 0 / 0                 0 / 0                 0 / 0           ops/s
[50.264s][info][gc,stats    ]    Critical: Allocation Stall                              0.000 / 0.000         0.000 / 0.000         0.000 / 0.000         0.000 / 0.000       ms
[50.266s][info][gc,stats    ]    Critical: GC Locker Stall                                   0 / 1                 0 / 1                 0 / 1                 0 / 1           ops/s
[50.271s][info][gc,stats    ]    Critical: GC Locker Stall                              17.194 / 17.194        7.441 / 17.194        7.441 / 17.194        7.441 / 17.194      ms
[50.276s][info][gc,stats    ]    Critical: Relocation Stall                                  0 / 0                 0 / 0                 0 / 0                 0 / 0           ops/s
[50.278s][info][gc,stats    ]    Critical: Relocation Stall                              0.000 / 0.000         0.000 / 0.000         0.000 / 0.000         0.000 / 0.000       ms
[50.280s][info][gc,stats    ]      Memory: Allocation Rate                                  31 / 78               48 / 230              48 / 230              48 / 230         MB/s
[50.284s][info][gc,stats    ]      Memory: Out Of Memory                                     0 / 0                 0 / 0                 0 / 0                 0 / 0           ops/s
[50.287s][info][gc,stats    ]      Memory: Page Cache Flush                                  0 / 0                 0 / 0                 0 / 0                 0 / 0           MB/s
[50.290s][info][gc,stats    ]      Memory: Page Cache Hit L1                                10 / 21               12 / 116              12 / 116              12 / 116         ops/s
[50.292s][info][gc,stats    ]      Memory: Page Cache Hit L2                                 0 / 0                 0 / 0                 0 / 0                 0 / 0           ops/s
[50.295s][info][gc,stats    ]      Memory: Page Cache Hit L3                                 1 / 3                 2 / 36                2 / 36                2 / 36          ops/s
[50.297s][info][gc,stats    ]      Memory: Page Cache Miss                                   0 / 2                 8 / 78                8 / 78                8 / 78          ops/s
[50.299s][info][gc,stats    ]      Memory: Uncommit                                          0 / 0                 0 / 0                 0 / 0                 0 / 0           MB/s
[50.300s][info][gc,stats    ]      Memory: Undo Object Allocation Failed                     0 / 0                 0 / 0                 0 / 0                 0 / 0           ops/s
[50.302s][info][gc,stats    ]      Memory: Undo Object Allocation Succeeded                  0 / 0                 0 / 2                 0 / 2                 0 / 2           ops/s
[50.307s][info][gc,stats    ]      Memory: Undo Page Allocation                              0 / 0                 2 / 22                2 / 22                2 / 22          ops/s
[50.312s][info][gc,stats    ]       Phase: Concurrent Mark                            1702.654 / 1702.654   1523.910 / 2280.063   1523.910 / 2280.063   1523.910 / 2280.063    ms
[50.314s][info][gc,stats    ]       Phase: Concurrent Mark Continue                      0.000 / 0.000         0.000 / 0.000         0.000 / 0.000         0.000 / 0.000       ms
[50.316s][info][gc,stats    ]       Phase: Concurrent Mark Free                          0.003 / 0.003         0.004 / 0.006         0.004 / 0.006         0.004 / 0.006       ms
[50.317s][info][gc,stats    ]       Phase: Concurrent Process Non-Strong References     94.405 / 94.405       74.218 / 107.336      74.218 / 107.336      74.218 / 107.336     ms
[50.320s][info][gc,stats    ]       Phase: Concurrent Relocate                         247.658 / 247.658     316.392 / 730.247     316.392 / 730.247     316.392 / 730.247     ms
[50.323s][info][gc,stats    ]       Phase: Concurrent Reset Relocation Set               0.052 / 0.052         0.067 / 0.167         0.067 / 0.167         0.067 / 0.167       ms
[50.326s][info][gc,stats    ]       Phase: Concurrent Select Relocation Set             15.051 / 15.051       62.909 / 208.028      62.909 / 208.028      62.909 / 208.028     ms
[50.329s][info][gc,stats    ]       Phase: Pause Mark End                                0.036 / 0.036         0.360 / 1.361         0.360 / 1.361         0.360 / 1.361       ms
[50.331s][info][gc,stats    ]       Phase: Pause Mark Start                              0.021 / 0.021         0.017 / 0.021         0.017 / 0.021         0.017 / 0.021       ms
[50.333s][info][gc,stats    ]       Phase: Pause Relocate Start                          0.019 / 0.019         0.016 / 0.019         0.016 / 0.019         0.016 / 0.019       ms
[50.335s][info][gc,stats    ]    Subphase: Concurrent Classes Purge                      1.093 / 1.093         7.395 / 18.950        7.395 / 18.950        7.395 / 18.950      ms
[50.337s][info][gc,stats    ]    Subphase: Concurrent Classes Unlink                    54.709 / 54.709       34.862 / 54.709       34.862 / 54.709       34.862 / 54.709      ms
[50.345s][info][gc,stats    ]    Subphase: Concurrent Mark                            1668.402 / 1669.667   1489.821 / 2270.263   1489.821 / 2270.263   1489.821 / 2270.263    ms
[50.351s][info][gc,stats    ]    Subphase: Concurrent Mark Try Flush                    18.966 / 22.999       19.437 / 98.444       19.437 / 98.444       19.437 / 98.444      ms
[50.356s][info][gc,stats    ]    Subphase: Concurrent Mark Try Terminate                 3.316 / 23.002        3.303 / 33.926        3.303 / 33.926        3.303 / 33.926      ms
[50.364s][info][gc,stats    ]    Subphase: Concurrent References Enqueue                 0.067 / 0.067         0.038 / 0.067         0.038 / 0.067         0.038 / 0.067       ms
[50.366s][info][gc,stats    ]    Subphase: Concurrent References Process                 0.610 / 0.610         0.459 / 0.610         0.459 / 0.610         0.459 / 0.610       ms
[50.369s][info][gc,stats    ]    Subphase: Concurrent Roots ClassLoaderDataGraph         1.973 / 3.271         1.001 / 3.271         1.001 / 3.271         1.001 / 3.271       ms
[50.371s][info][gc,stats    ]    Subphase: Concurrent Roots CodeCache                    0.000 / 0.000         0.000 / 0.000         0.000 / 0.000         0.000 / 0.000       ms
[50.378s][info][gc,stats    ]    Subphase: Concurrent Roots JavaThreads                 18.724 / 21.511       17.777 / 55.336       17.777 / 55.336       17.777 / 55.336      ms
[50.380s][info][gc,stats    ]    Subphase: Concurrent Roots OopStorageSet                0.131 / 0.131         0.114 / 0.200         0.114 / 0.200         0.114 / 0.200       ms
[50.385s][info][gc,stats    ]    Subphase: Concurrent Weak Roots OopStorageSet           4.665 / 7.676         1.820 / 7.676         1.820 / 7.676         1.820 / 7.676       ms
[50.389s][info][gc,stats    ]    Subphase: Pause Mark Try Complete                       0.000 / 0.000         0.006 / 0.011         0.006 / 0.011         0.006 / 0.011       ms
[50.397s][info][gc,stats    ]      System: Java Threads                                     89 / 89               50 / 89               50 / 89               50 / 89          threads
[50.399s][info][gc,stats    ] =========================================================================================================================================================
[60.238s][info][gc,stats    ] === Garbage Collection Statistics =======================================================================================================================
[60.241s][info][gc,stats    ]                                                              Last 10s              Last 10m              Last 10h                Total
[60.242s][info][gc,stats    ]                                                              Avg / Max             Avg / Max             Avg / Max             Avg / Max
[60.244s][info][gc,stats    ]   Collector: Garbage Collection Cycle                      0.000 / 0.000      2047.601 / 2596.852   2047.601 / 2596.852   2047.601 / 2596.852    ms
[60.246s][info][gc,stats    ]  Contention: Mark Segment Reset Contention                     0 / 0                 0 / 1                 0 / 1                 0 / 1           ops/s
[60.248s][info][gc,stats    ]  Contention: Mark SeqNum Reset Contention                      0 / 0                 0 / 0                 0 / 0                 0 / 0           ops/s
[60.250s][info][gc,stats    ]    Critical: Allocation Stall                                  0 / 0                 0 / 0                 0 / 0                 0 / 0           ops/s
[60.252s][info][gc,stats    ]    Critical: Allocation Stall                              0.000 / 0.000         0.000 / 0.000         0.000 / 0.000         0.000 / 0.000       ms
[60.253s][info][gc,stats    ]    Critical: GC Locker Stall                                   0 / 0                 0 / 1                 0 / 1                 0 / 1           ops/s
[60.256s][info][gc,stats    ]    Critical: GC Locker Stall                               0.000 / 0.000         7.441 / 17.194        7.441 / 17.194        7.441 / 17.194      ms
[60.257s][info][gc,stats    ]    Critical: Relocation Stall                                  0 / 0                 0 / 0                 0 / 0                 0 / 0           ops/s
[60.259s][info][gc,stats    ]    Critical: Relocation Stall                              0.000 / 0.000         0.000 / 0.000         0.000 / 0.000         0.000 / 0.000       ms
[60.260s][info][gc,stats    ]      Memory: Allocation Rate                                  64 / 192              51 / 230              51 / 230              51 / 230         MB/s
[60.262s][info][gc,stats    ]      Memory: Out Of Memory                                     0 / 0                 0 / 0                 0 / 0                 0 / 0           ops/s
[60.264s][info][gc,stats    ]      Memory: Page Cache Flush                                  0 / 0                 0 / 0                 0 / 0                 0 / 0           MB/s
[60.265s][info][gc,stats    ]      Memory: Page Cache Hit L1                                 5 / 11               11 / 116              11 / 116              11 / 116         ops/s
[60.267s][info][gc,stats    ]      Memory: Page Cache Hit L2                                 0 / 0                 0 / 0                 0 / 0                 0 / 0           ops/s
[60.268s][info][gc,stats    ]      Memory: Page Cache Hit L3                                 0 / 0                 2 / 36                2 / 36                2 / 36          ops/s
[60.270s][info][gc,stats    ]      Memory: Page Cache Miss                                   4 / 12                7 / 78                7 / 78                7 / 78          ops/s
[60.271s][info][gc,stats    ]      Memory: Uncommit                                          0 / 0                 0 / 0                 0 / 0                 0 / 0           MB/s
[60.275s][info][gc,stats    ]      Memory: Undo Object Allocation Failed                     0 / 0                 0 / 0                 0 / 0                 0 / 0           ops/s
[60.277s][info][gc,stats    ]      Memory: Undo Object Allocation Succeeded                  0 / 0                 0 / 2                 0 / 2                 0 / 2           ops/s
[60.279s][info][gc,stats    ]      Memory: Undo Page Allocation                              0 / 0                 1 / 22                1 / 22                1 / 22          ops/s
[60.281s][info][gc,stats    ]       Phase: Concurrent Mark                               0.000 / 0.000      1523.910 / 2280.063   1523.910 / 2280.063   1523.910 / 2280.063    ms
[60.286s][info][gc,stats    ]       Phase: Concurrent Mark Continue                      0.000 / 0.000         0.000 / 0.000         0.000 / 0.000         0.000 / 0.000       ms
[60.288s][info][gc,stats    ]       Phase: Concurrent Mark Free                          0.000 / 0.000         0.004 / 0.006         0.004 / 0.006         0.004 / 0.006       ms
[60.289s][info][gc,stats    ]       Phase: Concurrent Process Non-Strong References      0.000 / 0.000        74.218 / 107.336      74.218 / 107.336      74.218 / 107.336     ms
[60.291s][info][gc,stats    ]       Phase: Concurrent Relocate                           0.000 / 0.000       316.392 / 730.247     316.392 / 730.247     316.392 / 730.247     ms
[60.293s][info][gc,stats    ]       Phase: Concurrent Reset Relocation Set               0.000 / 0.000         0.067 / 0.167         0.067 / 0.167         0.067 / 0.167       ms
[60.295s][info][gc,stats    ]       Phase: Concurrent Select Relocation Set              0.000 / 0.000        62.909 / 208.028      62.909 / 208.028      62.909 / 208.028     ms
[60.297s][info][gc,stats    ]       Phase: Pause Mark End                                0.000 / 0.000         0.360 / 1.361         0.360 / 1.361         0.360 / 1.361       ms
[60.299s][info][gc,stats    ]       Phase: Pause Mark Start                              0.000 / 0.000         0.017 / 0.021         0.017 / 0.021         0.017 / 0.021       ms
[60.301s][info][gc,stats    ]       Phase: Pause Relocate Start                          0.000 / 0.000         0.016 / 0.019         0.016 / 0.019         0.016 / 0.019       ms
[60.303s][info][gc,stats    ]    Subphase: Concurrent Classes Purge                      0.000 / 0.000         7.395 / 18.950        7.395 / 18.950        7.395 / 18.950      ms
[60.305s][info][gc,stats    ]    Subphase: Concurrent Classes Unlink                     0.000 / 0.000        34.862 / 54.709       34.862 / 54.709       34.862 / 54.709      ms
[60.307s][info][gc,stats    ]    Subphase: Concurrent Mark                               0.000 / 0.000      1489.821 / 2270.263   1489.821 / 2270.263   1489.821 / 2270.263    ms
[60.309s][info][gc,stats    ]    Subphase: Concurrent Mark Try Flush                     0.000 / 0.000        19.437 / 98.444       19.437 / 98.444       19.437 / 98.444      ms
[60.310s][info][gc,stats    ]    Subphase: Concurrent Mark Try Terminate                 0.000 / 0.000         3.303 / 33.926        3.303 / 33.926        3.303 / 33.926      ms
[60.312s][info][gc,stats    ]    Subphase: Concurrent References Enqueue                 0.000 / 0.000         0.038 / 0.067         0.038 / 0.067         0.038 / 0.067       ms
[60.314s][info][gc,stats    ]    Subphase: Concurrent References Process                 0.000 / 0.000         0.459 / 0.610         0.459 / 0.610         0.459 / 0.610       ms
[60.316s][info][gc,stats    ]    Subphase: Concurrent Roots ClassLoaderDataGraph         0.000 / 0.000         1.001 / 3.271         1.001 / 3.271         1.001 / 3.271       ms
[60.318s][info][gc,stats    ]    Subphase: Concurrent Roots CodeCache                    0.000 / 0.000         0.000 / 0.000         0.000 / 0.000         0.000 / 0.000       ms
[60.320s][info][gc,stats    ]    Subphase: Concurrent Roots JavaThreads                  0.000 / 0.000        17.777 / 55.336       17.777 / 55.336       17.777 / 55.336      ms
[60.323s][info][gc,stats    ]    Subphase: Concurrent Roots OopStorageSet                0.000 / 0.000         0.114 / 0.200         0.114 / 0.200         0.114 / 0.200       ms
[60.325s][info][gc,stats    ]    Subphase: Concurrent Weak Roots OopStorageSet           0.000 / 0.000         1.820 / 7.676         1.820 / 7.676         1.820 / 7.676       ms
[60.327s][info][gc,stats    ]    Subphase: Pause Mark Try Complete                       0.000 / 0.000         0.006 / 0.011         0.006 / 0.011         0.006 / 0.011       ms
[60.329s][info][gc,stats    ]      System: Java Threads                                      0 / 0                50 / 89               50 / 89               50 / 89          threads
[60.332s][info][gc,stats    ] =========================================================================================================================================================
[65.235s][info][gc,start    ] GC(4) Garbage Collection (Warmup)
[65.238s][info][gc,task     ] GC(4) Using 2 workers
[65.247s][info][gc,phases   ] GC(4) Pause Mark Start 0.023ms
[66.971s][info][gc,phases   ] GC(4) Concurrent Mark 1719.856ms
[66.983s][info][gc,phases   ] GC(4) Pause Mark End 0.044ms
[66.986s][info][gc,phases   ] GC(4) Concurrent Mark Free 0.004ms
[67.101s][info][gc,phases   ] GC(4) Concurrent Process Non-Strong References 112.511ms
[67.103s][info][gc,phases   ] GC(4) Concurrent Reset Relocation Set 0.029ms
[67.125s][info][gc,phases   ] GC(4) Concurrent Select Relocation Set 20.066ms
[67.142s][info][gc,phases   ] GC(4) Pause Relocate Start 0.018ms
[67.268s][info][gc,phases   ] GC(4) Concurrent Relocate 123.676ms
[67.271s][info][gc,load     ] GC(4) Load: 12.05/6.71/4.64
[67.274s][info][gc,mmu      ] GC(4) MMU: 2ms/32.0%, 5ms/72.8%, 10ms/86.4%, 20ms/93.2%, 50ms/97.3%, 100ms/98.6%
[67.276s][info][gc,marking  ] GC(4) Mark: 2 stripe(s), 2 proactive flush(es), 1 terminate flush(es), 0 completion(s), 0 continuation(s) 
[67.281s][info][gc,marking  ] GC(4) Mark Stack Usage: 32M
[67.284s][info][gc,nmethod  ] GC(4) NMethods: 6314 registered, 0 unregistered
[67.286s][info][gc,metaspace] GC(4) Metaspace: 52M used, 52M committed, 1072M reserved
[67.288s][info][gc,ref      ] GC(4) Soft: 5016 encountered, 0 discovered, 0 enqueued
[67.292s][info][gc,ref      ] GC(4) Weak: 3176 encountered, 839 discovered, 26 enqueued
[67.297s][info][gc,ref      ] GC(4) Final: 88 encountered, 45 discovered, 5 enqueued
[67.300s][info][gc,ref      ] GC(4) Phantom: 535 encountered, 311 discovered, 26 enqueued
[67.307s][info][gc,reloc    ] GC(4) Small Pages: 221 / 442M, Empty: 112M, Relocated: 8M, In-Place: 0
[67.310s][info][gc,reloc    ] GC(4) Medium Pages: 2 / 64M, Empty: 0M, Relocated: 2M, In-Place: 0
[67.313s][info][gc,reloc    ] GC(4) Large Pages: 69 / 730M, Empty: 696M, Relocated: 0M, In-Place: 0
[67.316s][info][gc,reloc    ] GC(4) Forwarding Usage: 2M
[67.322s][info][gc,heap     ] GC(4) Min Capacity: 256M(6%)
[67.325s][info][gc,heap     ] GC(4) Max Capacity: 4096M(100%)
[67.337s][info][gc,heap     ] GC(4) Soft Max Capacity: 4096M(100%)
[67.342s][info][gc,heap     ] GC(4)                Mark Start          Mark End        Relocate Start      Relocate End           High               Low         
[67.344s][info][gc,heap     ] GC(4)  Capacity:     1854M (45%)        1854M (45%)        1854M (45%)        1886M (46%)        1886M (46%)        1854M (45%)    
[67.349s][info][gc,heap     ] GC(4)      Free:     2860M (70%)        2822M (69%)        3630M (89%)        3890M (95%)        3890M (95%)        2822M (69%)    
[67.357s][info][gc,heap     ] GC(4)      Used:     1236M (30%)        1274M (31%)         466M (11%)         206M (5%)         1274M (31%)         206M (5%)     
[67.359s][info][gc,heap     ] GC(4)      Live:         -               128M (3%)          128M (3%)          128M (3%)             -                  -          
[67.361s][info][gc,heap     ] GC(4) Allocated:         -                38M (1%)           38M (1%)           37M (1%)             -                  -          
[67.372s][info][gc,heap     ] GC(4)   Garbage:         -              1107M (27%)         299M (7%)           40M (1%)             -                  -          
[67.385s][info][gc,heap     ] GC(4) Reclaimed:         -                  -               808M (20%)        1067M (26%)            -                  -          
[67.387s][info][gc          ] GC(4) Garbage Collection (Warmup) 1236M(30%)->206M(5%)
[68.637s][info][gc,start    ] GC(5) Garbage Collection (Allocation Rate)
[68.640s][info][gc,task     ] GC(5) Using 2 workers
[68.648s][info][gc,phases   ] GC(5) Pause Mark Start 0.018ms
[69.903s][info][gc,phases   ] GC(5) Concurrent Mark 1244.994ms
[69.914s][info][gc,phases   ] GC(5) Pause Mark End 0.164ms
[69.919s][info][gc,phases   ] GC(5) Concurrent Mark Free 0.005ms
[70.023s][info][gc,phases   ] GC(5) Concurrent Process Non-Strong References 100.318ms
[70.027s][info][gc,phases   ] GC(5) Concurrent Reset Relocation Set 0.029ms
[70.051s][info][gc,phases   ] GC(5) Concurrent Select Relocation Set 21.437ms
[70.060s][info][gc,phases   ] GC(5) Pause Relocate Start 0.024ms
[70.081s][info][gc,phases   ] GC(5) Concurrent Relocate 14.642ms
[70.084s][info][gc,load     ] GC(5) Load: 12.05/6.71/4.64
[70.086s][info][gc,mmu      ] GC(5) MMU: 2ms/32.0%, 5ms/72.8%, 10ms/86.4%, 20ms/93.2%, 50ms/97.3%, 100ms/98.6%
[70.088s][info][gc,marking  ] GC(5) Mark: 2 stripe(s), 2 proactive flush(es), 1 terminate flush(es), 0 completion(s), 0 continuation(s) 
[70.090s][info][gc,marking  ] GC(5) Mark Stack Usage: 32M
[70.092s][info][gc,nmethod  ] GC(5) NMethods: 6384 registered, 0 unregistered
[70.094s][info][gc,metaspace] GC(5) Metaspace: 52M used, 52M committed, 1072M reserved
[70.097s][info][gc,ref      ] GC(5) Soft: 5016 encountered, 0 discovered, 0 enqueued
[70.102s][info][gc,ref      ] GC(5) Weak: 3150 encountered, 389 discovered, 0 enqueued
[70.104s][info][gc,ref      ] GC(5) Final: 83 encountered, 0 discovered, 0 enqueued
[70.106s][info][gc,ref      ] GC(5) Phantom: 502 encountered, 323 discovered, 0 enqueued
[70.109s][info][gc,reloc    ] GC(5) Small Pages: 75 / 150M, Empty: 10M, Relocated: 3M, In-Place: 0
[70.111s][info][gc,reloc    ] GC(5) Medium Pages: 1 / 32M, Empty: 0M, Relocated: 0M, In-Place: 0
[70.114s][info][gc,reloc    ] GC(5) Large Pages: 19 / 304M, Empty: 246M, Relocated: 0M, In-Place: 0
[70.115s][info][gc,reloc    ] GC(5) Forwarding Usage: 0M
[70.117s][info][gc,heap     ] GC(5) Min Capacity: 256M(6%)
[70.119s][info][gc,heap     ] GC(5) Max Capacity: 4096M(100%)
[70.122s][info][gc,heap     ] GC(5) Soft Max Capacity: 4096M(100%)
[70.124s][info][gc,heap     ] GC(5)                Mark Start          Mark End        Relocate Start      Relocate End           High               Low         
[70.126s][info][gc,heap     ] GC(5)  Capacity:     1886M (46%)        1886M (46%)        1886M (46%)        1886M (46%)        1886M (46%)        1886M (46%)    
[70.128s][info][gc,heap     ] GC(5)      Free:     3610M (88%)        3356M (82%)        3608M (88%)        3640M (89%)        3640M (89%)        3352M (82%)    
[70.130s][info][gc,heap     ] GC(5)      Used:      486M (12%)         740M (18%)         488M (12%)         456M (11%)         744M (18%)         456M (11%)    
[70.132s][info][gc,heap     ] GC(5)      Live:         -               153M (4%)          153M (4%)          153M (4%)             -                  -          
[70.135s][info][gc,heap     ] GC(5) Allocated:         -               254M (6%)          258M (6%)          259M (6%)             -                  -          
[70.137s][info][gc,heap     ] GC(5)   Garbage:         -               332M (8%)           76M (2%)           42M (1%)             -                  -          
[70.139s][info][gc,heap     ] GC(5) Reclaimed:         -                  -               256M (6%)          289M (7%)             -                  -          
[70.144s][info][gc          ] GC(5) Garbage Collection (Allocation Rate) 486M(12%)->456M(11%)
[70.236s][info][gc,stats    ] === Garbage Collection Statistics =======================================================================================================================
[70.241s][info][gc,stats    ]                                                              Last 10s              Last 10m              Last 10h                Total
[70.244s][info][gc,stats    ]                                                              Avg / Max             Avg / Max             Avg / Max             Avg / Max
[70.246s][info][gc,stats    ]   Collector: Garbage Collection Cycle                   1740.669 / 2035.369   1945.291 / 2596.852   1945.291 / 2596.852   1945.291 / 2596.852    ms
[70.248s][info][gc,stats    ]  Contention: Mark Segment Reset Contention                     0 / 2                 0 / 2                 0 / 2                 0 / 2           ops/s
[70.250s][info][gc,stats    ]  Contention: Mark SeqNum Reset Contention                      0 / 0                 0 / 0                 0 / 0                 0 / 0           ops/s
[70.252s][info][gc,stats    ]    Critical: Allocation Stall                                  0 / 0                 0 / 0                 0 / 0                 0 / 0           ops/s
[70.254s][info][gc,stats    ]    Critical: Allocation Stall                              0.000 / 0.000         0.000 / 0.000         0.000 / 0.000         0.000 / 0.000       ms
[70.256s][info][gc,stats    ]    Critical: GC Locker Stall                                   0 / 0                 0 / 1                 0 / 1                 0 / 1           ops/s
[70.259s][info][gc,stats    ]    Critical: GC Locker Stall                               0.000 / 0.000         7.441 / 17.194        7.441 / 17.194        7.441 / 17.194      ms
[70.262s][info][gc,stats    ]    Critical: Relocation Stall                                  0 / 0                 0 / 0                 0 / 0                 0 / 0           ops/s
[70.265s][info][gc,stats    ]    Critical: Relocation Stall                              0.000 / 0.000         0.000 / 0.000         0.000 / 0.000         0.000 / 0.000       ms
[70.266s][info][gc,stats    ]      Memory: Allocation Rate                                  70 / 416              54 / 416              54 / 416              54 / 416         MB/s
[70.268s][info][gc,stats    ]      Memory: Out Of Memory                                     0 / 0                 0 / 0                 0 / 0                 0 / 0           ops/s
[70.270s][info][gc,stats    ]      Memory: Page Cache Flush                                  0 / 0                 0 / 0                 0 / 0                 0 / 0           MB/s
[70.272s][info][gc,stats    ]      Memory: Page Cache Hit L1                                11 / 43               11 / 116              11 / 116              11 / 116         ops/s
[70.274s][info][gc,stats    ]      Memory: Page Cache Hit L2                                 0 / 0                 0 / 0                 0 / 0                 0 / 0           ops/s
[70.277s][info][gc,stats    ]      Memory: Page Cache Hit L3                                 0 / 0                 1 / 36                1 / 36                1 / 36          ops/s
[70.278s][info][gc,stats    ]      Memory: Page Cache Miss                                   1 / 2                 6 / 78                6 / 78                6 / 78          ops/s
[70.280s][info][gc,stats    ]      Memory: Uncommit                                          0 / 0                 0 / 0                 0 / 0                 0 / 0           MB/s
[70.283s][info][gc,stats    ]      Memory: Undo Object Allocation Failed                     0 / 0                 0 / 0                 0 / 0                 0 / 0           ops/s
[70.285s][info][gc,stats    ]      Memory: Undo Object Allocation Succeeded                  0 / 1                 0 / 2                 0 / 2                 0 / 2           ops/s
[70.288s][info][gc,stats    ]      Memory: Undo Page Allocation                              0 / 0                 1 / 22                1 / 22                1 / 22          ops/s
[70.289s][info][gc,stats    ]       Phase: Concurrent Mark                            1482.425 / 1719.856   1510.081 / 2280.063   1510.081 / 2280.063   1510.081 / 2280.063    ms
[70.299s][info][gc,stats    ]       Phase: Concurrent Mark Continue                      0.000 / 0.000         0.000 / 0.000         0.000 / 0.000         0.000 / 0.000       ms
[70.303s][info][gc,stats    ]       Phase: Concurrent Mark Free                          0.005 / 0.005         0.004 / 0.006         0.004 / 0.006         0.004 / 0.006       ms
[70.305s][info][gc,stats    ]       Phase: Concurrent Process Non-Strong References    106.414 / 112.511      84.950 / 112.511      84.950 / 112.511      84.950 / 112.511     ms
[70.308s][info][gc,stats    ]       Phase: Concurrent Relocate                          69.159 / 123.676     233.981 / 730.247     233.981 / 730.247     233.981 / 730.247     ms
[70.311s][info][gc,stats    ]       Phase: Concurrent Reset Relocation Set               0.029 / 0.029         0.054 / 0.167         0.054 / 0.167         0.054 / 0.167       ms
[70.313s][info][gc,stats    ]       Phase: Concurrent Select Relocation Set             20.751 / 21.437       48.857 / 208.028      48.857 / 208.028      48.857 / 208.028     ms
[70.315s][info][gc,stats    ]       Phase: Pause Mark End                                0.104 / 0.164         0.275 / 1.361         0.275 / 1.361         0.275 / 1.361       ms
[70.317s][info][gc,stats    ]       Phase: Pause Mark Start                              0.020 / 0.023         0.018 / 0.023         0.018 / 0.023         0.018 / 0.023       ms
[70.319s][info][gc,stats    ]       Phase: Pause Relocate Start                          0.021 / 0.024         0.018 / 0.024         0.018 / 0.024         0.018 / 0.024       ms
[70.322s][info][gc,stats    ]    Subphase: Concurrent Classes Purge                      3.221 / 3.944         6.004 / 18.950        6.004 / 18.950        6.004 / 18.950      ms
[70.324s][info][gc,stats    ]    Subphase: Concurrent Classes Unlink                    75.315 / 79.562       48.346 / 79.562       48.346 / 79.562       48.346 / 79.562      ms
[70.326s][info][gc,stats    ]    Subphase: Concurrent Mark                            1426.426 / 1654.766   1468.690 / 2270.263   1468.690 / 2270.263   1468.690 / 2270.263    ms
[70.328s][info][gc,stats    ]    Subphase: Concurrent Mark Try Flush                     8.334 / 25.724       15.736 / 98.444       15.736 / 98.444       15.736 / 98.444      ms
[70.331s][info][gc,stats    ]    Subphase: Concurrent Mark Try Terminate                 3.417 / 25.727        3.330 / 33.926        3.330 / 33.926        3.330 / 33.926      ms
[70.333s][info][gc,stats    ]    Subphase: Concurrent References Enqueue                 0.067 / 0.133         0.048 / 0.133         0.048 / 0.133         0.048 / 0.133       ms
[70.335s][info][gc,stats    ]    Subphase: Concurrent References Process                 3.072 / 3.453         1.330 / 3.453         1.330 / 3.453         1.330 / 3.453       ms
[70.340s][info][gc,stats    ]    Subphase: Concurrent Roots ClassLoaderDataGraph         1.348 / 3.654         1.140 / 3.654         1.140 / 3.654         1.140 / 3.654       ms
[70.343s][info][gc,stats    ]    Subphase: Concurrent Roots CodeCache                    0.000 / 0.000         0.000 / 0.000         0.000 / 0.000         0.000 / 0.000       ms
[70.347s][info][gc,stats    ]    Subphase: Concurrent Roots JavaThreads                 35.307 / 58.041       23.620 / 58.041       23.620 / 58.041       23.620 / 58.041      ms
[70.349s][info][gc,stats    ]    Subphase: Concurrent Roots OopStorageSet                0.198 / 0.328         0.145 / 0.328         0.145 / 0.328         0.145 / 0.328       ms
[70.351s][info][gc,stats    ]    Subphase: Concurrent Weak Roots OopStorageSet           8.872 / 23.100        4.170 / 23.100        4.170 / 23.100        4.170 / 23.100      ms
[70.353s][info][gc,stats    ]    Subphase: Pause Mark Try Complete                       0.000 / 0.000         0.006 / 0.011         0.006 / 0.011         0.006 / 0.011       ms
[70.356s][info][gc,stats    ]      System: Java Threads                                     88 / 89               63 / 89               63 / 89               63 / 89          threads
[70.360s][info][gc,stats    ] =========================================================================================================================================================
[76.635s][info][gc,start    ] GC(6) Garbage Collection (Allocation Rate)
[76.640s][info][gc,task     ] GC(6) Using 2 workers
[76.645s][info][gc,phases   ] GC(6) Pause Mark Start 0.018ms
[77.318s][info][gc,phases   ] GC(6) Concurrent Mark 669.904ms
[77.349s][info][gc,phases   ] GC(6) Pause Mark End 0.046ms
[77.353s][info][gc,phases   ] GC(6) Concurrent Mark Free 0.005ms
[77.407s][info][gc,phases   ] GC(6) Concurrent Process Non-Strong References 52.703ms
[77.410s][info][gc,phases   ] GC(6) Concurrent Reset Relocation Set 0.010ms
[77.418s][info][gc,phases   ] GC(6) Concurrent Select Relocation Set 6.178ms
[77.425s][info][gc,phases   ] GC(6) Pause Relocate Start 0.016ms
[77.442s][info][gc,phases   ] GC(6) Concurrent Relocate 12.268ms
[77.446s][info][gc,load     ] GC(6) Load: 12.19/6.91/4.73
[77.448s][info][gc,mmu      ] GC(6) MMU: 2ms/32.0%, 5ms/72.8%, 10ms/86.4%, 20ms/93.2%, 50ms/97.3%, 100ms/98.6%
[77.450s][info][gc,marking  ] GC(6) Mark: 2 stripe(s), 2 proactive flush(es), 1 terminate flush(es), 0 completion(s), 0 continuation(s) 
[77.451s][info][gc,marking  ] GC(6) Mark Stack Usage: 32M
[77.454s][info][gc,nmethod  ] GC(6) NMethods: 6604 registered, 0 unregistered
[77.455s][info][gc,metaspace] GC(6) Metaspace: 52M used, 52M committed, 1072M reserved
[77.458s][info][gc,ref      ] GC(6) Soft: 5016 encountered, 0 discovered, 0 enqueued
[77.459s][info][gc,ref      ] GC(6) Weak: 3155 encountered, 793 discovered, 2 enqueued
[77.461s][info][gc,ref      ] GC(6) Final: 85 encountered, 67 discovered, 2 enqueued
[77.463s][info][gc,ref      ] GC(6) Phantom: 508 encountered, 449 discovered, 2 enqueued
[77.465s][info][gc,reloc    ] GC(6) Small Pages: 137 / 274M, Empty: 48M, Relocated: 6M, In-Place: 0
[77.467s][info][gc,reloc    ] GC(6) Medium Pages: 1 / 32M, Empty: 0M, Relocated: 0M, In-Place: 0
[77.473s][info][gc,reloc    ] GC(6) Large Pages: 57 / 706M, Empty: 612M, Relocated: 0M, In-Place: 0
[77.475s][info][gc,reloc    ] GC(6) Forwarding Usage: 1M
[77.477s][info][gc,heap     ] GC(6) Min Capacity: 256M(6%)
[77.479s][info][gc,heap     ] GC(6) Max Capacity: 4096M(100%)
[77.481s][info][gc,heap     ] GC(6) Soft Max Capacity: 4096M(100%)
[77.483s][info][gc,heap     ] GC(6)                Mark Start          Mark End        Relocate Start      Relocate End           High               Low         
[77.487s][info][gc,heap     ] GC(6)  Capacity:     1922M (47%)        2030M (50%)        2048M (50%)        2048M (50%)        2048M (50%)        1922M (47%)    
[77.496s][info][gc,heap     ] GC(6)      Free:     3084M (75%)        2944M (72%)        3584M (88%)        3702M (90%)        3702M (90%)        2924M (71%)    
[77.498s][info][gc,heap     ] GC(6)      Used:     1012M (25%)        1152M (28%)         512M (12%)         394M (10%)        1172M (29%)         394M (10%)    
[77.500s][info][gc,heap     ] GC(6)      Live:         -               189M (5%)          189M (5%)          189M (5%)             -                  -          
[77.501s][info][gc,heap     ] GC(6) Allocated:         -               140M (3%)          160M (4%)          161M (4%)             -                  -          
[77.504s][info][gc,heap     ] GC(6)   Garbage:         -               822M (20%)         162M (4%)           42M (1%)             -                  -          
[77.505s][info][gc,heap     ] GC(6) Reclaimed:         -                  -               660M (16%)         779M (19%)            -                  -          
[77.507s][info][gc          ] GC(6) Garbage Collection (Allocation Rate) 1012M(25%)->394M(10%)
[80.236s][info][gc,stats    ] === Garbage Collection Statistics =======================================================================================================================
[80.238s][info][gc,stats    ]                                                              Last 10s              Last 10m              Last 10h                Total
[80.242s][info][gc,stats    ]                                                              Avg / Max             Avg / Max             Avg / Max             Avg / Max
[80.244s][info][gc,stats    ]   Collector: Garbage Collection Cycle                    810.699 / 810.699    1783.206 / 2596.852   1783.206 / 2596.852   1783.206 / 2596.852    ms
[80.246s][info][gc,stats    ]  Contention: Mark Segment Reset Contention                     0 / 1                 0 / 2                 0 / 2                 0 / 2           ops/s
[80.248s][info][gc,stats    ]  Contention: Mark SeqNum Reset Contention                      0 / 0                 0 / 0                 0 / 0                 0 / 0           ops/s
[80.250s][info][gc,stats    ]    Critical: Allocation Stall                                  0 / 0                 0 / 0                 0 / 0                 0 / 0           ops/s
[80.252s][info][gc,stats    ]    Critical: Allocation Stall                              0.000 / 0.000         0.000 / 0.000         0.000 / 0.000         0.000 / 0.000       ms
[80.253s][info][gc,stats    ]    Critical: GC Locker Stall                                   0 / 0                 0 / 1                 0 / 1                 0 / 1           ops/s
[80.255s][info][gc,stats    ]    Critical: GC Locker Stall                               0.000 / 0.000         7.441 / 17.194        7.441 / 17.194        7.441 / 17.194      ms
[80.257s][info][gc,stats    ]    Critical: Relocation Stall                                  0 / 0                 0 / 0                 0 / 0                 0 / 0           ops/s
[80.258s][info][gc,stats    ]    Critical: Relocation Stall                              0.000 / 0.000         0.000 / 0.000         0.000 / 0.000         0.000 / 0.000       ms
[80.260s][info][gc,stats    ]      Memory: Allocation Rate                                  92 / 420              58 / 420              58 / 420              58 / 420         MB/s
[80.262s][info][gc,stats    ]      Memory: Out Of Memory                                     0 / 0                 0 / 0                 0 / 0                 0 / 0           ops/s
[80.263s][info][gc,stats    ]      Memory: Page Cache Flush                                  0 / 0                 0 / 0                 0 / 0                 0 / 0           MB/s
[80.265s][info][gc,stats    ]      Memory: Page Cache Hit L1                                16 / 29               11 / 116              11 / 116              11 / 116         ops/s
[80.267s][info][gc,stats    ]      Memory: Page Cache Hit L2                                 0 / 0                 0 / 0                 0 / 0                 0 / 0           ops/s
[80.268s][info][gc,stats    ]      Memory: Page Cache Hit L3                                 0 / 2                 1 / 36                1 / 36                1 / 36          ops/s
[80.270s][info][gc,stats    ]      Memory: Page Cache Miss                                   0 / 7                 6 / 78                6 / 78                6 / 78          ops/s
[80.272s][info][gc,stats    ]      Memory: Uncommit                                          0 / 0                 0 / 0                 0 / 0                 0 / 0           MB/s
[80.274s][info][gc,stats    ]      Memory: Undo Object Allocation Failed                     0 / 0                 0 / 0                 0 / 0                 0 / 0           ops/s
[80.275s][info][gc,stats    ]      Memory: Undo Object Allocation Succeeded                  0 / 0                 0 / 2                 0 / 2                 0 / 2           ops/s
[80.279s][info][gc,stats    ]      Memory: Undo Page Allocation                              0 / 0                 1 / 22                1 / 22                1 / 22          ops/s
[80.281s][info][gc,stats    ]       Phase: Concurrent Mark                             669.904 / 669.904    1390.056 / 2280.063   1390.056 / 2280.063   1390.056 / 2280.063    ms
[80.282s][info][gc,stats    ]       Phase: Concurrent Mark Continue                      0.000 / 0.000         0.000 / 0.000         0.000 / 0.000         0.000 / 0.000       ms
[80.288s][info][gc,stats    ]       Phase: Concurrent Mark Free                          0.005 / 0.005         0.004 / 0.006         0.004 / 0.006         0.004 / 0.006       ms
[80.291s][info][gc,stats    ]       Phase: Concurrent Process Non-Strong References     52.703 / 52.703       80.343 / 112.511      80.343 / 112.511      80.343 / 112.511     ms
[80.294s][info][gc,stats    ]       Phase: Concurrent Relocate                          12.268 / 12.268      202.308 / 730.247     202.308 / 730.247     202.308 / 730.247     ms
[80.296s][info][gc,stats    ]       Phase: Concurrent Reset Relocation Set               0.010 / 0.010         0.048 / 0.167         0.048 / 0.167         0.048 / 0.167       ms
[80.297s][info][gc,stats    ]       Phase: Concurrent Select Relocation Set              6.178 / 6.178        42.760 / 208.028      42.760 / 208.028      42.760 / 208.028     ms
[80.299s][info][gc,stats    ]       Phase: Pause Mark End                                0.046 / 0.046         0.242 / 1.361         0.242 / 1.361         0.242 / 1.361       ms
[80.301s][info][gc,stats    ]       Phase: Pause Mark Start                              0.018 / 0.018         0.018 / 0.023         0.018 / 0.023         0.018 / 0.023       ms
[80.303s][info][gc,stats    ]       Phase: Pause Relocate Start                          0.016 / 0.016         0.018 / 0.024         0.018 / 0.024         0.018 / 0.024       ms
[80.304s][info][gc,stats    ]    Subphase: Concurrent Classes Purge                      2.196 / 2.196         5.460 / 18.950        5.460 / 18.950        5.460 / 18.950      ms
[80.306s][info][gc,stats    ]    Subphase: Concurrent Classes Unlink                    37.117 / 37.117       46.742 / 79.562       46.742 / 79.562       46.742 / 79.562      ms
[80.307s][info][gc,stats    ]    Subphase: Concurrent Mark                             637.719 / 637.888    1349.980 / 2270.263   1349.980 / 2270.263   1349.980 / 2270.263    ms
[80.309s][info][gc,stats    ]    Subphase: Concurrent Mark Try Flush                     8.503 / 9.366        14.703 / 98.444       14.703 / 98.444       14.703 / 98.444      ms
[80.312s][info][gc,stats    ]    Subphase: Concurrent Mark Try Terminate                 1.680 / 8.477         3.175 / 33.926        3.175 / 33.926        3.175 / 33.926      ms
[80.314s][info][gc,stats    ]    Subphase: Concurrent References Enqueue                 0.068 / 0.068         0.051 / 0.133         0.051 / 0.133         0.051 / 0.133       ms
[80.317s][info][gc,stats    ]    Subphase: Concurrent References Process                 1.354 / 1.354         1.334 / 3.453         1.334 / 3.453         1.334 / 3.453       ms
[80.319s][info][gc,stats    ]    Subphase: Concurrent Roots ClassLoaderDataGraph         0.451 / 0.711         1.025 / 3.654         1.025 / 3.654         1.025 / 3.654       ms
[80.321s][info][gc,stats    ]    Subphase: Concurrent Roots CodeCache                    0.000 / 0.000         0.000 / 0.000         0.000 / 0.000         0.000 / 0.000       ms
[80.324s][info][gc,stats    ]    Subphase: Concurrent Roots JavaThreads                 20.463 / 23.504       23.169 / 58.041       23.169 / 58.041       23.169 / 58.041      ms
[80.326s][info][gc,stats    ]    Subphase: Concurrent Roots OopStorageSet                0.143 / 0.252         0.145 / 0.328         0.145 / 0.328         0.145 / 0.328       ms
[80.329s][info][gc,stats    ]    Subphase: Concurrent Weak Roots OopStorageSet           1.634 / 3.093         3.808 / 23.100        3.808 / 23.100        3.808 / 23.100      ms
[80.331s][info][gc,stats    ]    Subphase: Pause Mark Try Complete                       0.000 / 0.000         0.006 / 0.011         0.006 / 0.011         0.006 / 0.011       ms
[80.333s][info][gc,stats    ]      System: Java Threads                                     88 / 88               66 / 89               66 / 89               66 / 89          threads
[80.334s][info][gc,stats    ] =========================================================================================================================================================
[82.535s][info][gc,start    ] GC(7) Garbage Collection (Allocation Rate)
[82.537s][info][gc,task     ] GC(7) Using 2 workers
[82.546s][info][gc,phases   ] GC(7) Pause Mark Start 0.027ms
[83.110s][info][gc,phases   ] GC(7) Concurrent Mark 555.359ms
[83.119s][info][gc,phases   ] GC(7) Pause Mark End 0.218ms
[83.121s][info][gc,phases   ] GC(7) Concurrent Mark Free 0.005ms
[83.180s][info][gc,phases   ] GC(7) Concurrent Process Non-Strong References 57.916ms
[83.182s][info][gc,phases   ] GC(7) Concurrent Reset Relocation Set 0.017ms
[83.195s][info][gc,phases   ] GC(7) Concurrent Select Relocation Set 10.792ms
[83.198s][info][gc,phases   ] GC(7) Pause Relocate Start 0.016ms
[83.211s][info][gc,phases   ] GC(7) Concurrent Relocate 10.526ms
[83.213s][info][gc,load     ] GC(7) Load: 12.01/6.97/4.76
[83.215s][info][gc,mmu      ] GC(7) MMU: 2ms/32.0%, 5ms/72.8%, 10ms/86.4%, 20ms/93.2%, 50ms/97.3%, 100ms/98.6%
[83.217s][info][gc,marking  ] GC(7) Mark: 2 stripe(s), 2 proactive flush(es), 1 terminate flush(es), 1 completion(s), 0 continuation(s) 
[83.223s][info][gc,marking  ] GC(7) Mark Stack Usage: 32M
[83.226s][info][gc,nmethod  ] GC(7) NMethods: 5773 registered, 948 unregistered
[83.228s][info][gc,metaspace] GC(7) Metaspace: 52M used, 52M committed, 1072M reserved
[83.230s][info][gc,ref      ] GC(7) Soft: 5016 encountered, 0 discovered, 0 enqueued
[83.238s][info][gc,ref      ] GC(7) Weak: 3170 encountered, 1045 discovered, 2 enqueued
[83.240s][info][gc,ref      ] GC(7) Final: 84 encountered, 56 discovered, 1 enqueued
[83.242s][info][gc,ref      ] GC(7) Phantom: 513 encountered, 460 discovered, 1 enqueued
[83.246s][info][gc,reloc    ] GC(7) Small Pages: 120 / 240M, Empty: 28M, Relocated: 3M, In-Place: 0
[83.247s][info][gc,reloc    ] GC(7) Medium Pages: 1 / 32M, Empty: 0M, Relocated: 0M, In-Place: 0
[83.249s][info][gc,reloc    ] GC(7) Large Pages: 63 / 838M, Empty: 618M, Relocated: 0M, In-Place: 0
[83.254s][info][gc,reloc    ] GC(7) Forwarding Usage: 0M
[83.256s][info][gc,heap     ] GC(7) Min Capacity: 256M(6%)
[83.257s][info][gc,heap     ] GC(7) Max Capacity: 4096M(100%)
[83.259s][info][gc,heap     ] GC(7) Soft Max Capacity: 4096M(100%)
[83.261s][info][gc,heap     ] GC(7)                Mark Start          Mark End        Relocate Start      Relocate End           High               Low         
[83.263s][info][gc,heap     ] GC(7)  Capacity:     2066M (50%)        2102M (51%)        2102M (51%)        2102M (51%)        2102M (51%)        2066M (50%)    
[83.267s][info][gc,heap     ] GC(7)      Free:     2986M (73%)        2918M (71%)        3552M (87%)        3660M (89%)        3660M (89%)        2906M (71%)    
[83.270s][info][gc,heap     ] GC(7)      Used:     1110M (27%)        1178M (29%)         544M (13%)         436M (11%)        1190M (29%)         436M (11%)    
[83.272s][info][gc,heap     ] GC(7)      Live:         -               314M (8%)          314M (8%)          314M (8%)             -                  -          
[83.274s][info][gc,heap     ] GC(7) Allocated:         -                68M (2%)           80M (2%)           79M (2%)             -                  -          
[83.275s][info][gc,heap     ] GC(7)   Garbage:         -               795M (19%)         149M (4%)           41M (1%)             -                  -          
[83.277s][info][gc,heap     ] GC(7) Reclaimed:         -                  -               646M (16%)         753M (18%)            -                  -          
[83.278s][info][gc          ] GC(7) Garbage Collection (Allocation Rate) 1110M(27%)->436M(11%)
[90.235s][info][gc,stats    ] === Garbage Collection Statistics =======================================================================================================================
[90.239s][info][gc,stats    ]                                                              Last 10s              Last 10m              Last 10h                Total
[90.241s][info][gc,stats    ]                                                              Avg / Max             Avg / Max             Avg / Max             Avg / Max
[90.244s][info][gc,stats    ]   Collector: Garbage Collection Cycle                    678.302 / 678.302    1645.093 / 2596.852   1645.093 / 2596.852   1645.093 / 2596.852    ms
[90.246s][info][gc,stats    ]  Contention: Mark Segment Reset Contention                     0 / 0                 0 / 2                 0 / 2                 0 / 2           ops/s
[90.248s][info][gc,stats    ]  Contention: Mark SeqNum Reset Contention                      0 / 0                 0 / 0                 0 / 0                 0 / 0           ops/s
[90.249s][info][gc,stats    ]    Critical: Allocation Stall                                  0 / 0                 0 / 0                 0 / 0                 0 / 0           ops/s
[90.251s][info][gc,stats    ]    Critical: Allocation Stall                              0.000 / 0.000         0.000 / 0.000         0.000 / 0.000         0.000 / 0.000       ms
[90.252s][info][gc,stats    ]    Critical: GC Locker Stall                                   0 / 0                 0 / 1                 0 / 1                 0 / 1           ops/s
[90.253s][info][gc,stats    ]    Critical: GC Locker Stall                               0.000 / 0.000         7.441 / 17.194        7.441 / 17.194        7.441 / 17.194      ms
[90.255s][info][gc,stats    ]    Critical: Relocation Stall                                  0 / 0                 0 / 0                 0 / 0                 0 / 0           ops/s
[90.256s][info][gc,stats    ]    Critical: Relocation Stall                              0.000 / 0.000         0.000 / 0.000         0.000 / 0.000         0.000 / 0.000       ms
[90.258s][info][gc,stats    ]      Memory: Allocation Rate                                  77 / 504              60 / 504              60 / 504              60 / 504         MB/s
[90.259s][info][gc,stats    ]      Memory: Out Of Memory                                     0 / 0                 0 / 0                 0 / 0                 0 / 0           ops/s
[90.260s][info][gc,stats    ]      Memory: Page Cache Flush                                  0 / 0                 0 / 0                 0 / 0                 0 / 0           MB/s
[90.262s][info][gc,stats    ]      Memory: Page Cache Hit L1                                13 / 40               12 / 116              12 / 116              12 / 116         ops/s
[90.264s][info][gc,stats    ]      Memory: Page Cache Hit L2                                 0 / 0                 0 / 0                 0 / 0                 0 / 0           ops/s
[90.265s][info][gc,stats    ]      Memory: Page Cache Hit L3                                 0 / 1                 1 / 36                1 / 36                1 / 36          ops/s
[90.267s][info][gc,stats    ]      Memory: Page Cache Miss                                   0 / 3                 5 / 78                5 / 78                5 / 78          ops/s
[90.269s][info][gc,stats    ]      Memory: Uncommit                                          0 / 0                 0 / 0                 0 / 0                 0 / 0           MB/s
[90.271s][info][gc,stats    ]      Memory: Undo Object Allocation Failed                     0 / 0                 0 / 0                 0 / 0                 0 / 0           ops/s
[90.272s][info][gc,stats    ]      Memory: Undo Object Allocation Succeeded                  0 / 0                 0 / 2                 0 / 2                 0 / 2           ops/s
[90.279s][info][gc,stats    ]      Memory: Undo Page Allocation                              0 / 0                 1 / 22                1 / 22                1 / 22          ops/s
[90.281s][info][gc,stats    ]       Phase: Concurrent Mark                             555.359 / 555.359    1285.719 / 2280.063   1285.719 / 2280.063   1285.719 / 2280.063    ms
[90.283s][info][gc,stats    ]       Phase: Concurrent Mark Continue                      0.000 / 0.000         0.000 / 0.000         0.000 / 0.000         0.000 / 0.000       ms
[90.286s][info][gc,stats    ]       Phase: Concurrent Mark Free                          0.005 / 0.005         0.005 / 0.006         0.005 / 0.006         0.005 / 0.006       ms
[90.288s][info][gc,stats    ]       Phase: Concurrent Process Non-Strong References     57.916 / 57.916       77.540 / 112.511      77.540 / 112.511      77.540 / 112.511     ms
[90.289s][info][gc,stats    ]       Phase: Concurrent Relocate                          10.526 / 10.526      178.335 / 730.247     178.335 / 730.247     178.335 / 730.247     ms
[90.291s][info][gc,stats    ]       Phase: Concurrent Reset Relocation Set               0.017 / 0.017         0.044 / 0.167         0.044 / 0.167         0.044 / 0.167       ms
[90.292s][info][gc,stats    ]       Phase: Concurrent Select Relocation Set             10.792 / 10.792       38.764 / 208.028      38.764 / 208.028      38.764 / 208.028     ms
[90.293s][info][gc,stats    ]       Phase: Pause Mark End                                0.218 / 0.218         0.239 / 1.361         0.239 / 1.361         0.239 / 1.361       ms
[90.296s][info][gc,stats    ]       Phase: Pause Mark Start                              0.027 / 0.027         0.019 / 0.027         0.019 / 0.027         0.019 / 0.027       ms
[90.297s][info][gc,stats    ]       Phase: Pause Relocate Start                          0.016 / 0.016         0.017 / 0.024         0.017 / 0.024         0.017 / 0.024       ms
[90.298s][info][gc,stats    ]    Subphase: Concurrent Classes Purge                      1.516 / 1.516         4.967 / 18.950        4.967 / 18.950        4.967 / 18.950      ms
[90.300s][info][gc,stats    ]    Subphase: Concurrent Classes Unlink                    46.851 / 46.851       46.756 / 79.562       46.756 / 79.562       46.756 / 79.562      ms
[90.302s][info][gc,stats    ]    Subphase: Concurrent Mark                             533.691 / 534.343    1247.943 / 2270.263   1247.943 / 2270.263   1247.943 / 2270.263    ms
[90.303s][info][gc,stats    ]    Subphase: Concurrent Mark Try Flush                     3.390 / 9.061        13.289 / 98.444       13.289 / 98.444       13.289 / 98.444      ms
[90.305s][info][gc,stats    ]    Subphase: Concurrent Mark Try Terminate                 1.157 / 2.753         3.148 / 33.926        3.148 / 33.926        3.148 / 33.926      ms
[90.307s][info][gc,stats    ]    Subphase: Concurrent References Enqueue                 0.072 / 0.072         0.054 / 0.133         0.054 / 0.133         0.054 / 0.133       ms
[90.309s][info][gc,stats    ]    Subphase: Concurrent References Process                 0.579 / 0.579         1.239 / 3.453         1.239 / 3.453         1.239 / 3.453       ms
[90.311s][info][gc,stats    ]    Subphase: Concurrent Roots ClassLoaderDataGraph         0.940 / 0.940         1.018 / 3.654         1.018 / 3.654         1.018 / 3.654       ms
[90.313s][info][gc,stats    ]    Subphase: Concurrent Roots CodeCache                    0.000 / 0.000         0.000 / 0.000         0.000 / 0.000         0.000 / 0.000       ms
[90.316s][info][gc,stats    ]    Subphase: Concurrent Roots JavaThreads                  3.422 / 3.738        20.701 / 58.041       20.701 / 58.041       20.701 / 58.041      ms
[90.319s][info][gc,stats    ]    Subphase: Concurrent Roots OopStorageSet                0.101 / 0.101         0.141 / 0.328         0.141 / 0.328         0.141 / 0.328       ms
[90.320s][info][gc,stats    ]    Subphase: Concurrent Weak Roots OopStorageSet           1.846 / 2.718         3.563 / 23.100        3.563 / 23.100        3.563 / 23.100      ms
[90.322s][info][gc,stats    ]    Subphase: Pause Mark Try Complete                       0.023 / 0.045         0.014 / 0.045         0.014 / 0.045         0.014 / 0.045       ms
[90.323s][info][gc,stats    ]      System: Java Threads                                     88 / 88               69 / 89               69 / 89               69 / 89          threads
[90.325s][info][gc,stats    ] =========================================================================================================================================================
[93.534s][info][gc,start    ] GC(8) Garbage Collection (Allocation Rate)
[93.536s][info][gc,task     ] GC(8) Using 2 workers
[93.539s][info][gc,phases   ] GC(8) Pause Mark Start 0.193ms
[93.799s][info][gc,phases   ] GC(8) Concurrent Mark 252.396ms
[93.802s][info][gc,phases   ] GC(8) Pause Mark End 0.033ms
[93.804s][info][gc,phases   ] GC(8) Concurrent Mark Free 0.004ms
[93.830s][info][gc,phases   ] GC(8) Concurrent Process Non-Strong References 23.878ms
[93.832s][info][gc,phases   ] GC(8) Concurrent Reset Relocation Set 0.014ms
[93.840s][info][gc,phases   ] GC(8) Concurrent Select Relocation Set 6.836ms
[93.842s][info][gc,phases   ] GC(8) Pause Relocate Start 0.014ms
[93.854s][info][gc,phases   ] GC(8) Concurrent Relocate 9.656ms
[93.855s][info][gc,load     ] GC(8) Load: 11.70/7.07/4.81
[93.857s][info][gc,mmu      ] GC(8) MMU: 2ms/32.0%, 5ms/72.8%, 10ms/86.4%, 20ms/93.2%, 50ms/97.3%, 100ms/98.6%
[93.859s][info][gc,marking  ] GC(8) Mark: 2 stripe(s), 2 proactive flush(es), 1 terminate flush(es), 0 completion(s), 0 continuation(s) 
[93.861s][info][gc,marking  ] GC(8) Mark Stack Usage: 32M
[93.863s][info][gc,nmethod  ] GC(8) NMethods: 5888 registered, 948 unregistered
[93.865s][info][gc,metaspace] GC(8) Metaspace: 52M used, 52M committed, 1072M reserved
[93.867s][info][gc,ref      ] GC(8) Soft: 5016 encountered, 0 discovered, 0 enqueued
[93.868s][info][gc,ref      ] GC(8) Weak: 3158 encountered, 537 discovered, 3 enqueued
[93.870s][info][gc,ref      ] GC(8) Final: 85 encountered, 4 discovered, 2 enqueued
[93.872s][info][gc,ref      ] GC(8) Phantom: 489 encountered, 330 discovered, 0 enqueued
[93.873s][info][gc,reloc    ] GC(8) Small Pages: 139 / 278M, Empty: 48M, Relocated: 4M, In-Place: 0
[93.875s][info][gc,reloc    ] GC(8) Medium Pages: 1 / 32M, Empty: 0M, Relocated: 0M, In-Place: 0
[93.877s][info][gc,reloc    ] GC(8) Large Pages: 64 / 856M, Empty: 600M, Relocated: 0M, In-Place: 0
[93.879s][info][gc,reloc    ] GC(8) Forwarding Usage: 1M
[93.881s][info][gc,heap     ] GC(8) Min Capacity: 256M(6%)
[93.883s][info][gc,heap     ] GC(8) Max Capacity: 4096M(100%)
[93.884s][info][gc,heap     ] GC(8) Soft Max Capacity: 4096M(100%)
[93.886s][info][gc,heap     ] GC(8)                Mark Start          Mark End        Relocate Start      Relocate End           High               Low         
[93.887s][info][gc,heap     ] GC(8)  Capacity:     2102M (51%)        2102M (51%)        2102M (51%)        2102M (51%)        2102M (51%)        2102M (51%)    
[93.889s][info][gc,heap     ] GC(8)      Free:     2930M (72%)        2898M (71%)        3546M (87%)        3668M (90%)        3668M (90%)        2898M (71%)    
[93.890s][info][gc,heap     ] GC(8)      Used:     1166M (28%)        1198M (29%)         550M (13%)         428M (10%)        1198M (29%)         428M (10%)    
[93.892s][info][gc,heap     ] GC(8)      Live:         -               350M (9%)          350M (9%)          350M (9%)             -                  -          
[93.894s][info][gc,heap     ] GC(8) Allocated:         -                32M (1%)           32M (1%)           33M (1%)             -                  -          
[93.895s][info][gc,heap     ] GC(8)   Garbage:         -               815M (20%)         167M (4%)           43M (1%)             -                  -          
[93.897s][info][gc,heap     ] GC(8) Reclaimed:         -                  -               648M (16%)         771M (19%)            -                  -          
[93.898s][info][gc          ] GC(8) Garbage Collection (Allocation Rate) 1166M(28%)->428M(10%)
[93.935s][info][gc,start    ] GC(9) Garbage Collection (Allocation Rate)
[93.937s][info][gc,task     ] GC(9) Using 2 workers
[93.943s][info][gc,phases   ] GC(9) Pause Mark Start 0.016ms
[94.222s][info][gc,phases   ] GC(9) Concurrent Mark 275.043ms
[94.226s][info][gc,phases   ] GC(9) Pause Mark End 0.255ms
[94.228s][info][gc,phases   ] GC(9) Concurrent Mark Free 0.004ms
[94.263s][info][gc,phases   ] GC(9) Concurrent Process Non-Strong References 33.163ms
[94.265s][info][gc,phases   ] GC(9) Concurrent Reset Relocation Set 0.017ms
[94.273s][info][gc,phases   ] GC(9) Concurrent Select Relocation Set 5.149ms
[94.276s][info][gc,phases   ] GC(9) Pause Relocate Start 0.130ms
[94.281s][info][gc,phases   ] GC(9) Concurrent Relocate 2.206ms
[94.283s][info][gc,load     ] GC(9) Load: 11.70/7.07/4.81
[94.285s][info][gc,mmu      ] GC(9) MMU: 2ms/32.0%, 5ms/72.8%, 10ms/86.4%, 20ms/93.2%, 50ms/97.3%, 100ms/98.6%
[94.287s][info][gc,marking  ] GC(9) Mark: 2 stripe(s), 2 proactive flush(es), 1 terminate flush(es), 0 completion(s), 0 continuation(s) 
[94.289s][info][gc,marking  ] GC(9) Mark Stack Usage: 32M
[94.291s][info][gc,nmethod  ] GC(9) NMethods: 5895 registered, 948 unregistered
[94.293s][info][gc,metaspace] GC(9) Metaspace: 52M used, 52M committed, 1072M reserved
[94.294s][info][gc,ref      ] GC(9) Soft: 5016 encountered, 0 discovered, 0 enqueued
[94.296s][info][gc,ref      ] GC(9) Weak: 3170 encountered, 821 discovered, 0 enqueued
[94.297s][info][gc,ref      ] GC(9) Final: 83 encountered, 0 discovered, 0 enqueued
[94.299s][info][gc,ref      ] GC(9) Phantom: 490 encountered, 327 discovered, 0 enqueued
[94.301s][info][gc,reloc    ] GC(9) Small Pages: 64 / 128M, Empty: 4M, Relocated: 1M, In-Place: 0
[94.303s][info][gc,reloc    ] GC(9) Medium Pages: 1 / 32M, Empty: 0M, Relocated: 0M, In-Place: 0
[94.304s][info][gc,reloc    ] GC(9) Large Pages: 15 / 268M, Empty: 234M, Relocated: 0M, In-Place: 0
[94.307s][info][gc,reloc    ] GC(9) Forwarding Usage: 0M
[94.308s][info][gc,heap     ] GC(9) Min Capacity: 256M(6%)
[94.309s][info][gc,heap     ] GC(9) Max Capacity: 4096M(100%)
[94.311s][info][gc,heap     ] GC(9) Soft Max Capacity: 4096M(100%)
[94.312s][info][gc,heap     ] GC(9)                Mark Start          Mark End        Relocate Start      Relocate End           High               Low         
[94.314s][info][gc,heap     ] GC(9)  Capacity:     2102M (51%)        2102M (51%)        2102M (51%)        2102M (51%)        2102M (51%)        2102M (51%)    
[94.316s][info][gc,heap     ] GC(9)      Free:     3668M (90%)        3650M (89%)        3872M (95%)        3890M (95%)        3890M (95%)        3634M (89%)    
[94.317s][info][gc,heap     ] GC(9)      Used:      428M (10%)         446M (11%)         224M (5%)          206M (5%)          462M (11%)         206M (5%)     
[94.319s][info][gc,heap     ] GC(9)      Live:         -               128M (3%)          128M (3%)          128M (3%)             -                  -          
[94.321s][info][gc,heap     ] GC(9) Allocated:         -                18M (0%)           34M (1%)           33M (1%)             -                  -          
[94.323s][info][gc,heap     ] GC(9)   Garbage:         -               299M (7%)           61M (1%)           43M (1%)             -                  -          
[94.324s][info][gc,heap     ] GC(9) Reclaimed:         -                  -               238M (6%)          255M (6%)             -                  -          
[94.326s][info][gc          ] GC(9) Garbage Collection (Allocation Rate) 428M(10%)->206M(5%)
[100.235s][info][gc,stats    ] === Garbage Collection Statistics =======================================================================================================================
[100.238s][info][gc,stats    ]                                                              Last 10s              Last 10m              Last 10h                Total
[100.239s][info][gc,stats    ]                                                              Avg / Max             Avg / Max             Avg / Max             Avg / Max
[100.241s][info][gc,stats    ]   Collector: Garbage Collection Cycle                    334.316 / 347.912    1382.938 / 2596.852   1382.938 / 2596.852   1382.938 / 2596.852    ms
[100.242s][info][gc,stats    ]  Contention: Mark Segment Reset Contention                     0 / 0                 0 / 2                 0 / 2                 0 / 2           ops/s
[100.244s][info][gc,stats    ]  Contention: Mark SeqNum Reset Contention                      0 / 0                 0 / 0                 0 / 0                 0 / 0           ops/s
[100.246s][info][gc,stats    ]    Critical: Allocation Stall                                  0 / 0                 0 / 0                 0 / 0                 0 / 0           ops/s
[100.249s][info][gc,stats    ]    Critical: Allocation Stall                              0.000 / 0.000         0.000 / 0.000         0.000 / 0.000         0.000 / 0.000       ms
[100.250s][info][gc,stats    ]    Critical: GC Locker Stall                                   0 / 0                 0 / 1                 0 / 1                 0 / 1           ops/s
[100.252s][info][gc,stats    ]    Critical: GC Locker Stall                               0.000 / 0.000         7.441 / 17.194        7.441 / 17.194        7.441 / 17.194      ms
[100.255s][info][gc,stats    ]    Critical: Relocation Stall                                  0 / 0                 0 / 0                 0 / 0                 0 / 0           ops/s
[100.256s][info][gc,stats    ]    Critical: Relocation Stall                              0.000 / 0.000         0.000 / 0.000         0.000 / 0.000         0.000 / 0.000       ms
[100.258s][info][gc,stats    ]      Memory: Allocation Rate                                  75 / 524              62 / 524              62 / 524              62 / 524         MB/s
[100.260s][info][gc,stats    ]      Memory: Out Of Memory                                     0 / 0                 0 / 0                 0 / 0                 0 / 0           ops/s
[100.261s][info][gc,stats    ]      Memory: Page Cache Flush                                  0 / 0                 0 / 0                 0 / 0                 0 / 0           MB/s
[100.266s][info][gc,stats    ]      Memory: Page Cache Hit L1                                14 / 60               12 / 116              12 / 116              12 / 116         ops/s
[100.268s][info][gc,stats    ]      Memory: Page Cache Hit L2                                 0 / 0                 0 / 0                 0 / 0                 0 / 0           ops/s
[100.269s][info][gc,stats    ]      Memory: Page Cache Hit L3                                 0 / 0                 1 / 36                1 / 36                1 / 36          ops/s
[100.270s][info][gc,stats    ]      Memory: Page Cache Miss                                   0 / 0                 4 / 78                4 / 78                4 / 78          ops/s
[100.275s][info][gc,stats    ]      Memory: Uncommit                                          0 / 0                 0 / 0                 0 / 0                 0 / 0           MB/s
[100.276s][info][gc,stats    ]      Memory: Undo Object Allocation Failed                     0 / 0                 0 / 0                 0 / 0                 0 / 0           ops/s
[100.283s][info][gc,stats    ]      Memory: Undo Object Allocation Succeeded                  0 / 1                 0 / 2                 0 / 2                 0 / 2           ops/s
[100.285s][info][gc,stats    ]      Memory: Undo Page Allocation                              0 / 0                 1 / 22                1 / 22                1 / 22          ops/s
[100.287s][info][gc,stats    ]       Phase: Concurrent Mark                             263.720 / 275.043    1081.319 / 2280.063   1081.319 / 2280.063   1081.319 / 2280.063    ms
[100.289s][info][gc,stats    ]       Phase: Concurrent Mark Continue                      0.000 / 0.000         0.000 / 0.000         0.000 / 0.000         0.000 / 0.000       ms
[100.290s][info][gc,stats    ]       Phase: Concurrent Mark Free                          0.004 / 0.004         0.004 / 0.006         0.004 / 0.006         0.004 / 0.006       ms
[100.292s][info][gc,stats    ]       Phase: Concurrent Process Non-Strong References     28.521 / 33.163       67.736 / 112.511      67.736 / 112.511      67.736 / 112.511     ms
[100.294s][info][gc,stats    ]       Phase: Concurrent Relocate                           5.931 / 9.656       143.854 / 730.247     143.854 / 730.247     143.854 / 730.247     ms
[100.295s][info][gc,stats    ]       Phase: Concurrent Reset Relocation Set               0.015 / 0.017         0.038 / 0.167         0.038 / 0.167         0.038 / 0.167       ms
[100.298s][info][gc,stats    ]       Phase: Concurrent Select Relocation Set              5.993 / 6.836        32.210 / 208.028      32.210 / 208.028      32.210 / 208.028     ms
[100.299s][info][gc,stats    ]       Phase: Pause Mark End                                0.144 / 0.255         0.220 / 1.361         0.220 / 1.361         0.220 / 1.361       ms
[100.300s][info][gc,stats    ]       Phase: Pause Mark Start                              0.104 / 0.193         0.036 / 0.193         0.036 / 0.193         0.036 / 0.193       ms
[100.301s][info][gc,stats    ]       Phase: Pause Relocate Start                          0.072 / 0.130         0.028 / 0.130         0.028 / 0.130         0.028 / 0.130       ms
[100.303s][info][gc,stats    ]    Subphase: Concurrent Classes Purge                      1.489 / 1.992         4.271 / 18.950        4.271 / 18.950        4.271 / 18.950      ms
[100.304s][info][gc,stats    ]    Subphase: Concurrent Classes Unlink                    19.117 / 23.651       41.228 / 79.562       41.228 / 79.562       41.228 / 79.562      ms
[100.306s][info][gc,stats    ]    Subphase: Concurrent Mark                             250.339 / 266.125    1048.422 / 2270.263   1048.422 / 2270.263   1048.422 / 2270.263    ms
[100.307s][info][gc,stats    ]    Subphase: Concurrent Mark Try Flush                     2.008 / 5.401        11.033 / 98.444       11.033 / 98.444       11.033 / 98.444      ms
[100.308s][info][gc,stats    ]    Subphase: Concurrent Mark Try Terminate                 0.952 / 1.597         3.047 / 33.926        3.047 / 33.926        3.047 / 33.926      ms
[100.310s][info][gc,stats    ]    Subphase: Concurrent References Enqueue                 0.047 / 0.094         0.052 / 0.133         0.052 / 0.133         0.052 / 0.133       ms
[100.311s][info][gc,stats    ]    Subphase: Concurrent References Process                 1.138 / 1.655         1.219 / 3.453         1.219 / 3.453         1.219 / 3.453       ms
[100.312s][info][gc,stats    ]    Subphase: Concurrent Roots ClassLoaderDataGraph         0.939 / 1.106         1.008 / 3.654         1.008 / 3.654         1.008 / 3.654       ms
[100.314s][info][gc,stats    ]    Subphase: Concurrent Roots CodeCache                    0.000 / 0.000         0.000 / 0.000         0.000 / 0.000         0.000 / 0.000       ms
[100.315s][info][gc,stats    ]    Subphase: Concurrent Roots JavaThreads                  7.425 / 10.749       18.046 / 58.041       18.046 / 58.041       18.046 / 58.041      ms
[100.316s][info][gc,stats    ]    Subphase: Concurrent Roots OopStorageSet                0.134 / 0.170         0.140 / 0.328         0.140 / 0.328         0.140 / 0.328       ms
[100.318s][info][gc,stats    ]    Subphase: Concurrent Weak Roots OopStorageSet           2.134 / 3.050         3.277 / 23.100        3.277 / 23.100        3.277 / 23.100      ms
[100.319s][info][gc,stats    ]    Subphase: Pause Mark Try Complete                       0.000 / 0.000         0.014 / 0.045         0.014 / 0.045         0.014 / 0.045       ms
[100.320s][info][gc,stats    ]      System: Java Threads                                     87 / 87               72 / 89               72 / 89               72 / 89          threads
[100.321s][info][gc,stats    ] =========================================================================================================================================================
[110.236s][info][gc,stats    ] === Garbage Collection Statistics =======================================================================================================================
[110.238s][info][gc,stats    ]                                                              Last 10s              Last 10m              Last 10h                Total
[110.239s][info][gc,stats    ]                                                              Avg / Max             Avg / Max             Avg / Max             Avg / Max
[110.240s][info][gc,stats    ]   Collector: Garbage Collection Cycle                      0.000 / 0.000      1382.938 / 2596.852   1382.938 / 2596.852   1382.938 / 2596.852    ms
[110.243s][info][gc,stats    ]  Contention: Mark Segment Reset Contention                     0 / 0                 0 / 2                 0 / 2                 0 / 2           ops/s
[110.244s][info][gc,stats    ]  Contention: Mark SeqNum Reset Contention                      0 / 0                 0 / 0                 0 / 0                 0 / 0           ops/s
[110.245s][info][gc,stats    ]    Critical: Allocation Stall                                  0 / 0                 0 / 0                 0 / 0                 0 / 0           ops/s
[110.246s][info][gc,stats    ]    Critical: Allocation Stall                              0.000 / 0.000         0.000 / 0.000         0.000 / 0.000         0.000 / 0.000       ms
[110.247s][info][gc,stats    ]    Critical: GC Locker Stall                                   0 / 0                 0 / 1                 0 / 1                 0 / 1           ops/s
[110.248s][info][gc,stats    ]    Critical: GC Locker Stall                               0.000 / 0.000         7.441 / 17.194        7.441 / 17.194        7.441 / 17.194      ms
[110.249s][info][gc,stats    ]    Critical: Relocation Stall                                  0 / 0                 0 / 0                 0 / 0                 0 / 0           ops/s
[110.251s][info][gc,stats    ]    Critical: Relocation Stall                              0.000 / 0.000         0.000 / 0.000         0.000 / 0.000         0.000 / 0.000       ms
[110.252s][info][gc,stats    ]      Memory: Allocation Rate                                  72 / 492              63 / 524              63 / 524              63 / 524         MB/s
[110.254s][info][gc,stats    ]      Memory: Out Of Memory                                     0 / 0                 0 / 0                 0 / 0                 0 / 0           ops/s
[110.255s][info][gc,stats    ]      Memory: Page Cache Flush                                  0 / 0                 0 / 0                 0 / 0                 0 / 0           MB/s
[110.256s][info][gc,stats    ]      Memory: Page Cache Hit L1                                11 / 36               12 / 116              12 / 116              12 / 116         ops/s
[110.257s][info][gc,stats    ]      Memory: Page Cache Hit L2                                 0 / 0                 0 / 0                 0 / 0                 0 / 0           ops/s
[110.259s][info][gc,stats    ]      Memory: Page Cache Hit L3                                 0 / 0                 1 / 36                1 / 36                1 / 36          ops/s
[110.260s][info][gc,stats    ]      Memory: Page Cache Miss                                   0 / 0                 4 / 78                4 / 78                4 / 78          ops/s
[110.261s][info][gc,stats    ]      Memory: Uncommit                                          0 / 0                 0 / 0                 0 / 0                 0 / 0           MB/s
[110.263s][info][gc,stats    ]      Memory: Undo Object Allocation Failed                     0 / 0                 0 / 0                 0 / 0                 0 / 0           ops/s
[110.267s][info][gc,stats    ]      Memory: Undo Object Allocation Succeeded                  0 / 0                 0 / 2                 0 / 2                 0 / 2           ops/s
[110.268s][info][gc,stats    ]      Memory: Undo Page Allocation                              0 / 0                 0 / 22                0 / 22                0 / 22          ops/s
[110.270s][info][gc,stats    ]       Phase: Concurrent Mark                               0.000 / 0.000      1081.319 / 2280.063   1081.319 / 2280.063   1081.319 / 2280.063    ms
[110.272s][info][gc,stats    ]       Phase: Concurrent Mark Continue                      0.000 / 0.000         0.000 / 0.000         0.000 / 0.000         0.000 / 0.000       ms
[110.273s][info][gc,stats    ]       Phase: Concurrent Mark Free                          0.000 / 0.000         0.004 / 0.006         0.004 / 0.006         0.004 / 0.006       ms
[110.275s][info][gc,stats    ]       Phase: Concurrent Process Non-Strong References      0.000 / 0.000        67.736 / 112.511      67.736 / 112.511      67.736 / 112.511     ms
[110.279s][info][gc,stats    ]       Phase: Concurrent Relocate                           0.000 / 0.000       143.854 / 730.247     143.854 / 730.247     143.854 / 730.247     ms
[110.280s][info][gc,stats    ]       Phase: Concurrent Reset Relocation Set               0.000 / 0.000         0.038 / 0.167         0.038 / 0.167         0.038 / 0.167       ms
[110.281s][info][gc,stats    ]       Phase: Concurrent Select Relocation Set              0.000 / 0.000        32.210 / 208.028      32.210 / 208.028      32.210 / 208.028     ms
[110.282s][info][gc,stats    ]       Phase: Pause Mark End                                0.000 / 0.000         0.220 / 1.361         0.220 / 1.361         0.220 / 1.361       ms
[110.285s][info][gc,stats    ]       Phase: Pause Mark Start                              0.000 / 0.000         0.036 / 0.193         0.036 / 0.193         0.036 / 0.193       ms
[110.287s][info][gc,stats    ]       Phase: Pause Relocate Start                          0.000 / 0.000         0.028 / 0.130         0.028 / 0.130         0.028 / 0.130       ms
[110.288s][info][gc,stats    ]    Subphase: Concurrent Classes Purge                      0.000 / 0.000         4.271 / 18.950        4.271 / 18.950        4.271 / 18.950      ms
[110.290s][info][gc,stats    ]    Subphase: Concurrent Classes Unlink                     0.000 / 0.000        41.228 / 79.562       41.228 / 79.562       41.228 / 79.562      ms
[110.291s][info][gc,stats    ]    Subphase: Concurrent Mark                               0.000 / 0.000      1048.422 / 2270.263   1048.422 / 2270.263   1048.422 / 2270.263    ms
[110.293s][info][gc,stats    ]    Subphase: Concurrent Mark Try Flush                     0.000 / 0.000        11.033 / 98.444       11.033 / 98.444       11.033 / 98.444      ms
[110.294s][info][gc,stats    ]    Subphase: Concurrent Mark Try Terminate                 0.000 / 0.000         3.047 / 33.926        3.047 / 33.926        3.047 / 33.926      ms
[110.295s][info][gc,stats    ]    Subphase: Concurrent References Enqueue                 0.000 / 0.000         0.052 / 0.133         0.052 / 0.133         0.052 / 0.133       ms
[110.296s][info][gc,stats    ]    Subphase: Concurrent References Process                 0.000 / 0.000         1.219 / 3.453         1.219 / 3.453         1.219 / 3.453       ms
[110.298s][info][gc,stats    ]    Subphase: Concurrent Roots ClassLoaderDataGraph         0.000 / 0.000         1.008 / 3.654         1.008 / 3.654         1.008 / 3.654       ms
[110.299s][info][gc,stats    ]    Subphase: Concurrent Roots CodeCache                    0.000 / 0.000         0.000 / 0.000         0.000 / 0.000         0.000 / 0.000       ms
[110.300s][info][gc,stats    ]    Subphase: Concurrent Roots JavaThreads                  0.000 / 0.000        18.046 / 58.041       18.046 / 58.041       18.046 / 58.041      ms
[110.301s][info][gc,stats    ]    Subphase: Concurrent Roots OopStorageSet                0.000 / 0.000         0.140 / 0.328         0.140 / 0.328         0.140 / 0.328       ms
[110.302s][info][gc,stats    ]    Subphase: Concurrent Weak Roots OopStorageSet           0.000 / 0.000         3.277 / 23.100        3.277 / 23.100        3.277 / 23.100      ms
[110.304s][info][gc,stats    ]    Subphase: Pause Mark Try Complete                       0.000 / 0.000         0.014 / 0.045         0.014 / 0.045         0.014 / 0.045       ms
[110.305s][info][gc,stats    ]      System: Java Threads                                      0 / 0                72 / 89               72 / 89               72 / 89          threads
[110.306s][info][gc,stats    ] =========================================================================================================================================================
[116.735s][info][gc,start    ] GC(10) Garbage Collection (Allocation Rate)
[116.738s][info][gc,task     ] GC(10) Using 2 workers
[116.739s][info][gc,phases   ] GC(10) Pause Mark Start 0.014ms
[116.929s][info][gc,phases   ] GC(10) Concurrent Mark 188.041ms
[116.932s][info][gc,phases   ] GC(10) Pause Mark End 0.024ms
[116.935s][info][gc,phases   ] GC(10) Concurrent Mark Free 0.003ms
[116.956s][info][gc,phases   ] GC(10) Concurrent Process Non-Strong References 19.329ms
[116.958s][info][gc,phases   ] GC(10) Concurrent Reset Relocation Set 0.005ms
[116.966s][info][gc,phases   ] GC(10) Concurrent Select Relocation Set 6.670ms
[116.970s][info][gc,phases   ] GC(10) Pause Relocate Start 0.015ms
[116.982s][info][gc,phases   ] GC(10) Concurrent Relocate 9.839ms
[116.984s][info][gc,load     ] GC(10) Load: 9.19/6.85/4.80
[116.985s][info][gc,mmu      ] GC(10) MMU: 2ms/32.0%, 5ms/72.8%, 10ms/86.4%, 20ms/93.2%, 50ms/97.3%, 100ms/98.6%
[116.987s][info][gc,marking  ] GC(10) Mark: 2 stripe(s), 2 proactive flush(es), 1 terminate flush(es), 0 completion(s), 0 continuation(s) 
[116.988s][info][gc,marking  ] GC(10) Mark Stack Usage: 32M
[116.990s][info][gc,nmethod  ] GC(10) NMethods: 6077 registered, 948 unregistered
[116.991s][info][gc,metaspace] GC(10) Metaspace: 52M used, 52M committed, 1072M reserved
[116.993s][info][gc,ref      ] GC(10) Soft: 5016 encountered, 0 discovered, 0 enqueued
[116.994s][info][gc,ref      ] GC(10) Weak: 3153 encountered, 343 discovered, 2 enqueued
[116.995s][info][gc,ref      ] GC(10) Final: 88 encountered, 5 discovered, 5 enqueued
[116.997s][info][gc,ref      ] GC(10) Phantom: 481 encountered, 338 discovered, 0 enqueued
[116.998s][info][gc,reloc    ] GC(10) Small Pages: 216 / 432M, Empty: 92M, Relocated: 4M, In-Place: 0
[116.999s][info][gc,reloc    ] GC(10) Medium Pages: 1 / 32M, Empty: 0M, Relocated: 0M, In-Place: 0
[117.001s][info][gc,reloc    ] GC(10) Large Pages: 104 / 1264M, Empty: 1230M, Relocated: 0M, In-Place: 0
[117.002s][info][gc,reloc    ] GC(10) Forwarding Usage: 1M
[117.004s][info][gc,heap     ] GC(10) Min Capacity: 256M(6%)
[117.005s][info][gc,heap     ] GC(10) Max Capacity: 4096M(100%)
[117.007s][info][gc,heap     ] GC(10) Soft Max Capacity: 4096M(100%)
[117.007s][info][gc,heap     ] GC(10)                Mark Start          Mark End        Relocate Start      Relocate End           High               Low         
[117.009s][info][gc,heap     ] GC(10)  Capacity:     2366M (58%)        2366M (58%)        2366M (58%)        2366M (58%)        2366M (58%)        2366M (58%)    
[117.010s][info][gc,heap     ] GC(10)      Free:     2368M (58%)        2350M (57%)        3672M (90%)        3908M (95%)        3908M (95%)        2350M (57%)    
[117.011s][info][gc,heap     ] GC(10)      Used:     1728M (42%)        1746M (43%)         424M (10%)         188M (5%)         1746M (43%)         188M (5%)     
[117.013s][info][gc,heap     ] GC(10)      Live:         -               128M (3%)          128M (3%)          128M (3%)             -                  -          
[117.014s][info][gc,heap     ] GC(10) Allocated:         -                18M (0%)           18M (0%)           17M (0%)             -                  -          
[117.016s][info][gc,heap     ] GC(10)   Garbage:         -              1599M (39%)         277M (7%)           41M (1%)             -                  -          
[117.017s][info][gc,heap     ] GC(10) Reclaimed:         -                  -              1322M (32%)        1557M (38%)            -                  -          
[117.018s][info][gc          ] GC(10) Garbage Collection (Allocation Rate) 1728M(42%)->188M(5%)
[120.236s][info][gc,stats    ] === Garbage Collection Statistics =======================================================================================================================
[120.238s][info][gc,stats    ]                                                              Last 10s              Last 10m              Last 10h                Total
[120.239s][info][gc,stats    ]                                                              Avg / Max             Avg / Max             Avg / Max             Avg / Max
[120.240s][info][gc,stats    ]   Collector: Garbage Collection Cycle                    247.948 / 247.948    1279.757 / 2596.852   1279.757 / 2596.852   1279.757 / 2596.852    ms
[120.243s][info][gc,stats    ]  Contention: Mark Segment Reset Contention                     0 / 0                 0 / 2                 0 / 2                 0 / 2           ops/s
[120.243s][info][gc,stats    ]  Contention: Mark SeqNum Reset Contention                      0 / 0                 0 / 0                 0 / 0                 0 / 0           ops/s
[120.244s][info][gc,stats    ]    Critical: Allocation Stall                                  0 / 0                 0 / 0                 0 / 0                 0 / 0           ops/s
[120.246s][info][gc,stats    ]    Critical: Allocation Stall                              0.000 / 0.000         0.000 / 0.000         0.000 / 0.000         0.000 / 0.000       ms
[120.247s][info][gc,stats    ]    Critical: GC Locker Stall                                   0 / 0                 0 / 1                 0 / 1                 0 / 1           ops/s
[120.248s][info][gc,stats    ]    Critical: GC Locker Stall                               0.000 / 0.000         7.441 / 17.194        7.441 / 17.194        7.441 / 17.194      ms
[120.249s][info][gc,stats    ]    Critical: Relocation Stall                                  0 / 0                 0 / 0                 0 / 0                 0 / 0           ops/s
[120.250s][info][gc,stats    ]    Critical: Relocation Stall                              0.000 / 0.000         0.000 / 0.000         0.000 / 0.000         0.000 / 0.000       ms
[120.252s][info][gc,stats    ]      Memory: Allocation Rate                                  75 / 518              64 / 524              64 / 524              64 / 524         MB/s
[120.253s][info][gc,stats    ]      Memory: Out Of Memory                                     0 / 0                 0 / 0                 0 / 0                 0 / 0           ops/s
[120.254s][info][gc,stats    ]      Memory: Page Cache Flush                                  0 / 0                 0 / 0                 0 / 0                 0 / 0           MB/s
[120.255s][info][gc,stats    ]      Memory: Page Cache Hit L1                                10 / 26               12 / 116              12 / 116              12 / 116         ops/s
[120.256s][info][gc,stats    ]      Memory: Page Cache Hit L2                                 0 / 0                 0 / 0                 0 / 0                 0 / 0           ops/s
[120.257s][info][gc,stats    ]      Memory: Page Cache Hit L3                                 0 / 3                 1 / 36                1 / 36                1 / 36          ops/s
[120.259s][info][gc,stats    ]      Memory: Page Cache Miss                                   1 / 15                4 / 78                4 / 78                4 / 78          ops/s
[120.260s][info][gc,stats    ]      Memory: Uncommit                                          0 / 0                 0 / 0                 0 / 0                 0 / 0           MB/s
[120.261s][info][gc,stats    ]      Memory: Undo Object Allocation Failed                     0 / 0                 0 / 0                 0 / 0                 0 / 0           ops/s
[120.262s][info][gc,stats    ]      Memory: Undo Object Allocation Succeeded                  0 / 1                 0 / 2                 0 / 2                 0 / 2           ops/s
[120.263s][info][gc,stats    ]      Memory: Undo Page Allocation                              0 / 0                 0 / 22                0 / 22                0 / 22          ops/s
[120.264s][info][gc,stats    ]       Phase: Concurrent Mark                             188.041 / 188.041    1000.112 / 2280.063   1000.112 / 2280.063   1000.112 / 2280.063    ms
[120.265s][info][gc,stats    ]       Phase: Concurrent Mark Continue                      0.000 / 0.000         0.000 / 0.000         0.000 / 0.000         0.000 / 0.000       ms
[120.266s][info][gc,stats    ]       Phase: Concurrent Mark Free                          0.003 / 0.003         0.004 / 0.006         0.004 / 0.006         0.004 / 0.006       ms
[120.268s][info][gc,stats    ]       Phase: Concurrent Process Non-Strong References     19.329 / 19.329       63.335 / 112.511      63.335 / 112.511      63.335 / 112.511     ms
[120.270s][info][gc,stats    ]       Phase: Concurrent Relocate                           9.839 / 9.839       131.671 / 730.247     131.671 / 730.247     131.671 / 730.247     ms
[120.272s][info][gc,stats    ]       Phase: Concurrent Reset Relocation Set               0.005 / 0.005         0.035 / 0.167         0.035 / 0.167         0.035 / 0.167       ms
[120.273s][info][gc,stats    ]       Phase: Concurrent Select Relocation Set              6.670 / 6.670        29.888 / 208.028      29.888 / 208.028      29.888 / 208.028     ms
[120.274s][info][gc,stats    ]       Phase: Pause Mark End                                0.024 / 0.024         0.202 / 1.361         0.202 / 1.361         0.202 / 1.361       ms
[120.275s][info][gc,stats    ]       Phase: Pause Mark Start                              0.014 / 0.014         0.034 / 0.193         0.034 / 0.193         0.034 / 0.193       ms
[120.277s][info][gc,stats    ]       Phase: Pause Relocate Start                          0.015 / 0.015         0.027 / 0.130         0.027 / 0.130         0.027 / 0.130       ms
[120.280s][info][gc,stats    ]    Subphase: Concurrent Classes Purge                      0.854 / 0.854         3.961 / 18.950        3.961 / 18.950        3.961 / 18.950      ms
[120.281s][info][gc,stats    ]    Subphase: Concurrent Classes Unlink                    13.867 / 13.867       38.741 / 79.562       38.741 / 79.562       38.741 / 79.562      ms
[120.283s][info][gc,stats    ]    Subphase: Concurrent Mark                             181.223 / 181.876     969.586 / 2270.263    969.586 / 2270.263    969.586 / 2270.263    ms
[120.292s][info][gc,stats    ]    Subphase: Concurrent Mark Try Flush                     1.314 / 3.077        10.149 / 98.444       10.149 / 98.444       10.149 / 98.444      ms
[120.293s][info][gc,stats    ]    Subphase: Concurrent Mark Try Terminate                 1.407 / 3.079         3.000 / 33.926        3.000 / 33.926        3.000 / 33.926      ms
[120.294s][info][gc,stats    ]    Subphase: Concurrent References Enqueue                 0.006 / 0.006         0.048 / 0.133         0.048 / 0.133         0.048 / 0.133       ms
[120.296s][info][gc,stats    ]    Subphase: Concurrent References Process                 0.343 / 0.343         1.139 / 3.453         1.139 / 3.453         1.139 / 3.453       ms
[120.297s][info][gc,stats    ]    Subphase: Concurrent Roots ClassLoaderDataGraph         0.275 / 0.507         0.922 / 3.654         0.922 / 3.654         0.922 / 3.654       ms
[120.299s][info][gc,stats    ]    Subphase: Concurrent Roots CodeCache                    0.000 / 0.000         0.000 / 0.000         0.000 / 0.000         0.000 / 0.000       ms
[120.300s][info][gc,stats    ]    Subphase: Concurrent Roots JavaThreads                  3.300 / 3.788        16.705 / 58.041       16.705 / 58.041       16.705 / 58.041      ms
[120.301s][info][gc,stats    ]    Subphase: Concurrent Roots OopStorageSet                0.078 / 0.146         0.131 / 0.328         0.131 / 0.328         0.131 / 0.328       ms
[120.303s][info][gc,stats    ]    Subphase: Concurrent Weak Roots OopStorageSet           1.787 / 1.821         3.141 / 23.100        3.141 / 23.100        3.141 / 23.100      ms
[120.304s][info][gc,stats    ]    Subphase: Pause Mark Try Complete                       0.000 / 0.000         0.014 / 0.045         0.014 / 0.045         0.014 / 0.045       ms
[120.305s][info][gc,stats    ]      System: Java Threads                                     76 / 76               73 / 89               73 / 89               73 / 89          threads
[120.306s][info][gc,stats    ] =========================================================================================================================================================
[130.236s][info][gc,stats    ] === Garbage Collection Statistics =======================================================================================================================
[130.237s][info][gc,stats    ]                                                              Last 10s              Last 10m              Last 10h                Total
[130.239s][info][gc,stats    ]                                                              Avg / Max             Avg / Max             Avg / Max             Avg / Max
[130.241s][info][gc,stats    ]   Collector: Garbage Collection Cycle                      0.000 / 0.000      1279.757 / 2596.852   1279.757 / 2596.852   1279.757 / 2596.852    ms
[130.242s][info][gc,stats    ]  Contention: Mark Segment Reset Contention                     0 / 0                 0 / 2                 0 / 2                 0 / 2           ops/s
[130.243s][info][gc,stats    ]  Contention: Mark SeqNum Reset Contention                      0 / 0                 0 / 0                 0 / 0                 0 / 0           ops/s
[130.245s][info][gc,stats    ]    Critical: Allocation Stall                                  0 / 0                 0 / 0                 0 / 0                 0 / 0           ops/s
[130.246s][info][gc,stats    ]    Critical: Allocation Stall                              0.000 / 0.000         0.000 / 0.000         0.000 / 0.000         0.000 / 0.000       ms
[130.247s][info][gc,stats    ]    Critical: GC Locker Stall                                   0 / 0                 0 / 1                 0 / 1                 0 / 1           ops/s
[130.248s][info][gc,stats    ]    Critical: GC Locker Stall                               0.000 / 0.000         7.441 / 17.194        7.441 / 17.194        7.441 / 17.194      ms
[130.250s][info][gc,stats    ]    Critical: Relocation Stall                                  0 / 0                 0 / 0                 0 / 0                 0 / 0           ops/s
[130.251s][info][gc,stats    ]    Critical: Relocation Stall                              0.000 / 0.000         0.000 / 0.000         0.000 / 0.000         0.000 / 0.000       ms
[130.252s][info][gc,stats    ]      Memory: Allocation Rate                                  72 / 474              64 / 524              64 / 524              64 / 524         MB/s
[130.253s][info][gc,stats    ]      Memory: Out Of Memory                                     0 / 0                 0 / 0                 0 / 0                 0 / 0           ops/s
[130.254s][info][gc,stats    ]      Memory: Page Cache Flush                                  0 / 0                 0 / 0                 0 / 0                 0 / 0           MB/s
[130.255s][info][gc,stats    ]      Memory: Page Cache Hit L1                                12 / 35               12 / 116              12 / 116              12 / 116         ops/s
[130.256s][info][gc,stats    ]      Memory: Page Cache Hit L2                                 0 / 0                 0 / 0                 0 / 0                 0 / 0           ops/s
[130.258s][info][gc,stats    ]      Memory: Page Cache Hit L3                                 0 / 0                 1 / 36                1 / 36                1 / 36          ops/s
[130.258s][info][gc,stats    ]      Memory: Page Cache Miss                                   0 / 0                 3 / 78                3 / 78                3 / 78          ops/s
[130.259s][info][gc,stats    ]      Memory: Uncommit                                          0 / 0                 0 / 0                 0 / 0                 0 / 0           MB/s
[130.260s][info][gc,stats    ]      Memory: Undo Object Allocation Failed                     0 / 0                 0 / 0                 0 / 0                 0 / 0           ops/s
[130.262s][info][gc,stats    ]      Memory: Undo Object Allocation Succeeded                  0 / 0                 0 / 2                 0 / 2                 0 / 2           ops/s
[130.262s][info][gc,stats    ]      Memory: Undo Page Allocation                              0 / 0                 0 / 22                0 / 22                0 / 22          ops/s
[130.263s][info][gc,stats    ]       Phase: Concurrent Mark                               0.000 / 0.000      1000.112 / 2280.063   1000.112 / 2280.063   1000.112 / 2280.063    ms
[130.265s][info][gc,stats    ]       Phase: Concurrent Mark Continue                      0.000 / 0.000         0.000 / 0.000         0.000 / 0.000         0.000 / 0.000       ms
[130.267s][info][gc,stats    ]       Phase: Concurrent Mark Free                          0.000 / 0.000         0.004 / 0.006         0.004 / 0.006         0.004 / 0.006       ms
[130.269s][info][gc,stats    ]       Phase: Concurrent Process Non-Strong References      0.000 / 0.000        63.335 / 112.511      63.335 / 112.511      63.335 / 112.511     ms
[130.270s][info][gc,stats    ]       Phase: Concurrent Relocate                           0.000 / 0.000       131.671 / 730.247     131.671 / 730.247     131.671 / 730.247     ms
[130.271s][info][gc,stats    ]       Phase: Concurrent Reset Relocation Set               0.000 / 0.000         0.035 / 0.167         0.035 / 0.167         0.035 / 0.167       ms
[130.272s][info][gc,stats    ]       Phase: Concurrent Select Relocation Set              0.000 / 0.000        29.888 / 208.028      29.888 / 208.028      29.888 / 208.028     ms
[130.273s][info][gc,stats    ]       Phase: Pause Mark End                                0.000 / 0.000         0.202 / 1.361         0.202 / 1.361         0.202 / 1.361       ms
[130.275s][info][gc,stats    ]       Phase: Pause Mark Start                              0.000 / 0.000         0.034 / 0.193         0.034 / 0.193         0.034 / 0.193       ms
[130.276s][info][gc,stats    ]       Phase: Pause Relocate Start                          0.000 / 0.000         0.027 / 0.130         0.027 / 0.130         0.027 / 0.130       ms
[130.276s][info][gc,stats    ]    Subphase: Concurrent Classes Purge                      0.000 / 0.000         3.961 / 18.950        3.961 / 18.950        3.961 / 18.950      ms
[130.278s][info][gc,stats    ]    Subphase: Concurrent Classes Unlink                     0.000 / 0.000        38.741 / 79.562       38.741 / 79.562       38.741 / 79.562      ms
[130.279s][info][gc,stats    ]    Subphase: Concurrent Mark                               0.000 / 0.000       969.586 / 2270.263    969.586 / 2270.263    969.586 / 2270.263    ms
[130.280s][info][gc,stats    ]    Subphase: Concurrent Mark Try Flush                     0.000 / 0.000        10.149 / 98.444       10.149 / 98.444       10.149 / 98.444      ms
[130.281s][info][gc,stats    ]    Subphase: Concurrent Mark Try Terminate                 0.000 / 0.000         3.000 / 33.926        3.000 / 33.926        3.000 / 33.926      ms
[130.282s][info][gc,stats    ]    Subphase: Concurrent References Enqueue                 0.000 / 0.000         0.048 / 0.133         0.048 / 0.133         0.048 / 0.133       ms
[130.283s][info][gc,stats    ]    Subphase: Concurrent References Process                 0.000 / 0.000         1.139 / 3.453         1.139 / 3.453         1.139 / 3.453       ms
[130.284s][info][gc,stats    ]    Subphase: Concurrent Roots ClassLoaderDataGraph         0.000 / 0.000         0.922 / 3.654         0.922 / 3.654         0.922 / 3.654       ms
[130.285s][info][gc,stats    ]    Subphase: Concurrent Roots CodeCache                    0.000 / 0.000         0.000 / 0.000         0.000 / 0.000         0.000 / 0.000       ms
[130.287s][info][gc,stats    ]    Subphase: Concurrent Roots JavaThreads                  0.000 / 0.000        16.705 / 58.041       16.705 / 58.041       16.705 / 58.041      ms
[130.288s][info][gc,stats    ]    Subphase: Concurrent Roots OopStorageSet                0.000 / 0.000         0.131 / 0.328         0.131 / 0.328         0.131 / 0.328       ms
[130.290s][info][gc,stats    ]    Subphase: Concurrent Weak Roots OopStorageSet           0.000 / 0.000         3.141 / 23.100        3.141 / 23.100        3.141 / 23.100      ms
[130.291s][info][gc,stats    ]    Subphase: Pause Mark Try Complete                       0.000 / 0.000         0.014 / 0.045         0.014 / 0.045         0.014 / 0.045       ms
[130.293s][info][gc,stats    ]      System: Java Threads                                      0 / 0                73 / 89               73 / 89               73 / 89          threads
[130.296s][info][gc,stats    ] =========================================================================================================================================================
[140.236s][info][gc,stats    ] === Garbage Collection Statistics =======================================================================================================================
[140.237s][info][gc,stats    ]                                                              Last 10s              Last 10m              Last 10h                Total
[140.238s][info][gc,stats    ]                                                              Avg / Max             Avg / Max             Avg / Max             Avg / Max
[140.241s][info][gc,stats    ]   Collector: Garbage Collection Cycle                      0.000 / 0.000      1279.757 / 2596.852   1279.757 / 2596.852   1279.757 / 2596.852    ms
[140.242s][info][gc,stats    ]  Contention: Mark Segment Reset Contention                     0 / 0                 0 / 2                 0 / 2                 0 / 2           ops/s
[140.244s][info][gc,stats    ]  Contention: Mark SeqNum Reset Contention                      0 / 0                 0 / 0                 0 / 0                 0 / 0           ops/s
[140.247s][info][gc,stats    ]    Critical: Allocation Stall                                  0 / 0                 0 / 0                 0 / 0                 0 / 0           ops/s
[140.248s][info][gc,stats    ]    Critical: Allocation Stall                              0.000 / 0.000         0.000 / 0.000         0.000 / 0.000         0.000 / 0.000       ms
[140.249s][info][gc,stats    ]    Critical: GC Locker Stall                                   0 / 0                 0 / 1                 0 / 1                 0 / 1           ops/s
[140.250s][info][gc,stats    ]    Critical: GC Locker Stall                               0.000 / 0.000         7.441 / 17.194        7.441 / 17.194        7.441 / 17.194      ms
[140.251s][info][gc,stats    ]    Critical: Relocation Stall                                  0 / 0                 0 / 0                 0 / 0                 0 / 0           ops/s
[140.252s][info][gc,stats    ]    Critical: Relocation Stall                              0.000 / 0.000         0.000 / 0.000         0.000 / 0.000         0.000 / 0.000       ms
[140.253s][info][gc,stats    ]      Memory: Allocation Rate                                  72 / 504              65 / 524              65 / 524              65 / 524         MB/s
[140.254s][info][gc,stats    ]      Memory: Out Of Memory                                     0 / 0                 0 / 0                 0 / 0                 0 / 0           ops/s
[140.255s][info][gc,stats    ]      Memory: Page Cache Flush                                  0 / 0                 0 / 0                 0 / 0                 0 / 0           MB/s
[140.256s][info][gc,stats    ]      Memory: Page Cache Hit L1                                11 / 42               12 / 116              12 / 116              12 / 116         ops/s
[140.257s][info][gc,stats    ]      Memory: Page Cache Hit L2                                 0 / 0                 0 / 0                 0 / 0                 0 / 0           ops/s
[140.258s][info][gc,stats    ]      Memory: Page Cache Hit L3                                 0 / 0                 0 / 36                0 / 36                0 / 36          ops/s
[140.258s][info][gc,stats    ]      Memory: Page Cache Miss                                   0 / 0                 3 / 78                3 / 78                3 / 78          ops/s
[140.259s][info][gc,stats    ]      Memory: Uncommit                                          0 / 0                 0 / 0                 0 / 0                 0 / 0           MB/s
[140.260s][info][gc,stats    ]      Memory: Undo Object Allocation Failed                     0 / 0                 0 / 0                 0 / 0                 0 / 0           ops/s
[140.261s][info][gc,stats    ]      Memory: Undo Object Allocation Succeeded                  0 / 0                 0 / 2                 0 / 2                 0 / 2           ops/s
[140.263s][info][gc,stats    ]      Memory: Undo Page Allocation                              0 / 0                 0 / 22                0 / 22                0 / 22          ops/s
[140.264s][info][gc,stats    ]       Phase: Concurrent Mark                               0.000 / 0.000      1000.112 / 2280.063   1000.112 / 2280.063   1000.112 / 2280.063    ms
[140.265s][info][gc,stats    ]       Phase: Concurrent Mark Continue                      0.000 / 0.000         0.000 / 0.000         0.000 / 0.000         0.000 / 0.000       ms
[140.266s][info][gc,stats    ]       Phase: Concurrent Mark Free                          0.000 / 0.000         0.004 / 0.006         0.004 / 0.006         0.004 / 0.006       ms
[140.267s][info][gc,stats    ]       Phase: Concurrent Process Non-Strong References      0.000 / 0.000        63.335 / 112.511      63.335 / 112.511      63.335 / 112.511     ms
[140.267s][info][gc,stats    ]       Phase: Concurrent Relocate                           0.000 / 0.000       131.671 / 730.247     131.671 / 730.247     131.671 / 730.247     ms
[140.268s][info][gc,stats    ]       Phase: Concurrent Reset Relocation Set               0.000 / 0.000         0.035 / 0.167         0.035 / 0.167         0.035 / 0.167       ms
[140.269s][info][gc,stats    ]       Phase: Concurrent Select Relocation Set              0.000 / 0.000        29.888 / 208.028      29.888 / 208.028      29.888 / 208.028     ms
[140.270s][info][gc,stats    ]       Phase: Pause Mark End                                0.000 / 0.000         0.202 / 1.361         0.202 / 1.361         0.202 / 1.361       ms
[140.272s][info][gc,stats    ]       Phase: Pause Mark Start                              0.000 / 0.000         0.034 / 0.193         0.034 / 0.193         0.034 / 0.193       ms
[140.272s][info][gc,stats    ]       Phase: Pause Relocate Start                          0.000 / 0.000         0.027 / 0.130         0.027 / 0.130         0.027 / 0.130       ms
[140.273s][info][gc,stats    ]    Subphase: Concurrent Classes Purge                      0.000 / 0.000         3.961 / 18.950        3.961 / 18.950        3.961 / 18.950      ms
[140.274s][info][gc,stats    ]    Subphase: Concurrent Classes Unlink                     0.000 / 0.000        38.741 / 79.562       38.741 / 79.562       38.741 / 79.562      ms
[140.275s][info][gc,stats    ]    Subphase: Concurrent Mark                               0.000 / 0.000       969.586 / 2270.263    969.586 / 2270.263    969.586 / 2270.263    ms
[140.276s][info][gc,stats    ]    Subphase: Concurrent Mark Try Flush                     0.000 / 0.000        10.149 / 98.444       10.149 / 98.444       10.149 / 98.444      ms
[140.277s][info][gc,stats    ]    Subphase: Concurrent Mark Try Terminate                 0.000 / 0.000         3.000 / 33.926        3.000 / 33.926        3.000 / 33.926      ms
[140.278s][info][gc,stats    ]    Subphase: Concurrent References Enqueue                 0.000 / 0.000         0.048 / 0.133         0.048 / 0.133         0.048 / 0.133       ms
[140.279s][info][gc,stats    ]    Subphase: Concurrent References Process                 0.000 / 0.000         1.139 / 3.453         1.139 / 3.453         1.139 / 3.453       ms
[140.284s][info][gc,stats    ]    Subphase: Concurrent Roots ClassLoaderDataGraph         0.000 / 0.000         0.922 / 3.654         0.922 / 3.654         0.922 / 3.654       ms
[140.285s][info][gc,stats    ]    Subphase: Concurrent Roots CodeCache                    0.000 / 0.000         0.000 / 0.000         0.000 / 0.000         0.000 / 0.000       ms
[140.286s][info][gc,stats    ]    Subphase: Concurrent Roots JavaThreads                  0.000 / 0.000        16.705 / 58.041       16.705 / 58.041       16.705 / 58.041      ms
[140.287s][info][gc,stats    ]    Subphase: Concurrent Roots OopStorageSet                0.000 / 0.000         0.131 / 0.328         0.131 / 0.328         0.131 / 0.328       ms
[140.288s][info][gc,stats    ]    Subphase: Concurrent Weak Roots OopStorageSet           0.000 / 0.000         3.141 / 23.100        3.141 / 23.100        3.141 / 23.100      ms
[140.290s][info][gc,stats    ]    Subphase: Pause Mark Try Complete                       0.000 / 0.000         0.014 / 0.045         0.014 / 0.045         0.014 / 0.045       ms
[140.291s][info][gc,stats    ]      System: Java Threads                                      0 / 0                73 / 89               73 / 89               73 / 89          threads
[140.292s][info][gc,stats    ] =========================================================================================================================================================
[147.935s][info][gc,start    ] GC(11) Garbage Collection (Proactive)
[147.937s][info][gc,task     ] GC(11) Using 2 workers
[147.938s][info][gc,phases   ] GC(11) Pause Mark Start 0.012ms
[148.125s][info][gc,phases   ] GC(11) Concurrent Mark 185.312ms
[148.127s][info][gc,phases   ] GC(11) Pause Mark End 0.031ms
[148.129s][info][gc,phases   ] GC(11) Concurrent Mark Free 0.004ms
[148.147s][info][gc,phases   ] GC(11) Concurrent Process Non-Strong References 16.970ms
[148.148s][info][gc,phases   ] GC(11) Concurrent Reset Relocation Set 0.020ms
[148.153s][info][gc,phases   ] GC(11) Concurrent Select Relocation Set 3.923ms
[148.155s][info][gc,phases   ] GC(11) Pause Relocate Start 0.010ms
[148.164s][info][gc,phases   ] GC(11) Concurrent Relocate 5.123ms
[148.166s][info][gc,load     ] GC(11) Load: 6.60/6.45/4.73
[148.167s][info][gc,mmu      ] GC(11) MMU: 2ms/32.0%, 5ms/72.8%, 10ms/86.4%, 20ms/93.2%, 50ms/97.3%, 100ms/98.6%
[148.168s][info][gc,marking  ] GC(11) Mark: 2 stripe(s), 3 proactive flush(es), 1 terminate flush(es), 0 completion(s), 0 continuation(s) 
[148.169s][info][gc,marking  ] GC(11) Mark Stack Usage: 32M
[148.170s][info][gc,nmethod  ] GC(11) NMethods: 6259 registered, 948 unregistered
[148.171s][info][gc,metaspace] GC(11) Metaspace: 52M used, 53M committed, 1072M reserved
[148.173s][info][gc,ref      ] GC(11) Soft: 5016 encountered, 0 discovered, 0 enqueued
[148.174s][info][gc,ref      ] GC(11) Weak: 3151 encountered, 397 discovered, 0 enqueued
[148.175s][info][gc,ref      ] GC(11) Final: 89 encountered, 6 discovered, 6 enqueued
[148.176s][info][gc,ref      ] GC(11) Phantom: 500 encountered, 336 discovered, 0 enqueued
[148.178s][info][gc,reloc    ] GC(11) Small Pages: 278 / 556M, Empty: 206M, Relocated: 4M, In-Place: 0
[148.179s][info][gc,reloc    ] GC(11) Medium Pages: 1 / 32M, Empty: 0M, Relocated: 0M, In-Place: 0
[148.180s][info][gc,reloc    ] GC(11) Large Pages: 118 / 1324M, Empty: 1290M, Relocated: 0M, In-Place: 0
[148.181s][info][gc,reloc    ] GC(11) Forwarding Usage: 1M
[148.184s][info][gc,heap     ] GC(11) Min Capacity: 256M(6%)
[148.185s][info][gc,heap     ] GC(11) Max Capacity: 4096M(100%)
[148.186s][info][gc,heap     ] GC(11) Soft Max Capacity: 4096M(100%)
[148.188s][info][gc,heap     ] GC(11)                Mark Start          Mark End        Relocate Start      Relocate End           High               Low         
[148.189s][info][gc,heap     ] GC(11)  Capacity:     2420M (59%)        2420M (59%)        2420M (59%)        2420M (59%)        2420M (59%)        2420M (59%)    
[148.189s][info][gc,heap     ] GC(11)      Free:     2184M (53%)        2154M (53%)        3650M (89%)        3892M (95%)        3892M (95%)        2154M (53%)    
[148.190s][info][gc,heap     ] GC(11)      Used:     1912M (47%)        1942M (47%)         446M (11%)         204M (5%)         1942M (47%)         204M (5%)     
[148.191s][info][gc,heap     ] GC(11)      Live:         -               128M (3%)          128M (3%)          128M (3%)             -                  -          
[148.192s][info][gc,heap     ] GC(11) Allocated:         -                30M (1%)           30M (1%)           33M (1%)             -                  -          
[148.194s][info][gc,heap     ] GC(11)   Garbage:         -              1783M (44%)         287M (7%)           41M (1%)             -                  -          
[148.195s][info][gc,heap     ] GC(11) Reclaimed:         -                  -              1496M (37%)        1741M (43%)            -                  -          
[148.197s][info][gc          ] GC(11) Garbage Collection (Proactive) 1912M(47%)->204M(5%)
[150.236s][info][gc,stats    ] === Garbage Collection Statistics =======================================================================================================================
[150.237s][info][gc,stats    ]                                                              Last 10s              Last 10m              Last 10h                Total
[150.238s][info][gc,stats    ]                                                              Avg / Max             Avg / Max             Avg / Max             Avg / Max
[150.239s][info][gc,stats    ]   Collector: Garbage Collection Cycle                    230.700 / 230.700    1192.335 / 2596.852   1192.335 / 2596.852   1192.335 / 2596.852    ms
[150.241s][info][gc,stats    ]  Contention: Mark Segment Reset Contention                     0 / 0                 0 / 2                 0 / 2                 0 / 2           ops/s
[150.242s][info][gc,stats    ]  Contention: Mark SeqNum Reset Contention                      0 / 0                 0 / 0                 0 / 0                 0 / 0           ops/s
[150.243s][info][gc,stats    ]    Critical: Allocation Stall                                  0 / 0                 0 / 0                 0 / 0                 0 / 0           ops/s
[150.244s][info][gc,stats    ]    Critical: Allocation Stall                              0.000 / 0.000         0.000 / 0.000         0.000 / 0.000         0.000 / 0.000       ms
[150.245s][info][gc,stats    ]    Critical: GC Locker Stall                                   0 / 0                 0 / 1                 0 / 1                 0 / 1           ops/s
[150.246s][info][gc,stats    ]    Critical: GC Locker Stall                               0.000 / 0.000         7.441 / 17.194        7.441 / 17.194        7.441 / 17.194      ms
[150.247s][info][gc,stats    ]    Critical: Relocation Stall                                  0 / 0                 0 / 0                 0 / 0                 0 / 0           ops/s
[150.248s][info][gc,stats    ]    Critical: Relocation Stall                              0.000 / 0.000         0.000 / 0.000         0.000 / 0.000         0.000 / 0.000       ms
[150.249s][info][gc,stats    ]      Memory: Allocation Rate                                  74 / 488              65 / 524              65 / 524              65 / 524         MB/s
[150.250s][info][gc,stats    ]      Memory: Out Of Memory                                     0 / 0                 0 / 0                 0 / 0                 0 / 0           ops/s
[150.252s][info][gc,stats    ]      Memory: Page Cache Flush                                  0 / 0                 0 / 0                 0 / 0                 0 / 0           MB/s
[150.253s][info][gc,stats    ]      Memory: Page Cache Hit L1                                11 / 34               12 / 116              12 / 116              12 / 116         ops/s
[150.254s][info][gc,stats    ]      Memory: Page Cache Hit L2                                 0 / 0                 0 / 0                 0 / 0                 0 / 0           ops/s
[150.255s][info][gc,stats    ]      Memory: Page Cache Hit L3                                 0 / 2                 0 / 36                0 / 36                0 / 36          ops/s
[150.256s][info][gc,stats    ]      Memory: Page Cache Miss                                   0 / 2                 3 / 78                3 / 78                3 / 78          ops/s
[150.257s][info][gc,stats    ]      Memory: Uncommit                                          0 / 0                 0 / 0                 0 / 0                 0 / 0           MB/s
[150.258s][info][gc,stats    ]      Memory: Undo Object Allocation Failed                     0 / 0                 0 / 0                 0 / 0                 0 / 0           ops/s
[150.260s][info][gc,stats    ]      Memory: Undo Object Allocation Succeeded                  0 / 0                 0 / 2                 0 / 2                 0 / 2           ops/s
[150.262s][info][gc,stats    ]      Memory: Undo Page Allocation                              0 / 0                 0 / 22                0 / 22                0 / 22          ops/s
[150.263s][info][gc,stats    ]       Phase: Concurrent Mark                             185.312 / 185.312     932.212 / 2280.063    932.212 / 2280.063    932.212 / 2280.063    ms
[150.264s][info][gc,stats    ]       Phase: Concurrent Mark Continue                      0.000 / 0.000         0.000 / 0.000         0.000 / 0.000         0.000 / 0.000       ms
[150.265s][info][gc,stats    ]       Phase: Concurrent Mark Free                          0.004 / 0.004         0.004 / 0.006         0.004 / 0.006         0.004 / 0.006       ms
[150.266s][info][gc,stats    ]       Phase: Concurrent Process Non-Strong References     16.970 / 16.970       59.472 / 112.511      59.472 / 112.511      59.472 / 112.511     ms
[150.267s][info][gc,stats    ]       Phase: Concurrent Relocate                           5.123 / 5.123       121.125 / 730.247     121.125 / 730.247     121.125 / 730.247     ms
[150.268s][info][gc,stats    ]       Phase: Concurrent Reset Relocation Set               0.020 / 0.020         0.034 / 0.167         0.034 / 0.167         0.034 / 0.167       ms
[150.269s][info][gc,stats    ]       Phase: Concurrent Select Relocation Set              3.923 / 3.923        27.724 / 208.028      27.724 / 208.028      27.724 / 208.028     ms
[150.270s][info][gc,stats    ]       Phase: Pause Mark End                                0.031 / 0.031         0.188 / 1.361         0.188 / 1.361         0.188 / 1.361       ms
[150.270s][info][gc,stats    ]       Phase: Pause Mark Start                              0.012 / 0.012         0.032 / 0.193         0.032 / 0.193         0.032 / 0.193       ms
[150.271s][info][gc,stats    ]       Phase: Pause Relocate Start                          0.010 / 0.010         0.026 / 0.130         0.026 / 0.130         0.026 / 0.130       ms
[150.272s][info][gc,stats    ]    Subphase: Concurrent Classes Purge                      0.733 / 0.733         3.692 / 18.950        3.692 / 18.950        3.692 / 18.950      ms
[150.274s][info][gc,stats    ]    Subphase: Concurrent Classes Unlink                    14.493 / 14.493       36.720 / 79.562       36.720 / 79.562       36.720 / 79.562      ms
[150.275s][info][gc,stats    ]    Subphase: Concurrent Mark                             180.864 / 181.733     903.859 / 2270.263    903.859 / 2270.263    903.859 / 2270.263    ms
[150.276s][info][gc,stats    ]    Subphase: Concurrent Mark Try Flush                     2.365 / 3.041         9.308 / 98.444        9.308 / 98.444        9.308 / 98.444      ms
[150.278s][info][gc,stats    ]    Subphase: Concurrent Mark Try Terminate                 2.537 / 5.854         2.992 / 33.926        2.992 / 33.926        2.992 / 33.926      ms
[150.284s][info][gc,stats    ]    Subphase: Concurrent References Enqueue                 0.009 / 0.009         0.045 / 0.133         0.045 / 0.133         0.045 / 0.133       ms
[150.285s][info][gc,stats    ]    Subphase: Concurrent References Process                 0.312 / 0.312         1.070 / 3.453         1.070 / 3.453         1.070 / 3.453       ms
[150.286s][info][gc,stats    ]    Subphase: Concurrent Roots ClassLoaderDataGraph         0.219 / 0.403         0.848 / 3.654         0.848 / 3.654         0.848 / 3.654       ms
[150.287s][info][gc,stats    ]    Subphase: Concurrent Roots CodeCache                    0.000 / 0.000         0.000 / 0.000         0.000 / 0.000         0.000 / 0.000       ms
[150.288s][info][gc,stats    ]    Subphase: Concurrent Roots JavaThreads                  1.989 / 2.111        15.479 / 58.041       15.479 / 58.041       15.479 / 58.041      ms
[150.289s][info][gc,stats    ]    Subphase: Concurrent Roots OopStorageSet                0.095 / 0.101         0.127 / 0.328         0.127 / 0.328         0.127 / 0.328       ms
[150.291s][info][gc,stats    ]    Subphase: Concurrent Weak Roots OopStorageSet           0.886 / 0.894         2.954 / 23.100        2.954 / 23.100        2.954 / 23.100      ms
[150.293s][info][gc,stats    ]    Subphase: Pause Mark Try Complete                       0.000 / 0.000         0.014 / 0.045         0.014 / 0.045         0.014 / 0.045       ms
[150.294s][info][gc,stats    ]      System: Java Threads                                     75 / 76               73 / 89               73 / 89               73 / 89          threads
[150.296s][info][gc,stats    ] =========================================================================================================================================================
[160.236s][info][gc,stats    ] === Garbage Collection Statistics =======================================================================================================================
[160.238s][info][gc,stats    ]                                                              Last 10s              Last 10m              Last 10h                Total
[160.239s][info][gc,stats    ]                                                              Avg / Max             Avg / Max             Avg / Max             Avg / Max
[160.240s][info][gc,stats    ]   Collector: Garbage Collection Cycle                      0.000 / 0.000      1192.335 / 2596.852   1192.335 / 2596.852   1192.335 / 2596.852    ms
[160.241s][info][gc,stats    ]  Contention: Mark Segment Reset Contention                     0 / 0                 0 / 2                 0 / 2                 0 / 2           ops/s
[160.243s][info][gc,stats    ]  Contention: Mark SeqNum Reset Contention                      0 / 0                 0 / 0                 0 / 0                 0 / 0           ops/s
[160.246s][info][gc,stats    ]    Critical: Allocation Stall                                  0 / 0                 0 / 0                 0 / 0                 0 / 0           ops/s
[160.249s][info][gc,stats    ]    Critical: Allocation Stall                              0.000 / 0.000         0.000 / 0.000         0.000 / 0.000         0.000 / 0.000       ms
[160.250s][info][gc,stats    ]    Critical: GC Locker Stall                                   0 / 0                 0 / 1                 0 / 1                 0 / 1           ops/s
[160.252s][info][gc,stats    ]    Critical: GC Locker Stall                               0.000 / 0.000         7.441 / 17.194        7.441 / 17.194        7.441 / 17.194      ms
[160.253s][info][gc,stats    ]    Critical: Relocation Stall                                  0 / 0                 0 / 0                 0 / 0                 0 / 0           ops/s
[160.255s][info][gc,stats    ]    Critical: Relocation Stall                              0.000 / 0.000         0.000 / 0.000         0.000 / 0.000         0.000 / 0.000       ms
[160.257s][info][gc,stats    ]      Memory: Allocation Rate                                  27 / 38               63 / 524              63 / 524              63 / 524         MB/s
[160.259s][info][gc,stats    ]      Memory: Out Of Memory                                     0 / 0                 0 / 0                 0 / 0                 0 / 0           ops/s
[160.260s][info][gc,stats    ]      Memory: Page Cache Flush                                  0 / 0                 0 / 0                 0 / 0                 0 / 0           MB/s
[160.261s][info][gc,stats    ]      Memory: Page Cache Hit L1                                 9 / 15               11 / 116              11 / 116              11 / 116         ops/s
[160.263s][info][gc,stats    ]      Memory: Page Cache Hit L2                                 0 / 0                 0 / 0                 0 / 0                 0 / 0           ops/s
[160.265s][info][gc,stats    ]      Memory: Page Cache Hit L3                                 0 / 0                 0 / 36                0 / 36                0 / 36          ops/s
[160.266s][info][gc,stats    ]      Memory: Page Cache Miss                                   0 / 0                 3 / 78                3 / 78                3 / 78          ops/s
[160.267s][info][gc,stats    ]      Memory: Uncommit                                          0 / 0                 0 / 0                 0 / 0                 0 / 0           MB/s
[160.270s][info][gc,stats    ]      Memory: Undo Object Allocation Failed                     0 / 0                 0 / 0                 0 / 0                 0 / 0           ops/s
[160.271s][info][gc,stats    ]      Memory: Undo Object Allocation Succeeded                  0 / 0                 0 / 2                 0 / 2                 0 / 2           ops/s
[160.273s][info][gc,stats    ]      Memory: Undo Page Allocation                              0 / 0                 0 / 22                0 / 22                0 / 22          ops/s
[160.274s][info][gc,stats    ]       Phase: Concurrent Mark                               0.000 / 0.000       932.212 / 2280.063    932.212 / 2280.063    932.212 / 2280.063    ms
[160.275s][info][gc,stats    ]       Phase: Concurrent Mark Continue                      0.000 / 0.000         0.000 / 0.000         0.000 / 0.000         0.000 / 0.000       ms
[160.277s][info][gc,stats    ]       Phase: Concurrent Mark Free                          0.000 / 0.000         0.004 / 0.006         0.004 / 0.006         0.004 / 0.006       ms
[160.279s][info][gc,stats    ]       Phase: Concurrent Process Non-Strong References      0.000 / 0.000        59.472 / 112.511      59.472 / 112.511      59.472 / 112.511     ms
[160.281s][info][gc,stats    ]       Phase: Concurrent Relocate                           0.000 / 0.000       121.125 / 730.247     121.125 / 730.247     121.125 / 730.247     ms
[160.282s][info][gc,stats    ]       Phase: Concurrent Reset Relocation Set               0.000 / 0.000         0.034 / 0.167         0.034 / 0.167         0.034 / 0.167       ms
[160.286s][info][gc,stats    ]       Phase: Concurrent Select Relocation Set              0.000 / 0.000        27.724 / 208.028      27.724 / 208.028      27.724 / 208.028     ms
[160.287s][info][gc,stats    ]       Phase: Pause Mark End                                0.000 / 0.000         0.188 / 1.361         0.188 / 1.361         0.188 / 1.361       ms
[160.288s][info][gc,stats    ]       Phase: Pause Mark Start                              0.000 / 0.000         0.032 / 0.193         0.032 / 0.193         0.032 / 0.193       ms
[160.290s][info][gc,stats    ]       Phase: Pause Relocate Start                          0.000 / 0.000         0.026 / 0.130         0.026 / 0.130         0.026 / 0.130       ms
[160.291s][info][gc,stats    ]    Subphase: Concurrent Classes Purge                      0.000 / 0.000         3.692 / 18.950        3.692 / 18.950        3.692 / 18.950      ms
[160.292s][info][gc,stats    ]    Subphase: Concurrent Classes Unlink                     0.000 / 0.000        36.720 / 79.562       36.720 / 79.562       36.720 / 79.562      ms
[160.293s][info][gc,stats    ]    Subphase: Concurrent Mark                               0.000 / 0.000       903.859 / 2270.263    903.859 / 2270.263    903.859 / 2270.263    ms
[160.294s][info][gc,stats    ]    Subphase: Concurrent Mark Try Flush                     0.000 / 0.000         9.308 / 98.444        9.308 / 98.444        9.308 / 98.444      ms
[160.296s][info][gc,stats    ]    Subphase: Concurrent Mark Try Terminate                 0.000 / 0.000         2.992 / 33.926        2.992 / 33.926        2.992 / 33.926      ms
[160.297s][info][gc,stats    ]    Subphase: Concurrent References Enqueue                 0.000 / 0.000         0.045 / 0.133         0.045 / 0.133         0.045 / 0.133       ms
[160.298s][info][gc,stats    ]    Subphase: Concurrent References Process                 0.000 / 0.000         1.070 / 3.453         1.070 / 3.453         1.070 / 3.453       ms
[160.299s][info][gc,stats    ]    Subphase: Concurrent Roots ClassLoaderDataGraph         0.000 / 0.000         0.848 / 3.654         0.848 / 3.654         0.848 / 3.654       ms
[160.301s][info][gc,stats    ]    Subphase: Concurrent Roots CodeCache                    0.000 / 0.000         0.000 / 0.000         0.000 / 0.000         0.000 / 0.000       ms
[160.303s][info][gc,stats    ]    Subphase: Concurrent Roots JavaThreads                  0.000 / 0.000        15.479 / 58.041       15.479 / 58.041       15.479 / 58.041      ms
[160.305s][info][gc,stats    ]    Subphase: Concurrent Roots OopStorageSet                0.000 / 0.000         0.127 / 0.328         0.127 / 0.328         0.127 / 0.328       ms
[160.307s][info][gc,stats    ]    Subphase: Concurrent Weak Roots OopStorageSet           0.000 / 0.000         2.954 / 23.100        2.954 / 23.100        2.954 / 23.100      ms
[160.308s][info][gc,stats    ]    Subphase: Pause Mark Try Complete                       0.000 / 0.000         0.014 / 0.045         0.014 / 0.045         0.014 / 0.045       ms
[160.309s][info][gc,stats    ]      System: Java Threads                                      0 / 0                73 / 89               73 / 89               73 / 89          threads
[160.311s][info][gc,stats    ] =========================================================================================================================================================
[170.236s][info][gc,stats    ] === Garbage Collection Statistics =======================================================================================================================
[170.238s][info][gc,stats    ]                                                              Last 10s              Last 10m              Last 10h                Total
[170.239s][info][gc,stats    ]                                                              Avg / Max             Avg / Max             Avg / Max             Avg / Max
[170.240s][info][gc,stats    ]   Collector: Garbage Collection Cycle                      0.000 / 0.000      1192.335 / 2596.852   1192.335 / 2596.852   1192.335 / 2596.852    ms
[170.241s][info][gc,stats    ]  Contention: Mark Segment Reset Contention                     0 / 0                 0 / 2                 0 / 2                 0 / 2           ops/s
[170.242s][info][gc,stats    ]  Contention: Mark SeqNum Reset Contention                      0 / 0                 0 / 0                 0 / 0                 0 / 0           ops/s
[170.243s][info][gc,stats    ]    Critical: Allocation Stall                                  0 / 0                 0 / 0                 0 / 0                 0 / 0           ops/s
[170.244s][info][gc,stats    ]    Critical: Allocation Stall                              0.000 / 0.000         0.000 / 0.000         0.000 / 0.000         0.000 / 0.000       ms
[170.245s][info][gc,stats    ]    Critical: GC Locker Stall                                   0 / 0                 0 / 1                 0 / 1                 0 / 1           ops/s
[170.247s][info][gc,stats    ]    Critical: GC Locker Stall                               0.000 / 0.000         7.441 / 17.194        7.441 / 17.194        7.441 / 17.194      ms
[170.248s][info][gc,stats    ]    Critical: Relocation Stall                                  0 / 0                 0 / 0                 0 / 0                 0 / 0           ops/s
[170.249s][info][gc,stats    ]    Critical: Relocation Stall                              0.000 / 0.000         0.000 / 0.000         0.000 / 0.000         0.000 / 0.000       ms
[170.250s][info][gc,stats    ]      Memory: Allocation Rate                                  72 / 488              64 / 524              64 / 524              64 / 524         MB/s
[170.251s][info][gc,stats    ]      Memory: Out Of Memory                                     0 / 0                 0 / 0                 0 / 0                 0 / 0           ops/s
[170.252s][info][gc,stats    ]      Memory: Page Cache Flush                                  0 / 0                 0 / 0                 0 / 0                 0 / 0           MB/s
[170.254s][info][gc,stats    ]      Memory: Page Cache Hit L1                                11 / 33               11 / 116              11 / 116              11 / 116         ops/s
[170.255s][info][gc,stats    ]      Memory: Page Cache Hit L2                                 0 / 0                 0 / 0                 0 / 0                 0 / 0           ops/s
[170.257s][info][gc,stats    ]      Memory: Page Cache Hit L3                                 0 / 0                 0 / 36                0 / 36                0 / 36          ops/s
[170.259s][info][gc,stats    ]      Memory: Page Cache Miss                                   0 / 1                 3 / 78                3 / 78                3 / 78          ops/s
[170.260s][info][gc,stats    ]      Memory: Uncommit                                          0 / 0                 0 / 0                 0 / 0                 0 / 0           MB/s
[170.262s][info][gc,stats    ]      Memory: Undo Object Allocation Failed                     0 / 0                 0 / 0                 0 / 0                 0 / 0           ops/s
[170.264s][info][gc,stats    ]      Memory: Undo Object Allocation Succeeded                  0 / 0                 0 / 2                 0 / 2                 0 / 2           ops/s
[170.265s][info][gc,stats    ]      Memory: Undo Page Allocation                              0 / 0                 0 / 22                0 / 22                0 / 22          ops/s
[170.266s][info][gc,stats    ]       Phase: Concurrent Mark                               0.000 / 0.000       932.212 / 2280.063    932.212 / 2280.063    932.212 / 2280.063    ms
[170.267s][info][gc,stats    ]       Phase: Concurrent Mark Continue                      0.000 / 0.000         0.000 / 0.000         0.000 / 0.000         0.000 / 0.000       ms
[170.268s][info][gc,stats    ]       Phase: Concurrent Mark Free                          0.000 / 0.000         0.004 / 0.006         0.004 / 0.006         0.004 / 0.006       ms
[170.269s][info][gc,stats    ]       Phase: Concurrent Process Non-Strong References      0.000 / 0.000        59.472 / 112.511      59.472 / 112.511      59.472 / 112.511     ms
[170.270s][info][gc,stats    ]       Phase: Concurrent Relocate                           0.000 / 0.000       121.125 / 730.247     121.125 / 730.247     121.125 / 730.247     ms
[170.271s][info][gc,stats    ]       Phase: Concurrent Reset Relocation Set               0.000 / 0.000         0.034 / 0.167         0.034 / 0.167         0.034 / 0.167       ms
[170.272s][info][gc,stats    ]       Phase: Concurrent Select Relocation Set              0.000 / 0.000        27.724 / 208.028      27.724 / 208.028      27.724 / 208.028     ms
[170.274s][info][gc,stats    ]       Phase: Pause Mark End                                0.000 / 0.000         0.188 / 1.361         0.188 / 1.361         0.188 / 1.361       ms
[170.275s][info][gc,stats    ]       Phase: Pause Mark Start                              0.000 / 0.000         0.032 / 0.193         0.032 / 0.193         0.032 / 0.193       ms
[170.276s][info][gc,stats    ]       Phase: Pause Relocate Start                          0.000 / 0.000         0.026 / 0.130         0.026 / 0.130         0.026 / 0.130       ms
[170.277s][info][gc,stats    ]    Subphase: Concurrent Classes Purge                      0.000 / 0.000         3.692 / 18.950        3.692 / 18.950        3.692 / 18.950      ms
[170.279s][info][gc,stats    ]    Subphase: Concurrent Classes Unlink                     0.000 / 0.000        36.720 / 79.562       36.720 / 79.562       36.720 / 79.562      ms
[170.279s][info][gc,stats    ]    Subphase: Concurrent Mark                               0.000 / 0.000       903.859 / 2270.263    903.859 / 2270.263    903.859 / 2270.263    ms
[170.280s][info][gc,stats    ]    Subphase: Concurrent Mark Try Flush                     0.000 / 0.000         9.308 / 98.444        9.308 / 98.444        9.308 / 98.444      ms
[170.281s][info][gc,stats    ]    Subphase: Concurrent Mark Try Terminate                 0.000 / 0.000         2.992 / 33.926        2.992 / 33.926        2.992 / 33.926      ms
[170.282s][info][gc,stats    ]    Subphase: Concurrent References Enqueue                 0.000 / 0.000         0.045 / 0.133         0.045 / 0.133         0.045 / 0.133       ms
[170.283s][info][gc,stats    ]    Subphase: Concurrent References Process                 0.000 / 0.000         1.070 / 3.453         1.070 / 3.453         1.070 / 3.453       ms
[170.286s][info][gc,stats    ]    Subphase: Concurrent Roots ClassLoaderDataGraph         0.000 / 0.000         0.848 / 3.654         0.848 / 3.654         0.848 / 3.654       ms
[170.287s][info][gc,stats    ]    Subphase: Concurrent Roots CodeCache                    0.000 / 0.000         0.000 / 0.000         0.000 / 0.000         0.000 / 0.000       ms
[170.288s][info][gc,stats    ]    Subphase: Concurrent Roots JavaThreads                  0.000 / 0.000        15.479 / 58.041       15.479 / 58.041       15.479 / 58.041      ms
[170.290s][info][gc,stats    ]    Subphase: Concurrent Roots OopStorageSet                0.000 / 0.000         0.127 / 0.328         0.127 / 0.328         0.127 / 0.328       ms
[170.291s][info][gc,stats    ]    Subphase: Concurrent Weak Roots OopStorageSet           0.000 / 0.000         2.954 / 23.100        2.954 / 23.100        2.954 / 23.100      ms
[170.292s][info][gc,stats    ]    Subphase: Pause Mark Try Complete                       0.000 / 0.000         0.014 / 0.045         0.014 / 0.045         0.014 / 0.045       ms
[170.294s][info][gc,stats    ]      System: Java Threads                                      0 / 0                73 / 89               73 / 89               73 / 89          threads
[170.295s][info][gc,stats    ] =========================================================================================================================================================
[170.535s][info][gc,start    ] GC(12) Garbage Collection (Proactive)
[170.536s][info][gc,task     ] GC(12) Using 2 workers
[170.538s][info][gc,phases   ] GC(12) Pause Mark Start 0.010ms
[170.693s][info][gc,phases   ] GC(12) Concurrent Mark 153.449ms
[170.694s][info][gc,phases   ] GC(12) Pause Mark End 0.023ms
[170.696s][info][gc,phases   ] GC(12) Concurrent Mark Free 0.003ms
[170.708s][info][gc,phases   ] GC(12) Concurrent Process Non-Strong References 10.431ms
[170.709s][info][gc,phases   ] GC(12) Concurrent Reset Relocation Set 0.056ms
[170.713s][info][gc,phases   ] GC(12) Concurrent Select Relocation Set 2.976ms
[170.714s][info][gc,phases   ] GC(12) Pause Relocate Start 0.010ms
[170.719s][info][gc,phases   ] GC(12) Concurrent Relocate 4.522ms
[170.724s][info][gc,load     ] GC(12) Load: 5.34/6.18/4.68
[170.726s][info][gc,mmu      ] GC(12) MMU: 2ms/32.0%, 5ms/72.8%, 10ms/86.4%, 20ms/93.2%, 50ms/97.3%, 100ms/98.6%
[170.726s][info][gc,marking  ] GC(12) Mark: 2 stripe(s), 2 proactive flush(es), 1 terminate flush(es), 0 completion(s), 0 continuation(s) 
[170.727s][info][gc,marking  ] GC(12) Mark Stack Usage: 32M
[170.729s][info][gc,nmethod  ] GC(12) NMethods: 6385 registered, 948 unregistered
[170.730s][info][gc,metaspace] GC(12) Metaspace: 52M used, 53M committed, 1072M reserved
[170.731s][info][gc,ref      ] GC(12) Soft: 5016 encountered, 0 discovered, 0 enqueued
[170.731s][info][gc,ref      ] GC(12) Weak: 3151 encountered, 337 discovered, 0 enqueued
[170.732s][info][gc,ref      ] GC(12) Final: 88 encountered, 5 discovered, 5 enqueued
[170.734s][info][gc,ref      ] GC(12) Phantom: 500 encountered, 299 discovered, 0 enqueued
[170.735s][info][gc,reloc    ] GC(12) Small Pages: 222 / 444M, Empty: 124M, Relocated: 4M, In-Place: 0
[170.736s][info][gc,reloc    ] GC(12) Medium Pages: 1 / 32M, Empty: 0M, Relocated: 0M, In-Place: 0
[170.737s][info][gc,reloc    ] GC(12) Large Pages: 101 / 1234M, Empty: 1200M, Relocated: 0M, In-Place: 0
[170.738s][info][gc,reloc    ] GC(12) Forwarding Usage: 1M
[170.739s][info][gc,heap     ] GC(12) Min Capacity: 256M(6%)
[170.740s][info][gc,heap     ] GC(12) Max Capacity: 4096M(100%)
[170.741s][info][gc,heap     ] GC(12) Soft Max Capacity: 4096M(100%)
[170.744s][info][gc,heap     ] GC(12)                Mark Start          Mark End        Relocate Start      Relocate End           High               Low         
[170.745s][info][gc,heap     ] GC(12)  Capacity:     2438M (60%)        2438M (60%)        2438M (60%)        2438M (60%)        2438M (60%)        2438M (60%)    
[170.745s][info][gc,heap     ] GC(12)      Free:     2386M (58%)        2370M (58%)        3694M (90%)        3908M (95%)        3908M (95%)        2370M (58%)    
[170.747s][info][gc,heap     ] GC(12)      Used:     1710M (42%)        1726M (42%)         402M (10%)         188M (5%)         1726M (42%)         188M (5%)     
[170.749s][info][gc,heap     ] GC(12)      Live:         -               128M (3%)          128M (3%)          128M (3%)             -                  -          
[170.749s][info][gc,heap     ] GC(12) Allocated:         -                16M (0%)           16M (0%)           17M (0%)             -                  -          
[170.750s][info][gc,heap     ] GC(12)   Garbage:         -              1581M (39%)         257M (6%)           41M (1%)             -                  -          
[170.751s][info][gc,heap     ] GC(12) Reclaimed:         -                  -              1324M (32%)        1539M (38%)            -                  -          
[170.752s][info][gc          ] GC(12) Garbage Collection (Proactive) 1710M(42%)->188M(5%)
[180.236s][info][gc,stats    ] === Garbage Collection Statistics =======================================================================================================================
[180.237s][info][gc,stats    ]                                                              Last 10s              Last 10m              Last 10h                Total
[180.238s][info][gc,stats    ]                                                              Avg / Max             Avg / Max             Avg / Max             Avg / Max
[180.238s][info][gc,stats    ]   Collector: Garbage Collection Cycle                    189.049 / 189.049    1115.160 / 2596.852   1115.160 / 2596.852   1115.160 / 2596.852    ms
[180.240s][info][gc,stats    ]  Contention: Mark Segment Reset Contention                     0 / 1                 0 / 2                 0 / 2                 0 / 2           ops/s
[180.241s][info][gc,stats    ]  Contention: Mark SeqNum Reset Contention                      0 / 0                 0 / 0                 0 / 0                 0 / 0           ops/s
[180.242s][info][gc,stats    ]    Critical: Allocation Stall                                  0 / 0                 0 / 0                 0 / 0                 0 / 0           ops/s
[180.243s][info][gc,stats    ]    Critical: Allocation Stall                              0.000 / 0.000         0.000 / 0.000         0.000 / 0.000         0.000 / 0.000       ms
[180.244s][info][gc,stats    ]    Critical: GC Locker Stall                                   0 / 0                 0 / 1                 0 / 1                 0 / 1           ops/s
[180.245s][info][gc,stats    ]    Critical: GC Locker Stall                               0.000 / 0.000         7.441 / 17.194        7.441 / 17.194        7.441 / 17.194      ms
[180.246s][info][gc,stats    ]    Critical: Relocation Stall                                  0 / 0                 0 / 0                 0 / 0                 0 / 0           ops/s
[180.247s][info][gc,stats    ]    Critical: Relocation Stall                              0.000 / 0.000         0.000 / 0.000         0.000 / 0.000         0.000 / 0.000       ms
[180.247s][info][gc,stats    ]      Memory: Allocation Rate                                  73 / 488              64 / 524              64 / 524              64 / 524         MB/s
[180.248s][info][gc,stats    ]      Memory: Out Of Memory                                     0 / 0                 0 / 0                 0 / 0                 0 / 0           ops/s
[180.249s][info][gc,stats    ]      Memory: Page Cache Flush                                  0 / 0                 0 / 0                 0 / 0                 0 / 0           MB/s
[180.250s][info][gc,stats    ]      Memory: Page Cache Hit L1                                12 / 34               11 / 116              11 / 116              11 / 116         ops/s
[180.251s][info][gc,stats    ]      Memory: Page Cache Hit L2                                 0 / 0                 0 / 0                 0 / 0                 0 / 0           ops/s
[180.252s][info][gc,stats    ]      Memory: Page Cache Hit L3                                 0 / 0                 0 / 36                0 / 36                0 / 36          ops/s
[180.254s][info][gc,stats    ]      Memory: Page Cache Miss                                   0 / 0                 2 / 78                2 / 78                2 / 78          ops/s
[180.256s][info][gc,stats    ]      Memory: Uncommit                                          0 / 0                 0 / 0                 0 / 0                 0 / 0           MB/s
[180.256s][info][gc,stats    ]      Memory: Undo Object Allocation Failed                     0 / 0                 0 / 0                 0 / 0                 0 / 0           ops/s
[180.257s][info][gc,stats    ]      Memory: Undo Object Allocation Succeeded                  0 / 0                 0 / 2                 0 / 2                 0 / 2           ops/s
[180.258s][info][gc,stats    ]      Memory: Undo Page Allocation                              0 / 0                 0 / 22                0 / 22                0 / 22          ops/s
[180.259s][info][gc,stats    ]       Phase: Concurrent Mark                             153.449 / 153.449     872.307 / 2280.063    872.307 / 2280.063    872.307 / 2280.063    ms
[180.260s][info][gc,stats    ]       Phase: Concurrent Mark Continue                      0.000 / 0.000         0.000 / 0.000         0.000 / 0.000         0.000 / 0.000       ms
[180.261s][info][gc,stats    ]       Phase: Concurrent Mark Free                          0.003 / 0.003         0.004 / 0.006         0.004 / 0.006         0.004 / 0.006       ms
[180.262s][info][gc,stats    ]       Phase: Concurrent Process Non-Strong References     10.431 / 10.431       55.699 / 112.511      55.699 / 112.511      55.699 / 112.511     ms
[180.263s][info][gc,stats    ]       Phase: Concurrent Relocate                           4.522 / 4.522       112.156 / 730.247     112.156 / 730.247     112.156 / 730.247     ms
[180.263s][info][gc,stats    ]       Phase: Concurrent Reset Relocation Set               0.056 / 0.056         0.036 / 0.167         0.036 / 0.167         0.036 / 0.167       ms
[180.264s][info][gc,stats    ]       Phase: Concurrent Select Relocation Set              2.976 / 2.976        25.820 / 208.028      25.820 / 208.028      25.820 / 208.028     ms
[180.265s][info][gc,stats    ]       Phase: Pause Mark End                                0.023 / 0.023         0.175 / 1.361         0.175 / 1.361         0.175 / 1.361       ms
[180.266s][info][gc,stats    ]       Phase: Pause Mark Start                              0.010 / 0.010         0.031 / 0.193         0.031 / 0.193         0.031 / 0.193       ms
[180.267s][info][gc,stats    ]       Phase: Pause Relocate Start                          0.010 / 0.010         0.024 / 0.130         0.024 / 0.130         0.024 / 0.130       ms
[180.268s][info][gc,stats    ]    Subphase: Concurrent Classes Purge                      0.369 / 0.369         3.436 / 18.950        3.436 / 18.950        3.436 / 18.950      ms
[180.269s][info][gc,stats    ]    Subphase: Concurrent Classes Unlink                     8.710 / 8.710        34.566 / 79.562       34.566 / 79.562       34.566 / 79.562      ms
[180.270s][info][gc,stats    ]    Subphase: Concurrent Mark                             149.206 / 149.636     845.809 / 2270.263    845.809 / 2270.263    845.809 / 2270.263    ms
[180.270s][info][gc,stats    ]    Subphase: Concurrent Mark Try Flush                     0.379 / 0.533         8.638 / 98.444        8.638 / 98.444        8.638 / 98.444      ms
[180.271s][info][gc,stats    ]    Subphase: Concurrent Mark Try Terminate                 0.637 / 1.173         2.955 / 33.926        2.955 / 33.926        2.955 / 33.926      ms
[180.272s][info][gc,stats    ]    Subphase: Concurrent References Enqueue                 0.004 / 0.004         0.042 / 0.133         0.042 / 0.133         0.042 / 0.133       ms
[180.273s][info][gc,stats    ]    Subphase: Concurrent References Process                 0.255 / 0.255         1.008 / 3.453         1.008 / 3.453         1.008 / 3.453       ms
[180.274s][info][gc,stats    ]    Subphase: Concurrent Roots ClassLoaderDataGraph         0.420 / 0.804         0.807 / 3.654         0.807 / 3.654         0.807 / 3.654       ms
[180.276s][info][gc,stats    ]    Subphase: Concurrent Roots CodeCache                    0.000 / 0.000         0.000 / 0.000         0.000 / 0.000         0.000 / 0.000       ms
[180.276s][info][gc,stats    ]    Subphase: Concurrent Roots JavaThreads                  2.842 / 3.068        14.507 / 58.041       14.507 / 58.041       14.507 / 58.041      ms
[180.277s][info][gc,stats    ]    Subphase: Concurrent Roots OopStorageSet                0.042 / 0.067         0.118 / 0.328         0.118 / 0.328         0.118 / 0.328       ms
[180.278s][info][gc,stats    ]    Subphase: Concurrent Weak Roots OopStorageSet           0.894 / 0.918         2.795 / 23.100        2.795 / 23.100        2.795 / 23.100      ms
[180.280s][info][gc,stats    ]    Subphase: Pause Mark Try Complete                       0.000 / 0.000         0.014 / 0.045         0.014 / 0.045         0.014 / 0.045       ms
[180.281s][info][gc,stats    ]      System: Java Threads                                     75 / 75               73 / 89               73 / 89               73 / 89          threads
[180.282s][info][gc,stats    ] =========================================================================================================================================================
[187.935s][info][gc,start    ] GC(13) Garbage Collection (Proactive)
[187.937s][info][gc,task     ] GC(13) Using 2 workers
[187.938s][info][gc,phases   ] GC(13) Pause Mark Start 0.009ms
[188.052s][info][gc,phases   ] GC(13) Concurrent Mark 113.286ms
[188.053s][info][gc,phases   ] GC(13) Pause Mark End 0.021ms
[188.054s][info][gc,phases   ] GC(13) Concurrent Mark Free 0.001ms
[188.067s][info][gc,phases   ] GC(13) Concurrent Process Non-Strong References 11.745ms
[188.068s][info][gc,phases   ] GC(13) Concurrent Reset Relocation Set 0.016ms
[188.071s][info][gc,phases   ] GC(13) Concurrent Select Relocation Set 2.468ms
[188.072s][info][gc,phases   ] GC(13) Pause Relocate Start 0.008ms
[188.075s][info][gc,phases   ] GC(13) Concurrent Relocate 3.021ms
[188.076s][info][gc,load     ] GC(13) Load: 4.29/5.89/4.61
[188.077s][info][gc,mmu      ] GC(13) MMU: 2ms/32.0%, 5ms/72.8%, 10ms/86.4%, 20ms/93.2%, 50ms/97.3%, 100ms/98.6%
[188.078s][info][gc,marking  ] GC(13) Mark: 2 stripe(s), 2 proactive flush(es), 1 terminate flush(es), 0 completion(s), 0 continuation(s) 
[188.079s][info][gc,marking  ] GC(13) Mark Stack Usage: 32M
[188.079s][info][gc,nmethod  ] GC(13) NMethods: 6429 registered, 948 unregistered
[188.080s][info][gc,metaspace] GC(13) Metaspace: 52M used, 53M committed, 1072M reserved
[188.081s][info][gc,ref      ] GC(13) Soft: 5016 encountered, 0 discovered, 0 enqueued
[188.081s][info][gc,ref      ] GC(13) Weak: 3151 encountered, 426 discovered, 0 enqueued
[188.082s][info][gc,ref      ] GC(13) Final: 86 encountered, 3 discovered, 3 enqueued
[188.083s][info][gc,ref      ] GC(13) Phantom: 492 encountered, 325 discovered, 0 enqueued
[188.084s][info][gc,reloc    ] GC(13) Small Pages: 185 / 370M, Empty: 94M, Relocated: 3M, In-Place: 0
[188.084s][info][gc,reloc    ] GC(13) Medium Pages: 1 / 32M, Empty: 0M, Relocated: 0M, In-Place: 0
[188.085s][info][gc,reloc    ] GC(13) Large Pages: 93 / 1186M, Empty: 1152M, Relocated: 0M, In-Place: 0
[188.086s][info][gc,reloc    ] GC(13) Forwarding Usage: 1M
[188.087s][info][gc,heap     ] GC(13) Min Capacity: 256M(6%)
[188.088s][info][gc,heap     ] GC(13) Max Capacity: 4096M(100%)
[188.088s][info][gc,heap     ] GC(13) Soft Max Capacity: 4096M(100%)
[188.089s][info][gc,heap     ] GC(13)                Mark Start          Mark End        Relocate Start      Relocate End           High               Low         
[188.089s][info][gc,heap     ] GC(13)  Capacity:     2438M (60%)        2438M (60%)        2438M (60%)        2438M (60%)        2438M (60%)        2438M (60%)    
[188.090s][info][gc,heap     ] GC(13)      Free:     2508M (61%)        2492M (61%)        3738M (91%)        3908M (95%)        3908M (95%)        2492M (61%)    
[188.092s][info][gc,heap     ] GC(13)      Used:     1588M (39%)        1604M (39%)         358M (9%)          188M (5%)         1604M (39%)         188M (5%)     
[188.093s][info][gc,heap     ] GC(13)      Live:         -               128M (3%)          128M (3%)          128M (3%)             -                  -          
[188.093s][info][gc,heap     ] GC(13) Allocated:         -                16M (0%)           16M (0%)           16M (0%)             -                  -          
[188.094s][info][gc,heap     ] GC(13)   Garbage:         -              1459M (36%)         213M (5%)           43M (1%)             -                  -          
[188.094s][info][gc,heap     ] GC(13) Reclaimed:         -                  -              1246M (30%)        1416M (35%)            -                  -          
[188.095s][info][gc          ] GC(13) Garbage Collection (Proactive) 1588M(39%)->188M(5%)
[190.236s][info][gc,stats    ] === Garbage Collection Statistics =======================================================================================================================
[190.237s][info][gc,stats    ]                                                              Last 10s              Last 10m              Last 10h                Total
[190.238s][info][gc,stats    ]                                                              Avg / Max             Avg / Max             Avg / Max             Avg / Max
[190.239s][info][gc,stats    ]   Collector: Garbage Collection Cycle                    140.872 / 140.872    1045.568 / 2596.852   1045.568 / 2596.852   1045.568 / 2596.852    ms
[190.239s][info][gc,stats    ]  Contention: Mark Segment Reset Contention                     0 / 0                 0 / 2                 0 / 2                 0 / 2           ops/s
[190.240s][info][gc,stats    ]  Contention: Mark SeqNum Reset Contention                      0 / 0                 0 / 0                 0 / 0                 0 / 0           ops/s
[190.241s][info][gc,stats    ]    Critical: Allocation Stall                                  0 / 0                 0 / 0                 0 / 0                 0 / 0           ops/s
[190.242s][info][gc,stats    ]    Critical: Allocation Stall                              0.000 / 0.000         0.000 / 0.000         0.000 / 0.000         0.000 / 0.000       ms
[190.243s][info][gc,stats    ]    Critical: GC Locker Stall                                   0 / 0                 0 / 1                 0 / 1                 0 / 1           ops/s
[190.243s][info][gc,stats    ]    Critical: GC Locker Stall                               0.000 / 0.000         7.441 / 17.194        7.441 / 17.194        7.441 / 17.194      ms
[190.244s][info][gc,stats    ]    Critical: Relocation Stall                                  0 / 0                 0 / 0                 0 / 0                 0 / 0           ops/s
[190.245s][info][gc,stats    ]    Critical: Relocation Stall                              0.000 / 0.000         0.000 / 0.000         0.000 / 0.000         0.000 / 0.000       ms
[190.245s][info][gc,stats    ]      Memory: Allocation Rate                                  74 / 490              65 / 524              65 / 524              65 / 524         MB/s
[190.246s][info][gc,stats    ]      Memory: Out Of Memory                                     0 / 0                 0 / 0                 0 / 0                 0 / 0           ops/s
[190.247s][info][gc,stats    ]      Memory: Page Cache Flush                                  0 / 0                 0 / 0                 0 / 0                 0 / 0           MB/s
[190.248s][info][gc,stats    ]      Memory: Page Cache Hit L1                                12 / 35               11 / 116              11 / 116              11 / 116         ops/s
[190.248s][info][gc,stats    ]      Memory: Page Cache Hit L2                                 0 / 0                 0 / 0                 0 / 0                 0 / 0           ops/s
[190.249s][info][gc,stats    ]      Memory: Page Cache Hit L3                                 0 / 0                 0 / 36                0 / 36                0 / 36          ops/s
[190.250s][info][gc,stats    ]      Memory: Page Cache Miss                                   0 / 0                 2 / 78                2 / 78                2 / 78          ops/s
[190.251s][info][gc,stats    ]      Memory: Uncommit                                          0 / 0                 0 / 0                 0 / 0                 0 / 0           MB/s
[190.251s][info][gc,stats    ]      Memory: Undo Object Allocation Failed                     0 / 0                 0 / 0                 0 / 0                 0 / 0           ops/s
[190.252s][info][gc,stats    ]      Memory: Undo Object Allocation Succeeded                  0 / 0                 0 / 2                 0 / 2                 0 / 2           ops/s
[190.253s][info][gc,stats    ]      Memory: Undo Page Allocation                              0 / 0                 0 / 22                0 / 22                0 / 22          ops/s
[190.253s][info][gc,stats    ]       Phase: Concurrent Mark                             113.286 / 113.286     818.091 / 2280.063    818.091 / 2280.063    818.091 / 2280.063    ms
[190.254s][info][gc,stats    ]       Phase: Concurrent Mark Continue                      0.000 / 0.000         0.000 / 0.000         0.000 / 0.000         0.000 / 0.000       ms
[190.255s][info][gc,stats    ]       Phase: Concurrent Mark Free                          0.001 / 0.001         0.004 / 0.006         0.004 / 0.006         0.004 / 0.006       ms
[190.255s][info][gc,stats    ]       Phase: Concurrent Process Non-Strong References     11.745 / 11.745       52.560 / 112.511      52.560 / 112.511      52.560 / 112.511     ms
[190.256s][info][gc,stats    ]       Phase: Concurrent Relocate                           3.021 / 3.021       104.360 / 730.247     104.360 / 730.247     104.360 / 730.247     ms
[190.257s][info][gc,stats    ]       Phase: Concurrent Reset Relocation Set               0.016 / 0.016         0.034 / 0.167         0.034 / 0.167         0.034 / 0.167       ms
[190.258s][info][gc,stats    ]       Phase: Concurrent Select Relocation Set              2.468 / 2.468        24.152 / 208.028      24.152 / 208.028      24.152 / 208.028     ms
[190.258s][info][gc,stats    ]       Phase: Pause Mark End                                0.021 / 0.021         0.164 / 1.361         0.164 / 1.361         0.164 / 1.361       ms
[190.259s][info][gc,stats    ]       Phase: Pause Mark Start                              0.009 / 0.009         0.029 / 0.193         0.029 / 0.193         0.029 / 0.193       ms
[190.260s][info][gc,stats    ]       Phase: Pause Relocate Start                          0.008 / 0.008         0.023 / 0.130         0.023 / 0.130         0.023 / 0.130       ms
[190.260s][info][gc,stats    ]    Subphase: Concurrent Classes Purge                      0.481 / 0.481         3.225 / 18.950        3.225 / 18.950        3.225 / 18.950      ms
[190.261s][info][gc,stats    ]    Subphase: Concurrent Classes Unlink                     9.361 / 9.361        32.765 / 79.562       32.765 / 79.562       32.765 / 79.562      ms
[190.262s][info][gc,stats    ]    Subphase: Concurrent Mark                             110.755 / 111.100     793.305 / 2270.263    793.305 / 2270.263    793.305 / 2270.263    ms
[190.262s][info][gc,stats    ]    Subphase: Concurrent Mark Try Flush                     0.443 / 0.608         8.066 / 98.444        8.066 / 98.444        8.066 / 98.444      ms
[190.263s][info][gc,stats    ]    Subphase: Concurrent Mark Try Terminate                 0.699 / 1.260         2.920 / 33.926        2.920 / 33.926        2.920 / 33.926      ms
[190.263s][info][gc,stats    ]    Subphase: Concurrent References Enqueue                 0.036 / 0.036         0.041 / 0.133         0.041 / 0.133         0.041 / 0.133       ms
[190.264s][info][gc,stats    ]    Subphase: Concurrent References Process                 0.319 / 0.319         0.958 / 3.453         0.958 / 3.453         0.958 / 3.453       ms
[190.265s][info][gc,stats    ]    Subphase: Concurrent Roots ClassLoaderDataGraph         0.226 / 0.381         0.756 / 3.654         0.756 / 3.654         0.756 / 3.654       ms
[190.266s][info][gc,stats    ]    Subphase: Concurrent Roots CodeCache                    0.000 / 0.000         0.000 / 0.000         0.000 / 0.000         0.000 / 0.000       ms
[190.267s][info][gc,stats    ]    Subphase: Concurrent Roots JavaThreads                  1.546 / 1.650        13.581 / 58.041       13.581 / 58.041       13.581 / 58.041      ms
[190.267s][info][gc,stats    ]    Subphase: Concurrent Roots OopStorageSet                0.066 / 0.081         0.113 / 0.328         0.113 / 0.328         0.113 / 0.328       ms
[190.268s][info][gc,stats    ]    Subphase: Concurrent Weak Roots OopStorageSet           1.267 / 1.306         2.686 / 23.100        2.686 / 23.100        2.686 / 23.100      ms
[190.269s][info][gc,stats    ]    Subphase: Pause Mark Try Complete                       0.000 / 0.000         0.014 / 0.045         0.014 / 0.045         0.014 / 0.045       ms
[190.270s][info][gc,stats    ]      System: Java Threads                                     75 / 75               73 / 89               73 / 89               73 / 89          threads
[190.270s][info][gc,stats    ] =========================================================================================================================================================
[200.236s][info][gc,stats    ] === Garbage Collection Statistics =======================================================================================================================
[200.238s][info][gc,stats    ]                                                              Last 10s              Last 10m              Last 10h                Total
[200.238s][info][gc,stats    ]                                                              Avg / Max             Avg / Max             Avg / Max             Avg / Max
[200.239s][info][gc,stats    ]   Collector: Garbage Collection Cycle                      0.000 / 0.000      1045.568 / 2596.852   1045.568 / 2596.852   1045.568 / 2596.852    ms
[200.240s][info][gc,stats    ]  Contention: Mark Segment Reset Contention                     0 / 0                 0 / 2                 0 / 2                 0 / 2           ops/s
[200.241s][info][gc,stats    ]  Contention: Mark SeqNum Reset Contention                      0 / 0                 0 / 0                 0 / 0                 0 / 0           ops/s
[200.242s][info][gc,stats    ]    Critical: Allocation Stall                                  0 / 0                 0 / 0                 0 / 0                 0 / 0           ops/s
[200.242s][info][gc,stats    ]    Critical: Allocation Stall                              0.000 / 0.000         0.000 / 0.000         0.000 / 0.000         0.000 / 0.000       ms
[200.243s][info][gc,stats    ]    Critical: GC Locker Stall                                   0 / 0                 0 / 1                 0 / 1                 0 / 1           ops/s
[200.244s][info][gc,stats    ]    Critical: GC Locker Stall                               0.000 / 0.000         7.441 / 17.194        7.441 / 17.194        7.441 / 17.194      ms
[200.245s][info][gc,stats    ]    Critical: Relocation Stall                                  0 / 0                 0 / 0                 0 / 0                 0 / 0           ops/s
[200.245s][info][gc,stats    ]    Critical: Relocation Stall                              0.000 / 0.000         0.000 / 0.000         0.000 / 0.000         0.000 / 0.000       ms
[200.246s][info][gc,stats    ]      Memory: Allocation Rate                                  73 / 502              65 / 524              65 / 524              65 / 524         MB/s
[200.247s][info][gc,stats    ]      Memory: Out Of Memory                                     0 / 0                 0 / 0                 0 / 0                 0 / 0           ops/s
[200.248s][info][gc,stats    ]      Memory: Page Cache Flush                                  0 / 0                 0 / 0                 0 / 0                 0 / 0           MB/s
[200.248s][info][gc,stats    ]      Memory: Page Cache Hit L1                                12 / 41               11 / 116              11 / 116              11 / 116         ops/s
[200.250s][info][gc,stats    ]      Memory: Page Cache Hit L2                                 0 / 0                 0 / 0                 0 / 0                 0 / 0           ops/s
[200.250s][info][gc,stats    ]      Memory: Page Cache Hit L3                                 0 / 0                 0 / 36                0 / 36                0 / 36          ops/s
[200.251s][info][gc,stats    ]      Memory: Page Cache Miss                                   0 / 0                 2 / 78                2 / 78                2 / 78          ops/s
[200.252s][info][gc,stats    ]      Memory: Uncommit                                          0 / 0                 0 / 0                 0 / 0                 0 / 0           MB/s
[200.252s][info][gc,stats    ]      Memory: Undo Object Allocation Failed                     0 / 0                 0 / 0                 0 / 0                 0 / 0           ops/s
[200.253s][info][gc,stats    ]      Memory: Undo Object Allocation Succeeded                  0 / 0                 0 / 2                 0 / 2                 0 / 2           ops/s
[200.254s][info][gc,stats    ]      Memory: Undo Page Allocation                              0 / 0                 0 / 22                0 / 22                0 / 22          ops/s
[200.255s][info][gc,stats    ]       Phase: Concurrent Mark                               0.000 / 0.000       818.091 / 2280.063    818.091 / 2280.063    818.091 / 2280.063    ms
[200.255s][info][gc,stats    ]       Phase: Concurrent Mark Continue                      0.000 / 0.000         0.000 / 0.000         0.000 / 0.000         0.000 / 0.000       ms
[200.256s][info][gc,stats    ]       Phase: Concurrent Mark Free                          0.000 / 0.000         0.004 / 0.006         0.004 / 0.006         0.004 / 0.006       ms
[200.257s][info][gc,stats    ]       Phase: Concurrent Process Non-Strong References      0.000 / 0.000        52.560 / 112.511      52.560 / 112.511      52.560 / 112.511     ms
[200.257s][info][gc,stats    ]       Phase: Concurrent Relocate                           0.000 / 0.000       104.360 / 730.247     104.360 / 730.247     104.360 / 730.247     ms
[200.258s][info][gc,stats    ]       Phase: Concurrent Reset Relocation Set               0.000 / 0.000         0.034 / 0.167         0.034 / 0.167         0.034 / 0.167       ms
[200.259s][info][gc,stats    ]       Phase: Concurrent Select Relocation Set              0.000 / 0.000        24.152 / 208.028      24.152 / 208.028      24.152 / 208.028     ms
[200.260s][info][gc,stats    ]       Phase: Pause Mark End                                0.000 / 0.000         0.164 / 1.361         0.164 / 1.361         0.164 / 1.361       ms
[200.260s][info][gc,stats    ]       Phase: Pause Mark Start                              0.000 / 0.000         0.029 / 0.193         0.029 / 0.193         0.029 / 0.193       ms
[200.261s][info][gc,stats    ]       Phase: Pause Relocate Start                          0.000 / 0.000         0.023 / 0.130         0.023 / 0.130         0.023 / 0.130       ms
[200.262s][info][gc,stats    ]    Subphase: Concurrent Classes Purge                      0.000 / 0.000         3.225 / 18.950        3.225 / 18.950        3.225 / 18.950      ms
[200.262s][info][gc,stats    ]    Subphase: Concurrent Classes Unlink                     0.000 / 0.000        32.765 / 79.562       32.765 / 79.562       32.765 / 79.562      ms
[200.263s][info][gc,stats    ]    Subphase: Concurrent Mark                               0.000 / 0.000       793.305 / 2270.263    793.305 / 2270.263    793.305 / 2270.263    ms
[200.263s][info][gc,stats    ]    Subphase: Concurrent Mark Try Flush                     0.000 / 0.000         8.066 / 98.444        8.066 / 98.444        8.066 / 98.444      ms
[200.264s][info][gc,stats    ]    Subphase: Concurrent Mark Try Terminate                 0.000 / 0.000         2.920 / 33.926        2.920 / 33.926        2.920 / 33.926      ms
[200.266s][info][gc,stats    ]    Subphase: Concurrent References Enqueue                 0.000 / 0.000         0.041 / 0.133         0.041 / 0.133         0.041 / 0.133       ms
[200.266s][info][gc,stats    ]    Subphase: Concurrent References Process                 0.000 / 0.000         0.958 / 3.453         0.958 / 3.453         0.958 / 3.453       ms
[200.267s][info][gc,stats    ]    Subphase: Concurrent Roots ClassLoaderDataGraph         0.000 / 0.000         0.756 / 3.654         0.756 / 3.654         0.756 / 3.654       ms
[200.268s][info][gc,stats    ]    Subphase: Concurrent Roots CodeCache                    0.000 / 0.000         0.000 / 0.000         0.000 / 0.000         0.000 / 0.000       ms
[200.268s][info][gc,stats    ]    Subphase: Concurrent Roots JavaThreads                  0.000 / 0.000        13.581 / 58.041       13.581 / 58.041       13.581 / 58.041      ms
[200.269s][info][gc,stats    ]    Subphase: Concurrent Roots OopStorageSet                0.000 / 0.000         0.113 / 0.328         0.113 / 0.328         0.113 / 0.328       ms
[200.270s][info][gc,stats    ]    Subphase: Concurrent Weak Roots OopStorageSet           0.000 / 0.000         2.686 / 23.100        2.686 / 23.100        2.686 / 23.100      ms
[200.270s][info][gc,stats    ]    Subphase: Pause Mark Try Complete                       0.000 / 0.000         0.014 / 0.045         0.014 / 0.045         0.014 / 0.045       ms
[200.271s][info][gc,stats    ]      System: Java Threads                                      0 / 0                73 / 89               73 / 89               73 / 89          threads
[200.272s][info][gc,stats    ] =========================================================================================================================================================
[202.135s][info][gc,start    ] GC(14) Garbage Collection (Proactive)
[202.137s][info][gc,task     ] GC(14) Using 2 workers
[202.138s][info][gc,phases   ] GC(14) Pause Mark Start 0.010ms
[202.251s][info][gc,phases   ] GC(14) Concurrent Mark 111.456ms
[202.252s][info][gc,phases   ] GC(14) Pause Mark End 0.018ms
[202.253s][info][gc,phases   ] GC(14) Concurrent Mark Free 0.023ms
[202.263s][info][gc,phases   ] GC(14) Concurrent Process Non-Strong References 9.638ms
[202.264s][info][gc,phases   ] GC(14) Concurrent Reset Relocation Set 0.012ms
[202.267s][info][gc,phases   ] GC(14) Concurrent Select Relocation Set 2.207ms
[202.268s][info][gc,phases   ] GC(14) Pause Relocate Start 0.009ms
[202.271s][info][gc,phases   ] GC(14) Concurrent Relocate 2.084ms
[202.272s][info][gc,load     ] GC(14) Load: 3.94/5.73/4.58
[202.273s][info][gc,mmu      ] GC(14) MMU: 2ms/32.0%, 5ms/72.8%, 10ms/86.4%, 20ms/93.2%, 50ms/97.3%, 100ms/98.6%
[202.273s][info][gc,marking  ] GC(14) Mark: 2 stripe(s), 2 proactive flush(es), 1 terminate flush(es), 0 completion(s), 0 continuation(s) 
[202.274s][info][gc,marking  ] GC(14) Mark Stack Usage: 32M
[202.275s][info][gc,nmethod  ] GC(14) NMethods: 6456 registered, 948 unregistered
[202.275s][info][gc,metaspace] GC(14) Metaspace: 52M used, 53M committed, 1072M reserved
[202.276s][info][gc,ref      ] GC(14) Soft: 5016 encountered, 0 discovered, 0 enqueued
[202.277s][info][gc,ref      ] GC(14) Weak: 3151 encountered, 183 discovered, 0 enqueued
[202.278s][info][gc,ref      ] GC(14) Final: 86 encountered, 3 discovered, 3 enqueued
[202.279s][info][gc,ref      ] GC(14) Phantom: 498 encountered, 338 discovered, 0 enqueued
[202.279s][info][gc,reloc    ] GC(14) Small Pages: 156 / 312M, Empty: 52M, Relocated: 3M, In-Place: 0
[202.280s][info][gc,reloc    ] GC(14) Medium Pages: 1 / 32M, Empty: 0M, Relocated: 0M, In-Place: 0
[202.281s][info][gc,reloc    ] GC(14) Large Pages: 57 / 670M, Empty: 636M, Relocated: 0M, In-Place: 0
[202.282s][info][gc,reloc    ] GC(14) Forwarding Usage: 0M
[202.282s][info][gc,heap     ] GC(14) Min Capacity: 256M(6%)
[202.283s][info][gc,heap     ] GC(14) Max Capacity: 4096M(100%)
[202.284s][info][gc,heap     ] GC(14) Soft Max Capacity: 4096M(100%)
[202.285s][info][gc,heap     ] GC(14)                Mark Start          Mark End        Relocate Start      Relocate End           High               Low         
[202.286s][info][gc,heap     ] GC(14)  Capacity:     2438M (60%)        2438M (60%)        2438M (60%)        2438M (60%)        2438M (60%)        2438M (60%)    
[202.287s][info][gc,heap     ] GC(14)      Free:     3082M (75%)        3066M (75%)        3754M (92%)        3908M (95%)        3908M (95%)        3066M (75%)    
[202.288s][info][gc,heap     ] GC(14)      Used:     1014M (25%)        1030M (25%)         342M (8%)          188M (5%)         1030M (25%)         188M (5%)     
[202.289s][info][gc,heap     ] GC(14)      Live:         -               128M (3%)          128M (3%)          128M (3%)             -                  -          
[202.289s][info][gc,heap     ] GC(14) Allocated:         -                16M (0%)           16M (0%)           16M (0%)             -                  -          
[202.290s][info][gc,heap     ] GC(14)   Garbage:         -               885M (22%)         197M (5%)           43M (1%)             -                  -          
[202.290s][info][gc,heap     ] GC(14) Reclaimed:         -                  -               688M (17%)         842M (21%)            -                  -          
[202.291s][info][gc          ] GC(14) Garbage Collection (Proactive) 1014M(25%)->188M(5%)
[210.235s][info][gc,stats    ] === Garbage Collection Statistics =======================================================================================================================
[210.237s][info][gc,stats    ]                                                              Last 10s              Last 10m              Last 10h                Total
[210.238s][info][gc,stats    ]                                                              Avg / Max             Avg / Max             Avg / Max             Avg / Max
[210.239s][info][gc,stats    ]   Collector: Garbage Collection Cycle                    136.698 / 136.698     984.976 / 2596.852    984.976 / 2596.852    984.976 / 2596.852    ms
[210.240s][info][gc,stats    ]  Contention: Mark Segment Reset Contention                     0 / 3                 0 / 3                 0 / 3                 0 / 3           ops/s
[210.242s][info][gc,stats    ]  Contention: Mark SeqNum Reset Contention                      0 / 0                 0 / 0                 0 / 0                 0 / 0           ops/s
[210.244s][info][gc,stats    ]    Critical: Allocation Stall                                  0 / 0                 0 / 0                 0 / 0                 0 / 0           ops/s
[210.245s][info][gc,stats    ]    Critical: Allocation Stall                              0.000 / 0.000         0.000 / 0.000         0.000 / 0.000         0.000 / 0.000       ms
[210.245s][info][gc,stats    ]    Critical: GC Locker Stall                                   0 / 0                 0 / 1                 0 / 1                 0 / 1           ops/s
[210.246s][info][gc,stats    ]    Critical: GC Locker Stall                               0.000 / 0.000         7.441 / 17.194        7.441 / 17.194        7.441 / 17.194      ms
[210.247s][info][gc,stats    ]    Critical: Relocation Stall                                  0 / 0                 0 / 0                 0 / 0                 0 / 0           ops/s
[210.248s][info][gc,stats    ]    Critical: Relocation Stall                              0.000 / 0.000         0.000 / 0.000         0.000 / 0.000         0.000 / 0.000       ms
[210.248s][info][gc,stats    ]      Memory: Allocation Rate                                  74 / 492              65 / 524              65 / 524              65 / 524         MB/s
[210.249s][info][gc,stats    ]      Memory: Out Of Memory                                     0 / 0                 0 / 0                 0 / 0                 0 / 0           ops/s
[210.250s][info][gc,stats    ]      Memory: Page Cache Flush                                  0 / 0                 0 / 0                 0 / 0                 0 / 0           MB/s
[210.251s][info][gc,stats    ]      Memory: Page Cache Hit L1                                12 / 36               12 / 116              12 / 116              12 / 116         ops/s
[210.252s][info][gc,stats    ]      Memory: Page Cache Hit L2                                 0 / 0                 0 / 0                 0 / 0                 0 / 0           ops/s
[210.253s][info][gc,stats    ]      Memory: Page Cache Hit L3                                 0 / 0                 0 / 36                0 / 36                0 / 36          ops/s
[210.254s][info][gc,stats    ]      Memory: Page Cache Miss                                   0 / 0                 2 / 78                2 / 78                2 / 78          ops/s
[210.254s][info][gc,stats    ]      Memory: Uncommit                                          0 / 0                 0 / 0                 0 / 0                 0 / 0           MB/s
[210.255s][info][gc,stats    ]      Memory: Undo Object Allocation Failed                     0 / 0                 0 / 0                 0 / 0                 0 / 0           ops/s
[210.256s][info][gc,stats    ]      Memory: Undo Object Allocation Succeeded                  0 / 0                 0 / 2                 0 / 2                 0 / 2           ops/s
[210.256s][info][gc,stats    ]      Memory: Undo Page Allocation                              0 / 0                 0 / 22                0 / 22                0 / 22          ops/s
[210.257s][info][gc,stats    ]       Phase: Concurrent Mark                             111.456 / 111.456     770.982 / 2280.063    770.982 / 2280.063    770.982 / 2280.063    ms
[210.257s][info][gc,stats    ]       Phase: Concurrent Mark Continue                      0.000 / 0.000         0.000 / 0.000         0.000 / 0.000         0.000 / 0.000       ms
[210.258s][info][gc,stats    ]       Phase: Concurrent Mark Free                          0.023 / 0.023         0.005 / 0.023         0.005 / 0.023         0.005 / 0.023       ms
[210.258s][info][gc,stats    ]       Phase: Concurrent Process Non-Strong References      9.638 / 9.638        49.698 / 112.511      49.698 / 112.511      49.698 / 112.511     ms
[210.259s][info][gc,stats    ]       Phase: Concurrent Relocate                           2.084 / 2.084        97.542 / 730.247      97.542 / 730.247      97.542 / 730.247     ms
[210.260s][info][gc,stats    ]       Phase: Concurrent Reset Relocation Set               0.012 / 0.012         0.033 / 0.167         0.033 / 0.167         0.033 / 0.167       ms
[210.260s][info][gc,stats    ]       Phase: Concurrent Select Relocation Set              2.207 / 2.207        22.689 / 208.028      22.689 / 208.028      22.689 / 208.028     ms
[210.261s][info][gc,stats    ]       Phase: Pause Mark End                                0.018 / 0.018         0.154 / 1.361         0.154 / 1.361         0.154 / 1.361       ms
[210.261s][info][gc,stats    ]       Phase: Pause Mark Start                              0.010 / 0.010         0.028 / 0.193         0.028 / 0.193         0.028 / 0.193       ms
[210.262s][info][gc,stats    ]       Phase: Pause Relocate Start                          0.009 / 0.009         0.022 / 0.130         0.022 / 0.130         0.022 / 0.130       ms
[210.263s][info][gc,stats    ]    Subphase: Concurrent Classes Purge                      0.453 / 0.453         3.040 / 18.950        3.040 / 18.950        3.040 / 18.950      ms
[210.264s][info][gc,stats    ]    Subphase: Concurrent Classes Unlink                     7.631 / 7.631        31.090 / 79.562       31.090 / 79.562       31.090 / 79.562      ms
[210.264s][info][gc,stats    ]    Subphase: Concurrent Mark                             108.775 / 108.987     747.670 / 2270.263    747.670 / 2270.263    747.670 / 2270.263    ms
[210.265s][info][gc,stats    ]    Subphase: Concurrent Mark Try Flush                     0.358 / 0.437         7.563 / 98.444        7.563 / 98.444        7.563 / 98.444      ms
[210.265s][info][gc,stats    ]    Subphase: Concurrent Mark Try Terminate                 0.495 / 1.172         2.892 / 33.926        2.892 / 33.926        2.892 / 33.926      ms
[210.266s][info][gc,stats    ]    Subphase: Concurrent References Enqueue                 0.008 / 0.008         0.039 / 0.133         0.039 / 0.133         0.039 / 0.133       ms
[210.267s][info][gc,stats    ]    Subphase: Concurrent References Process                 0.233 / 0.233         0.910 / 3.453         0.910 / 3.453         0.910 / 3.453       ms
[210.268s][info][gc,stats    ]    Subphase: Concurrent Roots ClassLoaderDataGraph         0.181 / 0.320         0.710 / 3.654         0.710 / 3.654         0.710 / 3.654       ms
[210.268s][info][gc,stats    ]    Subphase: Concurrent Roots CodeCache                    0.000 / 0.000         0.000 / 0.000         0.000 / 0.000         0.000 / 0.000       ms
[210.269s][info][gc,stats    ]    Subphase: Concurrent Roots JavaThreads                  1.965 / 2.095        12.807 / 58.041       12.807 / 58.041       12.807 / 58.041      ms
[210.269s][info][gc,stats    ]    Subphase: Concurrent Roots OopStorageSet                0.038 / 0.044         0.107 / 0.328         0.107 / 0.328         0.107 / 0.328       ms
[210.270s][info][gc,stats    ]    Subphase: Concurrent Weak Roots OopStorageSet           0.728 / 0.756         2.555 / 23.100        2.555 / 23.100        2.555 / 23.100      ms
[210.271s][info][gc,stats    ]    Subphase: Pause Mark Try Complete                       0.000 / 0.000         0.014 / 0.045         0.014 / 0.045         0.014 / 0.045       ms
[210.271s][info][gc,stats    ]      System: Java Threads                                     75 / 75               73 / 89               73 / 89               73 / 89          threads
[210.272s][info][gc,stats    ] =========================================================================================================================================================
[213.135s][info][gc,start    ] GC(15) Garbage Collection (Proactive)
[213.136s][info][gc,task     ] GC(15) Using 2 workers
[213.137s][info][gc,phases   ] GC(15) Pause Mark Start 0.008ms
[213.232s][info][gc,phases   ] GC(15) Concurrent Mark 94.240ms
[213.233s][info][gc,phases   ] GC(15) Pause Mark End 0.012ms
[213.234s][info][gc,phases   ] GC(15) Concurrent Mark Free 0.001ms
[213.242s][info][gc,phases   ] GC(15) Concurrent Process Non-Strong References 8.142ms
[213.243s][info][gc,phases   ] GC(15) Concurrent Reset Relocation Set 0.011ms
[213.246s][info][gc,phases   ] GC(15) Concurrent Select Relocation Set 1.793ms
[213.246s][info][gc,phases   ] GC(15) Pause Relocate Start 0.008ms
[213.249s][info][gc,phases   ] GC(15) Concurrent Relocate 1.964ms
[213.250s][info][gc,load     ] GC(15) Load: 3.33/5.54/4.53
[213.251s][info][gc,mmu      ] GC(15) MMU: 2ms/32.0%, 5ms/72.8%, 10ms/86.4%, 20ms/93.2%, 50ms/97.3%, 100ms/98.6%
[213.251s][info][gc,marking  ] GC(15) Mark: 2 stripe(s), 2 proactive flush(es), 1 terminate flush(es), 0 completion(s), 0 continuation(s) 
[213.252s][info][gc,marking  ] GC(15) Mark Stack Usage: 32M
[213.252s][info][gc,nmethod  ] GC(15) NMethods: 6495 registered, 948 unregistered
[213.253s][info][gc,metaspace] GC(15) Metaspace: 52M used, 53M committed, 1072M reserved
[213.253s][info][gc,ref      ] GC(15) Soft: 5016 encountered, 0 discovered, 0 enqueued
[213.254s][info][gc,ref      ] GC(15) Weak: 3151 encountered, 197 discovered, 0 enqueued
[213.255s][info][gc,ref      ] GC(15) Final: 85 encountered, 2 discovered, 2 enqueued
[213.255s][info][gc,ref      ] GC(15) Phantom: 498 encountered, 339 discovered, 0 enqueued
[213.256s][info][gc,reloc    ] GC(15) Small Pages: 139 / 278M, Empty: 58M, Relocated: 2M, In-Place: 0
[213.256s][info][gc,reloc    ] GC(15) Medium Pages: 1 / 32M, Empty: 0M, Relocated: 0M, In-Place: 0
[213.257s][info][gc,reloc    ] GC(15) Large Pages: 51 / 634M, Empty: 600M, Relocated: 0M, In-Place: 0
[213.257s][info][gc,reloc    ] GC(15) Forwarding Usage: 0M
[213.258s][info][gc,heap     ] GC(15) Min Capacity: 256M(6%)
[213.258s][info][gc,heap     ] GC(15) Max Capacity: 4096M(100%)
[213.259s][info][gc,heap     ] GC(15) Soft Max Capacity: 4096M(100%)
[213.260s][info][gc,heap     ] GC(15)                Mark Start          Mark End        Relocate Start      Relocate End           High               Low         
[213.261s][info][gc,heap     ] GC(15)  Capacity:     2438M (60%)        2438M (60%)        2438M (60%)        2438M (60%)        2438M (60%)        2438M (60%)    
[213.261s][info][gc,heap     ] GC(15)      Free:     3152M (77%)        3138M (77%)        3796M (93%)        3910M (95%)        3910M (95%)        3138M (77%)    
[213.262s][info][gc,heap     ] GC(15)      Used:      944M (23%)         958M (23%)         300M (7%)          186M (5%)          958M (23%)         186M (5%)     
[213.262s][info][gc,heap     ] GC(15)      Live:         -               128M (3%)          128M (3%)          128M (3%)             -                  -          
[213.263s][info][gc,heap     ] GC(15) Allocated:         -                14M (0%)           14M (0%)           15M (0%)             -                  -          
[213.264s][info][gc,heap     ] GC(15)   Garbage:         -               815M (20%)         157M (4%)           41M (1%)             -                  -          
[213.264s][info][gc,heap     ] GC(15) Reclaimed:         -                  -               658M (16%)         773M (19%)            -                  -          
[213.266s][info][gc          ] GC(15) Garbage Collection (Proactive) 944M(23%)->186M(5%)
[220.236s][info][gc,stats    ] === Garbage Collection Statistics =======================================================================================================================
[220.237s][info][gc,stats    ]                                                              Last 10s              Last 10m              Last 10h                Total
[220.238s][info][gc,stats    ]                                                              Avg / Max             Avg / Max             Avg / Max             Avg / Max
[220.238s][info][gc,stats    ]   Collector: Garbage Collection Cycle                    114.923 / 114.923     930.598 / 2596.852    930.598 / 2596.852    930.598 / 2596.852    ms
[220.239s][info][gc,stats    ]  Contention: Mark Segment Reset Contention                     0 / 1                 0 / 3                 0 / 3                 0 / 3           ops/s
[220.239s][info][gc,stats    ]  Contention: Mark SeqNum Reset Contention                      0 / 0                 0 / 0                 0 / 0                 0 / 0           ops/s
[220.240s][info][gc,stats    ]    Critical: Allocation Stall                                  0 / 0                 0 / 0                 0 / 0                 0 / 0           ops/s
[220.240s][info][gc,stats    ]    Critical: Allocation Stall                              0.000 / 0.000         0.000 / 0.000         0.000 / 0.000         0.000 / 0.000       ms
[220.241s][info][gc,stats    ]    Critical: GC Locker Stall                                   0 / 0                 0 / 1                 0 / 1                 0 / 1           ops/s
[220.241s][info][gc,stats    ]    Critical: GC Locker Stall                               0.000 / 0.000         7.441 / 17.194        7.441 / 17.194        7.441 / 17.194      ms
[220.242s][info][gc,stats    ]    Critical: Relocation Stall                                  0 / 0                 0 / 0                 0 / 0                 0 / 0           ops/s
[220.242s][info][gc,stats    ]    Critical: Relocation Stall                              0.000 / 0.000         0.000 / 0.000         0.000 / 0.000         0.000 / 0.000       ms
[220.243s][info][gc,stats    ]      Memory: Allocation Rate                                  73 / 486              66 / 524              66 / 524              66 / 524         MB/s
[220.243s][info][gc,stats    ]      Memory: Out Of Memory                                     0 / 0                 0 / 0                 0 / 0                 0 / 0           ops/s
[220.244s][info][gc,stats    ]      Memory: Page Cache Flush                                  0 / 0                 0 / 0                 0 / 0                 0 / 0           MB/s
[220.244s][info][gc,stats    ]      Memory: Page Cache Hit L1                                12 / 33               12 / 116              12 / 116              12 / 116         ops/s
[220.245s][info][gc,stats    ]      Memory: Page Cache Hit L2                                 0 / 0                 0 / 0                 0 / 0                 0 / 0           ops/s
[220.246s][info][gc,stats    ]      Memory: Page Cache Hit L3                                 0 / 0                 0 / 36                0 / 36                0 / 36          ops/s
[220.246s][info][gc,stats    ]      Memory: Page Cache Miss                                   0 / 0                 2 / 78                2 / 78                2 / 78          ops/s
[220.247s][info][gc,stats    ]      Memory: Uncommit                                          0 / 0                 0 / 0                 0 / 0                 0 / 0           MB/s
[220.248s][info][gc,stats    ]      Memory: Undo Object Allocation Failed                     0 / 0                 0 / 0                 0 / 0                 0 / 0           ops/s
[220.248s][info][gc,stats    ]      Memory: Undo Object Allocation Succeeded                  0 / 0                 0 / 2                 0 / 2                 0 / 2           ops/s
[220.249s][info][gc,stats    ]      Memory: Undo Page Allocation                              0 / 0                 0 / 22                0 / 22                0 / 22          ops/s
[220.249s][info][gc,stats    ]       Phase: Concurrent Mark                              94.240 / 94.240      728.686 / 2280.063    728.686 / 2280.063    728.686 / 2280.063    ms
[220.250s][info][gc,stats    ]       Phase: Concurrent Mark Continue                      0.000 / 0.000         0.000 / 0.000         0.000 / 0.000         0.000 / 0.000       ms
[220.250s][info][gc,stats    ]       Phase: Concurrent Mark Free                          0.001 / 0.001         0.005 / 0.023         0.005 / 0.023         0.005 / 0.023       ms
[220.251s][info][gc,stats    ]       Phase: Concurrent Process Non-Strong References      8.142 / 8.142        47.101 / 112.511      47.101 / 112.511      47.101 / 112.511     ms
[220.251s][info][gc,stats    ]       Phase: Concurrent Relocate                           1.964 / 1.964        91.568 / 730.247      91.568 / 730.247      91.568 / 730.247     ms
[220.251s][info][gc,stats    ]       Phase: Concurrent Reset Relocation Set               0.011 / 0.011         0.031 / 0.167         0.031 / 0.167         0.031 / 0.167       ms
[220.252s][info][gc,stats    ]       Phase: Concurrent Select Relocation Set              1.793 / 1.793        21.383 / 208.028      21.383 / 208.028      21.383 / 208.028     ms
[220.253s][info][gc,stats    ]       Phase: Pause Mark End                                0.012 / 0.012         0.146 / 1.361         0.146 / 1.361         0.146 / 1.361       ms
[220.253s][info][gc,stats    ]       Phase: Pause Mark Start                              0.008 / 0.008         0.027 / 0.193         0.027 / 0.193         0.027 / 0.193       ms
[220.254s][info][gc,stats    ]       Phase: Pause Relocate Start                          0.008 / 0.008         0.021 / 0.130         0.021 / 0.130         0.021 / 0.130       ms
[220.254s][info][gc,stats    ]    Subphase: Concurrent Classes Purge                      0.405 / 0.405         2.875 / 18.950        2.875 / 18.950        2.875 / 18.950      ms
[220.255s][info][gc,stats    ]    Subphase: Concurrent Classes Unlink                     6.426 / 6.426        29.548 / 79.562       29.548 / 79.562       29.548 / 79.562      ms
[220.255s][info][gc,stats    ]    Subphase: Concurrent Mark                              92.207 / 92.426      706.703 / 2270.263    706.703 / 2270.263    706.703 / 2270.263    ms
[220.256s][info][gc,stats    ]    Subphase: Concurrent Mark Try Flush                     0.254 / 0.328         7.116 / 98.444        7.116 / 98.444        7.116 / 98.444      ms
[220.256s][info][gc,stats    ]    Subphase: Concurrent Mark Try Terminate                 0.829 / 1.266         2.846 / 33.926        2.846 / 33.926        2.846 / 33.926      ms
[220.257s][info][gc,stats    ]    Subphase: Concurrent References Enqueue                 0.005 / 0.005         0.037 / 0.133         0.037 / 0.133         0.037 / 0.133       ms
[220.258s][info][gc,stats    ]    Subphase: Concurrent References Process                 0.250 / 0.250         0.869 / 3.453         0.869 / 3.453         0.869 / 3.453       ms
[220.258s][info][gc,stats    ]    Subphase: Concurrent Roots ClassLoaderDataGraph         0.171 / 0.318         0.670 / 3.654         0.670 / 3.654         0.670 / 3.654       ms
[220.259s][info][gc,stats    ]    Subphase: Concurrent Roots CodeCache                    0.000 / 0.000         0.000 / 0.000         0.000 / 0.000         0.000 / 0.000       ms
[220.259s][info][gc,stats    ]    Subphase: Concurrent Roots JavaThreads                  1.173 / 1.364        12.079 / 58.041       12.079 / 58.041       12.079 / 58.041      ms
[220.260s][info][gc,stats    ]    Subphase: Concurrent Roots OopStorageSet                0.033 / 0.046         0.101 / 0.328         0.101 / 0.328         0.101 / 0.328       ms
[220.260s][info][gc,stats    ]    Subphase: Concurrent Weak Roots OopStorageSet           0.677 / 0.705         2.438 / 23.100        2.438 / 23.100        2.438 / 23.100      ms
[220.261s][info][gc,stats    ]    Subphase: Pause Mark Try Complete                       0.000 / 0.000         0.014 / 0.045         0.014 / 0.045         0.014 / 0.045       ms
[220.261s][info][gc,stats    ]      System: Java Threads                                     74 / 74               73 / 89               73 / 89               73 / 89          threads
[220.262s][info][gc,stats    ] =========================================================================================================================================================
[222.235s][info][gc,start    ] GC(16) Garbage Collection (Proactive)
[222.236s][info][gc,task     ] GC(16) Using 2 workers
[222.237s][info][gc,phases   ] GC(16) Pause Mark Start 0.008ms
[222.321s][info][gc,phases   ] GC(16) Concurrent Mark 83.100ms
[222.322s][info][gc,phases   ] GC(16) Pause Mark End 0.016ms
[222.323s][info][gc,phases   ] GC(16) Concurrent Mark Free 0.001ms
[222.333s][info][gc,phases   ] GC(16) Concurrent Process Non-Strong References 9.162ms
[222.334s][info][gc,phases   ] GC(16) Concurrent Reset Relocation Set 0.009ms
[222.336s][info][gc,phases   ] GC(16) Concurrent Select Relocation Set 1.676ms
[222.337s][info][gc,phases   ] GC(16) Pause Relocate Start 0.008ms
[222.340s][info][gc,phases   ] GC(16) Concurrent Relocate 2.541ms
[222.341s][info][gc,load     ] GC(16) Load: 2.89/5.37/4.49
[222.341s][info][gc,mmu      ] GC(16) MMU: 2ms/32.0%, 5ms/72.8%, 10ms/86.4%, 20ms/93.2%, 50ms/97.3%, 100ms/98.6%
[222.342s][info][gc,marking  ] GC(16) Mark: 2 stripe(s), 2 proactive flush(es), 1 terminate flush(es), 0 completion(s), 0 continuation(s) 
[222.343s][info][gc,marking  ] GC(16) Mark Stack Usage: 32M
[222.344s][info][gc,nmethod  ] GC(16) NMethods: 6523 registered, 948 unregistered
[222.346s][info][gc,metaspace] GC(16) Metaspace: 52M used, 53M committed, 1072M reserved
[222.347s][info][gc,ref      ] GC(16) Soft: 5016 encountered, 0 discovered, 0 enqueued
[222.347s][info][gc,ref      ] GC(16) Weak: 3151 encountered, 278 discovered, 0 enqueued
[222.348s][info][gc,ref      ] GC(16) Final: 85 encountered, 2 discovered, 2 enqueued
[222.348s][info][gc,ref      ] GC(16) Phantom: 494 encountered, 446 discovered, 0 enqueued
[222.349s][info][gc,reloc    ] GC(16) Small Pages: 123 / 246M, Empty: 48M, Relocated: 3M, In-Place: 0
[222.349s][info][gc,reloc    ] GC(16) Medium Pages: 1 / 32M, Empty: 0M, Relocated: 0M, In-Place: 0
[222.350s][info][gc,reloc    ] GC(16) Large Pages: 47 / 610M, Empty: 576M, Relocated: 0M, In-Place: 0
[222.351s][info][gc,reloc    ] GC(16) Forwarding Usage: 0M
[222.351s][info][gc,heap     ] GC(16) Min Capacity: 256M(6%)
[222.352s][info][gc,heap     ] GC(16) Max Capacity: 4096M(100%)
[222.352s][info][gc,heap     ] GC(16) Soft Max Capacity: 4096M(100%)
[222.353s][info][gc,heap     ] GC(16)                Mark Start          Mark End        Relocate Start      Relocate End           High               Low         
[222.353s][info][gc,heap     ] GC(16)  Capacity:     2438M (60%)        2438M (60%)        2438M (60%)        2438M (60%)        2438M (60%)        2438M (60%)    
[222.354s][info][gc,heap     ] GC(16)      Free:     3208M (78%)        3190M (78%)        3814M (93%)        3908M (95%)        3908M (95%)        3190M (78%)    
[222.355s][info][gc,heap     ] GC(16)      Used:      888M (22%)         906M (22%)         282M (7%)          188M (5%)          906M (22%)         188M (5%)     
[222.355s][info][gc,heap     ] GC(16)      Live:         -               128M (3%)          128M (3%)          128M (3%)             -                  -          
[222.356s][info][gc,heap     ] GC(16) Allocated:         -                18M (0%)           18M (0%)           18M (0%)             -                  -          
[222.356s][info][gc,heap     ] GC(16)   Garbage:         -               759M (19%)         135M (3%)           41M (1%)             -                  -          
[222.357s][info][gc,heap     ] GC(16) Reclaimed:         -                  -               624M (15%)         718M (18%)            -                  -          
[222.357s][info][gc          ] GC(16) Garbage Collection (Proactive) 888M(22%)->188M(5%)
[229.935s][info][gc,start    ] GC(17) Garbage Collection (Proactive)
[229.937s][info][gc,task     ] GC(17) Using 2 workers
[229.938s][info][gc,phases   ] GC(17) Pause Mark Start 0.038ms
[230.057s][info][gc,phases   ] GC(17) Concurrent Mark 117.658ms
[230.059s][info][gc,phases   ] GC(17) Pause Mark End 0.026ms
[230.060s][info][gc,phases   ] GC(17) Concurrent Mark Free 0.006ms
[230.075s][info][gc,phases   ] GC(17) Concurrent Process Non-Strong References 14.262ms
[230.079s][info][gc,phases   ] GC(17) Concurrent Reset Relocation Set 0.008ms
[230.082s][info][gc,phases   ] GC(17) Concurrent Select Relocation Set 2.080ms
[230.086s][info][gc,phases   ] GC(17) Pause Relocate Start 0.009ms
[230.089s][info][gc,phases   ] GC(17) Concurrent Relocate 2.794ms
[230.090s][info][gc,load     ] GC(17) Load: 2.82/5.32/4.48
[230.091s][info][gc,mmu      ] GC(17) MMU: 2ms/32.0%, 5ms/72.8%, 10ms/86.4%, 20ms/93.2%, 50ms/97.3%, 100ms/98.6%
[230.092s][info][gc,marking  ] GC(17) Mark: 2 stripe(s), 2 proactive flush(es), 1 terminate flush(es), 0 completion(s), 0 continuation(s) 
[230.092s][info][gc,marking  ] GC(17) Mark Stack Usage: 32M
[230.093s][info][gc,nmethod  ] GC(17) NMethods: 6542 registered, 948 unregistered
[230.095s][info][gc,metaspace] GC(17) Metaspace: 52M used, 53M committed, 1072M reserved
[230.096s][info][gc,ref      ] GC(17) Soft: 5016 encountered, 0 discovered, 0 enqueued
[230.096s][info][gc,ref      ] GC(17) Weak: 3151 encountered, 668 discovered, 0 enqueued
[230.097s][info][gc,ref      ] GC(17) Final: 85 encountered, 54 discovered, 2 enqueued
[230.098s][info][gc,ref      ] GC(17) Phantom: 486 encountered, 279 discovered, 0 enqueued
[230.098s][info][gc,reloc    ] GC(17) Small Pages: 116 / 232M, Empty: 44M, Relocated: 4M, In-Place: 0
[230.099s][info][gc,reloc    ] GC(17) Medium Pages: 1 / 32M, Empty: 0M, Relocated: 0M, In-Place: 0
[230.100s][info][gc,reloc    ] GC(17) Large Pages: 43 / 586M, Empty: 552M, Relocated: 0M, In-Place: 0
[230.100s][info][gc,reloc    ] GC(17) Forwarding Usage: 1M
[230.101s][info][gc,heap     ] GC(17) Min Capacity: 256M(6%)
[230.102s][info][gc,heap     ] GC(17) Max Capacity: 4096M(100%)
[230.103s][info][gc,heap     ] GC(17) Soft Max Capacity: 4096M(100%)
[230.104s][info][gc,heap     ] GC(17)                Mark Start          Mark End        Relocate Start      Relocate End           High               Low         
[230.108s][info][gc,heap     ] GC(17)  Capacity:     2438M (60%)        2438M (60%)        2438M (60%)        2438M (60%)        2438M (60%)        2438M (60%)    
[230.109s][info][gc,heap     ] GC(17)      Free:     3246M (79%)        3228M (79%)        3824M (93%)        3906M (95%)        3906M (95%)        3228M (79%)    
[230.112s][info][gc,heap     ] GC(17)      Used:      850M (21%)         868M (21%)         272M (7%)          190M (5%)          868M (21%)         190M (5%)     
[230.113s][info][gc,heap     ] GC(17)      Live:         -               128M (3%)          128M (3%)          128M (3%)             -                  -          
[230.115s][info][gc,heap     ] GC(17) Allocated:         -                18M (0%)           18M (0%)           19M (0%)             -                  -          
[230.115s][info][gc,heap     ] GC(17)   Garbage:         -               721M (18%)         125M (3%)           41M (1%)             -                  -          
[230.116s][info][gc,heap     ] GC(17) Reclaimed:         -                  -               596M (15%)         679M (17%)            -                  -          
[230.116s][info][gc          ] GC(17) Garbage Collection (Proactive) 850M(21%)->190M(5%)
[230.236s][info][gc,stats    ] === Garbage Collection Statistics =======================================================================================================================
[230.237s][info][gc,stats    ]                                                              Last 10s              Last 10m              Last 10h                Total
[230.237s][info][gc,stats    ]                                                              Avg / Max             Avg / Max             Avg / Max             Avg / Max
[230.238s][info][gc,stats    ]   Collector: Garbage Collection Cycle                    130.135 / 155.002     841.658 / 2596.852    841.658 / 2596.852    841.658 / 2596.852    ms
[230.239s][info][gc,stats    ]  Contention: Mark Segment Reset Contention                     0 / 1                 0 / 3                 0 / 3                 0 / 3           ops/s
[230.239s][info][gc,stats    ]  Contention: Mark SeqNum Reset Contention                      0 / 0                 0 / 0                 0 / 0                 0 / 0           ops/s
[230.240s][info][gc,stats    ]    Critical: Allocation Stall                                  0 / 0                 0 / 0                 0 / 0                 0 / 0           ops/s
[230.241s][info][gc,stats    ]    Critical: Allocation Stall                              0.000 / 0.000         0.000 / 0.000         0.000 / 0.000         0.000 / 0.000       ms
[230.241s][info][gc,stats    ]    Critical: GC Locker Stall                                   0 / 0                 0 / 1                 0 / 1                 0 / 1           ops/s
[230.242s][info][gc,stats    ]    Critical: GC Locker Stall                               0.000 / 0.000         7.441 / 17.194        7.441 / 17.194        7.441 / 17.194      ms
[230.242s][info][gc,stats    ]    Critical: Relocation Stall                                  0 / 0                 0 / 0                 0 / 0                 0 / 0           ops/s
[230.243s][info][gc,stats    ]    Critical: Relocation Stall                              0.000 / 0.000         0.000 / 0.000         0.000 / 0.000         0.000 / 0.000       ms
[230.243s][info][gc,stats    ]      Memory: Allocation Rate                                  76 / 506              66 / 524              66 / 524              66 / 524         MB/s
[230.244s][info][gc,stats    ]      Memory: Out Of Memory                                     0 / 0                 0 / 0                 0 / 0                 0 / 0           ops/s
[230.244s][info][gc,stats    ]      Memory: Page Cache Flush                                  0 / 0                 0 / 0                 0 / 0                 0 / 0           MB/s
[230.245s][info][gc,stats    ]      Memory: Page Cache Hit L1                                14 / 43               12 / 116              12 / 116              12 / 116         ops/s
[230.245s][info][gc,stats    ]      Memory: Page Cache Hit L2                                 0 / 0                 0 / 0                 0 / 0                 0 / 0           ops/s
[230.246s][info][gc,stats    ]      Memory: Page Cache Hit L3                                 0 / 0                 0 / 36                0 / 36                0 / 36          ops/s
[230.246s][info][gc,stats    ]      Memory: Page Cache Miss                                   0 / 0                 2 / 78                2 / 78                2 / 78          ops/s
[230.247s][info][gc,stats    ]      Memory: Uncommit                                          0 / 0                 0 / 0                 0 / 0                 0 / 0           MB/s
[230.248s][info][gc,stats    ]      Memory: Undo Object Allocation Failed                     0 / 0                 0 / 0                 0 / 0                 0 / 0           ops/s
[230.249s][info][gc,stats    ]      Memory: Undo Object Allocation Succeeded                  0 / 0                 0 / 2                 0 / 2                 0 / 2           ops/s
[230.249s][info][gc,stats    ]      Memory: Undo Page Allocation                              0 / 0                 0 / 22                0 / 22                0 / 22          ops/s
[230.250s][info][gc,stats    ]       Phase: Concurrent Mark                             100.379 / 117.658     658.874 / 2280.063    658.874 / 2280.063    658.874 / 2280.063    ms
[230.251s][info][gc,stats    ]       Phase: Concurrent Mark Continue                      0.000 / 0.000         0.000 / 0.000         0.000 / 0.000         0.000 / 0.000       ms
[230.252s][info][gc,stats    ]       Phase: Concurrent Mark Free                          0.003 / 0.006         0.005 / 0.023         0.005 / 0.023         0.005 / 0.023       ms
[230.252s][info][gc,stats    ]       Phase: Concurrent Process Non-Strong References     11.712 / 14.262       43.169 / 112.511      43.169 / 112.511      43.169 / 112.511     ms
[230.253s][info][gc,stats    ]       Phase: Concurrent Relocate                           2.667 / 2.794        81.691 / 730.247      81.691 / 730.247      81.691 / 730.247     ms
[230.253s][info][gc,stats    ]       Phase: Concurrent Reset Relocation Set               0.009 / 0.009         0.029 / 0.167         0.029 / 0.167         0.029 / 0.167       ms
[230.254s][info][gc,stats    ]       Phase: Concurrent Select Relocation Set              1.878 / 2.080        19.216 / 208.028      19.216 / 208.028      19.216 / 208.028     ms
[230.254s][info][gc,stats    ]       Phase: Pause Mark End                                0.021 / 0.026         0.132 / 1.361         0.132 / 1.361         0.132 / 1.361       ms
[230.255s][info][gc,stats    ]       Phase: Pause Mark Start                              0.023 / 0.038         0.026 / 0.193         0.026 / 0.193         0.026 / 0.193       ms
[230.256s][info][gc,stats    ]       Phase: Pause Relocate Start                          0.008 / 0.009         0.020 / 0.130         0.020 / 0.130         0.020 / 0.130       ms
[230.256s][info][gc,stats    ]    Subphase: Concurrent Classes Purge                      1.143 / 1.710         2.683 / 18.950        2.683 / 18.950        2.683 / 18.950      ms
[230.257s][info][gc,stats    ]    Subphase: Concurrent Classes Unlink                     8.564 / 10.029       27.217 / 79.562       27.217 / 79.562       27.217 / 79.562      ms
[230.258s][info][gc,stats    ]    Subphase: Concurrent Mark                              97.643 / 114.586     639.030 / 2270.263    639.030 / 2270.263    639.030 / 2270.263    ms
[230.258s][info][gc,stats    ]    Subphase: Concurrent Mark Try Flush                     0.297 / 0.575         6.372 / 98.444        6.372 / 98.444        6.372 / 98.444      ms
[230.259s][info][gc,stats    ]    Subphase: Concurrent Mark Try Terminate                 0.576 / 1.313         2.787 / 33.926        2.787 / 33.926        2.787 / 33.926      ms
[230.259s][info][gc,stats    ]    Subphase: Concurrent References Enqueue                 0.009 / 0.011         0.034 / 0.133         0.034 / 0.133         0.034 / 0.133       ms
[230.260s][info][gc,stats    ]    Subphase: Concurrent References Process                 0.561 / 0.885         0.835 / 3.453         0.835 / 3.453         0.835 / 3.453       ms
[230.261s][info][gc,stats    ]    Subphase: Concurrent Roots ClassLoaderDataGraph         0.163 / 0.323         0.605 / 3.654         0.605 / 3.654         0.605 / 3.654       ms
[230.261s][info][gc,stats    ]    Subphase: Concurrent Roots CodeCache                    0.000 / 0.000         0.000 / 0.000         0.000 / 0.000         0.000 / 0.000       ms
[230.263s][info][gc,stats    ]    Subphase: Concurrent Roots JavaThreads                  1.424 / 1.616        10.896 / 58.041       10.896 / 58.041       10.896 / 58.041      ms
[230.263s][info][gc,stats    ]    Subphase: Concurrent Roots OopStorageSet                0.042 / 0.067         0.094 / 0.328         0.094 / 0.328         0.094 / 0.328       ms
[230.264s][info][gc,stats    ]    Subphase: Concurrent Weak Roots OopStorageSet           0.750 / 0.849         2.250 / 23.100        2.250 / 23.100        2.250 / 23.100      ms
[230.264s][info][gc,stats    ]    Subphase: Pause Mark Try Complete                       0.000 / 0.000         0.014 / 0.045         0.014 / 0.045         0.014 / 0.045       ms
[230.265s][info][gc,stats    ]      System: Java Threads                                     74 / 74               73 / 89               73 / 89               73 / 89          threads
[230.265s][info][gc,stats    ] =========================================================================================================================================================
[240.236s][info][gc,stats    ] === Garbage Collection Statistics =======================================================================================================================
[240.238s][info][gc,stats    ]                                                              Last 10s              Last 10m              Last 10h                Total
[240.238s][info][gc,stats    ]                                                              Avg / Max             Avg / Max             Avg / Max             Avg / Max
[240.239s][info][gc,stats    ]   Collector: Garbage Collection Cycle                      0.000 / 0.000       841.658 / 2596.852    841.658 / 2596.852    841.658 / 2596.852    ms
[240.239s][info][gc,stats    ]  Contention: Mark Segment Reset Contention                     0 / 0                 0 / 3                 0 / 3                 0 / 3           ops/s
[240.240s][info][gc,stats    ]  Contention: Mark SeqNum Reset Contention                      0 / 0                 0 / 0                 0 / 0                 0 / 0           ops/s
[240.240s][info][gc,stats    ]    Critical: Allocation Stall                                  0 / 0                 0 / 0                 0 / 0                 0 / 0           ops/s
[240.241s][info][gc,stats    ]    Critical: Allocation Stall                              0.000 / 0.000         0.000 / 0.000         0.000 / 0.000         0.000 / 0.000       ms
[240.241s][info][gc,stats    ]    Critical: GC Locker Stall                                   0 / 0                 0 / 1                 0 / 1                 0 / 1           ops/s
[240.242s][info][gc,stats    ]    Critical: GC Locker Stall                               0.000 / 0.000         7.441 / 17.194        7.441 / 17.194        7.441 / 17.194      ms
[240.242s][info][gc,stats    ]    Critical: Relocation Stall                                  0 / 0                 0 / 0                 0 / 0                 0 / 0           ops/s
[240.243s][info][gc,stats    ]    Critical: Relocation Stall                              0.000 / 0.000         0.000 / 0.000         0.000 / 0.000         0.000 / 0.000       ms
[240.243s][info][gc,stats    ]      Memory: Allocation Rate                                  71 / 490              66 / 524              66 / 524              66 / 524         MB/s
[240.244s][info][gc,stats    ]      Memory: Out Of Memory                                     0 / 0                 0 / 0                 0 / 0                 0 / 0           ops/s
[240.244s][info][gc,stats    ]      Memory: Page Cache Flush                                  0 / 0                 0 / 0                 0 / 0                 0 / 0           MB/s
[240.245s][info][gc,stats    ]      Memory: Page Cache Hit L1                                11 / 35               12 / 116              12 / 116              12 / 116         ops/s
[240.245s][info][gc,stats    ]      Memory: Page Cache Hit L2                                 0 / 0                 0 / 0                 0 / 0                 0 / 0           ops/s
[240.247s][info][gc,stats    ]      Memory: Page Cache Hit L3                                 0 / 0                 0 / 36                0 / 36                0 / 36          ops/s
[240.247s][info][gc,stats    ]      Memory: Page Cache Miss                                   0 / 0                 2 / 78                2 / 78                2 / 78          ops/s
[240.247s][info][gc,stats    ]      Memory: Uncommit                                          0 / 0                 0 / 0                 0 / 0                 0 / 0           MB/s
[240.248s][info][gc,stats    ]      Memory: Undo Object Allocation Failed                     0 / 0                 0 / 0                 0 / 0                 0 / 0           ops/s
[240.248s][info][gc,stats    ]      Memory: Undo Object Allocation Succeeded                  0 / 0                 0 / 2                 0 / 2                 0 / 2           ops/s
[240.249s][info][gc,stats    ]      Memory: Undo Page Allocation                              0 / 0                 0 / 22                0 / 22                0 / 22          ops/s
[240.249s][info][gc,stats    ]       Phase: Concurrent Mark                               0.000 / 0.000       658.874 / 2280.063    658.874 / 2280.063    658.874 / 2280.063    ms
[240.250s][info][gc,stats    ]       Phase: Concurrent Mark Continue                      0.000 / 0.000         0.000 / 0.000         0.000 / 0.000         0.000 / 0.000       ms
[240.250s][info][gc,stats    ]       Phase: Concurrent Mark Free                          0.000 / 0.000         0.005 / 0.023         0.005 / 0.023         0.005 / 0.023       ms
[240.251s][info][gc,stats    ]       Phase: Concurrent Process Non-Strong References      0.000 / 0.000        43.169 / 112.511      43.169 / 112.511      43.169 / 112.511     ms
[240.251s][info][gc,stats    ]       Phase: Concurrent Relocate                           0.000 / 0.000        81.691 / 730.247      81.691 / 730.247      81.691 / 730.247     ms
[240.251s][info][gc,stats    ]       Phase: Concurrent Reset Relocation Set               0.000 / 0.000         0.029 / 0.167         0.029 / 0.167         0.029 / 0.167       ms
[240.252s][info][gc,stats    ]       Phase: Concurrent Select Relocation Set              0.000 / 0.000        19.216 / 208.028      19.216 / 208.028      19.216 / 208.028     ms
[240.252s][info][gc,stats    ]       Phase: Pause Mark End                                0.000 / 0.000         0.132 / 1.361         0.132 / 1.361         0.132 / 1.361       ms
[240.253s][info][gc,stats    ]       Phase: Pause Mark Start                              0.000 / 0.000         0.026 / 0.193         0.026 / 0.193         0.026 / 0.193       ms
[240.253s][info][gc,stats    ]       Phase: Pause Relocate Start                          0.000 / 0.000         0.020 / 0.130         0.020 / 0.130         0.020 / 0.130       ms
[240.254s][info][gc,stats    ]    Subphase: Concurrent Classes Purge                      0.000 / 0.000         2.683 / 18.950        2.683 / 18.950        2.683 / 18.950      ms
[240.255s][info][gc,stats    ]    Subphase: Concurrent Classes Unlink                     0.000 / 0.000        27.217 / 79.562       27.217 / 79.562       27.217 / 79.562      ms
[240.255s][info][gc,stats    ]    Subphase: Concurrent Mark                               0.000 / 0.000       639.030 / 2270.263    639.030 / 2270.263    639.030 / 2270.263    ms
[240.255s][info][gc,stats    ]    Subphase: Concurrent Mark Try Flush                     0.000 / 0.000         6.372 / 98.444        6.372 / 98.444        6.372 / 98.444      ms
[240.256s][info][gc,stats    ]    Subphase: Concurrent Mark Try Terminate                 0.000 / 0.000         2.787 / 33.926        2.787 / 33.926        2.787 / 33.926      ms
[240.256s][info][gc,stats    ]    Subphase: Concurrent References Enqueue                 0.000 / 0.000         0.034 / 0.133         0.034 / 0.133         0.034 / 0.133       ms
[240.257s][info][gc,stats    ]    Subphase: Concurrent References Process                 0.000 / 0.000         0.835 / 3.453         0.835 / 3.453         0.835 / 3.453       ms
[240.258s][info][gc,stats    ]    Subphase: Concurrent Roots ClassLoaderDataGraph         0.000 / 0.000         0.605 / 3.654         0.605 / 3.654         0.605 / 3.654       ms
[240.258s][info][gc,stats    ]    Subphase: Concurrent Roots CodeCache                    0.000 / 0.000         0.000 / 0.000         0.000 / 0.000         0.000 / 0.000       ms
[240.259s][info][gc,stats    ]    Subphase: Concurrent Roots JavaThreads                  0.000 / 0.000        10.896 / 58.041       10.896 / 58.041       10.896 / 58.041      ms
[240.259s][info][gc,stats    ]    Subphase: Concurrent Roots OopStorageSet                0.000 / 0.000         0.094 / 0.328         0.094 / 0.328         0.094 / 0.328       ms
[240.259s][info][gc,stats    ]    Subphase: Concurrent Weak Roots OopStorageSet           0.000 / 0.000         2.250 / 23.100        2.250 / 23.100        2.250 / 23.100      ms
[240.260s][info][gc,stats    ]    Subphase: Pause Mark Try Complete                       0.000 / 0.000         0.014 / 0.045         0.014 / 0.045         0.014 / 0.045       ms
[240.260s][info][gc,stats    ]      System: Java Threads                                      0 / 0                73 / 89               73 / 89               73 / 89          threads
[240.261s][info][gc,stats    ] =========================================================================================================================================================
[240.435s][info][gc,start    ] GC(18) Garbage Collection (Proactive)
[240.435s][info][gc,task     ] GC(18) Using 2 workers
[240.436s][info][gc,phases   ] GC(18) Pause Mark Start 0.007ms
[240.523s][info][gc,phases   ] GC(18) Concurrent Mark 85.555ms
[240.524s][info][gc,phases   ] GC(18) Pause Mark End 0.028ms
[240.525s][info][gc,phases   ] GC(18) Concurrent Mark Free 0.001ms
[240.534s][info][gc,phases   ] GC(18) Concurrent Process Non-Strong References 7.609ms
[240.534s][info][gc,phases   ] GC(18) Concurrent Reset Relocation Set 0.006ms
[240.537s][info][gc,phases   ] GC(18) Concurrent Select Relocation Set 1.809ms
[240.538s][info][gc,phases   ] GC(18) Pause Relocate Start 0.008ms
[240.540s][info][gc,phases   ] GC(18) Concurrent Relocate 1.669ms
[240.540s][info][gc,load     ] GC(18) Load: 2.62/5.19/4.44
[240.541s][info][gc,mmu      ] GC(18) MMU: 2ms/32.0%, 5ms/72.8%, 10ms/86.4%, 20ms/93.2%, 50ms/97.3%, 100ms/98.6%
[240.542s][info][gc,marking  ] GC(18) Mark: 2 stripe(s), 2 proactive flush(es), 1 terminate flush(es), 0 completion(s), 0 continuation(s) 
[240.542s][info][gc,marking  ] GC(18) Mark Stack Usage: 32M
[240.542s][info][gc,nmethod  ] GC(18) NMethods: 6555 registered, 948 unregistered
[240.543s][info][gc,metaspace] GC(18) Metaspace: 52M used, 53M committed, 1072M reserved
[240.544s][info][gc,ref      ] GC(18) Soft: 5016 encountered, 0 discovered, 0 enqueued
[240.544s][info][gc,ref      ] GC(18) Weak: 3151 encountered, 714 discovered, 0 enqueued
[240.545s][info][gc,ref      ] GC(18) Final: 85 encountered, 12 discovered, 2 enqueued
[240.545s][info][gc,ref      ] GC(18) Phantom: 486 encountered, 354 discovered, 0 enqueued
[240.546s][info][gc,reloc    ] GC(18) Small Pages: 129 / 258M, Empty: 44M, Relocated: 3M, In-Place: 0
[240.546s][info][gc,reloc    ] GC(18) Medium Pages: 1 / 32M, Empty: 0M, Relocated: 0M, In-Place: 0
[240.547s][info][gc,reloc    ] GC(18) Large Pages: 51 / 634M, Empty: 600M, Relocated: 0M, In-Place: 0
[240.547s][info][gc,reloc    ] GC(18) Forwarding Usage: 0M
[240.548s][info][gc,heap     ] GC(18) Min Capacity: 256M(6%)
[240.548s][info][gc,heap     ] GC(18) Max Capacity: 4096M(100%)
[240.549s][info][gc,heap     ] GC(18) Soft Max Capacity: 4096M(100%)
[240.549s][info][gc,heap     ] GC(18)                Mark Start          Mark End        Relocate Start      Relocate End           High               Low         
[240.549s][info][gc,heap     ] GC(18)  Capacity:     2438M (60%)        2438M (60%)        2438M (60%)        2438M (60%)        2438M (60%)        2438M (60%)    
[240.551s][info][gc,heap     ] GC(18)      Free:     3172M (77%)        3158M (77%)        3802M (93%)        3910M (95%)        3910M (95%)        3158M (77%)    
[240.551s][info][gc,heap     ] GC(18)      Used:      924M (23%)         938M (23%)         294M (7%)          186M (5%)          938M (23%)         186M (5%)     
[240.552s][info][gc,heap     ] GC(18)      Live:         -               128M (3%)          128M (3%)          128M (3%)             -                  -          
[240.553s][info][gc,heap     ] GC(18) Allocated:         -                14M (0%)           14M (0%)           14M (0%)             -                  -          
[240.553s][info][gc,heap     ] GC(18)   Garbage:         -               795M (19%)         151M (4%)           43M (1%)             -                  -          
[240.554s][info][gc,heap     ] GC(18) Reclaimed:         -                  -               644M (16%)         752M (18%)            -                  -          
[240.554s][info][gc          ] GC(18) Garbage Collection (Proactive) 924M(23%)->186M(5%)
[249.535s][info][gc,start    ] GC(19) Garbage Collection (Proactive)
[249.536s][info][gc,task     ] GC(19) Using 2 workers
[249.537s][info][gc,phases   ] GC(19) Pause Mark Start 0.006ms
[249.621s][info][gc,phases   ] GC(19) Concurrent Mark 83.537ms
[249.622s][info][gc,phases   ] GC(19) Pause Mark End 0.015ms
[249.623s][info][gc,phases   ] GC(19) Concurrent Mark Free 0.001ms
[249.631s][info][gc,phases   ] GC(19) Concurrent Process Non-Strong References 7.688ms
[249.632s][info][gc,phases   ] GC(19) Concurrent Reset Relocation Set 0.007ms
[249.634s][info][gc,phases   ] GC(19) Concurrent Select Relocation Set 1.740ms
[249.635s][info][gc,phases   ] GC(19) Pause Relocate Start 0.008ms
[249.638s][info][gc,phases   ] GC(19) Concurrent Relocate 1.792ms
[249.638s][info][gc,load     ] GC(19) Load: 2.21/5.02/4.40
[249.639s][info][gc,mmu      ] GC(19) MMU: 2ms/32.0%, 5ms/72.8%, 10ms/86.4%, 20ms/93.2%, 50ms/97.3%, 100ms/98.6%
[249.640s][info][gc,marking  ] GC(19) Mark: 2 stripe(s), 2 proactive flush(es), 1 terminate flush(es), 0 completion(s), 0 continuation(s) 
[249.640s][info][gc,marking  ] GC(19) Mark Stack Usage: 32M
[249.641s][info][gc,nmethod  ] GC(19) NMethods: 6558 registered, 955 unregistered
[249.642s][info][gc,metaspace] GC(19) Metaspace: 52M used, 53M committed, 1072M reserved
[249.642s][info][gc,ref      ] GC(19) Soft: 5016 encountered, 0 discovered, 0 enqueued
[249.643s][info][gc,ref      ] GC(19) Weak: 3136 encountered, 389 discovered, 0 enqueued
[249.644s][info][gc,ref      ] GC(19) Final: 85 encountered, 2 discovered, 2 enqueued
[249.644s][info][gc,ref      ] GC(19) Phantom: 482 encountered, 337 discovered, 0 enqueued
[249.645s][info][gc,reloc    ] GC(19) Small Pages: 124 / 248M, Empty: 44M, Relocated: 3M, In-Place: 0
[249.645s][info][gc,reloc    ] GC(19) Medium Pages: 1 / 32M, Empty: 0M, Relocated: 0M, In-Place: 0
[249.646s][info][gc,reloc    ] GC(19) Large Pages: 47 / 610M, Empty: 576M, Relocated: 0M, In-Place: 0
[249.646s][info][gc,reloc    ] GC(19) Forwarding Usage: 0M
[249.647s][info][gc,heap     ] GC(19) Min Capacity: 256M(6%)
[249.647s][info][gc,heap     ] GC(19) Max Capacity: 4096M(100%)
[249.648s][info][gc,heap     ] GC(19) Soft Max Capacity: 4096M(100%)
[249.649s][info][gc,heap     ] GC(19)                Mark Start          Mark End        Relocate Start      Relocate End           High               Low         
[249.649s][info][gc,heap     ] GC(19)  Capacity:     2438M (60%)        2438M (60%)        2438M (60%)        2438M (60%)        2438M (60%)        2438M (60%)    
[249.650s][info][gc,heap     ] GC(19)      Free:     3206M (78%)        3190M (78%)        3810M (93%)        3908M (95%)        3908M (95%)        3190M (78%)    
[249.650s][info][gc,heap     ] GC(19)      Used:      890M (22%)         906M (22%)         286M (7%)          188M (5%)          906M (22%)         188M (5%)     
[249.651s][info][gc,heap     ] GC(19)      Live:         -               128M (3%)          128M (3%)          128M (3%)             -                  -          
[249.652s][info][gc,heap     ] GC(19) Allocated:         -                16M (0%)           16M (0%)           15M (0%)             -                  -          
[249.653s][info][gc,heap     ] GC(19)   Garbage:         -               761M (19%)         141M (3%)           43M (1%)             -                  -          
[249.653s][info][gc,heap     ] GC(19) Reclaimed:         -                  -               620M (15%)         717M (18%)            -                  -          
[249.654s][info][gc          ] GC(19) Garbage Collection (Proactive) 890M(22%)->188M(5%)
[250.236s][info][gc,stats    ] === Garbage Collection Statistics =======================================================================================================================
[250.237s][info][gc,stats    ]                                                              Last 10s              Last 10m              Last 10h                Total
[250.237s][info][gc,stats    ]                                                              Avg / Max             Avg / Max             Avg / Max             Avg / Max
[250.238s][info][gc,stats    ]   Collector: Garbage Collection Cycle                    104.646 / 105.880     767.956 / 2596.852    767.956 / 2596.852    767.956 / 2596.852    ms
[250.238s][info][gc,stats    ]  Contention: Mark Segment Reset Contention                     0 / 0                 0 / 3                 0 / 3                 0 / 3           ops/s
[250.239s][info][gc,stats    ]  Contention: Mark SeqNum Reset Contention                      0 / 0                 0 / 0                 0 / 0                 0 / 0           ops/s
[250.240s][info][gc,stats    ]    Critical: Allocation Stall                                  0 / 0                 0 / 0                 0 / 0                 0 / 0           ops/s
[250.240s][info][gc,stats    ]    Critical: Allocation Stall                              0.000 / 0.000         0.000 / 0.000         0.000 / 0.000         0.000 / 0.000       ms
[250.241s][info][gc,stats    ]    Critical: GC Locker Stall                                   0 / 0                 0 / 1                 0 / 1                 0 / 1           ops/s
[250.241s][info][gc,stats    ]    Critical: GC Locker Stall                               0.000 / 0.000         7.441 / 17.194        7.441 / 17.194        7.441 / 17.194      ms
[250.242s][info][gc,stats    ]    Critical: Relocation Stall                                  0 / 0                 0 / 0                 0 / 0                 0 / 0           ops/s
[250.243s][info][gc,stats    ]    Critical: Relocation Stall                              0.000 / 0.000         0.000 / 0.000         0.000 / 0.000         0.000 / 0.000       ms
[250.243s][info][gc,stats    ]      Memory: Allocation Rate                                  74 / 502              67 / 524              67 / 524              67 / 524         MB/s
[250.244s][info][gc,stats    ]      Memory: Out Of Memory                                     0 / 0                 0 / 0                 0 / 0                 0 / 0           ops/s
[250.244s][info][gc,stats    ]      Memory: Page Cache Flush                                  0 / 0                 0 / 0                 0 / 0                 0 / 0           MB/s
[250.245s][info][gc,stats    ]      Memory: Page Cache Hit L1                                13 / 44               12 / 116              12 / 116              12 / 116         ops/s
[250.245s][info][gc,stats    ]      Memory: Page Cache Hit L2                                 0 / 0                 0 / 0                 0 / 0                 0 / 0           ops/s
[250.246s][info][gc,stats    ]      Memory: Page Cache Hit L3                                 0 / 0                 0 / 36                0 / 36                0 / 36          ops/s
[250.247s][info][gc,stats    ]      Memory: Page Cache Miss                                   0 / 0                 2 / 78                2 / 78                2 / 78          ops/s
[250.247s][info][gc,stats    ]      Memory: Uncommit                                          0 / 0                 0 / 0                 0 / 0                 0 / 0           MB/s
[250.248s][info][gc,stats    ]      Memory: Undo Object Allocation Failed                     0 / 0                 0 / 0                 0 / 0                 0 / 0           ops/s
[250.248s][info][gc,stats    ]      Memory: Undo Object Allocation Succeeded                  0 / 0                 0 / 2                 0 / 2                 0 / 2           ops/s
[250.249s][info][gc,stats    ]      Memory: Undo Page Allocation                              0 / 0                 0 / 22                0 / 22                0 / 22          ops/s
[250.249s][info][gc,stats    ]       Phase: Concurrent Mark                              84.546 / 85.555      601.441 / 2280.063    601.441 / 2280.063    601.441 / 2280.063    ms
[250.250s][info][gc,stats    ]       Phase: Concurrent Mark Continue                      0.000 / 0.000         0.000 / 0.000         0.000 / 0.000         0.000 / 0.000       ms
[250.250s][info][gc,stats    ]       Phase: Concurrent Mark Free                          0.001 / 0.001         0.004 / 0.023         0.004 / 0.023         0.004 / 0.023       ms
[250.251s][info][gc,stats    ]       Phase: Concurrent Process Non-Strong References      7.648 / 7.688        39.617 / 112.511      39.617 / 112.511      39.617 / 112.511     ms
[250.252s][info][gc,stats    ]       Phase: Concurrent Relocate                           1.731 / 1.792        73.695 / 730.247      73.695 / 730.247      73.695 / 730.247     ms
[250.252s][info][gc,stats    ]       Phase: Concurrent Reset Relocation Set               0.007 / 0.007         0.027 / 0.167         0.027 / 0.167         0.027 / 0.167       ms
[250.253s][info][gc,stats    ]       Phase: Concurrent Select Relocation Set              1.775 / 1.809        17.472 / 208.028      17.472 / 208.028      17.472 / 208.028     ms
[250.253s][info][gc,stats    ]       Phase: Pause Mark End                                0.022 / 0.028         0.121 / 1.361         0.121 / 1.361         0.121 / 1.361       ms
[250.254s][info][gc,stats    ]       Phase: Pause Mark Start                              0.007 / 0.007         0.024 / 0.193         0.024 / 0.193         0.024 / 0.193       ms
[250.254s][info][gc,stats    ]       Phase: Pause Relocate Start                          0.008 / 0.008         0.019 / 0.130         0.019 / 0.130         0.019 / 0.130       ms
[250.255s][info][gc,stats    ]    Subphase: Concurrent Classes Purge                      0.327 / 0.393         2.447 / 18.950        2.447 / 18.950        2.447 / 18.950      ms
[250.255s][info][gc,stats    ]    Subphase: Concurrent Classes Unlink                     6.071 / 6.072        25.102 / 79.562       25.102 / 79.562       25.102 / 79.562      ms
[250.256s][info][gc,stats    ]    Subphase: Concurrent Mark                              82.126 / 83.780      583.340 / 2270.263    583.340 / 2270.263    583.340 / 2270.263    ms
[250.257s][info][gc,stats    ]    Subphase: Concurrent Mark Try Flush                     0.215 / 0.306         5.766 / 98.444        5.766 / 98.444        5.766 / 98.444      ms
[250.257s][info][gc,stats    ]    Subphase: Concurrent Mark Try Terminate                 0.592 / 1.376         2.732 / 33.926        2.732 / 33.926        2.732 / 33.926      ms
[250.257s][info][gc,stats    ]    Subphase: Concurrent References Enqueue                 0.029 / 0.029         0.033 / 0.133         0.033 / 0.133         0.033 / 0.133       ms
[250.258s][info][gc,stats    ]    Subphase: Concurrent References Process                 0.224 / 0.236         0.773 / 3.453         0.773 / 3.453         0.773 / 3.453       ms
[250.258s][info][gc,stats    ]    Subphase: Concurrent Roots ClassLoaderDataGraph         0.169 / 0.364         0.555 / 3.654         0.555 / 3.654         0.555 / 3.654       ms
[250.259s][info][gc,stats    ]    Subphase: Concurrent Roots CodeCache                    0.000 / 0.000         0.000 / 0.000         0.000 / 0.000         0.000 / 0.000       ms
[250.260s][info][gc,stats    ]    Subphase: Concurrent Roots JavaThreads                  1.193 / 1.380         9.925 / 58.041        9.925 / 58.041        9.925 / 58.041      ms
[250.261s][info][gc,stats    ]    Subphase: Concurrent Roots OopStorageSet                0.038 / 0.051         0.089 / 0.328         0.089 / 0.328         0.089 / 0.328       ms
[250.261s][info][gc,stats    ]    Subphase: Concurrent Weak Roots OopStorageSet           0.712 / 0.788         2.097 / 23.100        2.097 / 23.100        2.097 / 23.100      ms
[250.262s][info][gc,stats    ]    Subphase: Pause Mark Try Complete                       0.000 / 0.000         0.014 / 0.045         0.014 / 0.045         0.014 / 0.045       ms
[250.262s][info][gc,stats    ]      System: Java Threads                                     74 / 74               73 / 89               73 / 89               73 / 89          threads
[250.263s][info][gc,stats    ] =========================================================================================================================================================
[260.236s][info][gc,stats    ] === Garbage Collection Statistics =======================================================================================================================
[260.237s][info][gc,stats    ]                                                              Last 10s              Last 10m              Last 10h                Total
[260.238s][info][gc,stats    ]                                                              Avg / Max             Avg / Max             Avg / Max             Avg / Max
[260.239s][info][gc,stats    ]   Collector: Garbage Collection Cycle                      0.000 / 0.000       767.956 / 2596.852    767.956 / 2596.852    767.956 / 2596.852    ms
[260.239s][info][gc,stats    ]  Contention: Mark Segment Reset Contention                     0 / 0                 0 / 3                 0 / 3                 0 / 3           ops/s
[260.240s][info][gc,stats    ]  Contention: Mark SeqNum Reset Contention                      0 / 0                 0 / 0                 0 / 0                 0 / 0           ops/s
[260.241s][info][gc,stats    ]    Critical: Allocation Stall                                  0 / 0                 0 / 0                 0 / 0                 0 / 0           ops/s
[260.241s][info][gc,stats    ]    Critical: Allocation Stall                              0.000 / 0.000         0.000 / 0.000         0.000 / 0.000         0.000 / 0.000       ms
[260.242s][info][gc,stats    ]    Critical: GC Locker Stall                                   0 / 0                 0 / 1                 0 / 1                 0 / 1           ops/s
[260.243s][info][gc,stats    ]    Critical: GC Locker Stall                               0.000 / 0.000         7.441 / 17.194        7.441 / 17.194        7.441 / 17.194      ms
[260.243s][info][gc,stats    ]    Critical: Relocation Stall                                  0 / 0                 0 / 0                 0 / 0                 0 / 0           ops/s
[260.244s][info][gc,stats    ]    Critical: Relocation Stall                              0.000 / 0.000         0.000 / 0.000         0.000 / 0.000         0.000 / 0.000       ms
[260.244s][info][gc,stats    ]      Memory: Allocation Rate                                  27 / 38               65 / 524              65 / 524              65 / 524         MB/s
[260.245s][info][gc,stats    ]      Memory: Out Of Memory                                     0 / 0                 0 / 0                 0 / 0                 0 / 0           ops/s
[260.245s][info][gc,stats    ]      Memory: Page Cache Flush                                  0 / 0                 0 / 0                 0 / 0                 0 / 0           MB/s
[260.246s][info][gc,stats    ]      Memory: Page Cache Hit L1                                 9 / 15               12 / 116              12 / 116              12 / 116         ops/s
[260.247s][info][gc,stats    ]      Memory: Page Cache Hit L2                                 0 / 0                 0 / 0                 0 / 0                 0 / 0           ops/s
[260.247s][info][gc,stats    ]      Memory: Page Cache Hit L3                                 0 / 0                 0 / 36                0 / 36                0 / 36          ops/s
[260.248s][info][gc,stats    ]      Memory: Page Cache Miss                                   0 / 0                 1 / 78                1 / 78                1 / 78          ops/s
[260.249s][info][gc,stats    ]      Memory: Uncommit                                          0 / 0                 0 / 0                 0 / 0                 0 / 0           MB/s
[260.249s][info][gc,stats    ]      Memory: Undo Object Allocation Failed                     0 / 0                 0 / 0                 0 / 0                 0 / 0           ops/s
[260.250s][info][gc,stats    ]      Memory: Undo Object Allocation Succeeded                  0 / 0                 0 / 2                 0 / 2                 0 / 2           ops/s
[260.250s][info][gc,stats    ]      Memory: Undo Page Allocation                              0 / 0                 0 / 22                0 / 22                0 / 22          ops/s
[260.251s][info][gc,stats    ]       Phase: Concurrent Mark                               0.000 / 0.000       601.441 / 2280.063    601.441 / 2280.063    601.441 / 2280.063    ms
[260.251s][info][gc,stats    ]       Phase: Concurrent Mark Continue                      0.000 / 0.000         0.000 / 0.000         0.000 / 0.000         0.000 / 0.000       ms
[260.251s][info][gc,stats    ]       Phase: Concurrent Mark Free                          0.000 / 0.000         0.004 / 0.023         0.004 / 0.023         0.004 / 0.023       ms
[260.252s][info][gc,stats    ]       Phase: Concurrent Process Non-Strong References      0.000 / 0.000        39.617 / 112.511      39.617 / 112.511      39.617 / 112.511     ms
[260.252s][info][gc,stats    ]       Phase: Concurrent Relocate                           0.000 / 0.000        73.695 / 730.247      73.695 / 730.247      73.695 / 730.247     ms
[260.253s][info][gc,stats    ]       Phase: Concurrent Reset Relocation Set               0.000 / 0.000         0.027 / 0.167         0.027 / 0.167         0.027 / 0.167       ms
[260.253s][info][gc,stats    ]       Phase: Concurrent Select Relocation Set              0.000 / 0.000        17.472 / 208.028      17.472 / 208.028      17.472 / 208.028     ms
[260.254s][info][gc,stats    ]       Phase: Pause Mark End                                0.000 / 0.000         0.121 / 1.361         0.121 / 1.361         0.121 / 1.361       ms
[260.255s][info][gc,stats    ]       Phase: Pause Mark Start                              0.000 / 0.000         0.024 / 0.193         0.024 / 0.193         0.024 / 0.193       ms
[260.255s][info][gc,stats    ]       Phase: Pause Relocate Start                          0.000 / 0.000         0.019 / 0.130         0.019 / 0.130         0.019 / 0.130       ms
[260.255s][info][gc,stats    ]    Subphase: Concurrent Classes Purge                      0.000 / 0.000         2.447 / 18.950        2.447 / 18.950        2.447 / 18.950      ms
[260.256s][info][gc,stats    ]    Subphase: Concurrent Classes Unlink                     0.000 / 0.000        25.102 / 79.562       25.102 / 79.562       25.102 / 79.562      ms
[260.257s][info][gc,stats    ]    Subphase: Concurrent Mark                               0.000 / 0.000       583.340 / 2270.263    583.340 / 2270.263    583.340 / 2270.263    ms
[260.257s][info][gc,stats    ]    Subphase: Concurrent Mark Try Flush                     0.000 / 0.000         5.766 / 98.444        5.766 / 98.444        5.766 / 98.444      ms
[260.258s][info][gc,stats    ]    Subphase: Concurrent Mark Try Terminate                 0.000 / 0.000         2.732 / 33.926        2.732 / 33.926        2.732 / 33.926      ms
[260.258s][info][gc,stats    ]    Subphase: Concurrent References Enqueue                 0.000 / 0.000         0.033 / 0.133         0.033 / 0.133         0.033 / 0.133       ms
[260.259s][info][gc,stats    ]    Subphase: Concurrent References Process                 0.000 / 0.000         0.773 / 3.453         0.773 / 3.453         0.773 / 3.453       ms
[260.260s][info][gc,stats    ]    Subphase: Concurrent Roots ClassLoaderDataGraph         0.000 / 0.000         0.555 / 3.654         0.555 / 3.654         0.555 / 3.654       ms
[260.260s][info][gc,stats    ]    Subphase: Concurrent Roots CodeCache                    0.000 / 0.000         0.000 / 0.000         0.000 / 0.000         0.000 / 0.000       ms
[260.261s][info][gc,stats    ]    Subphase: Concurrent Roots JavaThreads                  0.000 / 0.000         9.925 / 58.041        9.925 / 58.041        9.925 / 58.041      ms
[260.261s][info][gc,stats    ]    Subphase: Concurrent Roots OopStorageSet                0.000 / 0.000         0.089 / 0.328         0.089 / 0.328         0.089 / 0.328       ms
[260.262s][info][gc,stats    ]    Subphase: Concurrent Weak Roots OopStorageSet           0.000 / 0.000         2.097 / 23.100        2.097 / 23.100        2.097 / 23.100      ms
[260.263s][info][gc,stats    ]    Subphase: Pause Mark Try Complete                       0.000 / 0.000         0.014 / 0.045         0.014 / 0.045         0.014 / 0.045       ms
[260.264s][info][gc,stats    ]      System: Java Threads                                      0 / 0                73 / 89               73 / 89               73 / 89          threads
[260.264s][info][gc,stats    ] =========================================================================================================================================================
[260.434s][info][gc,start    ] GC(20) Garbage Collection (Proactive)
[260.435s][info][gc,task     ] GC(20) Using 2 workers
[260.437s][info][gc,phases   ] GC(20) Pause Mark Start 0.009ms
[260.540s][info][gc,phases   ] GC(20) Concurrent Mark 102.467ms
[260.542s][info][gc,phases   ] GC(20) Pause Mark End 0.012ms
[260.542s][info][gc,phases   ] GC(20) Concurrent Mark Free 0.001ms
[260.553s][info][gc,phases   ] GC(20) Concurrent Process Non-Strong References 10.423ms
[260.554s][info][gc,phases   ] GC(20) Concurrent Reset Relocation Set 0.009ms
[260.557s][info][gc,phases   ] GC(20) Concurrent Select Relocation Set 2.146ms
[260.558s][info][gc,phases   ] GC(20) Pause Relocate Start 0.012ms
[260.562s][info][gc,phases   ] GC(20) Concurrent Relocate 2.895ms
[260.562s][info][gc,load     ] GC(20) Load: 1.87/4.85/4.35
[260.563s][info][gc,mmu      ] GC(20) MMU: 2ms/32.0%, 5ms/72.8%, 10ms/86.4%, 20ms/93.2%, 50ms/97.3%, 100ms/98.6%
[260.564s][info][gc,marking  ] GC(20) Mark: 2 stripe(s), 2 proactive flush(es), 1 terminate flush(es), 0 completion(s), 0 continuation(s) 
[260.565s][info][gc,marking  ] GC(20) Mark Stack Usage: 32M
[260.565s][info][gc,nmethod  ] GC(20) NMethods: 6575 registered, 955 unregistered
[260.566s][info][gc,metaspace] GC(20) Metaspace: 52M used, 53M committed, 1072M reserved
[260.567s][info][gc,ref      ] GC(20) Soft: 5016 encountered, 0 discovered, 0 enqueued
[260.567s][info][gc,ref      ] GC(20) Weak: 3151 encountered, 179 discovered, 0 enqueued
[260.568s][info][gc,ref      ] GC(20) Final: 85 encountered, 2 discovered, 2 enqueued
[260.569s][info][gc,ref      ] GC(20) Phantom: 482 encountered, 350 discovered, 0 enqueued
[260.569s][info][gc,reloc    ] GC(20) Small Pages: 139 / 278M, Empty: 56M, Relocated: 3M, In-Place: 0
[260.570s][info][gc,reloc    ] GC(20) Medium Pages: 1 / 32M, Empty: 0M, Relocated: 0M, In-Place: 0
[260.571s][info][gc,reloc    ] GC(20) Large Pages: 51 / 634M, Empty: 600M, Relocated: 0M, In-Place: 0
[260.571s][info][gc,reloc    ] GC(20) Forwarding Usage: 0M
[260.572s][info][gc,heap     ] GC(20) Min Capacity: 256M(6%)
[260.573s][info][gc,heap     ] GC(20) Max Capacity: 4096M(100%)
[260.574s][info][gc,heap     ] GC(20) Soft Max Capacity: 4096M(100%)
[260.574s][info][gc,heap     ] GC(20)                Mark Start          Mark End        Relocate Start      Relocate End           High               Low         
[260.575s][info][gc,heap     ] GC(20)  Capacity:     2438M (60%)        2438M (60%)        2438M (60%)        2438M (60%)        2438M (60%)        2438M (60%)    
[260.576s][info][gc,heap     ] GC(20)      Free:     3152M (77%)        3136M (77%)        3792M (93%)        3908M (95%)        3908M (95%)        3136M (77%)    
[260.577s][info][gc,heap     ] GC(20)      Used:      944M (23%)         960M (23%)         304M (7%)          188M (5%)          960M (23%)         188M (5%)     
[260.577s][info][gc,heap     ] GC(20)      Live:         -               128M (3%)          128M (3%)          128M (3%)             -                  -          
[260.578s][info][gc,heap     ] GC(20) Allocated:         -                16M (0%)           16M (0%)           17M (0%)             -                  -          
[260.579s][info][gc,heap     ] GC(20)   Garbage:         -               815M (20%)         159M (4%)           41M (1%)             -                  -          
[260.580s][info][gc,heap     ] GC(20) Reclaimed:         -                  -               656M (16%)         773M (19%)            -                  -          
[260.580s][info][gc          ] GC(20) Garbage Collection (Proactive) 944M(23%)->188M(5%)
[270.236s][info][gc,stats    ] === Garbage Collection Statistics =======================================================================================================================
[270.237s][info][gc,stats    ]                                                              Last 10s              Last 10m              Last 10h                Total
[270.237s][info][gc,stats    ]                                                              Avg / Max             Avg / Max             Avg / Max             Avg / Max
[270.238s][info][gc,stats    ]   Collector: Garbage Collection Cycle                    128.044 / 128.044     737.484 / 2596.852    737.484 / 2596.852    737.484 / 2596.852    ms
[270.239s][info][gc,stats    ]  Contention: Mark Segment Reset Contention                     0 / 0                 0 / 3                 0 / 3                 0 / 3           ops/s
[270.239s][info][gc,stats    ]  Contention: Mark SeqNum Reset Contention                      0 / 0                 0 / 0                 0 / 0                 0 / 0           ops/s
[270.240s][info][gc,stats    ]    Critical: Allocation Stall                                  0 / 0                 0 / 0                 0 / 0                 0 / 0           ops/s
[270.240s][info][gc,stats    ]    Critical: Allocation Stall                              0.000 / 0.000         0.000 / 0.000         0.000 / 0.000         0.000 / 0.000       ms
[270.241s][info][gc,stats    ]    Critical: GC Locker Stall                                   0 / 0                 0 / 1                 0 / 1                 0 / 1           ops/s
[270.241s][info][gc,stats    ]    Critical: GC Locker Stall                               0.000 / 0.000         7.441 / 17.194        7.441 / 17.194        7.441 / 17.194      ms
[270.242s][info][gc,stats    ]    Critical: Relocation Stall                                  0 / 0                 0 / 0                 0 / 0                 0 / 0           ops/s
[270.242s][info][gc,stats    ]    Critical: Relocation Stall                              0.000 / 0.000         0.000 / 0.000         0.000 / 0.000         0.000 / 0.000       ms
[270.243s][info][gc,stats    ]      Memory: Allocation Rate                                  74 / 506              66 / 524              66 / 524              66 / 524         MB/s
[270.243s][info][gc,stats    ]      Memory: Out Of Memory                                     0 / 0                 0 / 0                 0 / 0                 0 / 0           ops/s
[270.244s][info][gc,stats    ]      Memory: Page Cache Flush                                  0 / 0                 0 / 0                 0 / 0                 0 / 0           MB/s
[270.244s][info][gc,stats    ]      Memory: Page Cache Hit L1                                12 / 45               12 / 116              12 / 116              12 / 116         ops/s
[270.245s][info][gc,stats    ]      Memory: Page Cache Hit L2                                 0 / 0                 0 / 0                 0 / 0                 0 / 0           ops/s
[270.245s][info][gc,stats    ]      Memory: Page Cache Hit L3                                 0 / 0                 0 / 36                0 / 36                0 / 36          ops/s
[270.247s][info][gc,stats    ]      Memory: Page Cache Miss                                   0 / 0                 1 / 78                1 / 78                1 / 78          ops/s
[270.247s][info][gc,stats    ]      Memory: Uncommit                                          0 / 0                 0 / 0                 0 / 0                 0 / 0           MB/s
[270.247s][info][gc,stats    ]      Memory: Undo Object Allocation Failed                     0 / 0                 0 / 0                 0 / 0                 0 / 0           ops/s
[270.248s][info][gc,stats    ]      Memory: Undo Object Allocation Succeeded                  0 / 0                 0 / 2                 0 / 2                 0 / 2           ops/s
[270.248s][info][gc,stats    ]      Memory: Undo Page Allocation                              0 / 0                 0 / 22                0 / 22                0 / 22          ops/s
[270.249s][info][gc,stats    ]       Phase: Concurrent Mark                             102.467 / 102.467     577.681 / 2280.063    577.681 / 2280.063    577.681 / 2280.063    ms
[270.251s][info][gc,stats    ]       Phase: Concurrent Mark Continue                      0.000 / 0.000         0.000 / 0.000         0.000 / 0.000         0.000 / 0.000       ms
[270.252s][info][gc,stats    ]       Phase: Concurrent Mark Free                          0.001 / 0.001         0.004 / 0.023         0.004 / 0.023         0.004 / 0.023       ms
[270.252s][info][gc,stats    ]       Phase: Concurrent Process Non-Strong References     10.423 / 10.423       38.227 / 112.511      38.227 / 112.511      38.227 / 112.511     ms
[270.253s][info][gc,stats    ]       Phase: Concurrent Relocate                           2.895 / 2.895        70.323 / 730.247      70.323 / 730.247      70.323 / 730.247     ms
[270.253s][info][gc,stats    ]       Phase: Concurrent Reset Relocation Set               0.009 / 0.009         0.026 / 0.167         0.026 / 0.167         0.026 / 0.167       ms
[270.254s][info][gc,stats    ]       Phase: Concurrent Select Relocation Set              2.146 / 2.146        16.742 / 208.028      16.742 / 208.028      16.742 / 208.028     ms
[270.254s][info][gc,stats    ]       Phase: Pause Mark End                                0.012 / 0.012         0.116 / 1.361         0.116 / 1.361         0.116 / 1.361       ms
[270.255s][info][gc,stats    ]       Phase: Pause Mark Start                              0.009 / 0.009         0.023 / 0.193         0.023 / 0.193         0.023 / 0.193       ms
[270.255s][info][gc,stats    ]       Phase: Pause Relocate Start                          0.012 / 0.012         0.018 / 0.130         0.018 / 0.130         0.018 / 0.130       ms
[270.255s][info][gc,stats    ]    Subphase: Concurrent Classes Purge                      0.673 / 0.673         2.363 / 18.950        2.363 / 18.950        2.363 / 18.950      ms
[270.256s][info][gc,stats    ]    Subphase: Concurrent Classes Unlink                     8.288 / 8.288        24.301 / 79.562       24.301 / 79.562       24.301 / 79.562      ms
[270.256s][info][gc,stats    ]    Subphase: Concurrent Mark                              98.354 / 98.505      560.245 / 2270.263    560.245 / 2270.263    560.245 / 2270.263    ms
[270.257s][info][gc,stats    ]    Subphase: Concurrent Mark Try Flush                     0.283 / 0.387         5.509 / 98.444        5.509 / 98.444        5.509 / 98.444      ms
[270.257s][info][gc,stats    ]    Subphase: Concurrent Mark Try Terminate                 0.478 / 1.161         2.709 / 33.926        2.709 / 33.926        2.709 / 33.926      ms
[270.258s][info][gc,stats    ]    Subphase: Concurrent References Enqueue                 0.034 / 0.034         0.033 / 0.133         0.033 / 0.133         0.033 / 0.133       ms
[270.258s][info][gc,stats    ]    Subphase: Concurrent References Process                 0.260 / 0.260         0.749 / 3.453         0.749 / 3.453         0.749 / 3.453       ms
[270.259s][info][gc,stats    ]    Subphase: Concurrent Roots ClassLoaderDataGraph         0.247 / 0.469         0.538 / 3.654         0.538 / 3.654         0.538 / 3.654       ms
[270.260s][info][gc,stats    ]    Subphase: Concurrent Roots CodeCache                    0.000 / 0.000         0.000 / 0.000         0.000 / 0.000         0.000 / 0.000       ms
[270.260s][info][gc,stats    ]    Subphase: Concurrent Roots JavaThreads                  3.161 / 3.429         9.603 / 58.041        9.603 / 58.041        9.603 / 58.041      ms
[270.261s][info][gc,stats    ]    Subphase: Concurrent Roots OopStorageSet                0.068 / 0.068         0.088 / 0.328         0.088 / 0.328         0.088 / 0.328       ms
[270.262s][info][gc,stats    ]    Subphase: Concurrent Weak Roots OopStorageSet           0.873 / 0.897         2.038 / 23.100        2.038 / 23.100        2.038 / 23.100      ms
[270.262s][info][gc,stats    ]    Subphase: Pause Mark Try Complete                       0.000 / 0.000         0.014 / 0.045         0.014 / 0.045         0.014 / 0.045       ms
[270.263s][info][gc,stats    ]      System: Java Threads                                     74 / 74               73 / 89               73 / 89               73 / 89          threads
[270.263s][info][gc,stats    ] =========================================================================================================================================================
[271.435s][info][gc,start    ] GC(21) Garbage Collection (Proactive)
[271.436s][info][gc,task     ] GC(21) Using 2 workers
[271.437s][info][gc,phases   ] GC(21) Pause Mark Start 0.017ms
[271.541s][info][gc,phases   ] GC(21) Concurrent Mark 102.779ms
[271.542s][info][gc,phases   ] GC(21) Pause Mark End 0.045ms
[271.543s][info][gc,phases   ] GC(21) Concurrent Mark Free 0.001ms
[271.553s][info][gc,phases   ] GC(21) Concurrent Process Non-Strong References 10.060ms
[271.554s][info][gc,phases   ] GC(21) Concurrent Reset Relocation Set 0.032ms
[271.557s][info][gc,phases   ] GC(21) Concurrent Select Relocation Set 1.926ms
[271.557s][info][gc,phases   ] GC(21) Pause Relocate Start 0.009ms
[271.562s][info][gc,phases   ] GC(21) Concurrent Relocate 3.670ms
[271.563s][info][gc,load     ] GC(21) Load: 1.66/4.71/4.31
[271.563s][info][gc,mmu      ] GC(21) MMU: 2ms/32.0%, 5ms/72.8%, 10ms/86.4%, 20ms/93.2%, 50ms/97.3%, 100ms/98.6%
[271.564s][info][gc,marking  ] GC(21) Mark: 2 stripe(s), 2 proactive flush(es), 1 terminate flush(es), 0 completion(s), 0 continuation(s) 
[271.565s][info][gc,marking  ] GC(21) Mark Stack Usage: 32M
[271.565s][info][gc,nmethod  ] GC(21) NMethods: 6584 registered, 955 unregistered
[271.566s][info][gc,metaspace] GC(21) Metaspace: 52M used, 53M committed, 1072M reserved
[271.567s][info][gc,ref      ] GC(21) Soft: 5016 encountered, 0 discovered, 0 enqueued
[271.568s][info][gc,ref      ] GC(21) Weak: 3151 encountered, 145 discovered, 0 enqueued
[271.568s][info][gc,ref      ] GC(21) Final: 85 encountered, 2 discovered, 2 enqueued
[271.569s][info][gc,ref      ] GC(21) Phantom: 480 encountered, 288 discovered, 0 enqueued
[271.570s][info][gc,reloc    ] GC(21) Small Pages: 132 / 264M, Empty: 44M, Relocated: 5M, In-Place: 0
[271.570s][info][gc,reloc    ] GC(21) Medium Pages: 1 / 32M, Empty: 0M, Relocated: 0M, In-Place: 0
[271.571s][info][gc,reloc    ] GC(21) Large Pages: 49 / 622M, Empty: 588M, Relocated: 0M, In-Place: 0
[271.572s][info][gc,reloc    ] GC(21) Forwarding Usage: 1M
[271.572s][info][gc,heap     ] GC(21) Min Capacity: 256M(6%)
[271.573s][info][gc,heap     ] GC(21) Max Capacity: 4096M(100%)
[271.573s][info][gc,heap     ] GC(21) Soft Max Capacity: 4096M(100%)
[271.574s][info][gc,heap     ] GC(21)                Mark Start          Mark End        Relocate Start      Relocate End           High               Low         
[271.575s][info][gc,heap     ] GC(21)  Capacity:     2438M (60%)        2438M (60%)        2438M (60%)        2438M (60%)        2438M (60%)        2438M (60%)    
[271.575s][info][gc,heap     ] GC(21)      Free:     3178M (78%)        3152M (77%)        3784M (92%)        3898M (95%)        3898M (95%)        3152M (77%)    
[271.576s][info][gc,heap     ] GC(21)      Used:      918M (22%)         944M (23%)         312M (8%)          198M (5%)          944M (23%)         198M (5%)     
[271.577s][info][gc,heap     ] GC(21)      Live:         -               129M (3%)          129M (3%)          129M (3%)             -                  -          
[271.577s][info][gc,heap     ] GC(21) Allocated:         -                26M (1%)           26M (1%)           27M (1%)             -                  -          
[271.578s][info][gc,heap     ] GC(21)   Garbage:         -               788M (19%)         156M (4%)           40M (1%)             -                  -          
[271.578s][info][gc,heap     ] GC(21) Reclaimed:         -                  -               632M (15%)         747M (18%)            -                  -          
[271.579s][info][gc          ] GC(21) Garbage Collection (Proactive) 918M(22%)->198M(5%)
[280.235s][info][gc,stats    ] === Garbage Collection Statistics =======================================================================================================================
[280.236s][info][gc,stats    ]                                                              Last 10s              Last 10m              Last 10h                Total
[280.237s][info][gc,stats    ]                                                              Avg / Max             Avg / Max             Avg / Max             Avg / Max
[280.237s][info][gc,stats    ]   Collector: Garbage Collection Cycle                    127.591 / 127.591     709.762 / 2596.852    709.762 / 2596.852    709.762 / 2596.852    ms
[280.238s][info][gc,stats    ]  Contention: Mark Segment Reset Contention                     0 / 0                 0 / 3                 0 / 3                 0 / 3           ops/s
[280.238s][info][gc,stats    ]  Contention: Mark SeqNum Reset Contention                      0 / 0                 0 / 0                 0 / 0                 0 / 0           ops/s
[280.239s][info][gc,stats    ]    Critical: Allocation Stall                                  0 / 0                 0 / 0                 0 / 0                 0 / 0           ops/s
[280.239s][info][gc,stats    ]    Critical: Allocation Stall                              0.000 / 0.000         0.000 / 0.000         0.000 / 0.000         0.000 / 0.000       ms
[280.240s][info][gc,stats    ]    Critical: GC Locker Stall                                   0 / 0                 0 / 1                 0 / 1                 0 / 1           ops/s
[280.240s][info][gc,stats    ]    Critical: GC Locker Stall                               0.000 / 0.000         7.441 / 17.194        7.441 / 17.194        7.441 / 17.194      ms
[280.241s][info][gc,stats    ]    Critical: Relocation Stall                                  0 / 0                 0 / 0                 0 / 0                 0 / 0           ops/s
[280.242s][info][gc,stats    ]    Critical: Relocation Stall                              0.000 / 0.000         0.000 / 0.000         0.000 / 0.000         0.000 / 0.000       ms
[280.242s][info][gc,stats    ]      Memory: Allocation Rate                                  73 / 522              66 / 524              66 / 524              66 / 524         MB/s
[280.243s][info][gc,stats    ]      Memory: Out Of Memory                                     0 / 0                 0 / 0                 0 / 0                 0 / 0           ops/s
[280.243s][info][gc,stats    ]      Memory: Page Cache Flush                                  0 / 0                 0 / 0                 0 / 0                 0 / 0           MB/s
[280.244s][info][gc,stats    ]      Memory: Page Cache Hit L1                                12 / 54               12 / 116              12 / 116              12 / 116         ops/s
[280.244s][info][gc,stats    ]      Memory: Page Cache Hit L2                                 0 / 0                 0 / 0                 0 / 0                 0 / 0           ops/s
[280.245s][info][gc,stats    ]      Memory: Page Cache Hit L3                                 0 / 0                 0 / 36                0 / 36                0 / 36          ops/s
[280.246s][info][gc,stats    ]      Memory: Page Cache Miss                                   0 / 0                 1 / 78                1 / 78                1 / 78          ops/s
[280.246s][info][gc,stats    ]      Memory: Uncommit                                          0 / 0                 0 / 0                 0 / 0                 0 / 0           MB/s
[280.247s][info][gc,stats    ]      Memory: Undo Object Allocation Failed                     0 / 0                 0 / 0                 0 / 0                 0 / 0           ops/s
[280.247s][info][gc,stats    ]      Memory: Undo Object Allocation Succeeded                  0 / 0                 0 / 2                 0 / 2                 0 / 2           ops/s
[280.248s][info][gc,stats    ]      Memory: Undo Page Allocation                              0 / 0                 0 / 22                0 / 22                0 / 22          ops/s
[280.248s][info][gc,stats    ]       Phase: Concurrent Mark                             102.779 / 102.779     556.094 / 2280.063    556.094 / 2280.063    556.094 / 2280.063    ms
[280.249s][info][gc,stats    ]       Phase: Concurrent Mark Continue                      0.000 / 0.000         0.000 / 0.000         0.000 / 0.000         0.000 / 0.000       ms
[280.249s][info][gc,stats    ]       Phase: Concurrent Mark Free                          0.001 / 0.001         0.004 / 0.023         0.004 / 0.023         0.004 / 0.023       ms
[280.249s][info][gc,stats    ]       Phase: Concurrent Process Non-Strong References     10.060 / 10.060       36.946 / 112.511      36.946 / 112.511      36.946 / 112.511     ms
[280.250s][info][gc,stats    ]       Phase: Concurrent Relocate                           3.670 / 3.670        67.293 / 730.247      67.293 / 730.247      67.293 / 730.247     ms
[280.251s][info][gc,stats    ]       Phase: Concurrent Reset Relocation Set               0.032 / 0.032         0.026 / 0.167         0.026 / 0.167         0.026 / 0.167       ms
[280.251s][info][gc,stats    ]       Phase: Concurrent Select Relocation Set              1.926 / 1.926        16.069 / 208.028      16.069 / 208.028      16.069 / 208.028     ms
[280.252s][info][gc,stats    ]       Phase: Pause Mark End                                0.045 / 0.045         0.112 / 1.361         0.112 / 1.361         0.112 / 1.361       ms
[280.252s][info][gc,stats    ]       Phase: Pause Mark Start                              0.017 / 0.017         0.023 / 0.193         0.023 / 0.193         0.023 / 0.193       ms
[280.253s][info][gc,stats    ]       Phase: Pause Relocate Start                          0.009 / 0.009         0.018 / 0.130         0.018 / 0.130         0.018 / 0.130       ms
[280.253s][info][gc,stats    ]    Subphase: Concurrent Classes Purge                      0.489 / 0.489         2.278 / 18.950        2.278 / 18.950        2.278 / 18.950      ms
[280.253s][info][gc,stats    ]    Subphase: Concurrent Classes Unlink                     8.094 / 8.094        23.565 / 79.562       23.565 / 79.562       23.565 / 79.562      ms
[280.254s][info][gc,stats    ]    Subphase: Concurrent Mark                             100.169 / 100.306     539.332 / 2270.263    539.332 / 2270.263    539.332 / 2270.263    ms
[280.254s][info][gc,stats    ]    Subphase: Concurrent Mark Try Flush                     0.270 / 0.393         5.275 / 98.444        5.275 / 98.444        5.275 / 98.444      ms
[280.255s][info][gc,stats    ]    Subphase: Concurrent Mark Try Terminate                 0.460 / 1.157         2.685 / 33.926        2.685 / 33.926        2.685 / 33.926      ms
[280.255s][info][gc,stats    ]    Subphase: Concurrent References Enqueue                 0.007 / 0.007         0.032 / 0.133         0.032 / 0.133         0.032 / 0.133       ms
[280.256s][info][gc,stats    ]    Subphase: Concurrent References Process                 0.222 / 0.222         0.725 / 3.453         0.725 / 3.453         0.725 / 3.453       ms
[280.256s][info][gc,stats    ]    Subphase: Concurrent Roots ClassLoaderDataGraph         0.214 / 0.399         0.522 / 3.654         0.522 / 3.654         0.522 / 3.654       ms
[280.257s][info][gc,stats    ]    Subphase: Concurrent Roots CodeCache                    0.000 / 0.000         0.000 / 0.000         0.000 / 0.000         0.000 / 0.000       ms
[280.258s][info][gc,stats    ]    Subphase: Concurrent Roots JavaThreads                  1.549 / 1.807         9.237 / 58.041        9.237 / 58.041        9.237 / 58.041      ms
[280.259s][info][gc,stats    ]    Subphase: Concurrent Roots OopStorageSet                0.041 / 0.053         0.085 / 0.328         0.085 / 0.328         0.085 / 0.328       ms
[280.259s][info][gc,stats    ]    Subphase: Concurrent Weak Roots OopStorageSet           1.033 / 1.047         1.993 / 23.100        1.993 / 23.100        1.993 / 23.100      ms
[280.259s][info][gc,stats    ]    Subphase: Pause Mark Try Complete                       0.000 / 0.000         0.014 / 0.045         0.014 / 0.045         0.014 / 0.045       ms
[280.260s][info][gc,stats    ]      System: Java Threads                                     74 / 74               73 / 89               73 / 89               73 / 89          threads
[280.260s][info][gc,stats    ] =========================================================================================================================================================
[282.435s][info][gc,start    ] GC(22) Garbage Collection (Proactive)
[282.436s][info][gc,task     ] GC(22) Using 2 workers
[282.437s][info][gc,phases   ] GC(22) Pause Mark Start 0.007ms
[282.533s][info][gc,phases   ] GC(22) Concurrent Mark 95.756ms
[282.534s][info][gc,phases   ] GC(22) Pause Mark End 0.017ms
[282.535s][info][gc,phases   ] GC(22) Concurrent Mark Free 0.001ms
[282.546s][info][gc,phases   ] GC(22) Concurrent Process Non-Strong References 10.797ms
[282.547s][info][gc,phases   ] GC(22) Concurrent Reset Relocation Set 0.010ms
[282.550s][info][gc,phases   ] GC(22) Concurrent Select Relocation Set 1.689ms
[282.551s][info][gc,phases   ] GC(22) Pause Relocate Start 0.009ms
[282.555s][info][gc,phases   ] GC(22) Concurrent Relocate 3.065ms
[282.556s][info][gc,load     ] GC(22) Load: 1.44/4.51/4.25
[282.556s][info][gc,mmu      ] GC(22) MMU: 2ms/32.0%, 5ms/72.8%, 10ms/86.4%, 20ms/93.2%, 50ms/97.3%, 100ms/98.6%
[282.557s][info][gc,marking  ] GC(22) Mark: 2 stripe(s), 2 proactive flush(es), 1 terminate flush(es), 0 completion(s), 0 continuation(s) 
[282.558s][info][gc,marking  ] GC(22) Mark Stack Usage: 32M
[282.558s][info][gc,nmethod  ] GC(22) NMethods: 6604 registered, 955 unregistered
[282.559s][info][gc,metaspace] GC(22) Metaspace: 52M used, 53M committed, 1072M reserved
[282.560s][info][gc,ref      ] GC(22) Soft: 5016 encountered, 0 discovered, 0 enqueued
[282.560s][info][gc,ref      ] GC(22) Weak: 3151 encountered, 1241 discovered, 0 enqueued
[282.561s][info][gc,ref      ] GC(22) Final: 85 encountered, 31 discovered, 2 enqueued
[282.562s][info][gc,ref      ] GC(22) Phantom: 480 encountered, 290 discovered, 0 enqueued
[282.563s][info][gc,reloc    ] GC(22) Small Pages: 140 / 280M, Empty: 58M, Relocated: 4M, In-Place: 0
[282.563s][info][gc,reloc    ] GC(22) Medium Pages: 1 / 32M, Empty: 0M, Relocated: 0M, In-Place: 0
[282.564s][info][gc,reloc    ] GC(22) Large Pages: 51 / 634M, Empty: 600M, Relocated: 0M, In-Place: 0
[282.565s][info][gc,reloc    ] GC(22) Forwarding Usage: 1M
[282.565s][info][gc,heap     ] GC(22) Min Capacity: 256M(6%)
[282.566s][info][gc,heap     ] GC(22) Max Capacity: 4096M(100%)
[282.566s][info][gc,heap     ] GC(22) Soft Max Capacity: 4096M(100%)
[282.567s][info][gc,heap     ] GC(22)                Mark Start          Mark End        Relocate Start      Relocate End           High               Low         
[282.567s][info][gc,heap     ] GC(22)  Capacity:     2438M (60%)        2438M (60%)        2438M (60%)        2438M (60%)        2438M (60%)        2438M (60%)    
[282.568s][info][gc,heap     ] GC(22)      Free:     3150M (77%)        3134M (77%)        3792M (93%)        3908M (95%)        3908M (95%)        3134M (77%)    
[282.570s][info][gc,heap     ] GC(22)      Used:      946M (23%)         962M (23%)         304M (7%)          188M (5%)          962M (23%)         188M (5%)     
[282.570s][info][gc,heap     ] GC(22)      Live:         -               128M (3%)          128M (3%)          128M (3%)             -                  -          
[282.571s][info][gc,heap     ] GC(22) Allocated:         -                16M (0%)           16M (0%)           15M (0%)             -                  -          
[282.571s][info][gc,heap     ] GC(22)   Garbage:         -               817M (20%)         159M (4%)           43M (1%)             -                  -          
[282.572s][info][gc,heap     ] GC(22) Reclaimed:         -                  -               658M (16%)         773M (19%)            -                  -          
[282.572s][info][gc          ] GC(22) Garbage Collection (Proactive) 946M(23%)->188M(5%)
[290.236s][info][gc,stats    ] === Garbage Collection Statistics =======================================================================================================================
[290.237s][info][gc,stats    ]                                                              Last 10s              Last 10m              Last 10h                Total
[290.237s][info][gc,stats    ]                                                              Avg / Max             Avg / Max             Avg / Max             Avg / Max
[290.238s][info][gc,stats    ]   Collector: Garbage Collection Cycle                    120.721 / 120.721     684.152 / 2596.852    684.152 / 2596.852    684.152 / 2596.852    ms
[290.238s][info][gc,stats    ]  Contention: Mark Segment Reset Contention                     0 / 0                 0 / 3                 0 / 3                 0 / 3           ops/s
[290.239s][info][gc,stats    ]  Contention: Mark SeqNum Reset Contention                      0 / 0                 0 / 0                 0 / 0                 0 / 0           ops/s
[290.240s][info][gc,stats    ]    Critical: Allocation Stall                                  0 / 0                 0 / 0                 0 / 0                 0 / 0           ops/s
[290.240s][info][gc,stats    ]    Critical: Allocation Stall                              0.000 / 0.000         0.000 / 0.000         0.000 / 0.000         0.000 / 0.000       ms
[290.241s][info][gc,stats    ]    Critical: GC Locker Stall                                   0 / 0                 0 / 1                 0 / 1                 0 / 1           ops/s
[290.241s][info][gc,stats    ]    Critical: GC Locker Stall                               0.000 / 0.000         7.441 / 17.194        7.441 / 17.194        7.441 / 17.194      ms
[290.242s][info][gc,stats    ]    Critical: Relocation Stall                                  0 / 0                 0 / 0                 0 / 0                 0 / 0           ops/s
[290.242s][info][gc,stats    ]    Critical: Relocation Stall                              0.000 / 0.000         0.000 / 0.000         0.000 / 0.000         0.000 / 0.000       ms
[290.243s][info][gc,stats    ]      Memory: Allocation Rate                                  76 / 506              66 / 524              66 / 524              66 / 524         MB/s
[290.244s][info][gc,stats    ]      Memory: Out Of Memory                                     0 / 0                 0 / 0                 0 / 0                 0 / 0           ops/s
[290.244s][info][gc,stats    ]      Memory: Page Cache Flush                                  0 / 0                 0 / 0                 0 / 0                 0 / 0           MB/s
[290.245s][info][gc,stats    ]      Memory: Page Cache Hit L1                                13 / 47               12 / 116              12 / 116              12 / 116         ops/s
[290.245s][info][gc,stats    ]      Memory: Page Cache Hit L2                                 0 / 0                 0 / 0                 0 / 0                 0 / 0           ops/s
[290.246s][info][gc,stats    ]      Memory: Page Cache Hit L3                                 0 / 0                 0 / 36                0 / 36                0 / 36          ops/s
[290.247s][info][gc,stats    ]      Memory: Page Cache Miss                                   0 / 0                 1 / 78                1 / 78                1 / 78          ops/s
[290.248s][info][gc,stats    ]      Memory: Uncommit                                          0 / 0                 0 / 0                 0 / 0                 0 / 0           MB/s
[290.248s][info][gc,stats    ]      Memory: Undo Object Allocation Failed                     0 / 0                 0 / 0                 0 / 0                 0 / 0           ops/s
[290.249s][info][gc,stats    ]      Memory: Undo Object Allocation Succeeded                  0 / 0                 0 / 2                 0 / 2                 0 / 2           ops/s
[290.249s][info][gc,stats    ]      Memory: Undo Page Allocation                              0 / 0                 0 / 22                0 / 22                0 / 22          ops/s
[290.249s][info][gc,stats    ]       Phase: Concurrent Mark                              95.756 / 95.756      536.079 / 2280.063    536.079 / 2280.063    536.079 / 2280.063    ms
[290.250s][info][gc,stats    ]       Phase: Concurrent Mark Continue                      0.000 / 0.000         0.000 / 0.000         0.000 / 0.000         0.000 / 0.000       ms
[290.251s][info][gc,stats    ]       Phase: Concurrent Mark Free                          0.001 / 0.001         0.004 / 0.023         0.004 / 0.023         0.004 / 0.023       ms
[290.251s][info][gc,stats    ]       Phase: Concurrent Process Non-Strong References     10.797 / 10.797       35.809 / 112.511      35.809 / 112.511      35.809 / 112.511     ms
[290.252s][info][gc,stats    ]       Phase: Concurrent Relocate                           3.065 / 3.065        64.501 / 730.247      64.501 / 730.247      64.501 / 730.247     ms
[290.252s][info][gc,stats    ]       Phase: Concurrent Reset Relocation Set               0.010 / 0.010         0.025 / 0.167         0.025 / 0.167         0.025 / 0.167       ms
[290.253s][info][gc,stats    ]       Phase: Concurrent Select Relocation Set              1.689 / 1.689        15.443 / 208.028      15.443 / 208.028      15.443 / 208.028     ms
[290.253s][info][gc,stats    ]       Phase: Pause Mark End                                0.017 / 0.017         0.108 / 1.361         0.108 / 1.361         0.108 / 1.361       ms
[290.254s][info][gc,stats    ]       Phase: Pause Mark Start                              0.007 / 0.007         0.022 / 0.193         0.022 / 0.193         0.022 / 0.193       ms
[290.254s][info][gc,stats    ]       Phase: Pause Relocate Start                          0.009 / 0.009         0.018 / 0.130         0.018 / 0.130         0.018 / 0.130       ms
[290.255s][info][gc,stats    ]    Subphase: Concurrent Classes Purge                      0.610 / 0.610         2.205 / 18.950        2.205 / 18.950        2.205 / 18.950      ms
[290.255s][info][gc,stats    ]    Subphase: Concurrent Classes Unlink                     8.268 / 8.268        22.900 / 79.562       22.900 / 79.562       22.900 / 79.562      ms
[290.256s][info][gc,stats    ]    Subphase: Concurrent Mark                              93.868 / 94.247      519.964 / 2270.263    519.964 / 2270.263    519.964 / 2270.263    ms
[290.256s][info][gc,stats    ]    Subphase: Concurrent Mark Try Flush                     0.248 / 0.568         5.059 / 98.444        5.059 / 98.444        5.059 / 98.444      ms
[290.257s][info][gc,stats    ]    Subphase: Concurrent Mark Try Terminate                 0.397 / 1.041         2.661 / 33.926        2.661 / 33.926        2.661 / 33.926      ms
[290.257s][info][gc,stats    ]    Subphase: Concurrent References Enqueue                 0.005 / 0.005         0.031 / 0.133         0.031 / 0.133         0.031 / 0.133       ms
[290.258s][info][gc,stats    ]    Subphase: Concurrent References Process                 0.608 / 0.608         0.720 / 3.453         0.720 / 3.453         0.720 / 3.453       ms
[290.258s][info][gc,stats    ]    Subphase: Concurrent Roots ClassLoaderDataGraph         0.137 / 0.253         0.503 / 3.654         0.503 / 3.654         0.503 / 3.654       ms
[290.259s][info][gc,stats    ]    Subphase: Concurrent Roots CodeCache                    0.000 / 0.000         0.000 / 0.000         0.000 / 0.000         0.000 / 0.000       ms
[290.260s][info][gc,stats    ]    Subphase: Concurrent Roots JavaThreads                  1.011 / 1.145         8.879 / 58.041        8.879 / 58.041        8.879 / 58.041      ms
[290.260s][info][gc,stats    ]    Subphase: Concurrent Roots OopStorageSet                0.050 / 0.050         0.084 / 0.328         0.084 / 0.328         0.084 / 0.328       ms
[290.261s][info][gc,stats    ]    Subphase: Concurrent Weak Roots OopStorageSet           0.664 / 0.676         1.935 / 23.100        1.935 / 23.100        1.935 / 23.100      ms
[290.262s][info][gc,stats    ]    Subphase: Pause Mark Try Complete                       0.000 / 0.000         0.014 / 0.045         0.014 / 0.045         0.014 / 0.045       ms
[290.262s][info][gc,stats    ]      System: Java Threads                                     74 / 74               73 / 89               73 / 89               73 / 89          threads
[290.262s][info][gc,stats    ] =========================================================================================================================================================
[293.436s][info][gc,start    ] GC(23) Garbage Collection (Proactive)
[293.436s][info][gc,task     ] GC(23) Using 2 workers
[293.437s][info][gc,phases   ] GC(23) Pause Mark Start 0.006ms
[293.525s][info][gc,phases   ] GC(23) Concurrent Mark 86.521ms
[293.525s][info][gc,phases   ] GC(23) Pause Mark End 0.013ms
[293.526s][info][gc,phases   ] GC(23) Concurrent Mark Free 0.001ms
[293.536s][info][gc,phases   ] GC(23) Concurrent Process Non-Strong References 8.785ms
[293.536s][info][gc,phases   ] GC(23) Concurrent Reset Relocation Set 0.008ms
[293.539s][info][gc,phases   ] GC(23) Concurrent Select Relocation Set 2.210ms
[293.540s][info][gc,phases   ] GC(23) Pause Relocate Start 0.007ms
[293.544s][info][gc,phases   ] GC(23) Concurrent Relocate 2.788ms
[293.544s][info][gc,load     ] GC(23) Load: 1.29/4.38/4.21
[293.545s][info][gc,mmu      ] GC(23) MMU: 2ms/32.0%, 5ms/72.8%, 10ms/86.4%, 20ms/93.2%, 50ms/97.3%, 100ms/98.6%
[293.546s][info][gc,marking  ] GC(23) Mark: 2 stripe(s), 2 proactive flush(es), 1 terminate flush(es), 0 completion(s), 0 continuation(s) 
[293.546s][info][gc,marking  ] GC(23) Mark Stack Usage: 32M
[293.547s][info][gc,nmethod  ] GC(23) NMethods: 6725 registered, 955 unregistered
[293.547s][info][gc,metaspace] GC(23) Metaspace: 52M used, 53M committed, 1072M reserved
[293.548s][info][gc,ref      ] GC(23) Soft: 5020 encountered, 0 discovered, 0 enqueued
[293.548s][info][gc,ref      ] GC(23) Weak: 3197 encountered, 137 discovered, 5 enqueued
[293.549s][info][gc,ref      ] GC(23) Final: 85 encountered, 2 discovered, 2 enqueued
[293.549s][info][gc,ref      ] GC(23) Phantom: 504 encountered, 299 discovered, 7 enqueued
[293.550s][info][gc,reloc    ] GC(23) Small Pages: 141 / 282M, Empty: 60M, Relocated: 4M, In-Place: 0
[293.551s][info][gc,reloc    ] GC(23) Medium Pages: 1 / 32M, Empty: 0M, Relocated: 0M, In-Place: 0
[293.551s][info][gc,reloc    ] GC(23) Large Pages: 51 / 634M, Empty: 600M, Relocated: 0M, In-Place: 0
[293.551s][info][gc,reloc    ] GC(23) Forwarding Usage: 1M
[293.552s][info][gc,heap     ] GC(23) Min Capacity: 256M(6%)
[293.552s][info][gc,heap     ] GC(23) Max Capacity: 4096M(100%)
[293.553s][info][gc,heap     ] GC(23) Soft Max Capacity: 4096M(100%)
[293.554s][info][gc,heap     ] GC(23)                Mark Start          Mark End        Relocate Start      Relocate End           High               Low         
[293.554s][info][gc,heap     ] GC(23)  Capacity:     2438M (60%)        2438M (60%)        2438M (60%)        2438M (60%)        2438M (60%)        2438M (60%)    
[293.554s][info][gc,heap     ] GC(23)      Free:     3148M (77%)        3130M (76%)        3790M (93%)        3908M (95%)        3908M (95%)        3130M (76%)    
[293.555s][info][gc,heap     ] GC(23)      Used:      948M (23%)         966M (24%)         306M (7%)          188M (5%)          966M (24%)         188M (5%)     
[293.556s][info][gc,heap     ] GC(23)      Live:         -               129M (3%)          129M (3%)          129M (3%)             -                  -          
[293.557s][info][gc,heap     ] GC(23) Allocated:         -                18M (0%)           18M (0%)           17M (0%)             -                  -          
[293.557s][info][gc,heap     ] GC(23)   Garbage:         -               818M (20%)         158M (4%)           40M (1%)             -                  -          
[293.558s][info][gc,heap     ] GC(23) Reclaimed:         -                  -               660M (16%)         777M (19%)            -                  -          
[293.558s][info][gc          ] GC(23) Garbage Collection (Proactive) 948M(23%)->188M(5%)
[300.235s][info][gc,stats    ] === Garbage Collection Statistics =======================================================================================================================
[300.238s][info][gc,stats    ]                                                              Last 10s              Last 10m              Last 10h                Total
[300.239s][info][gc,stats    ]                                                              Avg / Max             Avg / Max             Avg / Max             Avg / Max
[300.239s][info][gc,stats    ]   Collector: Garbage Collection Cycle                    108.778 / 108.778     660.178 / 2596.852    660.178 / 2596.852    660.178 / 2596.852    ms
[300.240s][info][gc,stats    ]  Contention: Mark Segment Reset Contention                     0 / 0                 0 / 3                 0 / 3                 0 / 3           ops/s
[300.241s][info][gc,stats    ]  Contention: Mark SeqNum Reset Contention                      0 / 0                 0 / 0                 0 / 0                 0 / 0           ops/s
[300.243s][info][gc,stats    ]    Critical: Allocation Stall                                  0 / 0                 0 / 0                 0 / 0                 0 / 0           ops/s
[300.244s][info][gc,stats    ]    Critical: Allocation Stall                              0.000 / 0.000         0.000 / 0.000         0.000 / 0.000         0.000 / 0.000       ms
[300.245s][info][gc,stats    ]    Critical: GC Locker Stall                                   0 / 0                 0 / 1                 0 / 1                 0 / 1           ops/s
[300.247s][info][gc,stats    ]    Critical: GC Locker Stall                               0.000 / 0.000         7.441 / 17.194        7.441 / 17.194        7.441 / 17.194      ms
[300.248s][info][gc,stats    ]    Critical: Relocation Stall                                  0 / 0                 0 / 0                 0 / 0                 0 / 0           ops/s
[300.249s][info][gc,stats    ]    Critical: Relocation Stall                              0.000 / 0.000         0.000 / 0.000         0.000 / 0.000         0.000 / 0.000       ms
[300.249s][info][gc,stats    ]      Memory: Allocation Rate                                  73 / 502              66 / 524              66 / 524              66 / 524         MB/s
[300.251s][info][gc,stats    ]      Memory: Out Of Memory                                     0 / 0                 0 / 0                 0 / 0                 0 / 0           ops/s
[300.252s][info][gc,stats    ]      Memory: Page Cache Flush                                  0 / 0                 0 / 0                 0 / 0                 0 / 0           MB/s
[300.253s][info][gc,stats    ]      Memory: Page Cache Hit L1                                12 / 44               12 / 116              12 / 116              12 / 116         ops/s
[300.253s][info][gc,stats    ]      Memory: Page Cache Hit L2                                 0 / 0                 0 / 0                 0 / 0                 0 / 0           ops/s
[300.254s][info][gc,stats    ]      Memory: Page Cache Hit L3                                 0 / 0                 0 / 36                0 / 36                0 / 36          ops/s
[300.257s][info][gc,stats    ]      Memory: Page Cache Miss                                   0 / 0                 1 / 78                1 / 78                1 / 78          ops/s
[300.258s][info][gc,stats    ]      Memory: Uncommit                                          0 / 0                 0 / 0                 0 / 0                 0 / 0           MB/s
[300.259s][info][gc,stats    ]      Memory: Undo Object Allocation Failed                     0 / 0                 0 / 0                 0 / 0                 0 / 0           ops/s
[300.260s][info][gc,stats    ]      Memory: Undo Object Allocation Succeeded                  0 / 0                 0 / 2                 0 / 2                 0 / 2           ops/s
[300.262s][info][gc,stats    ]      Memory: Undo Page Allocation                              0 / 0                 0 / 22                0 / 22                0 / 22          ops/s
[300.263s][info][gc,stats    ]       Phase: Concurrent Mark                              86.521 / 86.521      517.348 / 2280.063    517.348 / 2280.063    517.348 / 2280.063    ms
[300.264s][info][gc,stats    ]       Phase: Concurrent Mark Continue                      0.000 / 0.000         0.000 / 0.000         0.000 / 0.000         0.000 / 0.000       ms
[300.265s][info][gc,stats    ]       Phase: Concurrent Mark Free                          0.001 / 0.001         0.004 / 0.023         0.004 / 0.023         0.004 / 0.023       ms
[300.266s][info][gc,stats    ]       Phase: Concurrent Process Non-Strong References      8.785 / 8.785        34.683 / 112.511      34.683 / 112.511      34.683 / 112.511     ms
[300.267s][info][gc,stats    ]       Phase: Concurrent Relocate                           2.788 / 2.788        61.930 / 730.247      61.930 / 730.247      61.930 / 730.247     ms
[300.268s][info][gc,stats    ]       Phase: Concurrent Reset Relocation Set               0.008 / 0.008         0.025 / 0.167         0.025 / 0.167         0.025 / 0.167       ms
[300.269s][info][gc,stats    ]       Phase: Concurrent Select Relocation Set              2.210 / 2.210        14.892 / 208.028      14.892 / 208.028      14.892 / 208.028     ms
[300.270s][info][gc,stats    ]       Phase: Pause Mark End                                0.013 / 0.013         0.104 / 1.361         0.104 / 1.361         0.104 / 1.361       ms
[300.271s][info][gc,stats    ]       Phase: Pause Mark Start                              0.006 / 0.006         0.022 / 0.193         0.022 / 0.193         0.022 / 0.193       ms
[300.273s][info][gc,stats    ]       Phase: Pause Relocate Start                          0.007 / 0.007         0.017 / 0.130         0.017 / 0.130         0.017 / 0.130       ms
[300.274s][info][gc,stats    ]    Subphase: Concurrent Classes Purge                      0.349 / 0.349         2.128 / 18.950        2.128 / 18.950        2.128 / 18.950      ms
[300.276s][info][gc,stats    ]    Subphase: Concurrent Classes Unlink                     7.041 / 7.041        22.239 / 79.562       22.239 / 79.562       22.239 / 79.562      ms
[300.277s][info][gc,stats    ]    Subphase: Concurrent Mark                              84.208 / 84.262      501.808 / 2270.263    501.808 / 2270.263    501.808 / 2270.263    ms
[300.278s][info][gc,stats    ]    Subphase: Concurrent Mark Try Flush                     0.258 / 0.303         4.862 / 98.444        4.862 / 98.444        4.862 / 98.444      ms
[300.280s][info][gc,stats    ]    Subphase: Concurrent Mark Try Terminate                 0.431 / 1.112         2.638 / 33.926        2.638 / 33.926        2.638 / 33.926      ms
[300.281s][info][gc,stats    ]    Subphase: Concurrent References Enqueue                 0.003 / 0.003         0.030 / 0.133         0.030 / 0.133         0.030 / 0.133       ms
[300.283s][info][gc,stats    ]    Subphase: Concurrent References Process                 0.322 / 0.322         0.703 / 3.453         0.703 / 3.453         0.703 / 3.453       ms
[300.284s][info][gc,stats    ]    Subphase: Concurrent Roots ClassLoaderDataGraph         0.160 / 0.254         0.487 / 3.654         0.487 / 3.654         0.487 / 3.654       ms
[300.288s][info][gc,stats    ]    Subphase: Concurrent Roots CodeCache                    0.000 / 0.000         0.000 / 0.000         0.000 / 0.000         0.000 / 0.000       ms
[300.290s][info][gc,stats    ]    Subphase: Concurrent Roots JavaThreads                  1.671 / 1.750         8.579 / 58.041        8.579 / 58.041        8.579 / 58.041      ms
[300.291s][info][gc,stats    ]    Subphase: Concurrent Roots OopStorageSet                0.036 / 0.036         0.082 / 0.328         0.082 / 0.328         0.082 / 0.328       ms
[300.292s][info][gc,stats    ]    Subphase: Concurrent Weak Roots OopStorageSet           0.746 / 0.763         1.885 / 23.100        1.885 / 23.100        1.885 / 23.100      ms
[300.294s][info][gc,stats    ]    Subphase: Pause Mark Try Complete                       0.000 / 0.000         0.014 / 0.045         0.014 / 0.045         0.014 / 0.045       ms
[300.295s][info][gc,stats    ]      System: Java Threads                                     83 / 83               74 / 89               74 / 89               74 / 89          threads
[300.296s][info][gc,stats    ] =========================================================================================================================================================
[304.435s][info][gc,start    ] GC(24) Garbage Collection (Proactive)
[304.436s][info][gc,task     ] GC(24) Using 2 workers
[304.437s][info][gc,phases   ] GC(24) Pause Mark Start 0.025ms
[304.574s][info][gc,phases   ] GC(24) Concurrent Mark 135.391ms
[304.576s][info][gc,phases   ] GC(24) Pause Mark End 0.026ms
[304.577s][info][gc,phases   ] GC(24) Concurrent Mark Free 0.002ms
[304.591s][info][gc,phases   ] GC(24) Concurrent Process Non-Strong References 12.724ms
[304.593s][info][gc,phases   ] GC(24) Concurrent Reset Relocation Set 0.010ms
[304.595s][info][gc,phases   ] GC(24) Concurrent Select Relocation Set 2.032ms
[304.597s][info][gc,phases   ] GC(24) Pause Relocate Start 0.009ms
[304.601s][info][gc,phases   ] GC(24) Concurrent Relocate 2.959ms
[304.601s][info][gc,load     ] GC(24) Load: 1.17/4.25/4.17
[304.602s][info][gc,mmu      ] GC(24) MMU: 2ms/32.0%, 5ms/72.8%, 10ms/86.4%, 20ms/93.2%, 50ms/97.3%, 100ms/98.6%
[304.603s][info][gc,marking  ] GC(24) Mark: 2 stripe(s), 2 proactive flush(es), 1 terminate flush(es), 0 completion(s), 0 continuation(s) 
[304.604s][info][gc,marking  ] GC(24) Mark Stack Usage: 32M
[304.605s][info][gc,nmethod  ] GC(24) NMethods: 6768 registered, 955 unregistered
[304.606s][info][gc,metaspace] GC(24) Metaspace: 52M used, 53M committed, 1072M reserved
[304.607s][info][gc,ref      ] GC(24) Soft: 5020 encountered, 0 discovered, 0 enqueued
[304.608s][info][gc,ref      ] GC(24) Weak: 3192 encountered, 658 discovered, 0 enqueued
[304.609s][info][gc,ref      ] GC(24) Final: 85 encountered, 2 discovered, 2 enqueued
[304.610s][info][gc,ref      ] GC(24) Phantom: 497 encountered, 338 discovered, 0 enqueued
[304.611s][info][gc,reloc    ] GC(24) Small Pages: 131 / 262M, Empty: 42M, Relocated: 5M, In-Place: 0
[304.612s][info][gc,reloc    ] GC(24) Medium Pages: 1 / 32M, Empty: 0M, Relocated: 0M, In-Place: 0
[304.612s][info][gc,reloc    ] GC(24) Large Pages: 51 / 634M, Empty: 600M, Relocated: 0M, In-Place: 0
[304.613s][info][gc,reloc    ] GC(24) Forwarding Usage: 1M
[304.614s][info][gc,heap     ] GC(24) Min Capacity: 256M(6%)
[304.615s][info][gc,heap     ] GC(24) Max Capacity: 4096M(100%)
[304.616s][info][gc,heap     ] GC(24) Soft Max Capacity: 4096M(100%)
[304.617s][info][gc,heap     ] GC(24)                Mark Start          Mark End        Relocate Start      Relocate End           High               Low         
[304.618s][info][gc,heap     ] GC(24)  Capacity:     2438M (60%)        2438M (60%)        2438M (60%)        2438M (60%)        2438M (60%)        2438M (60%)    
[304.618s][info][gc,heap     ] GC(24)      Free:     3168M (77%)        3152M (77%)        3794M (93%)        3908M (95%)        3908M (95%)        3152M (77%)    
[304.619s][info][gc,heap     ] GC(24)      Used:      928M (23%)         944M (23%)         302M (7%)          188M (5%)          944M (23%)         188M (5%)     
[304.621s][info][gc,heap     ] GC(24)      Live:         -               128M (3%)          128M (3%)          128M (3%)             -                  -          
[304.622s][info][gc,heap     ] GC(24) Allocated:         -                16M (0%)           16M (0%)           16M (0%)             -                  -          
[304.623s][info][gc,heap     ] GC(24)   Garbage:         -               799M (20%)         157M (4%)           43M (1%)             -                  -          
[304.624s][info][gc,heap     ] GC(24) Reclaimed:         -                  -               642M (16%)         756M (18%)            -                  -          
[304.625s][info][gc          ] GC(24) Garbage Collection (Proactive) 928M(23%)->188M(5%)
[310.236s][info][gc,stats    ] === Garbage Collection Statistics =======================================================================================================================
[310.237s][info][gc,stats    ]                                                              Last 10s              Last 10m              Last 10h                Total
[310.237s][info][gc,stats    ]                                                              Avg / Max             Avg / Max             Avg / Max             Avg / Max
[310.238s][info][gc,stats    ]   Collector: Garbage Collection Cycle                    166.322 / 166.322     640.423 / 2596.852    640.423 / 2596.852    640.423 / 2596.852    ms
[310.239s][info][gc,stats    ]  Contention: Mark Segment Reset Contention                     0 / 0                 0 / 3                 0 / 3                 0 / 3           ops/s
[310.239s][info][gc,stats    ]  Contention: Mark SeqNum Reset Contention                      0 / 0                 0 / 0                 0 / 0                 0 / 0           ops/s
[310.240s][info][gc,stats    ]    Critical: Allocation Stall                                  0 / 0                 0 / 0                 0 / 0                 0 / 0           ops/s
[310.240s][info][gc,stats    ]    Critical: Allocation Stall                              0.000 / 0.000         0.000 / 0.000         0.000 / 0.000         0.000 / 0.000       ms
[310.241s][info][gc,stats    ]    Critical: GC Locker Stall                                   0 / 0                 0 / 1                 0 / 1                 0 / 1           ops/s
[310.242s][info][gc,stats    ]    Critical: GC Locker Stall                               0.000 / 0.000         7.441 / 17.194        7.441 / 17.194        7.441 / 17.194      ms
[310.242s][info][gc,stats    ]    Critical: Relocation Stall                                  0 / 0                 0 / 0                 0 / 0                 0 / 0           ops/s
[310.243s][info][gc,stats    ]    Critical: Relocation Stall                              0.000 / 0.000         0.000 / 0.000         0.000 / 0.000         0.000 / 0.000       ms
[310.243s][info][gc,stats    ]      Memory: Allocation Rate                                  73 / 518              67 / 524              67 / 524              67 / 524         MB/s
[310.244s][info][gc,stats    ]      Memory: Out Of Memory                                     0 / 0                 0 / 0                 0 / 0                 0 / 0           ops/s
[310.245s][info][gc,stats    ]      Memory: Page Cache Flush                                  0 / 0                 0 / 0                 0 / 0                 0 / 0           MB/s
[310.245s][info][gc,stats    ]      Memory: Page Cache Hit L1                                12 / 53               12 / 116              12 / 116              12 / 116         ops/s
[310.246s][info][gc,stats    ]      Memory: Page Cache Hit L2                                 0 / 0                 0 / 0                 0 / 0                 0 / 0           ops/s
[310.247s][info][gc,stats    ]      Memory: Page Cache Hit L3                                 0 / 0                 0 / 36                0 / 36                0 / 36          ops/s
[310.248s][info][gc,stats    ]      Memory: Page Cache Miss                                   0 / 0                 1 / 78                1 / 78                1 / 78          ops/s
[310.249s][info][gc,stats    ]      Memory: Uncommit                                          0 / 0                 0 / 0                 0 / 0                 0 / 0           MB/s
[310.250s][info][gc,stats    ]      Memory: Undo Object Allocation Failed                     0 / 0                 0 / 0                 0 / 0                 0 / 0           ops/s
[310.250s][info][gc,stats    ]      Memory: Undo Object Allocation Succeeded                  0 / 0                 0 / 2                 0 / 2                 0 / 2           ops/s
[310.251s][info][gc,stats    ]      Memory: Undo Page Allocation                              0 / 0                 0 / 22                0 / 22                0 / 22          ops/s
[310.251s][info][gc,stats    ]       Phase: Concurrent Mark                             135.391 / 135.391     502.069 / 2280.063    502.069 / 2280.063    502.069 / 2280.063    ms
[310.252s][info][gc,stats    ]       Phase: Concurrent Mark Continue                      0.000 / 0.000         0.000 / 0.000         0.000 / 0.000         0.000 / 0.000       ms
[310.253s][info][gc,stats    ]       Phase: Concurrent Mark Free                          0.002 / 0.002         0.004 / 0.023         0.004 / 0.023         0.004 / 0.023       ms
[310.253s][info][gc,stats    ]       Phase: Concurrent Process Non-Strong References     12.724 / 12.724       33.805 / 112.511      33.805 / 112.511      33.805 / 112.511     ms
[310.254s][info][gc,stats    ]       Phase: Concurrent Relocate                           2.959 / 2.959        59.571 / 730.247      59.571 / 730.247      59.571 / 730.247     ms
[310.255s][info][gc,stats    ]       Phase: Concurrent Reset Relocation Set               0.010 / 0.010         0.024 / 0.167         0.024 / 0.167         0.024 / 0.167       ms
[310.255s][info][gc,stats    ]       Phase: Concurrent Select Relocation Set              2.032 / 2.032        14.378 / 208.028      14.378 / 208.028      14.378 / 208.028     ms
[310.256s][info][gc,stats    ]       Phase: Pause Mark End                                0.026 / 0.026         0.101 / 1.361         0.101 / 1.361         0.101 / 1.361       ms
[310.257s][info][gc,stats    ]       Phase: Pause Mark Start                              0.025 / 0.025         0.022 / 0.193         0.022 / 0.193         0.022 / 0.193       ms
[310.257s][info][gc,stats    ]       Phase: Pause Relocate Start                          0.009 / 0.009         0.017 / 0.130         0.017 / 0.130         0.017 / 0.130       ms
[310.258s][info][gc,stats    ]    Subphase: Concurrent Classes Purge                      0.798 / 0.798         2.075 / 18.950        2.075 / 18.950        2.075 / 18.950      ms
[310.259s][info][gc,stats    ]    Subphase: Concurrent Classes Unlink                     9.477 / 9.477        21.728 / 79.562       21.728 / 79.562       21.728 / 79.562      ms
[310.260s][info][gc,stats    ]    Subphase: Concurrent Mark                             132.548 / 132.890     487.038 / 2270.263    487.038 / 2270.263    487.038 / 2270.263    ms
[310.261s][info][gc,stats    ]    Subphase: Concurrent Mark Try Flush                     0.099 / 0.236         4.674 / 98.444        4.674 / 98.444        4.674 / 98.444      ms
[310.261s][info][gc,stats    ]    Subphase: Concurrent Mark Try Terminate                 0.394 / 1.156         2.615 / 33.926        2.615 / 33.926        2.615 / 33.926      ms
[310.262s][info][gc,stats    ]    Subphase: Concurrent References Enqueue                 0.004 / 0.004         0.029 / 0.133         0.029 / 0.133         0.029 / 0.133       ms
[310.263s][info][gc,stats    ]    Subphase: Concurrent References Process                 0.656 / 0.656         0.702 / 3.453         0.702 / 3.453         0.702 / 3.453       ms
[310.264s][info][gc,stats    ]    Subphase: Concurrent Roots ClassLoaderDataGraph         0.209 / 0.374         0.475 / 3.654         0.475 / 3.654         0.475 / 3.654       ms
[310.265s][info][gc,stats    ]    Subphase: Concurrent Roots CodeCache                    0.000 / 0.000         0.000 / 0.000         0.000 / 0.000         0.000 / 0.000       ms
[310.266s][info][gc,stats    ]    Subphase: Concurrent Roots JavaThreads                  1.732 / 1.928         8.305 / 58.041        8.305 / 58.041        8.305 / 58.041      ms
[310.266s][info][gc,stats    ]    Subphase: Concurrent Roots OopStorageSet                0.062 / 0.062         0.081 / 0.328         0.081 / 0.328         0.081 / 0.328       ms
[310.267s][info][gc,stats    ]    Subphase: Concurrent Weak Roots OopStorageSet           1.245 / 1.269         1.860 / 23.100        1.860 / 23.100        1.860 / 23.100      ms
[310.267s][info][gc,stats    ]    Subphase: Pause Mark Try Complete                       0.000 / 0.000         0.014 / 0.045         0.014 / 0.045         0.014 / 0.045       ms
[310.268s][info][gc,stats    ]      System: Java Threads                                     83 / 83               74 / 89               74 / 89               74 / 89          threads
[310.269s][info][gc,stats    ] =========================================================================================================================================================
[0.012s][info][gc,init] Initializing The Z Garbage Collector
[0.013s][info][gc,init] Version: 17.0.2+8-86 (release)
[0.015s][info][gc,init] NUMA Support: Disabled
[0.016s][info][gc,init] CPUs: 6 total, 6 available
[0.017s][info][gc,init] Memory: 8192M
[0.018s][info][gc,init] Large Page Support: Disabled
[0.019s][info][gc,init] GC Workers: 2 (dynamic)
[0.021s][info][gc,init] Address Space Type: Contiguous/Unrestricted/Complete
[0.023s][info][gc,init] Address Space Size: 65536M x 3 = 196608M
[0.023s][info][gc,init] Heap Backing File: /memfd:java_heap
[0.025s][info][gc,init] Heap Backing Filesystem: tmpfs (0x1021994)
[0.027s][info][gc,init] Min Capacity: 256M
[0.028s][info][gc,init] Initial Capacity: 256M
[0.029s][info][gc,init] Max Capacity: 4096M
[0.031s][info][gc,init] Medium Page Size: 32M
[0.034s][info][gc,init] Pre-touch: Disabled
[0.035s][info][gc,init] Available space on backing filesystem: N/A
[0.038s][info][gc,init] Uncommit: Enabled
[0.042s][info][gc,init] Uncommit Delay: 300s
[0.138s][info][gc,init] Runtime Workers: 4
[0.143s][info][gc     ] Using The Z Garbage Collector
[0.146s][info][gc,metaspace] CDS archive(s) mapped at: [0x0000000800000000-0x0000000800bb4000-0x0000000800bb4000), size 12271616, SharedBaseAddress: 0x0000000800000000, ArchiveRelocationMode: 0.
[0.147s][info][gc,metaspace] Compressed class space mapped at: 0x0000000800c00000-0x0000000840c00000, reserved size: 1073741824
[0.149s][info][gc,metaspace] Narrow klass base: 0x0000000800000000, Narrow klass shift: 0, Narrow klass range: 0x100000000
[10.182s][info][gc,stats    ] === Garbage Collection Statistics =======================================================================================================================
[10.184s][info][gc,stats    ]                                                              Last 10s              Last 10m              Last 10h                Total
[10.185s][info][gc,stats    ]                                                              Avg / Max             Avg / Max             Avg / Max             Avg / Max
[10.186s][info][gc,stats    ]   Collector: Garbage Collection Cycle                      0.000 / 0.000         0.000 / 0.000         0.000 / 0.000         0.000 / 0.000       ms
[10.188s][info][gc,stats    ]  Contention: Mark Segment Reset Contention                     0 / 0                 0 / 0                 0 / 0                 0 / 0           ops/s
[10.189s][info][gc,stats    ]  Contention: Mark SeqNum Reset Contention                      0 / 0                 0 / 0                 0 / 0                 0 / 0           ops/s
[10.190s][info][gc,stats    ]    Critical: Allocation Stall                                  0 / 0                 0 / 0                 0 / 0                 0 / 0           ops/s
[10.191s][info][gc,stats    ]    Critical: Allocation Stall                              0.000 / 0.000         0.000 / 0.000         0.000 / 0.000         0.000 / 0.000       ms
[10.193s][info][gc,stats    ]    Critical: GC Locker Stall                                   0 / 0                 0 / 0                 0 / 0                 0 / 0           ops/s
[10.195s][info][gc,stats    ]    Critical: GC Locker Stall                               0.000 / 0.000         0.000 / 0.000         0.000 / 0.000         0.000 / 0.000       ms
[10.196s][info][gc,stats    ]    Critical: Relocation Stall                                  0 / 0                 0 / 0                 0 / 0                 0 / 0           ops/s
[10.197s][info][gc,stats    ]    Critical: Relocation Stall                              0.000 / 0.000         0.000 / 0.000         0.000 / 0.000         0.000 / 0.000       ms
[10.200s][info][gc,stats    ]      Memory: Allocation Rate                                  17 / 50               17 / 50               17 / 50               17 / 50          MB/s
[10.201s][info][gc,stats    ]      Memory: Out Of Memory                                     0 / 0                 0 / 0                 0 / 0                 0 / 0           ops/s
[10.203s][info][gc,stats    ]      Memory: Page Cache Flush                                  0 / 0                 0 / 0                 0 / 0                 0 / 0           MB/s
[10.204s][info][gc,stats    ]      Memory: Page Cache Hit L1                                 0 / 0                 0 / 0                 0 / 0                 0 / 0           ops/s
[10.205s][info][gc,stats    ]      Memory: Page Cache Hit L2                                 0 / 0                 0 / 0                 0 / 0                 0 / 0           ops/s
[10.207s][info][gc,stats    ]      Memory: Page Cache Hit L3                                 7 / 14                7 / 14                7 / 14                7 / 14          ops/s
[10.208s][info][gc,stats    ]      Memory: Page Cache Miss                                   0 / 1                 0 / 1                 0 / 1                 0 / 1           ops/s
[10.209s][info][gc,stats    ]      Memory: Uncommit                                          0 / 0                 0 / 0                 0 / 0                 0 / 0           MB/s
[10.211s][info][gc,stats    ]      Memory: Undo Object Allocation Failed                     0 / 0                 0 / 0                 0 / 0                 0 / 0           ops/s
[10.212s][info][gc,stats    ]      Memory: Undo Object Allocation Succeeded                  0 / 0                 0 / 0                 0 / 0                 0 / 0           ops/s
[10.213s][info][gc,stats    ]      Memory: Undo Page Allocation                              0 / 0                 0 / 0                 0 / 0                 0 / 0           ops/s
[10.215s][info][gc,stats    ]       Phase: Concurrent Mark                               0.000 / 0.000         0.000 / 0.000         0.000 / 0.000         0.000 / 0.000       ms
[10.216s][info][gc,stats    ]       Phase: Concurrent Mark Continue                      0.000 / 0.000         0.000 / 0.000         0.000 / 0.000         0.000 / 0.000       ms
[10.217s][info][gc,stats    ]       Phase: Concurrent Mark Free                          0.000 / 0.000         0.000 / 0.000         0.000 / 0.000         0.000 / 0.000       ms
[10.218s][info][gc,stats    ]       Phase: Concurrent Process Non-Strong References      0.000 / 0.000         0.000 / 0.000         0.000 / 0.000         0.000 / 0.000       ms
[10.219s][info][gc,stats    ]       Phase: Concurrent Relocate                           0.000 / 0.000         0.000 / 0.000         0.000 / 0.000         0.000 / 0.000       ms
[10.220s][info][gc,stats    ]       Phase: Concurrent Reset Relocation Set               0.000 / 0.000         0.000 / 0.000         0.000 / 0.000         0.000 / 0.000       ms
[10.221s][info][gc,stats    ]       Phase: Concurrent Select Relocation Set              0.000 / 0.000         0.000 / 0.000         0.000 / 0.000         0.000 / 0.000       ms
[10.222s][info][gc,stats    ]       Phase: Pause Mark End                                0.000 / 0.000         0.000 / 0.000         0.000 / 0.000         0.000 / 0.000       ms
[10.225s][info][gc,stats    ]       Phase: Pause Mark Start                              0.000 / 0.000         0.000 / 0.000         0.000 / 0.000         0.000 / 0.000       ms
[10.226s][info][gc,stats    ]       Phase: Pause Relocate Start                          0.000 / 0.000         0.000 / 0.000         0.000 / 0.000         0.000 / 0.000       ms
[10.228s][info][gc,stats    ]    Subphase: Concurrent Classes Purge                      0.000 / 0.000         0.000 / 0.000         0.000 / 0.000         0.000 / 0.000       ms
[10.229s][info][gc,stats    ]    Subphase: Concurrent Classes Unlink                     0.000 / 0.000         0.000 / 0.000         0.000 / 0.000         0.000 / 0.000       ms
[10.230s][info][gc,stats    ]    Subphase: Concurrent Mark                               0.000 / 0.000         0.000 / 0.000         0.000 / 0.000         0.000 / 0.000       ms
[10.231s][info][gc,stats    ]    Subphase: Concurrent Mark Try Flush                     0.000 / 0.000         0.000 / 0.000         0.000 / 0.000         0.000 / 0.000       ms
[10.233s][info][gc,stats    ]    Subphase: Concurrent Mark Try Terminate                 0.000 / 0.000         0.000 / 0.000         0.000 / 0.000         0.000 / 0.000       ms
[10.234s][info][gc,stats    ]    Subphase: Concurrent References Enqueue                 0.000 / 0.000         0.000 / 0.000         0.000 / 0.000         0.000 / 0.000       ms
[10.236s][info][gc,stats    ]    Subphase: Concurrent References Process                 0.000 / 0.000         0.000 / 0.000         0.000 / 0.000         0.000 / 0.000       ms
[10.238s][info][gc,stats    ]    Subphase: Concurrent Roots ClassLoaderDataGraph         0.000 / 0.000         0.000 / 0.000         0.000 / 0.000         0.000 / 0.000       ms
[10.243s][info][gc,stats    ]    Subphase: Concurrent Roots CodeCache                    0.000 / 0.000         0.000 / 0.000         0.000 / 0.000         0.000 / 0.000       ms
[10.245s][info][gc,stats    ]    Subphase: Concurrent Roots JavaThreads                  0.000 / 0.000         0.000 / 0.000         0.000 / 0.000         0.000 / 0.000       ms
[10.247s][info][gc,stats    ]    Subphase: Concurrent Roots OopStorageSet                0.000 / 0.000         0.000 / 0.000         0.000 / 0.000         0.000 / 0.000       ms
[10.248s][info][gc,stats    ]    Subphase: Concurrent Weak Roots OopStorageSet           0.000 / 0.000         0.000 / 0.000         0.000 / 0.000         0.000 / 0.000       ms
[10.249s][info][gc,stats    ]    Subphase: Pause Mark Try Complete                       0.000 / 0.000         0.000 / 0.000         0.000 / 0.000         0.000 / 0.000       ms
[10.250s][info][gc,stats    ]      System: Java Threads                                      0 / 0                 0 / 0                 0 / 0                 0 / 0           threads
[10.251s][info][gc,stats    ] =========================================================================================================================================================
[12.786s][info][gc,start    ] GC(0) Garbage Collection (Warmup)
[12.790s][info][gc,task     ] GC(0) Using 2 workers
[12.801s][info][gc,phases   ] GC(0) Pause Mark Start 0.014ms
[14.783s][info][gc,phases   ] GC(0) Concurrent Mark 1979.994ms
[14.809s][info][gc,phases   ] GC(0) Pause Mark End 0.019ms
[14.813s][info][gc,phases   ] GC(0) Concurrent Mark Free 0.004ms
[14.901s][info][gc,phases   ] GC(0) Concurrent Process Non-Strong References 84.758ms
[14.902s][info][gc,phases   ] GC(0) Concurrent Reset Relocation Set 0.002ms
[15.105s][info][gc,phases   ] GC(0) Concurrent Select Relocation Set 201.716ms
[15.182s][info][gc,phases   ] GC(0) Pause Relocate Start 0.013ms
[15.770s][info][gc,phases   ] GC(0) Concurrent Relocate 582.871ms
[15.772s][info][gc,load     ] GC(0) Load: 5.96/4.89/4.37
[15.776s][info][gc,mmu      ] GC(0) MMU: 2ms/99.0%, 5ms/99.6%, 10ms/99.8%, 20ms/99.9%, 50ms/100.0%, 100ms/100.0%
[15.779s][info][gc,marking  ] GC(0) Mark: 2 stripe(s), 3 proactive flush(es), 1 terminate flush(es), 0 completion(s), 0 continuation(s) 
[15.780s][info][gc,marking  ] GC(0) Mark Stack Usage: 32M
[15.781s][info][gc,nmethod  ] GC(0) NMethods: 2806 registered, 0 unregistered
[15.782s][info][gc,metaspace] GC(0) Metaspace: 17M used, 17M committed, 1048M reserved
[15.782s][info][gc,ref      ] GC(0) Soft: 3817 encountered, 0 discovered, 0 enqueued
[15.783s][info][gc,ref      ] GC(0) Weak: 1519 encountered, 315 discovered, 240 enqueued
[15.784s][info][gc,ref      ] GC(0) Final: 16 encountered, 13 discovered, 13 enqueued
[15.785s][info][gc,ref      ] GC(0) Phantom: 788 encountered, 576 discovered, 248 enqueued
[15.787s][info][gc,reloc    ] GC(0) Small Pages: 192 / 384M, Empty: 2M, Relocated: 52M, In-Place: 0
[15.787s][info][gc,reloc    ] GC(0) Medium Pages: 1 / 32M, Empty: 0M, Relocated: 0M, In-Place: 0
[15.794s][info][gc,reloc    ] GC(0) Large Pages: 0 / 0M, Empty: 0M, Relocated: 0M, In-Place: 0
[15.795s][info][gc,reloc    ] GC(0) Forwarding Usage: 15M
[15.797s][info][gc,heap     ] GC(0) Min Capacity: 256M(6%)
[15.798s][info][gc,heap     ] GC(0) Max Capacity: 4096M(100%)
[15.802s][info][gc,heap     ] GC(0) Soft Max Capacity: 4096M(100%)
[15.803s][info][gc,heap     ] GC(0)                Mark Start          Mark End        Relocate Start      Relocate End           High               Low         
[15.806s][info][gc,heap     ] GC(0)  Capacity:      416M (10%)         658M (16%)         708M (17%)         708M (17%)         708M (17%)         416M (10%)    
[15.807s][info][gc,heap     ] GC(0)      Free:     3680M (90%)        3440M (84%)        3392M (83%)        3508M (86%)        3680M (90%)        3388M (83%)    
[15.808s][info][gc,heap     ] GC(0)      Used:      416M (10%)         656M (16%)         704M (17%)         588M (14%)         708M (17%)         416M (10%)    
[15.813s][info][gc,heap     ] GC(0)      Live:         -                57M (1%)           57M (1%)           57M (1%)             -                  -          
[15.814s][info][gc,heap     ] GC(0) Allocated:         -               240M (6%)          290M (7%)          497M (12%)            -                  -          
[15.816s][info][gc,heap     ] GC(0)   Garbage:         -               358M (9%)          356M (9%)           32M (1%)             -                  -          
[15.823s][info][gc,heap     ] GC(0) Reclaimed:         -                  -                 2M (0%)          325M (8%)             -                  -          
[15.826s][info][gc          ] GC(0) Garbage Collection (Warmup) 416M(10%)->588M(14%)
[16.783s][info][gc,start    ] GC(1) Garbage Collection (Warmup)
[16.785s][info][gc,task     ] GC(1) Using 2 workers
[16.805s][info][gc,phases   ] GC(1) Pause Mark Start 0.019ms
[19.512s][info][gc,phases   ] GC(1) Concurrent Mark 2705.089ms
[19.523s][info][gc,phases   ] GC(1) Pause Mark End 0.025ms
[19.529s][info][gc,phases   ] GC(1) Concurrent Mark Free 0.004ms
[19.581s][info][gc,phases   ] GC(1) Concurrent Process Non-Strong References 49.869ms
[19.583s][info][gc,phases   ] GC(1) Concurrent Reset Relocation Set 0.048ms
[19.608s][info][gc,phases   ] GC(1) Concurrent Select Relocation Set 23.819ms
[19.635s][info][gc,phases   ] GC(1) Pause Relocate Start 0.017ms
[19.889s][info][gc,phases   ] GC(1) Concurrent Relocate 249.623ms
[19.893s][info][gc,load     ] GC(1) Load: 7.57/5.24/4.49
[19.894s][info][gc,mmu      ] GC(1) MMU: 2ms/98.8%, 5ms/99.5%, 10ms/99.8%, 20ms/99.9%, 50ms/100.0%, 100ms/100.0%
[19.895s][info][gc,marking  ] GC(1) Mark: 2 stripe(s), 10 proactive flush(es), 1 terminate flush(es), 0 completion(s), 0 continuation(s) 
[19.897s][info][gc,marking  ] GC(1) Mark Stack Usage: 32M
[19.898s][info][gc,nmethod  ] GC(1) NMethods: 2889 registered, 0 unregistered
[19.899s][info][gc,metaspace] GC(1) Metaspace: 17M used, 17M committed, 1048M reserved
[19.901s][info][gc,ref      ] GC(1) Soft: 3817 encountered, 0 discovered, 0 enqueued
[19.902s][info][gc,ref      ] GC(1) Weak: 1279 encountered, 398 discovered, 0 enqueued
[19.903s][info][gc,ref      ] GC(1) Final: 3 encountered, 0 discovered, 0 enqueued
[19.905s][info][gc,ref      ] GC(1) Phantom: 540 encountered, 270 discovered, 0 enqueued
[19.906s][info][gc,reloc    ] GC(1) Small Pages: 378 / 756M, Empty: 0M, Relocated: 44M, In-Place: 0
[19.907s][info][gc,reloc    ] GC(1) Medium Pages: 2 / 64M, Empty: 0M, Relocated: 2M, In-Place: 0
[19.908s][info][gc,reloc    ] GC(1) Large Pages: 0 / 0M, Empty: 0M, Relocated: 0M, In-Place: 0
[19.909s][info][gc,reloc    ] GC(1) Forwarding Usage: 8M
[19.910s][info][gc,heap     ] GC(1) Min Capacity: 256M(6%)
[19.911s][info][gc,heap     ] GC(1) Max Capacity: 4096M(100%)
[19.912s][info][gc,heap     ] GC(1) Soft Max Capacity: 4096M(100%)
[19.913s][info][gc,heap     ] GC(1)                Mark Start          Mark End        Relocate Start      Relocate End           High               Low         
[19.914s][info][gc,heap     ] GC(1)  Capacity:      824M (20%)        1148M (28%)        1150M (28%)        1186M (29%)        1186M (29%)         824M (20%)    
[19.916s][info][gc,heap     ] GC(1)      Free:     3276M (80%)        2948M (72%)        2946M (72%)        3628M (89%)        3628M (89%)        2910M (71%)    
[19.917s][info][gc,heap     ] GC(1)      Used:      820M (20%)        1148M (28%)        1150M (28%)         468M (11%)        1186M (29%)         468M (11%)    
[19.918s][info][gc,heap     ] GC(1)      Live:         -                98M (2%)           98M (2%)           98M (2%)             -                  -          
[19.919s][info][gc,heap     ] GC(1) Allocated:         -               328M (8%)          330M (8%)          337M (8%)             -                  -          
[19.920s][info][gc,heap     ] GC(1)   Garbage:         -               721M (18%)         721M (18%)          32M (1%)             -                  -          
[19.921s][info][gc,heap     ] GC(1) Reclaimed:         -                  -                 0M (0%)          689M (17%)            -                  -          
[19.922s][info][gc          ] GC(1) Garbage Collection (Warmup) 820M(20%)->468M(11%)
[20.181s][info][gc,stats    ] === Garbage Collection Statistics =======================================================================================================================
[20.183s][info][gc,stats    ]                                                              Last 10s              Last 10m              Last 10h                Total
[20.185s][info][gc,stats    ]                                                              Avg / Max             Avg / Max             Avg / Max             Avg / Max
[20.188s][info][gc,stats    ]   Collector: Garbage Collection Cycle                   3049.690 / 3109.924   3049.690 / 3109.924   3049.690 / 3109.924   3049.690 / 3109.924    ms
[20.191s][info][gc,stats    ]  Contention: Mark Segment Reset Contention                     0 / 2                 0 / 2                 0 / 2                 0 / 2           ops/s
[20.193s][info][gc,stats    ]  Contention: Mark SeqNum Reset Contention                      0 / 0                 0 / 0                 0 / 0                 0 / 0           ops/s
[20.195s][info][gc,stats    ]    Critical: Allocation Stall                                  0 / 0                 0 / 0                 0 / 0                 0 / 0           ops/s
[20.199s][info][gc,stats    ]    Critical: Allocation Stall                              0.000 / 0.000         0.000 / 0.000         0.000 / 0.000         0.000 / 0.000       ms
[20.202s][info][gc,stats    ]    Critical: GC Locker Stall                                   0 / 0                 0 / 0                 0 / 0                 0 / 0           ops/s
[20.203s][info][gc,stats    ]    Critical: GC Locker Stall                               0.000 / 0.000         0.000 / 0.000         0.000 / 0.000         0.000 / 0.000       ms
[20.206s][info][gc,stats    ]    Critical: Relocation Stall                                  0 / 0                 0 / 0                 0 / 0                 0 / 0           ops/s
[20.209s][info][gc,stats    ]    Critical: Relocation Stall                              0.000 / 0.000         0.000 / 0.000         0.000 / 0.000         0.000 / 0.000       ms
[20.214s][info][gc,stats    ]      Memory: Allocation Rate                                 153 / 356              85 / 356              85 / 356              85 / 356         MB/s
[20.217s][info][gc,stats    ]      Memory: Out Of Memory                                     0 / 0                 0 / 0                 0 / 0                 0 / 0           ops/s
[20.220s][info][gc,stats    ]      Memory: Page Cache Flush                                  0 / 0                 0 / 0                 0 / 0                 0 / 0           MB/s
[20.222s][info][gc,stats    ]      Memory: Page Cache Hit L1                                32 / 193              16 / 193              16 / 193              16 / 193         ops/s
[20.224s][info][gc,stats    ]      Memory: Page Cache Hit L2                                 0 / 0                 0 / 0                 0 / 0                 0 / 0           ops/s
[20.226s][info][gc,stats    ]      Memory: Page Cache Hit L3                                 3 / 38                5 / 38                5 / 38                5 / 38          ops/s
[20.229s][info][gc,stats    ]      Memory: Page Cache Miss                                  42 / 64               21 / 64               21 / 64               21 / 64          ops/s
[20.233s][info][gc,stats    ]      Memory: Uncommit                                          0 / 0                 0 / 0                 0 / 0                 0 / 0           MB/s
[20.235s][info][gc,stats    ]      Memory: Undo Object Allocation Failed                     0 / 0                 0 / 0                 0 / 0                 0 / 0           ops/s
[20.237s][info][gc,stats    ]      Memory: Undo Object Allocation Succeeded                  0 / 8                 0 / 8                 0 / 8                 0 / 8           ops/s
[20.238s][info][gc,stats    ]      Memory: Undo Page Allocation                             10 / 18                5 / 18                5 / 18                5 / 18          ops/s
[20.241s][info][gc,stats    ]       Phase: Concurrent Mark                            2342.541 / 2705.089   2342.541 / 2705.089   2342.541 / 2705.089   2342.541 / 2705.089    ms
[20.244s][info][gc,stats    ]       Phase: Concurrent Mark Continue                      0.000 / 0.000         0.000 / 0.000         0.000 / 0.000         0.000 / 0.000       ms
[20.247s][info][gc,stats    ]       Phase: Concurrent Mark Free                          0.004 / 0.004         0.004 / 0.004         0.004 / 0.004         0.004 / 0.004       ms
[20.250s][info][gc,stats    ]       Phase: Concurrent Process Non-Strong References     67.314 / 84.758       67.314 / 84.758       67.314 / 84.758       67.314 / 84.758      ms
[20.253s][info][gc,stats    ]       Phase: Concurrent Relocate                         416.247 / 582.871     416.247 / 582.871     416.247 / 582.871     416.247 / 582.871     ms
[20.255s][info][gc,stats    ]       Phase: Concurrent Reset Relocation Set               0.025 / 0.048         0.025 / 0.048         0.025 / 0.048         0.025 / 0.048       ms
[20.258s][info][gc,stats    ]       Phase: Concurrent Select Relocation Set            112.767 / 201.716     112.767 / 201.716     112.767 / 201.716     112.767 / 201.716     ms
[20.261s][info][gc,stats    ]       Phase: Pause Mark End                                0.022 / 0.025         0.022 / 0.025         0.022 / 0.025         0.022 / 0.025       ms
[20.263s][info][gc,stats    ]       Phase: Pause Mark Start                              0.016 / 0.019         0.016 / 0.019         0.016 / 0.019         0.016 / 0.019       ms
[20.265s][info][gc,stats    ]       Phase: Pause Relocate Start                          0.015 / 0.017         0.015 / 0.017         0.015 / 0.017         0.015 / 0.017       ms
[20.269s][info][gc,stats    ]    Subphase: Concurrent Classes Purge                      2.151 / 2.853         2.151 / 2.853         2.151 / 2.853         2.151 / 2.853       ms
[20.270s][info][gc,stats    ]    Subphase: Concurrent Classes Unlink                    27.324 / 34.427       27.324 / 34.427       27.324 / 34.427       27.324 / 34.427      ms
[20.275s][info][gc,stats    ]    Subphase: Concurrent Mark                            2313.286 / 2701.216   2313.286 / 2701.216   2313.286 / 2701.216   2313.286 / 2701.216    ms
[20.278s][info][gc,stats    ]    Subphase: Concurrent Mark Try Flush                    13.498 / 52.141       13.498 / 52.141       13.498 / 52.141       13.498 / 52.141      ms
[20.281s][info][gc,stats    ]    Subphase: Concurrent Mark Try Terminate                 3.458 / 52.146        3.458 / 52.146        3.458 / 52.146        3.458 / 52.146      ms
[20.283s][info][gc,stats    ]    Subphase: Concurrent References Enqueue                 0.022 / 0.044         0.022 / 0.044         0.022 / 0.044         0.022 / 0.044       ms
[20.286s][info][gc,stats    ]    Subphase: Concurrent References Process                 1.836 / 2.697         1.836 / 2.697         1.836 / 2.697         1.836 / 2.697       ms
[20.287s][info][gc,stats    ]    Subphase: Concurrent Roots ClassLoaderDataGraph         6.367 / 24.725        6.367 / 24.725        6.367 / 24.725        6.367 / 24.725      ms
[20.290s][info][gc,stats    ]    Subphase: Concurrent Roots CodeCache                    0.000 / 0.000         0.000 / 0.000         0.000 / 0.000         0.000 / 0.000       ms
[20.293s][info][gc,stats    ]    Subphase: Concurrent Roots JavaThreads                 15.493 / 41.039       15.493 / 41.039       15.493 / 41.039       15.493 / 41.039      ms
[20.296s][info][gc,stats    ]    Subphase: Concurrent Roots OopStorageSet                0.104 / 0.165         0.104 / 0.165         0.104 / 0.165         0.104 / 0.165       ms
[20.298s][info][gc,stats    ]    Subphase: Concurrent Weak Roots OopStorageSet           2.601 / 4.839         2.601 / 4.839         2.601 / 4.839         2.601 / 4.839       ms
[20.301s][info][gc,stats    ]    Subphase: Pause Mark Try Complete                       0.000 / 0.000         0.000 / 0.000         0.000 / 0.000         0.000 / 0.000       ms
[20.304s][info][gc,stats    ]      System: Java Threads                                     31 / 32               31 / 32               31 / 32               31 / 32          threads
[20.307s][info][gc,stats    ] =========================================================================================================================================================
[27.302s][info][gc,start    ] GC(2) Garbage Collection (Metadata GC Threshold)
[27.304s][info][gc,task     ] GC(2) Using 2 workers
[27.309s][info][gc,phases   ] GC(2) Pause Mark Start 0.018ms
[28.014s][info][gc,phases   ] GC(2) Concurrent Mark 703.458ms
[28.028s][info][gc,phases   ] GC(2) Pause Mark End 2.453ms
[28.030s][info][gc,phases   ] GC(2) Concurrent Mark Free 0.003ms
[28.086s][info][gc,phases   ] GC(2) Concurrent Process Non-Strong References 54.971ms
[28.089s][info][gc,phases   ] GC(2) Concurrent Reset Relocation Set 0.240ms
[28.104s][info][gc,phases   ] GC(2) Concurrent Select Relocation Set 12.304ms
[28.115s][info][gc,phases   ] GC(2) Pause Relocate Start 0.017ms
[28.244s][info][gc,phases   ] GC(2) Concurrent Relocate 127.090ms
[28.246s][info][gc,load     ] GC(2) Load: 8.86/5.59/4.61
[28.247s][info][gc,mmu      ] GC(2) MMU: 2ms/0.0%, 5ms/50.9%, 10ms/75.5%, 20ms/87.7%, 50ms/95.1%, 100ms/97.5%
[28.255s][info][gc,marking  ] GC(2) Mark: 2 stripe(s), 4 proactive flush(es), 1 terminate flush(es), 1 completion(s), 0 continuation(s) 
[28.260s][info][gc,marking  ] GC(2) Mark Stack Usage: 32M
[28.261s][info][gc,nmethod  ] GC(2) NMethods: 3733 registered, 0 unregistered
[28.262s][info][gc,metaspace] GC(2) Metaspace: 30M used, 30M committed, 1056M reserved
[28.266s][info][gc,ref      ] GC(2) Soft: 4295 encountered, 0 discovered, 0 enqueued
[28.268s][info][gc,ref      ] GC(2) Weak: 2283 encountered, 687 discovered, 512 enqueued
[28.269s][info][gc,ref      ] GC(2) Final: 35 encountered, 18 discovered, 1 enqueued
[28.273s][info][gc,ref      ] GC(2) Phantom: 1064 encountered, 877 discovered, 630 enqueued
[28.277s][info][gc,reloc    ] GC(2) Small Pages: 247 / 494M, Empty: 6M, Relocated: 22M, In-Place: 0
[28.280s][info][gc,reloc    ] GC(2) Medium Pages: 2 / 64M, Empty: 0M, Relocated: 1M, In-Place: 0
[28.285s][info][gc,reloc    ] GC(2) Large Pages: 0 / 0M, Empty: 0M, Relocated: 0M, In-Place: 0
[28.287s][info][gc,reloc    ] GC(2) Forwarding Usage: 7M
[28.289s][info][gc,heap     ] GC(2) Min Capacity: 256M(6%)
[28.290s][info][gc,heap     ] GC(2) Max Capacity: 4096M(100%)
[28.295s][info][gc,heap     ] GC(2) Soft Max Capacity: 4096M(100%)
[28.296s][info][gc,heap     ] GC(2)                Mark Start          Mark End        Relocate Start      Relocate End           High               Low         
[28.297s][info][gc,heap     ] GC(2)  Capacity:     1186M (29%)        1186M (29%)        1186M (29%)        1186M (29%)        1186M (29%)        1186M (29%)    
[28.299s][info][gc,heap     ] GC(2)      Free:     3538M (86%)        3520M (86%)        3526M (86%)        3958M (97%)        3958M (97%)        3490M (85%)    
[28.303s][info][gc,heap     ] GC(2)      Used:      558M (14%)         576M (14%)         570M (14%)         138M (3%)          606M (15%)         138M (3%)     
[28.304s][info][gc,heap     ] GC(2)      Live:         -                77M (2%)           77M (2%)           77M (2%)             -                  -          
[28.305s][info][gc,heap     ] GC(2) Allocated:         -                18M (0%)           18M (0%)           21M (1%)             -                  -          
[28.307s][info][gc,heap     ] GC(2)   Garbage:         -               480M (12%)         474M (12%)          39M (1%)             -                  -          
[28.308s][info][gc,heap     ] GC(2) Reclaimed:         -                  -                 6M (0%)          441M (11%)            -                  -          
[28.309s][info][gc          ] GC(2) Garbage Collection (Metadata GC Threshold) 558M(14%)->138M(3%)
[30.180s][info][gc,stats    ] === Garbage Collection Statistics =======================================================================================================================
[30.183s][info][gc,stats    ]                                                              Last 10s              Last 10m              Last 10h                Total
[30.185s][info][gc,stats    ]                                                              Avg / Max             Avg / Max             Avg / Max             Avg / Max
[30.186s][info][gc,stats    ]   Collector: Garbage Collection Cycle                    944.030 / 944.030    2347.803 / 3109.924   2347.803 / 3109.924   2347.803 / 3109.924    ms
[30.188s][info][gc,stats    ]  Contention: Mark Segment Reset Contention                     0 / 0                 0 / 2                 0 / 2                 0 / 2           ops/s
[30.190s][info][gc,stats    ]  Contention: Mark SeqNum Reset Contention                      0 / 0                 0 / 0                 0 / 0                 0 / 0           ops/s
[30.191s][info][gc,stats    ]    Critical: Allocation Stall                                  0 / 0                 0 / 0                 0 / 0                 0 / 0           ops/s
[30.201s][info][gc,stats    ]    Critical: Allocation Stall                              0.000 / 0.000         0.000 / 0.000         0.000 / 0.000         0.000 / 0.000       ms
[30.205s][info][gc,stats    ]    Critical: GC Locker Stall                                   0 / 1                 0 / 1                 0 / 1                 0 / 1           ops/s
[30.206s][info][gc,stats    ]    Critical: GC Locker Stall                               3.174 / 3.174         3.174 / 3.174         3.174 / 3.174         3.174 / 3.174       ms
[30.208s][info][gc,stats    ]    Critical: Relocation Stall                                  0 / 0                 0 / 0                 0 / 0                 0 / 0           ops/s
[30.209s][info][gc,stats    ]    Critical: Relocation Stall                              0.000 / 0.000         0.000 / 0.000         0.000 / 0.000         0.000 / 0.000       ms
[30.212s][info][gc,stats    ]      Memory: Allocation Rate                                  11 / 24               60 / 356              60 / 356              60 / 356         MB/s
[30.218s][info][gc,stats    ]      Memory: Out Of Memory                                     0 / 0                 0 / 0                 0 / 0                 0 / 0           ops/s
[30.220s][info][gc,stats    ]      Memory: Page Cache Flush                                  0 / 0                 0 / 0                 0 / 0                 0 / 0           MB/s
[30.223s][info][gc,stats    ]      Memory: Page Cache Hit L1                                 6 / 17               13 / 193              13 / 193              13 / 193         ops/s
[30.225s][info][gc,stats    ]      Memory: Page Cache Hit L2                                 0 / 0                 0 / 0                 0 / 0                 0 / 0           ops/s
[30.227s][info][gc,stats    ]      Memory: Page Cache Hit L3                                 0 / 0                 3 / 38                3 / 38                3 / 38          ops/s
[30.231s][info][gc,stats    ]      Memory: Page Cache Miss                                   0 / 0                14 / 64               14 / 64               14 / 64          ops/s
[30.235s][info][gc,stats    ]      Memory: Uncommit                                          0 / 0                 0 / 0                 0 / 0                 0 / 0           MB/s
[30.237s][info][gc,stats    ]      Memory: Undo Object Allocation Failed                     0 / 0                 0 / 0                 0 / 0                 0 / 0           ops/s
[30.240s][info][gc,stats    ]      Memory: Undo Object Allocation Succeeded                  0 / 0                 0 / 8                 0 / 8                 0 / 8           ops/s
[30.242s][info][gc,stats    ]      Memory: Undo Page Allocation                              0 / 0                 3 / 18                3 / 18                3 / 18          ops/s
[30.246s][info][gc,stats    ]       Phase: Concurrent Mark                             703.458 / 703.458    1796.180 / 2705.089   1796.180 / 2705.089   1796.180 / 2705.089    ms
[30.249s][info][gc,stats    ]       Phase: Concurrent Mark Continue                      0.000 / 0.000         0.000 / 0.000         0.000 / 0.000         0.000 / 0.000       ms
[30.252s][info][gc,stats    ]       Phase: Concurrent Mark Free                          0.003 / 0.003         0.003 / 0.004         0.003 / 0.004         0.003 / 0.004       ms
[30.254s][info][gc,stats    ]       Phase: Concurrent Process Non-Strong References     54.971 / 54.971       63.199 / 84.758       63.199 / 84.758       63.199 / 84.758      ms
[30.258s][info][gc,stats    ]       Phase: Concurrent Relocate                         127.090 / 127.090     319.861 / 582.871     319.861 / 582.871     319.861 / 582.871     ms
[30.263s][info][gc,stats    ]       Phase: Concurrent Reset Relocation Set               0.240 / 0.240         0.097 / 0.240         0.097 / 0.240         0.097 / 0.240       ms
[30.269s][info][gc,stats    ]       Phase: Concurrent Select Relocation Set             12.304 / 12.304       79.280 / 201.716      79.280 / 201.716      79.280 / 201.716     ms
[30.285s][info][gc,stats    ]       Phase: Pause Mark End                                2.453 / 2.453         0.832 / 2.453         0.832 / 2.453         0.832 / 2.453       ms
[30.315s][info][gc,stats    ]       Phase: Pause Mark Start                              0.018 / 0.018         0.017 / 0.019         0.017 / 0.019         0.017 / 0.019       ms
[30.316s][info][gc,stats    ]       Phase: Pause Relocate Start                          0.017 / 0.017         0.016 / 0.017         0.016 / 0.017         0.016 / 0.017       ms
[30.319s][info][gc,stats    ]    Subphase: Concurrent Classes Purge                      0.740 / 0.740         1.681 / 2.853         1.681 / 2.853         1.681 / 2.853       ms
[30.323s][info][gc,stats    ]    Subphase: Concurrent Classes Unlink                    49.804 / 49.804       34.817 / 49.804       34.817 / 49.804       34.817 / 49.804      ms
[30.325s][info][gc,stats    ]    Subphase: Concurrent Mark                             688.762 / 688.961    1771.778 / 2701.216   1771.778 / 2701.216   1771.778 / 2701.216    ms
[30.328s][info][gc,stats    ]    Subphase: Concurrent Mark Try Flush                     4.116 / 13.689       11.153 / 52.141       11.153 / 52.141       11.153 / 52.141      ms
[30.329s][info][gc,stats    ]    Subphase: Concurrent Mark Try Terminate                 2.169 / 3.877         3.301 / 52.146        3.301 / 52.146        3.301 / 52.146      ms
[30.331s][info][gc,stats    ]    Subphase: Concurrent References Enqueue                 0.045 / 0.045         0.030 / 0.045         0.030 / 0.045         0.030 / 0.045       ms
[30.333s][info][gc,stats    ]    Subphase: Concurrent References Process                 0.754 / 0.754         1.475 / 2.697         1.475 / 2.697         1.475 / 2.697       ms
[30.337s][info][gc,stats    ]    Subphase: Concurrent Roots ClassLoaderDataGraph         0.446 / 0.446         5.183 / 24.725        5.183 / 24.725        5.183 / 24.725      ms
[30.339s][info][gc,stats    ]    Subphase: Concurrent Roots CodeCache                    0.000 / 0.000         0.000 / 0.000         0.000 / 0.000         0.000 / 0.000       ms
[30.342s][info][gc,stats    ]    Subphase: Concurrent Roots JavaThreads                  7.361 / 11.842       12.782 / 41.039       12.782 / 41.039       12.782 / 41.039      ms
[30.344s][info][gc,stats    ]    Subphase: Concurrent Roots OopStorageSet                0.104 / 0.104         0.104 / 0.165         0.104 / 0.165         0.104 / 0.165       ms
[30.348s][info][gc,stats    ]    Subphase: Concurrent Weak Roots OopStorageSet           0.951 / 1.008         2.051 / 4.839         2.051 / 4.839         2.051 / 4.839       ms
[30.349s][info][gc,stats    ]    Subphase: Pause Mark Try Complete                       0.004 / 0.008         0.004 / 0.008         0.004 / 0.008         0.004 / 0.008       ms
[30.352s][info][gc,stats    ]      System: Java Threads                                     49 / 49               37 / 49               37 / 49               37 / 49          threads
[30.356s][info][gc,stats    ] =========================================================================================================================================================
[40.192s][info][gc,stats    ] === Garbage Collection Statistics =======================================================================================================================
[40.194s][info][gc,stats    ]                                                              Last 10s              Last 10m              Last 10h                Total
[40.205s][info][gc,stats    ]                                                              Avg / Max             Avg / Max             Avg / Max             Avg / Max
[40.208s][info][gc,stats    ]   Collector: Garbage Collection Cycle                      0.000 / 0.000      2347.803 / 3109.924   2347.803 / 3109.924   2347.803 / 3109.924    ms
[40.210s][info][gc,stats    ]  Contention: Mark Segment Reset Contention                     0 / 0                 0 / 2                 0 / 2                 0 / 2           ops/s
[40.212s][info][gc,stats    ]  Contention: Mark SeqNum Reset Contention                      0 / 0                 0 / 0                 0 / 0                 0 / 0           ops/s
[40.213s][info][gc,stats    ]    Critical: Allocation Stall                                  0 / 0                 0 / 0                 0 / 0                 0 / 0           ops/s
[40.220s][info][gc,stats    ]    Critical: Allocation Stall                              0.000 / 0.000         0.000 / 0.000         0.000 / 0.000         0.000 / 0.000       ms
[40.222s][info][gc,stats    ]    Critical: GC Locker Stall                                   0 / 0                 0 / 1                 0 / 1                 0 / 1           ops/s
[40.226s][info][gc,stats    ]    Critical: GC Locker Stall                               0.000 / 0.000         3.174 / 3.174         3.174 / 3.174         3.174 / 3.174       ms
[40.236s][info][gc,stats    ]    Critical: Relocation Stall                                  0 / 0                 0 / 0                 0 / 0                 0 / 0           ops/s
[40.249s][info][gc,stats    ]    Critical: Relocation Stall                              0.000 / 0.000         0.000 / 0.000         0.000 / 0.000         0.000 / 0.000       ms
[40.256s][info][gc,stats    ]      Memory: Allocation Rate                                  24 / 74               51 / 356              51 / 356              51 / 356         MB/s
[40.259s][info][gc,stats    ]      Memory: Out Of Memory                                     0 / 0                 0 / 0                 0 / 0                 0 / 0           ops/s
[40.264s][info][gc,stats    ]      Memory: Page Cache Flush                                  0 / 0                 0 / 0                 0 / 0                 0 / 0           MB/s
[40.269s][info][gc,stats    ]      Memory: Page Cache Hit L1                                 8 / 29               12 / 193              12 / 193              12 / 193         ops/s
[40.271s][info][gc,stats    ]      Memory: Page Cache Hit L2                                 0 / 0                 0 / 0                 0 / 0                 0 / 0           ops/s
[40.274s][info][gc,stats    ]      Memory: Page Cache Hit L3                                 0 / 0                 2 / 38                2 / 38                2 / 38          ops/s
[40.276s][info][gc,stats    ]      Memory: Page Cache Miss                                   0 / 1                10 / 64               10 / 64               10 / 64          ops/s
[40.278s][info][gc,stats    ]      Memory: Uncommit                                          0 / 0                 0 / 0                 0 / 0                 0 / 0           MB/s
[40.283s][info][gc,stats    ]      Memory: Undo Object Allocation Failed                     0 / 0                 0 / 0                 0 / 0                 0 / 0           ops/s
[40.286s][info][gc,stats    ]      Memory: Undo Object Allocation Succeeded                  0 / 0                 0 / 8                 0 / 8                 0 / 8           ops/s
[40.288s][info][gc,stats    ]      Memory: Undo Page Allocation                              0 / 0                 2 / 18                2 / 18                2 / 18          ops/s
[40.290s][info][gc,stats    ]       Phase: Concurrent Mark                               0.000 / 0.000      1796.180 / 2705.089   1796.180 / 2705.089   1796.180 / 2705.089    ms
[40.295s][info][gc,stats    ]       Phase: Concurrent Mark Continue                      0.000 / 0.000         0.000 / 0.000         0.000 / 0.000         0.000 / 0.000       ms
[40.298s][info][gc,stats    ]       Phase: Concurrent Mark Free                          0.000 / 0.000         0.003 / 0.004         0.003 / 0.004         0.003 / 0.004       ms
[40.300s][info][gc,stats    ]       Phase: Concurrent Process Non-Strong References      0.000 / 0.000        63.199 / 84.758       63.199 / 84.758       63.199 / 84.758      ms
[40.305s][info][gc,stats    ]       Phase: Concurrent Relocate                           0.000 / 0.000       319.861 / 582.871     319.861 / 582.871     319.861 / 582.871     ms
[40.311s][info][gc,stats    ]       Phase: Concurrent Reset Relocation Set               0.000 / 0.000         0.097 / 0.240         0.097 / 0.240         0.097 / 0.240       ms
[40.316s][info][gc,stats    ]       Phase: Concurrent Select Relocation Set              0.000 / 0.000        79.280 / 201.716      79.280 / 201.716      79.280 / 201.716     ms
[40.320s][info][gc,stats    ]       Phase: Pause Mark End                                0.000 / 0.000         0.832 / 2.453         0.832 / 2.453         0.832 / 2.453       ms
[40.323s][info][gc,stats    ]       Phase: Pause Mark Start                              0.000 / 0.000         0.017 / 0.019         0.017 / 0.019         0.017 / 0.019       ms
[40.326s][info][gc,stats    ]       Phase: Pause Relocate Start                          0.000 / 0.000         0.016 / 0.017         0.016 / 0.017         0.016 / 0.017       ms
[40.333s][info][gc,stats    ]    Subphase: Concurrent Classes Purge                      0.000 / 0.000         1.681 / 2.853         1.681 / 2.853         1.681 / 2.853       ms
[40.336s][info][gc,stats    ]    Subphase: Concurrent Classes Unlink                     0.000 / 0.000        34.817 / 49.804       34.817 / 49.804       34.817 / 49.804      ms
[40.346s][info][gc,stats    ]    Subphase: Concurrent Mark                               0.000 / 0.000      1771.778 / 2701.216   1771.778 / 2701.216   1771.778 / 2701.216    ms
[40.349s][info][gc,stats    ]    Subphase: Concurrent Mark Try Flush                     0.000 / 0.000        11.153 / 52.141       11.153 / 52.141       11.153 / 52.141      ms
[40.355s][info][gc,stats    ]    Subphase: Concurrent Mark Try Terminate                 0.000 / 0.000         3.301 / 52.146        3.301 / 52.146        3.301 / 52.146      ms
[40.370s][info][gc,stats    ]    Subphase: Concurrent References Enqueue                 0.000 / 0.000         0.030 / 0.045         0.030 / 0.045         0.030 / 0.045       ms
[40.378s][info][gc,stats    ]    Subphase: Concurrent References Process                 0.000 / 0.000         1.475 / 2.697         1.475 / 2.697         1.475 / 2.697       ms
[40.391s][info][gc,stats    ]    Subphase: Concurrent Roots ClassLoaderDataGraph         0.000 / 0.000         5.183 / 24.725        5.183 / 24.725        5.183 / 24.725      ms
[40.407s][info][gc,stats    ]    Subphase: Concurrent Roots CodeCache                    0.000 / 0.000         0.000 / 0.000         0.000 / 0.000         0.000 / 0.000       ms
[40.409s][info][gc,stats    ]    Subphase: Concurrent Roots JavaThreads                  0.000 / 0.000        12.782 / 41.039       12.782 / 41.039       12.782 / 41.039      ms
[40.411s][info][gc,stats    ]    Subphase: Concurrent Roots OopStorageSet                0.000 / 0.000         0.104 / 0.165         0.104 / 0.165         0.104 / 0.165       ms
[40.430s][info][gc,stats    ]    Subphase: Concurrent Weak Roots OopStorageSet           0.000 / 0.000         2.051 / 4.839         2.051 / 4.839         2.051 / 4.839       ms
[40.431s][info][gc,stats    ]    Subphase: Pause Mark Try Complete                       0.000 / 0.000         0.004 / 0.008         0.004 / 0.008         0.004 / 0.008       ms
[40.434s][info][gc,stats    ]      System: Java Threads                                      0 / 0                37 / 49               37 / 49               37 / 49          threads
[40.438s][info][gc,stats    ] =========================================================================================================================================================
[46.540s][info][gc,start    ] GC(3) Garbage Collection (Metadata GC Threshold)
[46.544s][info][gc,task     ] GC(3) Using 2 workers
[46.555s][info][gc,phases   ] GC(3) Pause Mark Start 0.022ms
[48.529s][info][gc,phases   ] GC(3) Concurrent Mark 1967.144ms
[48.542s][info][gc,phases   ] GC(3) Pause Mark End 0.043ms
[48.545s][info][gc,phases   ] GC(3) Concurrent Mark Free 0.005ms
[48.636s][info][gc,phases   ] GC(3) Concurrent Process Non-Strong References 88.733ms
[48.638s][info][gc,phases   ] GC(3) Concurrent Reset Relocation Set 0.057ms
[48.676s][info][gc,phases   ] GC(3) Concurrent Select Relocation Set 35.628ms
[48.681s][info][gc,phases   ] GC(3) Pause Relocate Start 0.021ms
[48.791s][info][gc,phases   ] GC(3) Concurrent Relocate 106.827ms
[48.794s][info][gc,load     ] GC(3) Load: 11.38/6.38/4.89
[48.797s][info][gc,mmu      ] GC(3) MMU: 2ms/0.0%, 5ms/50.9%, 10ms/75.5%, 20ms/87.7%, 50ms/95.1%, 100ms/97.5%
[48.798s][info][gc,marking  ] GC(3) Mark: 2 stripe(s), 2 proactive flush(es), 1 terminate flush(es), 0 completion(s), 0 continuation(s) 
[48.800s][info][gc,marking  ] GC(3) Mark Stack Usage: 32M
[48.803s][info][gc,nmethod  ] GC(3) NMethods: 5261 registered, 0 unregistered
[48.805s][info][gc,metaspace] GC(3) Metaspace: 51M used, 52M committed, 1072M reserved
[48.809s][info][gc,ref      ] GC(3) Soft: 4993 encountered, 0 discovered, 0 enqueued
[48.811s][info][gc,ref      ] GC(3) Weak: 3550 encountered, 593 discovered, 477 enqueued
[48.817s][info][gc,ref      ] GC(3) Final: 84 encountered, 1 discovered, 1 enqueued
[48.821s][info][gc,ref      ] GC(3) Phantom: 1074 encountered, 871 discovered, 593 enqueued
[48.824s][info][gc,reloc    ] GC(3) Small Pages: 212 / 424M, Empty: 134M, Relocated: 17M, In-Place: 0
[48.826s][info][gc,reloc    ] GC(3) Medium Pages: 2 / 64M, Empty: 0M, Relocated: 2M, In-Place: 0
[48.832s][info][gc,reloc    ] GC(3) Large Pages: 4 / 52M, Empty: 12M, Relocated: 0M, In-Place: 0
[48.834s][info][gc,reloc    ] GC(3) Forwarding Usage: 5M
[48.838s][info][gc,heap     ] GC(3) Min Capacity: 256M(6%)
[48.842s][info][gc,heap     ] GC(3) Max Capacity: 4096M(100%)
[48.844s][info][gc,heap     ] GC(3) Soft Max Capacity: 4096M(100%)
[48.845s][info][gc,heap     ] GC(3)                Mark Start          Mark End        Relocate Start      Relocate End           High               Low         
[48.847s][info][gc,heap     ] GC(3)  Capacity:     1220M (30%)        1220M (30%)        1220M (30%)        1252M (31%)        1252M (31%)        1220M (30%)    
[48.849s][info][gc,heap     ] GC(3)      Free:     3556M (87%)        3486M (85%)        3632M (89%)        3852M (94%)        3852M (94%)        3486M (85%)    
[48.851s][info][gc,heap     ] GC(3)      Used:      540M (13%)         610M (15%)         464M (11%)         244M (6%)          610M (15%)         244M (6%)     
[48.853s][info][gc,heap     ] GC(3)      Live:         -               133M (3%)          133M (3%)          133M (3%)             -                  -          
[48.855s][info][gc,heap     ] GC(3) Allocated:         -                70M (2%)           70M (2%)           69M (2%)             -                  -          
[48.859s][info][gc,heap     ] GC(3)   Garbage:         -               406M (10%)         260M (6%)           40M (1%)             -                  -          
[48.860s][info][gc,heap     ] GC(3) Reclaimed:         -                  -               146M (4%)          365M (9%)             -                  -          
[48.863s][info][gc          ] GC(3) Garbage Collection (Metadata GC Threshold) 540M(13%)->244M(6%)
[50.185s][info][gc,stats    ] === Garbage Collection Statistics =======================================================================================================================
[50.190s][info][gc,stats    ]                                                              Last 10s              Last 10m              Last 10h                Total
[50.193s][info][gc,stats    ]                                                              Avg / Max             Avg / Max             Avg / Max             Avg / Max
[50.195s][info][gc,stats    ]   Collector: Garbage Collection Cycle                   2254.284 / 2254.284   2324.423 / 3109.924   2324.423 / 3109.924   2324.423 / 3109.924    ms
[50.199s][info][gc,stats    ]  Contention: Mark Segment Reset Contention                     0 / 0                 0 / 2                 0 / 2                 0 / 2           ops/s
[50.201s][info][gc,stats    ]  Contention: Mark SeqNum Reset Contention                      0 / 0                 0 / 0                 0 / 0                 0 / 0           ops/s
[50.208s][info][gc,stats    ]    Critical: Allocation Stall                                  0 / 0                 0 / 0                 0 / 0                 0 / 0           ops/s
[50.210s][info][gc,stats    ]    Critical: Allocation Stall                              0.000 / 0.000         0.000 / 0.000         0.000 / 0.000         0.000 / 0.000       ms
[50.213s][info][gc,stats    ]    Critical: GC Locker Stall                                   0 / 0                 0 / 1                 0 / 1                 0 / 1           ops/s
[50.215s][info][gc,stats    ]    Critical: GC Locker Stall                               0.000 / 0.000         3.174 / 3.174         3.174 / 3.174         3.174 / 3.174       ms
[50.220s][info][gc,stats    ]    Critical: Relocation Stall                                  0 / 0                 0 / 0                 0 / 0                 0 / 0           ops/s
[50.226s][info][gc,stats    ]    Critical: Relocation Stall                              0.000 / 0.000         0.000 / 0.000         0.000 / 0.000         0.000 / 0.000       ms
[50.231s][info][gc,stats    ]      Memory: Allocation Rate                                  26 / 58               46 / 356              46 / 356              46 / 356         MB/s
[50.233s][info][gc,stats    ]      Memory: Out Of Memory                                     0 / 0                 0 / 0                 0 / 0                 0 / 0           ops/s
[50.235s][info][gc,stats    ]      Memory: Page Cache Flush                                  0 / 0                 0 / 0                 0 / 0                 0 / 0           MB/s
[50.237s][info][gc,stats    ]      Memory: Page Cache Hit L1                                10 / 22               11 / 193              11 / 193              11 / 193         ops/s
[50.242s][info][gc,stats    ]      Memory: Page Cache Hit L2                                 0 / 0                 0 / 0                 0 / 0                 0 / 0           ops/s
[50.246s][info][gc,stats    ]      Memory: Page Cache Hit L3                                 0 / 4                 2 / 38                2 / 38                2 / 38          ops/s
[50.248s][info][gc,stats    ]      Memory: Page Cache Miss                                   0 / 1                 8 / 64                8 / 64                8 / 64          ops/s
[50.250s][info][gc,stats    ]      Memory: Uncommit                                          0 / 0                 0 / 0                 0 / 0                 0 / 0           MB/s
[50.255s][info][gc,stats    ]      Memory: Undo Object Allocation Failed                     0 / 0                 0 / 0                 0 / 0                 0 / 0           ops/s
[50.257s][info][gc,stats    ]      Memory: Undo Object Allocation Succeeded                  0 / 0                 0 / 8                 0 / 8                 0 / 8           ops/s
[50.262s][info][gc,stats    ]      Memory: Undo Page Allocation                              0 / 0                 2 / 18                2 / 18                2 / 18          ops/s
[50.264s][info][gc,stats    ]       Phase: Concurrent Mark                            1967.144 / 1967.144   1838.921 / 2705.089   1838.921 / 2705.089   1838.921 / 2705.089    ms
[50.273s][info][gc,stats    ]       Phase: Concurrent Mark Continue                      0.000 / 0.000         0.000 / 0.000         0.000 / 0.000         0.000 / 0.000       ms
[50.277s][info][gc,stats    ]       Phase: Concurrent Mark Free                          0.005 / 0.005         0.004 / 0.005         0.004 / 0.005         0.004 / 0.005       ms
[50.283s][info][gc,stats    ]       Phase: Concurrent Process Non-Strong References     88.733 / 88.733       69.583 / 88.733       69.583 / 88.733       69.583 / 88.733      ms
[50.284s][info][gc,stats    ]       Phase: Concurrent Relocate                         106.827 / 106.827     266.603 / 582.871     266.603 / 582.871     266.603 / 582.871     ms
[50.286s][info][gc,stats    ]       Phase: Concurrent Reset Relocation Set               0.057 / 0.057         0.087 / 0.240         0.087 / 0.240         0.087 / 0.240       ms
[50.293s][info][gc,stats    ]       Phase: Concurrent Select Relocation Set             35.628 / 35.628       68.367 / 201.716      68.367 / 201.716      68.367 / 201.716     ms
[50.300s][info][gc,stats    ]       Phase: Pause Mark End                                0.043 / 0.043         0.635 / 2.453         0.635 / 2.453         0.635 / 2.453       ms
[50.302s][info][gc,stats    ]       Phase: Pause Mark Start                              0.022 / 0.022         0.018 / 0.022         0.018 / 0.022         0.018 / 0.022       ms
[50.305s][info][gc,stats    ]       Phase: Pause Relocate Start                          0.021 / 0.021         0.017 / 0.021         0.017 / 0.021         0.017 / 0.021       ms
[50.307s][info][gc,stats    ]    Subphase: Concurrent Classes Purge                      6.507 / 6.507         2.887 / 6.507         2.887 / 6.507         2.887 / 6.507       ms
[50.316s][info][gc,stats    ]    Subphase: Concurrent Classes Unlink                    48.864 / 48.864       38.329 / 49.804       38.329 / 49.804       38.329 / 49.804      ms
[50.318s][info][gc,stats    ]    Subphase: Concurrent Mark                            1939.398 / 1943.690   1813.683 / 2701.216   1813.683 / 2701.216   1813.683 / 2701.216    ms
[50.322s][info][gc,stats    ]    Subphase: Concurrent Mark Try Flush                    10.254 / 15.495       11.036 / 52.141       11.036 / 52.141       11.036 / 52.141      ms
[50.324s][info][gc,stats    ]    Subphase: Concurrent Mark Try Terminate                 1.889 / 5.437         2.923 / 52.146        2.923 / 52.146        2.923 / 52.146      ms
[50.326s][info][gc,stats    ]    Subphase: Concurrent References Enqueue                 0.067 / 0.067         0.039 / 0.067         0.039 / 0.067         0.039 / 0.067       ms
[50.330s][info][gc,stats    ]    Subphase: Concurrent References Process                 2.245 / 2.245         1.668 / 2.697         1.668 / 2.697         1.668 / 2.697       ms
[50.332s][info][gc,stats    ]    Subphase: Concurrent Roots ClassLoaderDataGraph         4.398 / 8.760         4.959 / 24.725        4.959 / 24.725        4.959 / 24.725      ms
[50.334s][info][gc,stats    ]    Subphase: Concurrent Roots CodeCache                    0.000 / 0.000         0.000 / 0.000         0.000 / 0.000         0.000 / 0.000       ms
[50.337s][info][gc,stats    ]    Subphase: Concurrent Roots JavaThreads                  8.484 / 11.075       11.708 / 41.039       11.708 / 41.039       11.708 / 41.039      ms
[50.340s][info][gc,stats    ]    Subphase: Concurrent Roots OopStorageSet                0.211 / 0.211         0.126 / 0.211         0.126 / 0.211         0.126 / 0.211       ms
[50.341s][info][gc,stats    ]    Subphase: Concurrent Weak Roots OopStorageSet          11.544 / 13.167        4.424 / 13.167        4.424 / 13.167        4.424 / 13.167      ms
[50.343s][info][gc,stats    ]    Subphase: Pause Mark Try Complete                       0.000 / 0.000         0.004 / 0.008         0.004 / 0.008         0.004 / 0.008       ms
[50.349s][info][gc,stats    ]      System: Java Threads                                     88 / 88               50 / 88               50 / 88               50 / 88          threads
[50.355s][info][gc,stats    ] =========================================================================================================================================================
[57.380s][info][gc,start    ] GC(4) Garbage Collection (Allocation Rate)
[57.381s][info][gc,task     ] GC(4) Using 2 workers
[57.403s][info][gc,phases   ] GC(4) Pause Mark Start 0.022ms
[59.208s][info][gc,phases   ] GC(4) Concurrent Mark 1801.147ms
[59.220s][info][gc,phases   ] GC(4) Pause Mark End 0.053ms
[59.223s][info][gc,phases   ] GC(4) Concurrent Mark Free 0.004ms
[59.305s][info][gc,phases   ] GC(4) Concurrent Process Non-Strong References 80.965ms
[59.307s][info][gc,phases   ] GC(4) Concurrent Reset Relocation Set 0.028ms
[59.338s][info][gc,phases   ] GC(4) Concurrent Select Relocation Set 29.090ms
[59.345s][info][gc,phases   ] GC(4) Pause Relocate Start 0.018ms
[59.372s][info][gc,phases   ] GC(4) Concurrent Relocate 22.801ms
[59.374s][info][gc,load     ] GC(4) Load: 12.56/6.80/5.05
[59.376s][info][gc,mmu      ] GC(4) MMU: 2ms/0.0%, 5ms/50.9%, 10ms/75.5%, 20ms/87.7%, 50ms/95.1%, 100ms/97.5%
[59.378s][info][gc,marking  ] GC(4) Mark: 2 stripe(s), 3 proactive flush(es), 1 terminate flush(es), 0 completion(s), 0 continuation(s) 
[59.379s][info][gc,marking  ] GC(4) Mark Stack Usage: 32M
[59.381s][info][gc,nmethod  ] GC(4) NMethods: 5851 registered, 0 unregistered
[59.383s][info][gc,metaspace] GC(4) Metaspace: 52M used, 52M committed, 1072M reserved
[59.384s][info][gc,ref      ] GC(4) Soft: 5016 encountered, 0 discovered, 0 enqueued
[59.385s][info][gc,ref      ] GC(4) Weak: 3181 encountered, 1586 discovered, 26 enqueued
[59.386s][info][gc,ref      ] GC(4) Final: 86 encountered, 81 discovered, 3 enqueued
[59.388s][info][gc,ref      ] GC(4) Phantom: 529 encountered, 345 discovered, 26 enqueued
[59.391s][info][gc,reloc    ] GC(4) Small Pages: 125 / 250M, Empty: 46M, Relocated: 3M, In-Place: 0
[59.393s][info][gc,reloc    ] GC(4) Medium Pages: 1 / 32M, Empty: 0M, Relocated: 0M, In-Place: 0
[59.395s][info][gc,reloc    ] GC(4) Large Pages: 37 / 388M, Empty: 354M, Relocated: 0M, In-Place: 0
[59.398s][info][gc,reloc    ] GC(4) Forwarding Usage: 0M
[59.400s][info][gc,heap     ] GC(4) Min Capacity: 256M(6%)
[59.403s][info][gc,heap     ] GC(4) Max Capacity: 4096M(100%)
[59.406s][info][gc,heap     ] GC(4) Soft Max Capacity: 4096M(100%)
[59.407s][info][gc,heap     ] GC(4)                Mark Start          Mark End        Relocate Start      Relocate End           High               Low         
[59.410s][info][gc,heap     ] GC(4)  Capacity:     1486M (36%)        1678M (41%)        1696M (41%)        1696M (41%)        1696M (41%)        1486M (36%)    
[59.415s][info][gc,heap     ] GC(4)      Free:     3426M (84%)        3186M (78%)        3566M (87%)        3664M (89%)        3664M (89%)        3166M (77%)    
[59.417s][info][gc,heap     ] GC(4)      Used:      670M (16%)         910M (22%)         530M (13%)         432M (11%)         930M (23%)         432M (11%)    
[59.419s][info][gc,heap     ] GC(4)      Live:         -               127M (3%)          127M (3%)          127M (3%)             -                  -          
[59.420s][info][gc,heap     ] GC(4) Allocated:         -               240M (6%)          260M (6%)          259M (6%)             -                  -          
[59.423s][info][gc,heap     ] GC(4)   Garbage:         -               542M (13%)         142M (3%)           44M (1%)             -                  -          
[59.425s][info][gc,heap     ] GC(4) Reclaimed:         -                  -               400M (10%)         497M (12%)            -                  -          
[59.427s][info][gc          ] GC(4) Garbage Collection (Allocation Rate) 670M(16%)->432M(11%)
[60.181s][info][gc,stats    ] === Garbage Collection Statistics =======================================================================================================================
[60.184s][info][gc,stats    ]                                                              Last 10s              Last 10m              Last 10h                Total
[60.188s][info][gc,stats    ]                                                              Avg / Max             Avg / Max             Avg / Max             Avg / Max
[60.190s][info][gc,stats    ]   Collector: Garbage Collection Cycle                   1994.355 / 1994.355   2258.410 / 3109.924   2258.410 / 3109.924   2258.410 / 3109.924    ms
[60.192s][info][gc,stats    ]  Contention: Mark Segment Reset Contention                     0 / 0                 0 / 2                 0 / 2                 0 / 2           ops/s
[60.194s][info][gc,stats    ]  Contention: Mark SeqNum Reset Contention                      0 / 0                 0 / 0                 0 / 0                 0 / 0           ops/s
[60.197s][info][gc,stats    ]    Critical: Allocation Stall                                  0 / 0                 0 / 0                 0 / 0                 0 / 0           ops/s
[60.201s][info][gc,stats    ]    Critical: Allocation Stall                              0.000 / 0.000         0.000 / 0.000         0.000 / 0.000         0.000 / 0.000       ms
[60.204s][info][gc,stats    ]    Critical: GC Locker Stall                                   0 / 0                 0 / 1                 0 / 1                 0 / 1           ops/s
[60.206s][info][gc,stats    ]    Critical: GC Locker Stall                               0.000 / 0.000         3.174 / 3.174         3.174 / 3.174         3.174 / 3.174       ms
[60.208s][info][gc,stats    ]    Critical: Relocation Stall                                  0 / 0                 0 / 0                 0 / 0                 0 / 0           ops/s
[60.211s][info][gc,stats    ]    Critical: Relocation Stall                              0.000 / 0.000         0.000 / 0.000         0.000 / 0.000         0.000 / 0.000       ms
[60.216s][info][gc,stats    ]      Memory: Allocation Rate                                  69 / 198              50 / 356              50 / 356              50 / 356         MB/s
[60.220s][info][gc,stats    ]      Memory: Out Of Memory                                     0 / 0                 0 / 0                 0 / 0                 0 / 0           ops/s
[60.224s][info][gc,stats    ]      Memory: Page Cache Flush                                  0 / 0                 0 / 0                 0 / 0                 0 / 0           MB/s
[60.227s][info][gc,stats    ]      Memory: Page Cache Hit L1                                 7 / 13               11 / 193              11 / 193              11 / 193         ops/s
[60.228s][info][gc,stats    ]      Memory: Page Cache Hit L2                                 0 / 0                 0 / 0                 0 / 0                 0 / 0           ops/s
[60.230s][info][gc,stats    ]      Memory: Page Cache Hit L3                                 1 / 2                 2 / 38                2 / 38                2 / 38          ops/s
[60.237s][info][gc,stats    ]      Memory: Page Cache Miss                                   3 / 12                7 / 64                7 / 64                7 / 64          ops/s
[60.239s][info][gc,stats    ]      Memory: Uncommit                                          0 / 0                 0 / 0                 0 / 0                 0 / 0           MB/s
[60.241s][info][gc,stats    ]      Memory: Undo Object Allocation Failed                     0 / 0                 0 / 0                 0 / 0                 0 / 0           ops/s
[60.243s][info][gc,stats    ]      Memory: Undo Object Allocation Succeeded                  0 / 0                 0 / 8                 0 / 8                 0 / 8           ops/s
[60.246s][info][gc,stats    ]      Memory: Undo Page Allocation                              0 / 0                 1 / 18                1 / 18                1 / 18          ops/s
[60.250s][info][gc,stats    ]       Phase: Concurrent Mark                            1801.147 / 1801.147   1831.366 / 2705.089   1831.366 / 2705.089   1831.366 / 2705.089    ms
[60.252s][info][gc,stats    ]       Phase: Concurrent Mark Continue                      0.000 / 0.000         0.000 / 0.000         0.000 / 0.000         0.000 / 0.000       ms
[60.254s][info][gc,stats    ]       Phase: Concurrent Mark Free                          0.004 / 0.004         0.004 / 0.005         0.004 / 0.005         0.004 / 0.005       ms
[60.256s][info][gc,stats    ]       Phase: Concurrent Process Non-Strong References     80.965 / 80.965       71.859 / 88.733       71.859 / 88.733       71.859 / 88.733      ms
[60.258s][info][gc,stats    ]       Phase: Concurrent Relocate                          22.801 / 22.801      217.842 / 582.871     217.842 / 582.871     217.842 / 582.871     ms
[60.259s][info][gc,stats    ]       Phase: Concurrent Reset Relocation Set               0.028 / 0.028         0.075 / 0.240         0.075 / 0.240         0.075 / 0.240       ms
[60.262s][info][gc,stats    ]       Phase: Concurrent Select Relocation Set             29.090 / 29.090       60.511 / 201.716      60.511 / 201.716      60.511 / 201.716     ms
[60.264s][info][gc,stats    ]       Phase: Pause Mark End                                0.053 / 0.053         0.519 / 2.453         0.519 / 2.453         0.519 / 2.453       ms
[60.266s][info][gc,stats    ]       Phase: Pause Mark Start                              0.022 / 0.022         0.019 / 0.022         0.019 / 0.022         0.019 / 0.022       ms
[60.274s][info][gc,stats    ]       Phase: Pause Relocate Start                          0.018 / 0.018         0.017 / 0.021         0.017 / 0.021         0.017 / 0.021       ms
[60.275s][info][gc,stats    ]    Subphase: Concurrent Classes Purge                      2.685 / 2.685         2.847 / 6.507         2.847 / 6.507         2.847 / 6.507       ms
[60.278s][info][gc,stats    ]    Subphase: Concurrent Classes Unlink                    57.276 / 57.276       42.118 / 57.276       42.118 / 57.276       42.118 / 57.276      ms
[60.282s][info][gc,stats    ]    Subphase: Concurrent Mark                            1765.533 / 1766.343   1804.053 / 2701.216   1804.053 / 2701.216   1804.053 / 2701.216    ms
[60.287s][info][gc,stats    ]    Subphase: Concurrent Mark Try Flush                    22.311 / 32.425       12.706 / 52.141       12.706 / 52.141       12.706 / 52.141      ms
[60.289s][info][gc,stats    ]    Subphase: Concurrent Mark Try Terminate                 2.165 / 11.723        2.798 / 52.146        2.798 / 52.146        2.798 / 52.146      ms
[60.292s][info][gc,stats    ]    Subphase: Concurrent References Enqueue                 0.058 / 0.058         0.043 / 0.067         0.043 / 0.067         0.043 / 0.067       ms
[60.294s][info][gc,stats    ]    Subphase: Concurrent References Process                 1.007 / 1.007         1.536 / 2.697         1.536 / 2.697         1.536 / 2.697       ms
[60.295s][info][gc,stats    ]    Subphase: Concurrent Roots ClassLoaderDataGraph         0.311 / 0.568         3.926 / 24.725        3.926 / 24.725        3.926 / 24.725      ms
[60.297s][info][gc,stats    ]    Subphase: Concurrent Roots CodeCache                    0.000 / 0.000         0.000 / 0.000         0.000 / 0.000         0.000 / 0.000       ms
[60.299s][info][gc,stats    ]    Subphase: Concurrent Roots JavaThreads                 21.106 / 21.470       13.587 / 41.039       13.587 / 41.039       13.587 / 41.039      ms
[60.301s][info][gc,stats    ]    Subphase: Concurrent Roots OopStorageSet                0.102 / 0.102         0.122 / 0.211         0.122 / 0.211         0.122 / 0.211       ms
[60.302s][info][gc,stats    ]    Subphase: Concurrent Weak Roots OopStorageSet           2.064 / 2.794         3.952 / 13.167        3.952 / 13.167        3.952 / 13.167      ms
[60.310s][info][gc,stats    ]    Subphase: Pause Mark Try Complete                       0.000 / 0.000         0.004 / 0.008         0.004 / 0.008         0.004 / 0.008       ms
[60.312s][info][gc,stats    ]      System: Java Threads                                     88 / 88               57 / 88               57 / 88               57 / 88          threads
[60.319s][info][gc,stats    ] =========================================================================================================================================================
[68.979s][info][gc,start    ] GC(5) Garbage Collection (Allocation Rate)
[68.982s][info][gc,task     ] GC(5) Using 2 workers
[68.990s][info][gc,phases   ] GC(5) Pause Mark Start 0.089ms
[70.127s][info][gc,phases   ] GC(5) Concurrent Mark 1134.044ms
[70.141s][info][gc,phases   ] GC(5) Pause Mark End 0.042ms
[70.147s][info][gc,phases   ] GC(5) Concurrent Mark Free 0.005ms
[70.183s][info][gc,stats    ] === Garbage Collection Statistics =======================================================================================================================
[70.186s][info][gc,stats    ]                                                              Last 10s              Last 10m              Last 10h                Total
[70.188s][info][gc,stats    ]                                                              Avg / Max             Avg / Max             Avg / Max             Avg / Max
[70.190s][info][gc,stats    ]   Collector: Garbage Collection Cycle                      0.000 / 0.000      2258.410 / 3109.924   2258.410 / 3109.924   2258.410 / 3109.924    ms
[70.193s][info][gc,stats    ]  Contention: Mark Segment Reset Contention                     0 / 0                 0 / 2                 0 / 2                 0 / 2           ops/s
[70.196s][info][gc,stats    ]  Contention: Mark SeqNum Reset Contention                      0 / 0                 0 / 0                 0 / 0                 0 / 0           ops/s
[70.198s][info][gc,stats    ]    Critical: Allocation Stall                                  0 / 0                 0 / 0                 0 / 0                 0 / 0           ops/s
[70.201s][info][gc,stats    ]    Critical: Allocation Stall                              0.000 / 0.000         0.000 / 0.000         0.000 / 0.000         0.000 / 0.000       ms
[70.205s][info][gc,stats    ]    Critical: GC Locker Stall                                   0 / 0                 0 / 1                 0 / 1                 0 / 1           ops/s
[70.211s][info][gc,stats    ]    Critical: GC Locker Stall                               0.000 / 0.000         3.174 / 3.174         3.174 / 3.174         3.174 / 3.174       ms
[70.214s][info][gc,stats    ]    Critical: Relocation Stall                                  0 / 0                 0 / 0                 0 / 0                 0 / 0           ops/s
[70.216s][info][gc,stats    ]    Critical: Relocation Stall                              0.000 / 0.000         0.000 / 0.000         0.000 / 0.000         0.000 / 0.000       ms
[70.222s][info][gc,stats    ]      Memory: Allocation Rate                                  60 / 278              51 / 356              51 / 356              51 / 356         MB/s
[70.226s][info][gc,stats    ]      Memory: Out Of Memory                                     0 / 0                 0 / 0                 0 / 0                 0 / 0           ops/s
[70.236s][info][gc,stats    ]      Memory: Page Cache Flush                                  0 / 0                 0 / 0                 0 / 0                 0 / 0           MB/s
[70.239s][info][gc,stats    ]      Memory: Page Cache Hit L1                                10 / 30               10 / 193              10 / 193              10 / 193         ops/s
[70.259s][info][gc,stats    ]      Memory: Page Cache Hit L2                                 0 / 0                 0 / 0                 0 / 0                 0 / 0           ops/s
[70.261s][info][gc,stats    ]      Memory: Page Cache Hit L3                                 0 / 0                 1 / 38                1 / 38                1 / 38          ops/s
[70.263s][info][gc,stats    ]      Memory: Page Cache Miss                                   1 / 6                 6 / 64                6 / 64                6 / 64          ops/s
[70.266s][info][gc,stats    ]      Memory: Uncommit                                          0 / 0                 0 / 0                 0 / 0                 0 / 0           MB/s
[70.276s][info][gc,stats    ]      Memory: Undo Object Allocation Failed                     0 / 0                 0 / 0                 0 / 0                 0 / 0           ops/s
[70.278s][info][gc,stats    ]      Memory: Undo Object Allocation Succeeded                  0 / 0                 0 / 8                 0 / 8                 0 / 8           ops/s
[70.281s][info][gc,stats    ]      Memory: Undo Page Allocation                              0 / 0                 1 / 18                1 / 18                1 / 18          ops/s
[70.290s][info][gc,stats    ]       Phase: Concurrent Mark                            1134.044 / 1134.044   1715.146 / 2705.089   1715.146 / 2705.089   1715.146 / 2705.089    ms
[70.293s][info][gc,stats    ]       Phase: Concurrent Mark Continue                      0.000 / 0.000         0.000 / 0.000         0.000 / 0.000         0.000 / 0.000       ms
[70.296s][info][gc,stats    ]       Phase: Concurrent Mark Free                          0.005 / 0.005         0.004 / 0.005         0.004 / 0.005         0.004 / 0.005       ms
[70.299s][info][gc,stats    ]       Phase: Concurrent Process Non-Strong References      0.000 / 0.000        71.859 / 88.733       71.859 / 88.733       71.859 / 88.733      ms
[70.302s][info][gc,stats    ]       Phase: Concurrent Relocate                           0.000 / 0.000       217.842 / 582.871     217.842 / 582.871     217.842 / 582.871     ms
[70.309s][info][gc,stats    ]       Phase: Concurrent Reset Relocation Set               0.000 / 0.000         0.075 / 0.240         0.075 / 0.240         0.075 / 0.240       ms
[70.316s][info][gc,stats    ]       Phase: Concurrent Select Relocation Set              0.000 / 0.000        60.511 / 201.716      60.511 / 201.716      60.511 / 201.716     ms
[70.318s][info][gc,stats    ]       Phase: Pause Mark End                                0.042 / 0.042         0.439 / 2.453         0.439 / 2.453         0.439 / 2.453       ms
[70.333s][info][gc,stats    ]       Phase: Pause Mark Start                              0.089 / 0.089         0.031 / 0.089         0.031 / 0.089         0.031 / 0.089       ms
[70.335s][info][gc,stats    ]       Phase: Pause Relocate Start                          0.000 / 0.000         0.017 / 0.021         0.017 / 0.021         0.017 / 0.021       ms
[70.343s][info][gc,stats    ]    Subphase: Concurrent Classes Purge                      0.000 / 0.000         2.847 / 6.507         2.847 / 6.507         2.847 / 6.507       ms
[70.346s][info][gc,stats    ]    Subphase: Concurrent Classes Unlink                     0.000 / 0.000        42.118 / 57.276       42.118 / 57.276       42.118 / 57.276      ms
[70.349s][info][gc,stats    ]    Subphase: Concurrent Mark                            1092.433 / 1092.849   1685.450 / 2701.216   1685.450 / 2701.216   1685.450 / 2701.216    ms
[70.299s][info][gc,phases   ] GC(5) Concurrent Process Non-Strong References 149.622ms
[70.360s][info][gc,phases   ] GC(5) Concurrent Reset Relocation Set 0.016ms
[70.357s][info][gc,stats    ]    Subphase: Concurrent Mark Try Flush                    14.022 / 25.955       12.838 / 52.141       12.838 / 52.141       12.838 / 52.141      ms
[70.376s][info][gc,stats    ]    Subphase: Concurrent Mark Try Terminate                 1.589 / 9.037         2.257 / 52.146        2.257 / 52.146        2.257 / 52.146      ms
[70.395s][info][gc,stats    ]    Subphase: Concurrent References Enqueue                 0.000 / 0.000         0.043 / 0.067         0.043 / 0.067         0.043 / 0.067       ms
[70.403s][info][gc,stats    ]    Subphase: Concurrent References Process                 1.343 / 1.343         1.504 / 2.697         1.504 / 2.697         1.504 / 2.697       ms
[70.423s][info][gc,stats    ]    Subphase: Concurrent Roots ClassLoaderDataGraph         0.983 / 0.983         3.632 / 24.725        3.632 / 24.725        3.632 / 24.725      ms
[70.428s][info][gc,stats    ]    Subphase: Concurrent Roots CodeCache                    0.000 / 0.000         0.000 / 0.000         0.000 / 0.000         0.000 / 0.000       ms
[70.439s][info][gc,stats    ]    Subphase: Concurrent Roots JavaThreads                 36.035 / 36.550       17.329 / 41.039       17.329 / 41.039       17.329 / 41.039      ms
[70.442s][info][gc,stats    ]    Subphase: Concurrent Roots OopStorageSet                0.246 / 0.246         0.139 / 0.246         0.139 / 0.246         0.139 / 0.246       ms
[70.444s][info][gc,stats    ]    Subphase: Concurrent Weak Roots OopStorageSet           9.883 / 10.002        4.941 / 13.167        4.941 / 13.167        4.941 / 13.167      ms
[70.447s][info][gc,stats    ]    Subphase: Pause Mark Try Complete                       0.000 / 0.000         0.004 / 0.008         0.004 / 0.008         0.004 / 0.008       ms
[70.449s][info][gc,stats    ]      System: Java Threads                                     88 / 88               61 / 88               61 / 88               61 / 88          threads
[70.451s][info][gc,stats    ] =========================================================================================================================================================
[70.396s][info][gc,phases   ] GC(5) Concurrent Select Relocation Set 32.960ms
[70.467s][info][gc,phases   ] GC(5) Pause Relocate Start 0.019ms
[70.511s][info][gc,phases   ] GC(5) Concurrent Relocate 39.250ms
[70.515s][info][gc,load     ] GC(5) Load: 13.01/7.08/5.16
[70.517s][info][gc,mmu      ] GC(5) MMU: 2ms/0.0%, 5ms/50.9%, 10ms/75.5%, 20ms/87.7%, 50ms/95.1%, 100ms/97.5%
[70.520s][info][gc,marking  ] GC(5) Mark: 2 stripe(s), 2 proactive flush(es), 1 terminate flush(es), 0 completion(s), 0 continuation(s) 
[70.522s][info][gc,marking  ] GC(5) Mark Stack Usage: 32M
[70.524s][info][gc,nmethod  ] GC(5) NMethods: 6127 registered, 0 unregistered
[70.527s][info][gc,metaspace] GC(5) Metaspace: 52M used, 52M committed, 1072M reserved
[70.558s][info][gc,ref      ] GC(5) Soft: 5016 encountered, 0 discovered, 0 enqueued
[70.582s][info][gc,ref      ] GC(5) Weak: 3160 encountered, 1354 discovered, 2 enqueued
[70.596s][info][gc,ref      ] GC(5) Final: 85 encountered, 56 discovered, 2 enqueued
[70.607s][info][gc,ref      ] GC(5) Phantom: 525 encountered, 333 discovered, 2 enqueued
[70.618s][info][gc,reloc    ] GC(5) Small Pages: 141 / 282M, Empty: 60M, Relocated: 3M, In-Place: 0
[70.632s][info][gc,reloc    ] GC(5) Medium Pages: 1 / 32M, Empty: 0M, Relocated: 0M, In-Place: 0
[70.652s][info][gc,reloc    ] GC(5) Large Pages: 48 / 610M, Empty: 354M, Relocated: 0M, In-Place: 0
[70.669s][info][gc,reloc    ] GC(5) Forwarding Usage: 0M
[70.683s][info][gc,heap     ] GC(5) Min Capacity: 256M(6%)
[70.698s][info][gc,heap     ] GC(5) Max Capacity: 4096M(100%)
[70.714s][info][gc,heap     ] GC(5) Soft Max Capacity: 4096M(100%)
[70.717s][info][gc,heap     ] GC(5)                Mark Start          Mark End        Relocate Start      Relocate End           High               Low         
[70.722s][info][gc,heap     ] GC(5)  Capacity:     1750M (43%)        1870M (46%)        1888M (46%)        1888M (46%)        1888M (46%)        1750M (43%)    
[70.724s][info][gc,heap     ] GC(5)      Free:     3172M (77%)        3010M (73%)        3388M (83%)        3502M (85%)        3502M (85%)        2992M (73%)    
[70.727s][info][gc,heap     ] GC(5)      Used:      924M (23%)        1086M (27%)         708M (17%)         594M (15%)        1104M (27%)         594M (15%)    
[70.730s][info][gc,heap     ] GC(5)      Live:         -               350M (9%)          350M (9%)          350M (9%)             -                  -          
[70.732s][info][gc,heap     ] GC(5) Allocated:         -               162M (4%)          198M (5%)          197M (5%)             -                  -          
[70.735s][info][gc,heap     ] GC(5)   Garbage:         -               573M (14%)         159M (4%)           45M (1%)             -                  -          
[70.737s][info][gc,heap     ] GC(5) Reclaimed:         -                  -               414M (10%)         527M (13%)            -                  -          
[70.739s][info][gc          ] GC(5) Garbage Collection (Allocation Rate) 924M(23%)->594M(15%)
[80.180s][info][gc,stats    ] === Garbage Collection Statistics =======================================================================================================================
[80.183s][info][gc,stats    ]                                                              Last 10s              Last 10m              Last 10h                Total
[80.185s][info][gc,stats    ]                                                              Avg / Max             Avg / Max             Avg / Max             Avg / Max
[80.187s][info][gc,stats    ]   Collector: Garbage Collection Cycle                   1535.202 / 1535.202   2137.875 / 3109.924   2137.875 / 3109.924   2137.875 / 3109.924    ms
[80.189s][info][gc,stats    ]  Contention: Mark Segment Reset Contention                     0 / 0                 0 / 2                 0 / 2                 0 / 2           ops/s
[80.191s][info][gc,stats    ]  Contention: Mark SeqNum Reset Contention                      0 / 0                 0 / 0                 0 / 0                 0 / 0           ops/s
[80.193s][info][gc,stats    ]    Critical: Allocation Stall                                  0 / 0                 0 / 0                 0 / 0                 0 / 0           ops/s
[80.195s][info][gc,stats    ]    Critical: Allocation Stall                              0.000 / 0.000         0.000 / 0.000         0.000 / 0.000         0.000 / 0.000       ms
[80.198s][info][gc,stats    ]    Critical: GC Locker Stall                                   0 / 0                 0 / 1                 0 / 1                 0 / 1           ops/s
[80.200s][info][gc,stats    ]    Critical: GC Locker Stall                               0.000 / 0.000         3.174 / 3.174         3.174 / 3.174         3.174 / 3.174       ms
[80.203s][info][gc,stats    ]    Critical: Relocation Stall                                  0 / 0                 0 / 0                 0 / 0                 0 / 0           ops/s
[80.207s][info][gc,stats    ]    Critical: Relocation Stall                              0.000 / 0.000         0.000 / 0.000         0.000 / 0.000         0.000 / 0.000       ms
[80.209s][info][gc,stats    ]      Memory: Allocation Rate                                  51 / 154              51 / 356              51 / 356              51 / 356         MB/s
[80.212s][info][gc,stats    ]      Memory: Out Of Memory                                     0 / 0                 0 / 0                 0 / 0                 0 / 0           ops/s
[80.217s][info][gc,stats    ]      Memory: Page Cache Flush                                  0 / 0                 0 / 0                 0 / 0                 0 / 0           MB/s
[80.221s][info][gc,stats    ]      Memory: Page Cache Hit L1                                11 / 19               11 / 193              11 / 193              11 / 193         ops/s
[80.224s][info][gc,stats    ]      Memory: Page Cache Hit L2                                 0 / 0                 0 / 0                 0 / 0                 0 / 0           ops/s
[80.227s][info][gc,stats    ]      Memory: Page Cache Hit L3                                 0 / 0                 1 / 38                1 / 38                1 / 38          ops/s
[80.228s][info][gc,stats    ]      Memory: Page Cache Miss                                   0 / 0                 5 / 64                5 / 64                5 / 64          ops/s
[80.231s][info][gc,stats    ]      Memory: Uncommit                                          0 / 0                 0 / 0                 0 / 0                 0 / 0           MB/s
[80.234s][info][gc,stats    ]      Memory: Undo Object Allocation Failed                     0 / 0                 0 / 0                 0 / 0                 0 / 0           ops/s
[80.236s][info][gc,stats    ]      Memory: Undo Object Allocation Succeeded                  0 / 0                 0 / 8                 0 / 8                 0 / 8           ops/s
[80.239s][info][gc,stats    ]      Memory: Undo Page Allocation                              0 / 0                 1 / 18                1 / 18                1 / 18          ops/s
[80.244s][info][gc,stats    ]       Phase: Concurrent Mark                               0.000 / 0.000      1715.146 / 2705.089   1715.146 / 2705.089   1715.146 / 2705.089    ms
[80.249s][info][gc,stats    ]       Phase: Concurrent Mark Continue                      0.000 / 0.000         0.000 / 0.000         0.000 / 0.000         0.000 / 0.000       ms
[80.250s][info][gc,stats    ]       Phase: Concurrent Mark Free                          0.000 / 0.000         0.004 / 0.005         0.004 / 0.005         0.004 / 0.005       ms
[80.253s][info][gc,stats    ]       Phase: Concurrent Process Non-Strong References    149.622 / 149.622      84.820 / 149.622      84.820 / 149.622      84.820 / 149.622     ms
[80.255s][info][gc,stats    ]       Phase: Concurrent Relocate                          39.250 / 39.250      188.077 / 582.871     188.077 / 582.871     188.077 / 582.871     ms
[80.257s][info][gc,stats    ]       Phase: Concurrent Reset Relocation Set               0.016 / 0.016         0.065 / 0.240         0.065 / 0.240         0.065 / 0.240       ms
[80.260s][info][gc,stats    ]       Phase: Concurrent Select Relocation Set             32.960 / 32.960       55.920 / 201.716      55.920 / 201.716      55.920 / 201.716     ms
[80.263s][info][gc,stats    ]       Phase: Pause Mark End                                0.000 / 0.000         0.439 / 2.453         0.439 / 2.453         0.439 / 2.453       ms
[80.266s][info][gc,stats    ]       Phase: Pause Mark Start                              0.000 / 0.000         0.031 / 0.089         0.031 / 0.089         0.031 / 0.089       ms
[80.268s][info][gc,stats    ]       Phase: Pause Relocate Start                          0.019 / 0.019         0.017 / 0.021         0.017 / 0.021         0.017 / 0.021       ms
[80.271s][info][gc,stats    ]    Subphase: Concurrent Classes Purge                      3.625 / 3.625         2.976 / 6.507         2.976 / 6.507         2.976 / 6.507       ms
[80.276s][info][gc,stats    ]    Subphase: Concurrent Classes Unlink                   114.642 / 114.642      54.206 / 114.642      54.206 / 114.642      54.206 / 114.642     ms
[80.278s][info][gc,stats    ]    Subphase: Concurrent Mark                               0.000 / 0.000      1685.450 / 2701.216   1685.450 / 2701.216   1685.450 / 2701.216    ms
[80.280s][info][gc,stats    ]    Subphase: Concurrent Mark Try Flush                     0.000 / 0.000        12.838 / 52.141       12.838 / 52.141       12.838 / 52.141      ms
[80.282s][info][gc,stats    ]    Subphase: Concurrent Mark Try Terminate                 0.000 / 0.000         2.257 / 52.146        2.257 / 52.146        2.257 / 52.146      ms
[80.283s][info][gc,stats    ]    Subphase: Concurrent References Enqueue                 0.116 / 0.116         0.055 / 0.116         0.055 / 0.116         0.055 / 0.116       ms
[80.285s][info][gc,stats    ]    Subphase: Concurrent References Process                 0.000 / 0.000         1.504 / 2.697         1.504 / 2.697         1.504 / 2.697       ms
[80.287s][info][gc,stats    ]    Subphase: Concurrent Roots ClassLoaderDataGraph         0.000 / 0.000         3.632 / 24.725        3.632 / 24.725        3.632 / 24.725      ms
[80.289s][info][gc,stats    ]    Subphase: Concurrent Roots CodeCache                    0.000 / 0.000         0.000 / 0.000         0.000 / 0.000         0.000 / 0.000       ms
[80.293s][info][gc,stats    ]    Subphase: Concurrent Roots JavaThreads                  0.000 / 0.000        17.329 / 41.039       17.329 / 41.039       17.329 / 41.039      ms
[80.296s][info][gc,stats    ]    Subphase: Concurrent Roots OopStorageSet                0.000 / 0.000         0.139 / 0.246         0.139 / 0.246         0.139 / 0.246       ms
[80.300s][info][gc,stats    ]    Subphase: Concurrent Weak Roots OopStorageSet           0.000 / 0.000         4.941 / 13.167        4.941 / 13.167        4.941 / 13.167      ms
[80.303s][info][gc,stats    ]    Subphase: Pause Mark Try Complete                       0.000 / 0.000         0.004 / 0.008         0.004 / 0.008         0.004 / 0.008       ms
[80.304s][info][gc,stats    ]      System: Java Threads                                     88 / 88               62 / 88               62 / 88               62 / 88          threads
[80.306s][info][gc,stats    ] =========================================================================================================================================================
[80.881s][info][gc,start    ] GC(6) Garbage Collection (Warmup)
[80.888s][info][gc,task     ] GC(6) Using 2 workers
[80.905s][info][gc,phases   ] GC(6) Pause Mark Start 0.020ms
[82.026s][info][gc,phases   ] GC(6) Concurrent Mark 1106.663ms
[82.038s][info][gc,phases   ] GC(6) Pause Mark End 0.044ms
[82.043s][info][gc,phases   ] GC(6) Concurrent Mark Free 0.004ms
[82.211s][info][gc,phases   ] GC(6) Concurrent Process Non-Strong References 164.975ms
[82.214s][info][gc,phases   ] GC(6) Concurrent Reset Relocation Set 0.018ms
[82.247s][info][gc,phases   ] GC(6) Concurrent Select Relocation Set 28.077ms
[82.259s][info][gc,phases   ] GC(6) Pause Relocate Start 0.021ms
[82.307s][info][gc,phases   ] GC(6) Concurrent Relocate 42.153ms
[82.324s][info][gc,load     ] GC(6) Load: 12.87/7.34/5.27
[82.330s][info][gc,mmu      ] GC(6) MMU: 2ms/0.0%, 5ms/50.9%, 10ms/75.5%, 20ms/87.7%, 50ms/95.1%, 100ms/97.5%
[82.331s][info][gc,marking  ] GC(6) Mark: 2 stripe(s), 2 proactive flush(es), 1 terminate flush(es), 0 completion(s), 0 continuation(s) 
[82.334s][info][gc,marking  ] GC(6) Mark Stack Usage: 32M
[82.338s][info][gc,nmethod  ] GC(6) NMethods: 6364 registered, 0 unregistered
[82.342s][info][gc,metaspace] GC(6) Metaspace: 52M used, 52M committed, 1072M reserved
[82.345s][info][gc,ref      ] GC(6) Soft: 5016 encountered, 0 discovered, 0 enqueued
[82.348s][info][gc,ref      ] GC(6) Weak: 3158 encountered, 1204 discovered, 0 enqueued
[82.350s][info][gc,ref      ] GC(6) Final: 85 encountered, 78 discovered, 2 enqueued
[82.359s][info][gc,ref      ] GC(6) Phantom: 509 encountered, 280 discovered, 0 enqueued
[82.362s][info][gc,reloc    ] GC(6) Small Pages: 145 / 290M, Empty: 42M, Relocated: 4M, In-Place: 0
[82.364s][info][gc,reloc    ] GC(6) Medium Pages: 1 / 32M, Empty: 0M, Relocated: 0M, In-Place: 0
[82.366s][info][gc,reloc    ] GC(6) Large Pages: 71 / 916M, Empty: 840M, Relocated: 0M, In-Place: 0
[82.368s][info][gc,reloc    ] GC(6) Forwarding Usage: 1M
[82.372s][info][gc,heap     ] GC(6) Min Capacity: 256M(6%)
[82.376s][info][gc,heap     ] GC(6) Max Capacity: 4096M(100%)
[82.380s][info][gc,heap     ] GC(6) Soft Max Capacity: 4096M(100%)
[82.383s][info][gc,heap     ] GC(6)                Mark Start          Mark End        Relocate Start      Relocate End           High               Low         
[82.388s][info][gc,heap     ] GC(6)  Capacity:     2014M (49%)        2170M (53%)        2188M (53%)        2188M (53%)        2188M (53%)        2014M (49%)    
[82.390s][info][gc,heap     ] GC(6)      Free:     2858M (70%)        2660M (65%)        3524M (86%)        3664M (89%)        3664M (89%)        2642M (65%)    
[82.392s][info][gc,heap     ] GC(6)      Used:     1238M (30%)        1436M (35%)         572M (14%)         432M (11%)        1454M (35%)         432M (11%)    
[82.395s][info][gc,heap     ] GC(6)      Live:         -               171M (4%)          171M (4%)          171M (4%)             -                  -          
[82.397s][info][gc,heap     ] GC(6) Allocated:         -               198M (5%)          216M (5%)          217M (5%)             -                  -          
[82.402s][info][gc,heap     ] GC(6)   Garbage:         -              1066M (26%)         184M (5%)           42M (1%)             -                  -          
[82.411s][info][gc,heap     ] GC(6) Reclaimed:         -                  -               882M (22%)        1023M (25%)            -                  -          
[82.413s][info][gc          ] GC(6) Garbage Collection (Warmup) 1238M(30%)->432M(11%)
[87.890s][info][gc,start    ] GC(7) Garbage Collection (Allocation Rate)
[87.895s][info][gc,task     ] GC(7) Using 2 workers
[87.917s][info][gc,phases   ] GC(7) Pause Mark Start 0.023ms
[88.994s][info][gc,phases   ] GC(7) Concurrent Mark 1068.711ms
[89.003s][info][gc,phases   ] GC(7) Pause Mark End 0.050ms
[89.008s][info][gc,phases   ] GC(7) Concurrent Mark Free 0.005ms
[89.088s][info][gc,phases   ] GC(7) Concurrent Process Non-Strong References 78.450ms
[89.091s][info][gc,phases   ] GC(7) Concurrent Reset Relocation Set 0.020ms
[89.120s][info][gc,phases   ] GC(7) Concurrent Select Relocation Set 26.358ms
[89.127s][info][gc,phases   ] GC(7) Pause Relocate Start 0.016ms
[89.140s][info][gc,phases   ] GC(7) Concurrent Relocate 7.558ms
[89.144s][info][gc,load     ] GC(7) Load: 12.72/7.40/5.30
[89.146s][info][gc,mmu      ] GC(7) MMU: 2ms/0.0%, 5ms/50.9%, 10ms/75.5%, 20ms/87.7%, 50ms/95.1%, 100ms/97.5%
[89.150s][info][gc,marking  ] GC(7) Mark: 2 stripe(s), 7 proactive flush(es), 1 terminate flush(es), 0 completion(s), 0 continuation(s) 
[89.152s][info][gc,marking  ] GC(7) Mark Stack Usage: 32M
[89.155s][info][gc,nmethod  ] GC(7) NMethods: 6452 registered, 0 unregistered
[89.157s][info][gc,metaspace] GC(7) Metaspace: 52M used, 52M committed, 1072M reserved
[89.159s][info][gc,ref      ] GC(7) Soft: 5016 encountered, 0 discovered, 0 enqueued
[89.162s][info][gc,ref      ] GC(7) Weak: 3158 encountered, 288 discovered, 0 enqueued
[89.166s][info][gc,ref      ] GC(7) Final: 85 encountered, 2 discovered, 2 enqueued
[89.168s][info][gc,ref      ] GC(7) Phantom: 491 encountered, 298 discovered, 0 enqueued
[89.170s][info][gc,reloc    ] GC(7) Small Pages: 126 / 252M, Empty: 44M, Relocated: 3M, In-Place: 0
[89.172s][info][gc,reloc    ] GC(7) Medium Pages: 1 / 32M, Empty: 0M, Relocated: 0M, In-Place: 0
[89.174s][info][gc,reloc    ] GC(7) Large Pages: 61 / 826M, Empty: 624M, Relocated: 0M, In-Place: 0
[89.177s][info][gc,reloc    ] GC(7) Forwarding Usage: 0M
[89.180s][info][gc,heap     ] GC(7) Min Capacity: 256M(6%)
[89.185s][info][gc,heap     ] GC(7) Max Capacity: 4096M(100%)
[89.187s][info][gc,heap     ] GC(7) Soft Max Capacity: 4096M(100%)
[89.190s][info][gc,heap     ] GC(7)                Mark Start          Mark End        Relocate Start      Relocate End           High               Low         
[89.195s][info][gc,heap     ] GC(7)  Capacity:     2188M (53%)        2188M (53%)        2188M (53%)        2188M (53%)        2188M (53%)        2188M (53%)    
[89.200s][info][gc,heap     ] GC(7)      Free:     2986M (73%)        2914M (71%)        3568M (87%)        3670M (90%)        3670M (90%)        2912M (71%)    
[89.202s][info][gc,heap     ] GC(7)      Used:     1110M (27%)        1182M (29%)         528M (13%)         426M (10%)        1184M (29%)         426M (10%)    
[89.205s][info][gc,heap     ] GC(7)      Live:         -               296M (7%)          296M (7%)          296M (7%)             -                  -          
[89.207s][info][gc,heap     ] GC(7) Allocated:         -                72M (2%)           86M (2%)           85M (2%)             -                  -          
[89.209s][info][gc,heap     ] GC(7)   Garbage:         -               813M (20%)         145M (4%)           43M (1%)             -                  -          
[89.211s][info][gc,heap     ] GC(7) Reclaimed:         -                  -               668M (16%)         769M (19%)            -                  -          
[89.214s][info][gc          ] GC(7) Garbage Collection (Allocation Rate) 1110M(27%)->426M(10%)
[90.181s][info][gc,stats    ] === Garbage Collection Statistics =======================================================================================================================
[90.187s][info][gc,stats    ]                                                              Last 10s              Last 10m              Last 10h                Total
[90.190s][info][gc,stats    ]                                                              Avg / Max             Avg / Max             Avg / Max             Avg / Max
[90.193s][info][gc,stats    ]   Collector: Garbage Collection Cycle                   1341.847 / 1430.230   1938.868 / 3109.924   1938.868 / 3109.924   1938.868 / 3109.924    ms
[90.196s][info][gc,stats    ]  Contention: Mark Segment Reset Contention                     0 / 0                 0 / 2                 0 / 2                 0 / 2           ops/s
[90.198s][info][gc,stats    ]  Contention: Mark SeqNum Reset Contention                      0 / 0                 0 / 0                 0 / 0                 0 / 0           ops/s
[90.200s][info][gc,stats    ]    Critical: Allocation Stall                                  0 / 0                 0 / 0                 0 / 0                 0 / 0           ops/s
[90.203s][info][gc,stats    ]    Critical: Allocation Stall                              0.000 / 0.000         0.000 / 0.000         0.000 / 0.000         0.000 / 0.000       ms
[90.206s][info][gc,stats    ]    Critical: GC Locker Stall                                   0 / 0                 0 / 1                 0 / 1                 0 / 1           ops/s
[90.209s][info][gc,stats    ]    Critical: GC Locker Stall                               0.000 / 0.000         3.174 / 3.174         3.174 / 3.174         3.174 / 3.174       ms
[90.212s][info][gc,stats    ]    Critical: Relocation Stall                                  0 / 0                 0 / 0                 0 / 0                 0 / 0           ops/s
[90.214s][info][gc,stats    ]    Critical: Relocation Stall                              0.000 / 0.000         0.000 / 0.000         0.000 / 0.000         0.000 / 0.000       ms
[90.216s][info][gc,stats    ]      Memory: Allocation Rate                                 117 / 500              58 / 500              58 / 500              58 / 500         MB/s
[90.219s][info][gc,stats    ]      Memory: Out Of Memory                                     0 / 0                 0 / 0                 0 / 0                 0 / 0           ops/s
[90.221s][info][gc,stats    ]      Memory: Page Cache Flush                                  0 / 0                 0 / 0                 0 / 0                 0 / 0           MB/s
[90.225s][info][gc,stats    ]      Memory: Page Cache Hit L1                                15 / 48               11 / 193              11 / 193              11 / 193         ops/s
[90.228s][info][gc,stats    ]      Memory: Page Cache Hit L2                                 0 / 0                 0 / 0                 0 / 0                 0 / 0           ops/s
[90.230s][info][gc,stats    ]      Memory: Page Cache Hit L3                                 0 / 0                 1 / 38                1 / 38                1 / 38          ops/s
[90.240s][info][gc,stats    ]      Memory: Page Cache Miss                                   1 / 11                5 / 64                5 / 64                5 / 64          ops/s
[90.242s][info][gc,stats    ]      Memory: Uncommit                                          0 / 0                 0 / 0                 0 / 0                 0 / 0           MB/s
[90.244s][info][gc,stats    ]      Memory: Undo Object Allocation Failed                     0 / 0                 0 / 0                 0 / 0                 0 / 0           ops/s
[90.250s][info][gc,stats    ]      Memory: Undo Object Allocation Succeeded                  0 / 0                 0 / 8                 0 / 8                 0 / 8           ops/s
[90.256s][info][gc,stats    ]      Memory: Undo Page Allocation                              0 / 0                 1 / 18                1 / 18                1 / 18          ops/s
[90.259s][info][gc,stats    ]       Phase: Concurrent Mark                            1087.687 / 1106.663   1558.281 / 2705.089   1558.281 / 2705.089   1558.281 / 2705.089    ms
[90.262s][info][gc,stats    ]       Phase: Concurrent Mark Continue                      0.000 / 0.000         0.000 / 0.000         0.000 / 0.000         0.000 / 0.000       ms
[90.265s][info][gc,stats    ]       Phase: Concurrent Mark Free                          0.005 / 0.005         0.004 / 0.005         0.004 / 0.005         0.004 / 0.005       ms
[90.272s][info][gc,stats    ]       Phase: Concurrent Process Non-Strong References    121.712 / 164.975      94.043 / 164.975      94.043 / 164.975      94.043 / 164.975     ms
[90.276s][info][gc,stats    ]       Phase: Concurrent Relocate                          24.856 / 42.153      147.272 / 582.871     147.272 / 582.871     147.272 / 582.871     ms
[90.281s][info][gc,stats    ]       Phase: Concurrent Reset Relocation Set               0.019 / 0.020         0.054 / 0.240         0.054 / 0.240         0.054 / 0.240       ms
[90.284s][info][gc,stats    ]       Phase: Concurrent Select Relocation Set             27.217 / 28.077       48.744 / 201.716      48.744 / 201.716      48.744 / 201.716     ms
[90.286s][info][gc,stats    ]       Phase: Pause Mark End                                0.047 / 0.050         0.341 / 2.453         0.341 / 2.453         0.341 / 2.453       ms
[90.289s][info][gc,stats    ]       Phase: Pause Mark Start                              0.021 / 0.023         0.028 / 0.089         0.028 / 0.089         0.028 / 0.089       ms
[90.291s][info][gc,stats    ]       Phase: Pause Relocate Start                          0.019 / 0.021         0.018 / 0.021         0.018 / 0.021         0.018 / 0.021       ms
[90.293s][info][gc,stats    ]    Subphase: Concurrent Classes Purge                      3.734 / 4.498         3.166 / 6.507         3.166 / 6.507         3.166 / 6.507       ms
[90.295s][info][gc,stats    ]    Subphase: Concurrent Classes Unlink                    67.949 / 72.851       57.642 / 114.642      57.642 / 114.642      57.642 / 114.642     ms
[90.297s][info][gc,stats    ]    Subphase: Concurrent Mark                            1053.037 / 1073.517   1527.347 / 2701.216   1527.347 / 2701.216   1527.347 / 2701.216    ms
[90.300s][info][gc,stats    ]    Subphase: Concurrent Mark Try Flush                     8.148 / 21.974       11.579 / 52.141       11.579 / 52.141       11.579 / 52.141      ms
[90.302s][info][gc,stats    ]    Subphase: Concurrent Mark Try Terminate                 2.376 / 10.404        2.280 / 52.146        2.280 / 52.146        2.280 / 52.146      ms
[90.309s][info][gc,stats    ]    Subphase: Concurrent References Enqueue                 0.072 / 0.076         0.059 / 0.116         0.059 / 0.116         0.059 / 0.116       ms
[90.311s][info][gc,stats    ]    Subphase: Concurrent References Process                 4.337 / 5.623         2.212 / 5.623         2.212 / 5.623         2.212 / 5.623       ms
[90.313s][info][gc,stats    ]    Subphase: Concurrent Roots ClassLoaderDataGraph         1.312 / 3.004         2.969 / 24.725        2.969 / 24.725        2.969 / 24.725      ms
[90.316s][info][gc,stats    ]    Subphase: Concurrent Roots CodeCache                    0.000 / 0.000         0.000 / 0.000         0.000 / 0.000         0.000 / 0.000       ms
[90.318s][info][gc,stats    ]    Subphase: Concurrent Roots JavaThreads                 25.453 / 28.161       19.360 / 41.039       19.360 / 41.039       19.360 / 41.039      ms
[90.320s][info][gc,stats    ]    Subphase: Concurrent Roots OopStorageSet                0.169 / 0.210         0.146 / 0.246         0.146 / 0.246         0.146 / 0.246       ms
[90.323s][info][gc,stats    ]    Subphase: Concurrent Weak Roots OopStorageSet           5.531 / 10.321        5.088 / 13.167        5.088 / 13.167        5.088 / 13.167      ms
[90.327s][info][gc,stats    ]    Subphase: Pause Mark Try Complete                       0.000 / 0.000         0.004 / 0.008         0.004 / 0.008         0.004 / 0.008       ms
[90.328s][info][gc,stats    ]      System: Java Threads                                     87 / 88               68 / 88               68 / 88               68 / 88          threads
[90.330s][info][gc,stats    ] =========================================================================================================================================================
[95.885s][info][gc,start    ] GC(8) Garbage Collection (Allocation Rate)
[95.894s][info][gc,task     ] GC(8) Using 2 workers
[95.904s][info][gc,phases   ] GC(8) Pause Mark Start 0.021ms
[96.463s][info][gc,phases   ] GC(8) Concurrent Mark 555.198ms
[96.467s][info][gc,phases   ] GC(8) Pause Mark End 0.038ms
[96.469s][info][gc,phases   ] GC(8) Concurrent Mark Free 0.003ms
[96.525s][info][gc,phases   ] GC(8) Concurrent Process Non-Strong References 47.480ms
[96.528s][info][gc,phases   ] GC(8) Concurrent Reset Relocation Set 0.019ms
[96.537s][info][gc,phases   ] GC(8) Concurrent Select Relocation Set 7.725ms
[96.541s][info][gc,phases   ] GC(8) Pause Relocate Start 0.017ms
[96.586s][info][gc,phases   ] GC(8) Concurrent Relocate 40.435ms
[96.592s][info][gc,load     ] GC(8) Load: 12.59/7.46/5.34
[96.620s][info][gc,mmu      ] GC(8) MMU: 2ms/0.0%, 5ms/50.9%, 10ms/75.5%, 20ms/87.7%, 50ms/95.1%, 100ms/97.5%
[96.628s][info][gc,marking  ] GC(8) Mark: 2 stripe(s), 3 proactive flush(es), 1 terminate flush(es), 0 completion(s), 0 continuation(s) 
[96.632s][info][gc,marking  ] GC(8) Mark Stack Usage: 32M
[96.634s][info][gc,nmethod  ] GC(8) NMethods: 6555 registered, 0 unregistered
[96.636s][info][gc,metaspace] GC(8) Metaspace: 52M used, 52M committed, 1072M reserved
[96.638s][info][gc,ref      ] GC(8) Soft: 5016 encountered, 0 discovered, 0 enqueued
[96.641s][info][gc,ref      ] GC(8) Weak: 3163 encountered, 1353 discovered, 3 enqueued
[96.643s][info][gc,ref      ] GC(8) Final: 84 encountered, 3 discovered, 1 enqueued
[96.645s][info][gc,ref      ] GC(8) Phantom: 490 encountered, 317 discovered, 0 enqueued
[96.649s][info][gc,reloc    ] GC(8) Small Pages: 119 / 238M, Empty: 30M, Relocated: 4M, In-Place: 0
[96.652s][info][gc,reloc    ] GC(8) Medium Pages: 1 / 32M, Empty: 0M, Relocated: 0M, In-Place: 0
[96.654s][info][gc,reloc    ] GC(8) Large Pages: 57 / 754M, Empty: 570M, Relocated: 0M, In-Place: 0
[96.662s][info][gc,reloc    ] GC(8) Forwarding Usage: 1M
[96.678s][info][gc,heap     ] GC(8) Min Capacity: 256M(6%)
[96.681s][info][gc,heap     ] GC(8) Max Capacity: 4096M(100%)
[96.724s][info][gc,heap     ] GC(8) Soft Max Capacity: 4096M(100%)
[96.726s][info][gc,heap     ] GC(8)                Mark Start          Mark End        Relocate Start      Relocate End           High               Low         
[96.730s][info][gc,heap     ] GC(8)  Capacity:     2188M (53%)        2188M (53%)        2188M (53%)        2188M (53%)        2188M (53%)        2188M (53%)    
[96.732s][info][gc,heap     ] GC(8)      Free:     3072M (75%)        2976M (73%)        3574M (87%)        3674M (90%)        3674M (90%)        2974M (73%)    
[96.737s][info][gc,heap     ] GC(8)      Used:     1024M (25%)        1120M (27%)         522M (13%)         422M (10%)        1122M (27%)         422M (10%)    
[96.742s][info][gc,heap     ] GC(8)      Live:         -               278M (7%)          278M (7%)          278M (7%)             -                  -          
[96.753s][info][gc,heap     ] GC(8) Allocated:         -                96M (2%)           98M (2%)           99M (2%)             -                  -          
[96.756s][info][gc,heap     ] GC(8)   Garbage:         -               745M (18%)         145M (4%)           43M (1%)             -                  -          
[96.762s][info][gc,heap     ] GC(8) Reclaimed:         -                  -               600M (15%)         701M (17%)            -                  -          
[96.764s][info][gc          ] GC(8) Garbage Collection (Allocation Rate) 1024M(25%)->422M(10%)
[100.180s][info][gc,stats    ] === Garbage Collection Statistics =======================================================================================================================
[100.181s][info][gc,stats    ]                                                              Last 10s              Last 10m              Last 10h                Total
[100.182s][info][gc,stats    ]                                                              Avg / Max             Avg / Max             Avg / Max             Avg / Max
[100.184s][info][gc,stats    ]   Collector: Garbage Collection Cycle                    706.347 / 706.347    1801.921 / 3109.924   1801.921 / 3109.924   1801.921 / 3109.924    ms
[100.185s][info][gc,stats    ]  Contention: Mark Segment Reset Contention                     0 / 0                 0 / 2                 0 / 2                 0 / 2           ops/s
[100.190s][info][gc,stats    ]  Contention: Mark SeqNum Reset Contention                      0 / 0                 0 / 0                 0 / 0                 0 / 0           ops/s
[100.193s][info][gc,stats    ]    Critical: Allocation Stall                                  0 / 0                 0 / 0                 0 / 0                 0 / 0           ops/s
[100.195s][info][gc,stats    ]    Critical: Allocation Stall                              0.000 / 0.000         0.000 / 0.000         0.000 / 0.000         0.000 / 0.000       ms
[100.197s][info][gc,stats    ]    Critical: GC Locker Stall                                   0 / 0                 0 / 1                 0 / 1                 0 / 1           ops/s
[100.199s][info][gc,stats    ]    Critical: GC Locker Stall                               0.000 / 0.000         3.174 / 3.174         3.174 / 3.174         3.174 / 3.174       ms
[100.200s][info][gc,stats    ]    Critical: Relocation Stall                                  0 / 0                 0 / 0                 0 / 0                 0 / 0           ops/s
[100.202s][info][gc,stats    ]    Critical: Relocation Stall                              0.000 / 0.000         0.000 / 0.000         0.000 / 0.000         0.000 / 0.000       ms
[100.204s][info][gc,stats    ]      Memory: Allocation Rate                                  77 / 490              60 / 500              60 / 500              60 / 500         MB/s
[100.205s][info][gc,stats    ]      Memory: Out Of Memory                                     0 / 0                 0 / 0                 0 / 0                 0 / 0           ops/s
[100.207s][info][gc,stats    ]      Memory: Page Cache Flush                                  0 / 0                 0 / 0                 0 / 0                 0 / 0           MB/s
[100.210s][info][gc,stats    ]      Memory: Page Cache Hit L1                                14 / 43               11 / 193              11 / 193              11 / 193         ops/s
[100.215s][info][gc,stats    ]      Memory: Page Cache Hit L2                                 0 / 0                 0 / 0                 0 / 0                 0 / 0           ops/s
[100.216s][info][gc,stats    ]      Memory: Page Cache Hit L3                                 0 / 0                 1 / 38                1 / 38                1 / 38          ops/s
[100.219s][info][gc,stats    ]      Memory: Page Cache Miss                                   0 / 0                 4 / 64                4 / 64                4 / 64          ops/s
[100.221s][info][gc,stats    ]      Memory: Uncommit                                          0 / 0                 0 / 0                 0 / 0                 0 / 0           MB/s
[100.222s][info][gc,stats    ]      Memory: Undo Object Allocation Failed                     0 / 0                 0 / 0                 0 / 0                 0 / 0           ops/s
[100.224s][info][gc,stats    ]      Memory: Undo Object Allocation Succeeded                  0 / 0                 0 / 8                 0 / 8                 0 / 8           ops/s
[100.225s][info][gc,stats    ]      Memory: Undo Page Allocation                              0 / 0                 1 / 18                1 / 18                1 / 18          ops/s
[100.227s][info][gc,stats    ]       Phase: Concurrent Mark                             555.198 / 555.198    1446.828 / 2705.089   1446.828 / 2705.089   1446.828 / 2705.089    ms
[100.230s][info][gc,stats    ]       Phase: Concurrent Mark Continue                      0.000 / 0.000         0.000 / 0.000         0.000 / 0.000         0.000 / 0.000       ms
[100.231s][info][gc,stats    ]       Phase: Concurrent Mark Free                          0.003 / 0.003         0.004 / 0.005         0.004 / 0.005         0.004 / 0.005       ms
[100.233s][info][gc,stats    ]       Phase: Concurrent Process Non-Strong References     47.480 / 47.480       88.869 / 164.975      88.869 / 164.975      88.869 / 164.975     ms
[100.234s][info][gc,stats    ]       Phase: Concurrent Relocate                          40.435 / 40.435      135.401 / 582.871     135.401 / 582.871     135.401 / 582.871     ms
[100.235s][info][gc,stats    ]       Phase: Concurrent Reset Relocation Set               0.019 / 0.019         0.050 / 0.240         0.050 / 0.240         0.050 / 0.240       ms
[100.237s][info][gc,stats    ]       Phase: Concurrent Select Relocation Set              7.725 / 7.725        44.186 / 201.716      44.186 / 201.716      44.186 / 201.716     ms
[100.239s][info][gc,stats    ]       Phase: Pause Mark End                                0.038 / 0.038         0.308 / 2.453         0.308 / 2.453         0.308 / 2.453       ms
[100.241s][info][gc,stats    ]       Phase: Pause Mark Start                              0.021 / 0.021         0.027 / 0.089         0.027 / 0.089         0.027 / 0.089       ms
[100.243s][info][gc,stats    ]       Phase: Pause Relocate Start                          0.017 / 0.017         0.018 / 0.021         0.018 / 0.021         0.018 / 0.021       ms
[100.244s][info][gc,stats    ]    Subphase: Concurrent Classes Purge                      1.401 / 1.401         2.970 / 6.507         2.970 / 6.507         2.970 / 6.507       ms
[100.246s][info][gc,stats    ]    Subphase: Concurrent Classes Unlink                    40.495 / 40.495       55.736 / 114.642      55.736 / 114.642      55.736 / 114.642     ms
[100.248s][info][gc,stats    ]    Subphase: Concurrent Mark                             521.057 / 521.248    1415.537 / 2701.216   1415.537 / 2701.216   1415.537 / 2701.216    ms
[100.249s][info][gc,stats    ]    Subphase: Concurrent Mark Try Flush                     1.259 / 4.007        10.662 / 52.141       10.662 / 52.141       10.662 / 52.141      ms
[100.251s][info][gc,stats    ]    Subphase: Concurrent Mark Try Terminate                 0.819 / 1.546         2.259 / 52.146        2.259 / 52.146        2.259 / 52.146      ms
[100.262s][info][gc,stats    ]    Subphase: Concurrent References Enqueue                 0.228 / 0.228         0.078 / 0.228         0.078 / 0.228         0.078 / 0.228       ms
[100.270s][info][gc,stats    ]    Subphase: Concurrent References Process                 0.793 / 0.793         2.054 / 5.623         2.054 / 5.623         2.054 / 5.623       ms
[100.271s][info][gc,stats    ]    Subphase: Concurrent Roots ClassLoaderDataGraph         1.090 / 1.090         2.844 / 24.725        2.844 / 24.725        2.844 / 24.725      ms
[100.274s][info][gc,stats    ]    Subphase: Concurrent Roots CodeCache                    0.000 / 0.000         0.000 / 0.000         0.000 / 0.000         0.000 / 0.000       ms
[100.278s][info][gc,stats    ]    Subphase: Concurrent Roots JavaThreads                 29.112 / 29.703       20.443 / 41.039       20.443 / 41.039       20.443 / 41.039      ms
[100.283s][info][gc,stats    ]    Subphase: Concurrent Roots OopStorageSet                0.322 / 0.322         0.164 / 0.322         0.164 / 0.322         0.164 / 0.322       ms
[100.285s][info][gc,stats    ]    Subphase: Concurrent Weak Roots OopStorageSet           1.621 / 1.647         4.703 / 13.167        4.703 / 13.167        4.703 / 13.167      ms
[100.288s][info][gc,stats    ]    Subphase: Pause Mark Try Complete                       0.000 / 0.000         0.004 / 0.008         0.004 / 0.008         0.004 / 0.008       ms
[100.291s][info][gc,stats    ]      System: Java Threads                                     86 / 86               70 / 88               70 / 88               70 / 88          threads
[100.293s][info][gc,stats    ] =========================================================================================================================================================
[106.779s][info][gc,start    ] GC(9) Garbage Collection (Allocation Rate)
[106.781s][info][gc,task     ] GC(9) Using 2 workers
[106.783s][info][gc,phases   ] GC(9) Pause Mark Start 0.016ms
[107.051s][info][gc,phases   ] GC(9) Concurrent Mark 265.979ms
[107.053s][info][gc,phases   ] GC(9) Pause Mark End 0.044ms
[107.055s][info][gc,phases   ] GC(9) Concurrent Mark Free 0.003ms
[107.077s][info][gc,phases   ] GC(9) Concurrent Process Non-Strong References 20.604ms
[107.079s][info][gc,phases   ] GC(9) Concurrent Reset Relocation Set 0.014ms
[107.085s][info][gc,phases   ] GC(9) Concurrent Select Relocation Set 4.173ms
[107.092s][info][gc,phases   ] GC(9) Pause Relocate Start 0.015ms
[107.098s][info][gc,phases   ] GC(9) Concurrent Relocate 3.480ms
[107.100s][info][gc,load     ] GC(9) Load: 11.22/7.42/5.36
[107.101s][info][gc,mmu      ] GC(9) MMU: 2ms/0.0%, 5ms/50.9%, 10ms/75.5%, 20ms/87.7%, 50ms/95.1%, 100ms/97.5%
[107.103s][info][gc,marking  ] GC(9) Mark: 2 stripe(s), 2 proactive flush(es), 1 terminate flush(es), 0 completion(s), 0 continuation(s) 
[107.104s][info][gc,marking  ] GC(9) Mark Stack Usage: 32M
[107.108s][info][gc,nmethod  ] GC(9) NMethods: 6668 registered, 0 unregistered
[107.111s][info][gc,metaspace] GC(9) Metaspace: 52M used, 52M committed, 1072M reserved
[107.113s][info][gc,ref      ] GC(9) Soft: 5016 encountered, 0 discovered, 0 enqueued
[107.115s][info][gc,ref      ] GC(9) Weak: 3142 encountered, 1742 discovered, 4 enqueued
[107.118s][info][gc,ref      ] GC(9) Final: 85 encountered, 3 discovered, 2 enqueued
[107.119s][info][gc,ref      ] GC(9) Phantom: 480 encountered, 280 discovered, 1 enqueued
[107.121s][info][gc,reloc    ] GC(9) Small Pages: 141 / 282M, Empty: 54M, Relocated: 3M, In-Place: 0
[107.122s][info][gc,reloc    ] GC(9) Medium Pages: 1 / 32M, Empty: 0M, Relocated: 0M, In-Place: 0
[107.124s][info][gc,reloc    ] GC(9) Large Pages: 64 / 850M, Empty: 816M, Relocated: 0M, In-Place: 0
[107.126s][info][gc,reloc    ] GC(9) Forwarding Usage: 0M
[107.127s][info][gc,heap     ] GC(9) Min Capacity: 256M(6%)
[107.128s][info][gc,heap     ] GC(9) Max Capacity: 4096M(100%)
[107.153s][info][gc,heap     ] GC(9) Soft Max Capacity: 4096M(100%)
[107.154s][info][gc,heap     ] GC(9)                Mark Start          Mark End        Relocate Start      Relocate End           High               Low         
[107.158s][info][gc,heap     ] GC(9)  Capacity:     2188M (53%)        2188M (53%)        2188M (53%)        2188M (53%)        2188M (53%)        2188M (53%)    
[107.159s][info][gc,heap     ] GC(9)      Free:     2932M (72%)        2912M (71%)        3782M (92%)        3902M (95%)        3902M (95%)        2912M (71%)    
[107.160s][info][gc,heap     ] GC(9)      Used:     1164M (28%)        1184M (29%)         314M (8%)          194M (5%)         1184M (29%)         194M (5%)     
[107.162s][info][gc,heap     ] GC(9)      Live:         -               128M (3%)          128M (3%)          128M (3%)             -                  -          
[107.164s][info][gc,heap     ] GC(9) Allocated:         -                20M (0%)           20M (0%)           19M (0%)             -                  -          
[107.165s][info][gc,heap     ] GC(9)   Garbage:         -              1035M (25%)         165M (4%)           45M (1%)             -                  -          
[107.166s][info][gc,heap     ] GC(9) Reclaimed:         -                  -               870M (21%)         989M (24%)            -                  -          
[107.168s][info][gc          ] GC(9) Garbage Collection (Allocation Rate) 1164M(28%)->194M(5%)
[107.179s][info][gc,start    ] GC(10) Garbage Collection (Allocation Rate)
[107.180s][info][gc,task     ] GC(10) Using 2 workers
[107.183s][info][gc,phases   ] GC(10) Pause Mark Start 0.013ms
[107.376s][info][gc,phases   ] GC(10) Concurrent Mark 190.579ms
[107.378s][info][gc,phases   ] GC(10) Pause Mark End 0.028ms
[107.380s][info][gc,phases   ] GC(10) Concurrent Mark Free 0.003ms
[107.401s][info][gc,phases   ] GC(10) Concurrent Process Non-Strong References 18.962ms
[107.402s][info][gc,phases   ] GC(10) Concurrent Reset Relocation Set 0.012ms
[107.407s][info][gc,phases   ] GC(10) Concurrent Select Relocation Set 3.198ms
[107.408s][info][gc,phases   ] GC(10) Pause Relocate Start 0.012ms
[107.413s][info][gc,phases   ] GC(10) Concurrent Relocate 3.999ms
[107.415s][info][gc,load     ] GC(10) Load: 11.22/7.42/5.36
[107.416s][info][gc,mmu      ] GC(10) MMU: 2ms/0.0%, 5ms/50.9%, 10ms/75.5%, 20ms/87.7%, 50ms/95.1%, 100ms/97.5%
[107.418s][info][gc,marking  ] GC(10) Mark: 2 stripe(s), 2 proactive flush(es), 1 terminate flush(es), 0 completion(s), 0 continuation(s) 
[107.419s][info][gc,marking  ] GC(10) Mark Stack Usage: 32M
[107.420s][info][gc,nmethod  ] GC(10) NMethods: 6671 registered, 0 unregistered
[107.422s][info][gc,metaspace] GC(10) Metaspace: 52M used, 52M committed, 1072M reserved
[107.423s][info][gc,ref      ] GC(10) Soft: 5016 encountered, 0 discovered, 0 enqueued
[107.425s][info][gc,ref      ] GC(10) Weak: 3153 encountered, 349 discovered, 0 enqueued
[107.426s][info][gc,ref      ] GC(10) Final: 84 encountered, 1 discovered, 1 enqueued
[107.428s][info][gc,ref      ] GC(10) Phantom: 479 encountered, 376 discovered, 0 enqueued
[107.430s][info][gc,reloc    ] GC(10) Small Pages: 64 / 128M, Empty: 0M, Relocated: 3M, In-Place: 0
[107.432s][info][gc,reloc    ] GC(10) Medium Pages: 1 / 32M, Empty: 0M, Relocated: 0M, In-Place: 0
[107.434s][info][gc,reloc    ] GC(10) Large Pages: 1 / 34M, Empty: 0M, Relocated: 0M, In-Place: 0
[107.435s][info][gc,reloc    ] GC(10) Forwarding Usage: 1M
[107.437s][info][gc,heap     ] GC(10) Min Capacity: 256M(6%)
[107.438s][info][gc,heap     ] GC(10) Max Capacity: 4096M(100%)
[107.439s][info][gc,heap     ] GC(10) Soft Max Capacity: 4096M(100%)
[107.441s][info][gc,heap     ] GC(10)                Mark Start          Mark End        Relocate Start      Relocate End           High               Low         
[107.443s][info][gc,heap     ] GC(10)  Capacity:     2188M (53%)        2188M (53%)        2188M (53%)        2188M (53%)        2188M (53%)        2188M (53%)    
[107.444s][info][gc,heap     ] GC(10)      Free:     3902M (95%)        3886M (95%)        3886M (95%)        3908M (95%)        3908M (95%)        3884M (95%)    
[107.446s][info][gc,heap     ] GC(10)      Used:      194M (5%)          210M (5%)          210M (5%)          188M (5%)          212M (5%)          188M (5%)     
[107.449s][info][gc,heap     ] GC(10)      Live:         -               128M (3%)          128M (3%)          128M (3%)             -                  -          
[107.450s][info][gc,heap     ] GC(10) Allocated:         -                16M (0%)           16M (0%)           15M (0%)             -                  -          
[107.452s][info][gc,heap     ] GC(10)   Garbage:         -                65M (2%)           65M (2%)           43M (1%)             -                  -          
[107.453s][info][gc,heap     ] GC(10) Reclaimed:         -                  -                 0M (0%)           21M (1%)             -                  -          
[107.455s][info][gc          ] GC(10) Garbage Collection (Allocation Rate) 194M(5%)->188M(5%)
[110.180s][info][gc,stats    ] === Garbage Collection Statistics =======================================================================================================================
[110.182s][info][gc,stats    ]                                                              Last 10s              Last 10m              Last 10h                Total
[110.183s][info][gc,stats    ]                                                              Avg / Max             Avg / Max             Avg / Max             Avg / Max
[110.187s][info][gc,stats    ]   Collector: Garbage Collection Cycle                    278.016 / 319.964    1524.848 / 3109.924   1524.848 / 3109.924   1524.848 / 3109.924    ms
[110.188s][info][gc,stats    ]  Contention: Mark Segment Reset Contention                     0 / 0                 0 / 2                 0 / 2                 0 / 2           ops/s
[110.190s][info][gc,stats    ]  Contention: Mark SeqNum Reset Contention                      0 / 0                 0 / 0                 0 / 0                 0 / 0           ops/s
[110.191s][info][gc,stats    ]    Critical: Allocation Stall                                  0 / 0                 0 / 0                 0 / 0                 0 / 0           ops/s
[110.192s][info][gc,stats    ]    Critical: Allocation Stall                              0.000 / 0.000         0.000 / 0.000         0.000 / 0.000         0.000 / 0.000       ms
[110.194s][info][gc,stats    ]    Critical: GC Locker Stall                                   0 / 0                 0 / 1                 0 / 1                 0 / 1           ops/s
[110.195s][info][gc,stats    ]    Critical: GC Locker Stall                               0.000 / 0.000         3.174 / 3.174         3.174 / 3.174         3.174 / 3.174       ms
[110.196s][info][gc,stats    ]    Critical: Relocation Stall                                  0 / 0                 0 / 0                 0 / 0                 0 / 0           ops/s
[110.197s][info][gc,stats    ]    Critical: Relocation Stall                              0.000 / 0.000         0.000 / 0.000         0.000 / 0.000         0.000 / 0.000       ms
[110.198s][info][gc,stats    ]      Memory: Allocation Rate                                  75 / 508              62 / 508              62 / 508              62 / 508         MB/s
[110.200s][info][gc,stats    ]      Memory: Out Of Memory                                     0 / 0                 0 / 0                 0 / 0                 0 / 0           ops/s
[110.201s][info][gc,stats    ]      Memory: Page Cache Flush                                  0 / 0                 0 / 0                 0 / 0                 0 / 0           MB/s
[110.202s][info][gc,stats    ]      Memory: Page Cache Hit L1                                13 / 47               12 / 193              12 / 193              12 / 193         ops/s
[110.203s][info][gc,stats    ]      Memory: Page Cache Hit L2                                 0 / 0                 0 / 0                 0 / 0                 0 / 0           ops/s
[110.205s][info][gc,stats    ]      Memory: Page Cache Hit L3                                 0 / 0                 1 / 38                1 / 38                1 / 38          ops/s
[110.206s][info][gc,stats    ]      Memory: Page Cache Miss                                   0 / 0                 4 / 64                4 / 64                4 / 64          ops/s
[110.208s][info][gc,stats    ]      Memory: Uncommit                                          0 / 0                 0 / 0                 0 / 0                 0 / 0           MB/s
[110.209s][info][gc,stats    ]      Memory: Undo Object Allocation Failed                     0 / 0                 0 / 0                 0 / 0                 0 / 0           ops/s
[110.210s][info][gc,stats    ]      Memory: Undo Object Allocation Succeeded                  0 / 0                 0 / 8                 0 / 8                 0 / 8           ops/s
[110.211s][info][gc,stats    ]      Memory: Undo Page Allocation                              0 / 0                 0 / 18                0 / 18                0 / 18          ops/s
[110.212s][info][gc,stats    ]       Phase: Concurrent Mark                             228.279 / 265.979    1225.273 / 2705.089   1225.273 / 2705.089   1225.273 / 2705.089    ms
[110.213s][info][gc,stats    ]       Phase: Concurrent Mark Continue                      0.000 / 0.000         0.000 / 0.000         0.000 / 0.000         0.000 / 0.000       ms
[110.214s][info][gc,stats    ]       Phase: Concurrent Mark Free                          0.003 / 0.003         0.004 / 0.005         0.004 / 0.005         0.004 / 0.005       ms
[110.216s][info][gc,stats    ]       Phase: Concurrent Process Non-Strong References     19.783 / 20.604       76.308 / 164.975      76.308 / 164.975      76.308 / 164.975     ms
[110.218s][info][gc,stats    ]       Phase: Concurrent Relocate                           3.739 / 3.999       111.462 / 582.871     111.462 / 582.871     111.462 / 582.871     ms
[110.220s][info][gc,stats    ]       Phase: Concurrent Reset Relocation Set               0.013 / 0.014         0.043 / 0.240         0.043 / 0.240         0.043 / 0.240       ms
[110.221s][info][gc,stats    ]       Phase: Concurrent Select Relocation Set              3.686 / 4.173        36.823 / 201.716      36.823 / 201.716      36.823 / 201.716     ms
[110.222s][info][gc,stats    ]       Phase: Pause Mark End                                0.036 / 0.044         0.258 / 2.453         0.258 / 2.453         0.258 / 2.453       ms
[110.224s][info][gc,stats    ]       Phase: Pause Mark Start                              0.014 / 0.016         0.025 / 0.089         0.025 / 0.089         0.025 / 0.089       ms
[110.227s][info][gc,stats    ]       Phase: Pause Relocate Start                          0.014 / 0.015         0.017 / 0.021         0.017 / 0.021         0.017 / 0.021       ms
[110.230s][info][gc,stats    ]    Subphase: Concurrent Classes Purge                      0.979 / 1.391         2.608 / 6.507         2.608 / 6.507         2.608 / 6.507       ms
[110.231s][info][gc,stats    ]    Subphase: Concurrent Classes Unlink                    15.409 / 15.824       48.404 / 114.642      48.404 / 114.642      48.404 / 114.642     ms
[110.233s][info][gc,stats    ]    Subphase: Concurrent Mark                             222.244 / 258.971    1198.574 / 2701.216   1198.574 / 2701.216   1198.574 / 2701.216    ms
[110.258s][info][gc,stats    ]    Subphase: Concurrent Mark Try Flush                     0.333 / 0.562         9.447 / 52.141        9.447 / 52.141        9.447 / 52.141      ms
[110.259s][info][gc,stats    ]    Subphase: Concurrent Mark Try Terminate                 0.501 / 1.301         2.222 / 52.146        2.222 / 52.146        2.222 / 52.146      ms
[110.261s][info][gc,stats    ]    Subphase: Concurrent References Enqueue                 0.007 / 0.007         0.065 / 0.228         0.065 / 0.228         0.065 / 0.228       ms
[110.262s][info][gc,stats    ]    Subphase: Concurrent References Process                 0.697 / 1.019         1.808 / 5.623         1.808 / 5.623         1.808 / 5.623       ms
[110.263s][info][gc,stats    ]    Subphase: Concurrent Roots ClassLoaderDataGraph         0.472 / 0.605         2.448 / 24.725        2.448 / 24.725        2.448 / 24.725      ms
[110.266s][info][gc,stats    ]    Subphase: Concurrent Roots CodeCache                    0.000 / 0.000         0.000 / 0.000         0.000 / 0.000         0.000 / 0.000       ms
[110.271s][info][gc,stats    ]    Subphase: Concurrent Roots JavaThreads                  3.538 / 4.792        17.370 / 41.039       17.370 / 41.039       17.370 / 41.039      ms
[110.273s][info][gc,stats    ]    Subphase: Concurrent Roots OopStorageSet                0.081 / 0.149         0.144 / 0.322         0.144 / 0.322         0.144 / 0.322       ms
[110.275s][info][gc,stats    ]    Subphase: Concurrent Weak Roots OopStorageSet           1.624 / 1.687         4.143 / 13.167        4.143 / 13.167        4.143 / 13.167      ms
[110.282s][info][gc,stats    ]    Subphase: Pause Mark Try Complete                       0.000 / 0.000         0.004 / 0.008         0.004 / 0.008         0.004 / 0.008       ms
[110.285s][info][gc,stats    ]      System: Java Threads                                     76 / 76               71 / 88               71 / 88               71 / 88          threads
[110.288s][info][gc,stats    ] =========================================================================================================================================================
[120.180s][info][gc,stats    ] === Garbage Collection Statistics =======================================================================================================================
[120.181s][info][gc,stats    ]                                                              Last 10s              Last 10m              Last 10h                Total
[120.182s][info][gc,stats    ]                                                              Avg / Max             Avg / Max             Avg / Max             Avg / Max
[120.183s][info][gc,stats    ]   Collector: Garbage Collection Cycle                      0.000 / 0.000      1524.848 / 3109.924   1524.848 / 3109.924   1524.848 / 3109.924    ms
[120.186s][info][gc,stats    ]  Contention: Mark Segment Reset Contention                     0 / 0                 0 / 2                 0 / 2                 0 / 2           ops/s
[120.187s][info][gc,stats    ]  Contention: Mark SeqNum Reset Contention                      0 / 0                 0 / 0                 0 / 0                 0 / 0           ops/s
[120.189s][info][gc,stats    ]    Critical: Allocation Stall                                  0 / 0                 0 / 0                 0 / 0                 0 / 0           ops/s
[120.190s][info][gc,stats    ]    Critical: Allocation Stall                              0.000 / 0.000         0.000 / 0.000         0.000 / 0.000         0.000 / 0.000       ms
[120.192s][info][gc,stats    ]    Critical: GC Locker Stall                                   0 / 0                 0 / 1                 0 / 1                 0 / 1           ops/s
[120.195s][info][gc,stats    ]    Critical: GC Locker Stall                               0.000 / 0.000         3.174 / 3.174         3.174 / 3.174         3.174 / 3.174       ms
[120.200s][info][gc,stats    ]    Critical: Relocation Stall                                  0 / 0                 0 / 0                 0 / 0                 0 / 0           ops/s
[120.203s][info][gc,stats    ]    Critical: Relocation Stall                              0.000 / 0.000         0.000 / 0.000         0.000 / 0.000         0.000 / 0.000       ms
[120.208s][info][gc,stats    ]      Memory: Allocation Rate                                  72 / 490              62 / 508              62 / 508              62 / 508         MB/s
[120.210s][info][gc,stats    ]      Memory: Out Of Memory                                     0 / 0                 0 / 0                 0 / 0                 0 / 0           ops/s
[120.214s][info][gc,stats    ]      Memory: Page Cache Flush                                  0 / 0                 0 / 0                 0 / 0                 0 / 0           MB/s
[120.216s][info][gc,stats    ]      Memory: Page Cache Hit L1                                11 / 35               11 / 193              11 / 193              11 / 193         ops/s
[120.220s][info][gc,stats    ]      Memory: Page Cache Hit L2                                 0 / 0                 0 / 0                 0 / 0                 0 / 0           ops/s
[120.223s][info][gc,stats    ]      Memory: Page Cache Hit L3                                 0 / 0                 1 / 38                1 / 38                1 / 38          ops/s
[120.231s][info][gc,stats    ]      Memory: Page Cache Miss                                   0 / 0                 4 / 64                4 / 64                4 / 64          ops/s
[120.233s][info][gc,stats    ]      Memory: Uncommit                                          0 / 0                 0 / 0                 0 / 0                 0 / 0           MB/s
[120.236s][info][gc,stats    ]      Memory: Undo Object Allocation Failed                     0 / 0                 0 / 0                 0 / 0                 0 / 0           ops/s
[120.238s][info][gc,stats    ]      Memory: Undo Object Allocation Succeeded                  0 / 0                 0 / 8                 0 / 8                 0 / 8           ops/s
[120.239s][info][gc,stats    ]      Memory: Undo Page Allocation                              0 / 0                 0 / 18                0 / 18                0 / 18          ops/s
[120.243s][info][gc,stats    ]       Phase: Concurrent Mark                               0.000 / 0.000      1225.273 / 2705.089   1225.273 / 2705.089   1225.273 / 2705.089    ms
[120.245s][info][gc,stats    ]       Phase: Concurrent Mark Continue                      0.000 / 0.000         0.000 / 0.000         0.000 / 0.000         0.000 / 0.000       ms
[120.248s][info][gc,stats    ]       Phase: Concurrent Mark Free                          0.000 / 0.000         0.004 / 0.005         0.004 / 0.005         0.004 / 0.005       ms
[120.250s][info][gc,stats    ]       Phase: Concurrent Process Non-Strong References      0.000 / 0.000        76.308 / 164.975      76.308 / 164.975      76.308 / 164.975     ms
[120.251s][info][gc,stats    ]       Phase: Concurrent Relocate                           0.000 / 0.000       111.462 / 582.871     111.462 / 582.871     111.462 / 582.871     ms
[120.253s][info][gc,stats    ]       Phase: Concurrent Reset Relocation Set               0.000 / 0.000         0.043 / 0.240         0.043 / 0.240         0.043 / 0.240       ms
[120.254s][info][gc,stats    ]       Phase: Concurrent Select Relocation Set              0.000 / 0.000        36.823 / 201.716      36.823 / 201.716      36.823 / 201.716     ms
[120.256s][info][gc,stats    ]       Phase: Pause Mark End                                0.000 / 0.000         0.258 / 2.453         0.258 / 2.453         0.258 / 2.453       ms
[120.257s][info][gc,stats    ]       Phase: Pause Mark Start                              0.000 / 0.000         0.025 / 0.089         0.025 / 0.089         0.025 / 0.089       ms
[120.259s][info][gc,stats    ]       Phase: Pause Relocate Start                          0.000 / 0.000         0.017 / 0.021         0.017 / 0.021         0.017 / 0.021       ms
[120.261s][info][gc,stats    ]    Subphase: Concurrent Classes Purge                      0.000 / 0.000         2.608 / 6.507         2.608 / 6.507         2.608 / 6.507       ms
[120.262s][info][gc,stats    ]    Subphase: Concurrent Classes Unlink                     0.000 / 0.000        48.404 / 114.642      48.404 / 114.642      48.404 / 114.642     ms
[120.264s][info][gc,stats    ]    Subphase: Concurrent Mark                               0.000 / 0.000      1198.574 / 2701.216   1198.574 / 2701.216   1198.574 / 2701.216    ms
[120.265s][info][gc,stats    ]    Subphase: Concurrent Mark Try Flush                     0.000 / 0.000         9.447 / 52.141        9.447 / 52.141        9.447 / 52.141      ms
[120.267s][info][gc,stats    ]    Subphase: Concurrent Mark Try Terminate                 0.000 / 0.000         2.222 / 52.146        2.222 / 52.146        2.222 / 52.146      ms
[120.269s][info][gc,stats    ]    Subphase: Concurrent References Enqueue                 0.000 / 0.000         0.065 / 0.228         0.065 / 0.228         0.065 / 0.228       ms
[120.271s][info][gc,stats    ]    Subphase: Concurrent References Process                 0.000 / 0.000         1.808 / 5.623         1.808 / 5.623         1.808 / 5.623       ms
[120.272s][info][gc,stats    ]    Subphase: Concurrent Roots ClassLoaderDataGraph         0.000 / 0.000         2.448 / 24.725        2.448 / 24.725        2.448 / 24.725      ms
[120.273s][info][gc,stats    ]    Subphase: Concurrent Roots CodeCache                    0.000 / 0.000         0.000 / 0.000         0.000 / 0.000         0.000 / 0.000       ms
[120.274s][info][gc,stats    ]    Subphase: Concurrent Roots JavaThreads                  0.000 / 0.000        17.370 / 41.039       17.370 / 41.039       17.370 / 41.039      ms
[120.276s][info][gc,stats    ]    Subphase: Concurrent Roots OopStorageSet                0.000 / 0.000         0.144 / 0.322         0.144 / 0.322         0.144 / 0.322       ms
[120.277s][info][gc,stats    ]    Subphase: Concurrent Weak Roots OopStorageSet           0.000 / 0.000         4.143 / 13.167        4.143 / 13.167        4.143 / 13.167      ms
[120.279s][info][gc,stats    ]    Subphase: Pause Mark Try Complete                       0.000 / 0.000         0.004 / 0.008         0.004 / 0.008         0.004 / 0.008       ms
[120.280s][info][gc,stats    ]      System: Java Threads                                      0 / 0                71 / 88               71 / 88               71 / 88          threads
[120.282s][info][gc,stats    ] =========================================================================================================================================================
[128.979s][info][gc,start    ] GC(11) Garbage Collection (Allocation Rate)
[128.980s][info][gc,task     ] GC(11) Using 2 workers
[128.982s][info][gc,phases   ] GC(11) Pause Mark Start 0.012ms
[129.153s][info][gc,phases   ] GC(11) Concurrent Mark 169.680ms
[129.154s][info][gc,phases   ] GC(11) Pause Mark End 0.019ms
[129.156s][info][gc,phases   ] GC(11) Concurrent Mark Free 0.002ms
[129.170s][info][gc,phases   ] GC(11) Concurrent Process Non-Strong References 12.655ms
[129.171s][info][gc,phases   ] GC(11) Concurrent Reset Relocation Set 0.005ms
[129.175s][info][gc,phases   ] GC(11) Concurrent Select Relocation Set 2.950ms
[129.178s][info][gc,phases   ] GC(11) Pause Relocate Start 0.011ms
[129.182s][info][gc,phases   ] GC(11) Concurrent Relocate 3.483ms
[129.183s][info][gc,load     ] GC(11) Load: 9.08/7.18/5.32
[129.184s][info][gc,mmu      ] GC(11) MMU: 2ms/0.0%, 5ms/50.9%, 10ms/75.5%, 20ms/87.7%, 50ms/95.1%, 100ms/97.5%
[129.185s][info][gc,marking  ] GC(11) Mark: 2 stripe(s), 3 proactive flush(es), 1 terminate flush(es), 0 completion(s), 0 continuation(s) 
[129.186s][info][gc,marking  ] GC(11) Mark Stack Usage: 32M
[129.187s][info][gc,nmethod  ] GC(11) NMethods: 6316 registered, 469 unregistered
[129.188s][info][gc,metaspace] GC(11) Metaspace: 52M used, 52M committed, 1072M reserved
[129.189s][info][gc,ref      ] GC(11) Soft: 5016 encountered, 0 discovered, 0 enqueued
[129.192s][info][gc,ref      ] GC(11) Weak: 3138 encountered, 725 discovered, 0 enqueued
[129.193s][info][gc,ref      ] GC(11) Final: 87 encountered, 42 discovered, 4 enqueued
[129.195s][info][gc,ref      ] GC(11) Phantom: 479 encountered, 291 discovered, 0 enqueued
[129.196s][info][gc,reloc    ] GC(11) Small Pages: 214 / 428M, Empty: 100M, Relocated: 3M, In-Place: 0
[129.197s][info][gc,reloc    ] GC(11) Medium Pages: 1 / 32M, Empty: 0M, Relocated: 0M, In-Place: 0
[129.198s][info][gc,reloc    ] GC(11) Large Pages: 101 / 1234M, Empty: 1200M, Relocated: 0M, In-Place: 0
[129.199s][info][gc,reloc    ] GC(11) Forwarding Usage: 0M
[129.200s][info][gc,heap     ] GC(11) Min Capacity: 256M(6%)
[129.201s][info][gc,heap     ] GC(11) Max Capacity: 4096M(100%)
[129.202s][info][gc,heap     ] GC(11) Soft Max Capacity: 4096M(100%)
[129.203s][info][gc,heap     ] GC(11)                Mark Start          Mark End        Relocate Start      Relocate End           High               Low         
[129.204s][info][gc,heap     ] GC(11)  Capacity:     2332M (57%)        2332M (57%)        2332M (57%)        2332M (57%)        2332M (57%)        2332M (57%)    
[129.205s][info][gc,heap     ] GC(11)      Free:     2402M (59%)        2386M (58%)        3682M (90%)        3904M (95%)        3904M (95%)        2382M (58%)    
[129.206s][info][gc,heap     ] GC(11)      Used:     1694M (41%)        1710M (42%)         414M (10%)         192M (5%)         1714M (42%)         192M (5%)     
[129.208s][info][gc,heap     ] GC(11)      Live:         -               128M (3%)          128M (3%)          128M (3%)             -                  -          
[129.208s][info][gc,heap     ] GC(11) Allocated:         -                16M (0%)           20M (0%)           19M (0%)             -                  -          
[129.209s][info][gc,heap     ] GC(11)   Garbage:         -              1565M (38%)         265M (6%)           43M (1%)             -                  -          
[129.210s][info][gc,heap     ] GC(11) Reclaimed:         -                  -              1300M (32%)        1521M (37%)            -                  -          
[129.211s][info][gc          ] GC(11) Garbage Collection (Allocation Rate) 1694M(41%)->192M(5%)
[130.180s][info][gc,stats    ] === Garbage Collection Statistics =======================================================================================================================
[130.181s][info][gc,stats    ]                                                              Last 10s              Last 10m              Last 10h                Total
[130.183s][info][gc,stats    ]                                                              Avg / Max             Avg / Max             Avg / Max             Avg / Max
[130.184s][info][gc,stats    ]   Collector: Garbage Collection Cycle                    204.412 / 204.412    1414.811 / 3109.924   1414.811 / 3109.924   1414.811 / 3109.924    ms
[130.185s][info][gc,stats    ]  Contention: Mark Segment Reset Contention                     0 / 0                 0 / 2                 0 / 2                 0 / 2           ops/s
[130.186s][info][gc,stats    ]  Contention: Mark SeqNum Reset Contention                      0 / 0                 0 / 0                 0 / 0                 0 / 0           ops/s
[130.187s][info][gc,stats    ]    Critical: Allocation Stall                                  0 / 0                 0 / 0                 0 / 0                 0 / 0           ops/s
[130.188s][info][gc,stats    ]    Critical: Allocation Stall                              0.000 / 0.000         0.000 / 0.000         0.000 / 0.000         0.000 / 0.000       ms
[130.189s][info][gc,stats    ]    Critical: GC Locker Stall                                   0 / 0                 0 / 1                 0 / 1                 0 / 1           ops/s
[130.191s][info][gc,stats    ]    Critical: GC Locker Stall                               0.000 / 0.000         3.174 / 3.174         3.174 / 3.174         3.174 / 3.174       ms
[130.193s][info][gc,stats    ]    Critical: Relocation Stall                                  0 / 0                 0 / 0                 0 / 0                 0 / 0           ops/s
[130.194s][info][gc,stats    ]    Critical: Relocation Stall                              0.000 / 0.000         0.000 / 0.000         0.000 / 0.000         0.000 / 0.000       ms
[130.195s][info][gc,stats    ]      Memory: Allocation Rate                                  74 / 510              63 / 510              63 / 510              63 / 510         MB/s
[130.196s][info][gc,stats    ]      Memory: Out Of Memory                                     0 / 0                 0 / 0                 0 / 0                 0 / 0           ops/s
[130.197s][info][gc,stats    ]      Memory: Page Cache Flush                                  0 / 0                 0 / 0                 0 / 0                 0 / 0           MB/s
[130.198s][info][gc,stats    ]      Memory: Page Cache Hit L1                                10 / 36               11 / 193              11 / 193              11 / 193         ops/s
[130.200s][info][gc,stats    ]      Memory: Page Cache Hit L2                                 0 / 0                 0 / 0                 0 / 0                 0 / 0           ops/s
[130.202s][info][gc,stats    ]      Memory: Page Cache Hit L3                                 1 / 3                 1 / 38                1 / 38                1 / 38          ops/s
[130.203s][info][gc,stats    ]      Memory: Page Cache Miss                                   0 / 8                 3 / 64                3 / 64                3 / 64          ops/s
[130.205s][info][gc,stats    ]      Memory: Uncommit                                          0 / 0                 0 / 0                 0 / 0                 0 / 0           MB/s
[130.207s][info][gc,stats    ]      Memory: Undo Object Allocation Failed                     0 / 0                 0 / 0                 0 / 0                 0 / 0           ops/s
[130.208s][info][gc,stats    ]      Memory: Undo Object Allocation Succeeded                  0 / 0                 0 / 8                 0 / 8                 0 / 8           ops/s
[130.209s][info][gc,stats    ]      Memory: Undo Page Allocation                              0 / 1                 0 / 18                0 / 18                0 / 18          ops/s
[130.210s][info][gc,stats    ]       Phase: Concurrent Mark                             169.680 / 169.680    1137.307 / 2705.089   1137.307 / 2705.089   1137.307 / 2705.089    ms
[130.212s][info][gc,stats    ]       Phase: Concurrent Mark Continue                      0.000 / 0.000         0.000 / 0.000         0.000 / 0.000         0.000 / 0.000       ms
[130.213s][info][gc,stats    ]       Phase: Concurrent Mark Free                          0.002 / 0.002         0.004 / 0.005         0.004 / 0.005         0.004 / 0.005       ms
[130.215s][info][gc,stats    ]       Phase: Concurrent Process Non-Strong References     12.655 / 12.655       71.004 / 164.975      71.004 / 164.975      71.004 / 164.975     ms
[130.216s][info][gc,stats    ]       Phase: Concurrent Relocate                           3.483 / 3.483       102.464 / 582.871     102.464 / 582.871     102.464 / 582.871     ms
[130.217s][info][gc,stats    ]       Phase: Concurrent Reset Relocation Set               0.005 / 0.005         0.040 / 0.240         0.040 / 0.240         0.040 / 0.240       ms
[130.218s][info][gc,stats    ]       Phase: Concurrent Select Relocation Set              2.950 / 2.950        34.000 / 201.716      34.000 / 201.716      34.000 / 201.716     ms
[130.219s][info][gc,stats    ]       Phase: Pause Mark End                                0.019 / 0.019         0.238 / 2.453         0.238 / 2.453         0.238 / 2.453       ms
[130.221s][info][gc,stats    ]       Phase: Pause Mark Start                              0.012 / 0.012         0.024 / 0.089         0.024 / 0.089         0.024 / 0.089       ms
[130.223s][info][gc,stats    ]       Phase: Pause Relocate Start                          0.011 / 0.011         0.016 / 0.021         0.016 / 0.021         0.016 / 0.021       ms
[130.225s][info][gc,stats    ]    Subphase: Concurrent Classes Purge                      0.846 / 0.846         2.461 / 6.507         2.461 / 6.507         2.461 / 6.507       ms
[130.227s][info][gc,stats    ]    Subphase: Concurrent Classes Unlink                     9.656 / 9.656        45.175 / 114.642      45.175 / 114.642      45.175 / 114.642     ms
[130.228s][info][gc,stats    ]    Subphase: Concurrent Mark                             166.162 / 166.239    1112.540 / 2701.216   1112.540 / 2701.216   1112.540 / 2701.216    ms
[130.229s][info][gc,stats    ]    Subphase: Concurrent Mark Try Flush                     1.422 / 5.104         8.863 / 52.141        8.863 / 52.141        8.863 / 52.141      ms
[130.230s][info][gc,stats    ]    Subphase: Concurrent Mark Try Terminate                 0.408 / 1.191         2.203 / 52.146        2.203 / 52.146        2.203 / 52.146      ms
[130.231s][info][gc,stats    ]    Subphase: Concurrent References Enqueue                 0.005 / 0.005         0.060 / 0.228         0.060 / 0.228         0.060 / 0.228       ms
[130.234s][info][gc,stats    ]    Subphase: Concurrent References Process                 0.441 / 0.441         1.694 / 5.623         1.694 / 5.623         1.694 / 5.623       ms
[130.235s][info][gc,stats    ]    Subphase: Concurrent Roots ClassLoaderDataGraph         0.260 / 0.484         2.230 / 24.725        2.230 / 24.725        2.230 / 24.725      ms
[130.236s][info][gc,stats    ]    Subphase: Concurrent Roots CodeCache                    0.000 / 0.000         0.000 / 0.000         0.000 / 0.000         0.000 / 0.000       ms
[130.237s][info][gc,stats    ]    Subphase: Concurrent Roots JavaThreads                  2.624 / 2.839        16.141 / 41.039       16.141 / 41.039       16.141 / 41.039      ms
[130.238s][info][gc,stats    ]    Subphase: Concurrent Roots OopStorageSet                0.066 / 0.066         0.139 / 0.322         0.139 / 0.322         0.139 / 0.322       ms
[130.239s][info][gc,stats    ]    Subphase: Concurrent Weak Roots OopStorageSet           0.802 / 0.810         3.865 / 13.167        3.865 / 13.167        3.865 / 13.167      ms
[130.240s][info][gc,stats    ]    Subphase: Pause Mark Try Complete                       0.000 / 0.000         0.004 / 0.008         0.004 / 0.008         0.004 / 0.008       ms
[130.242s][info][gc,stats    ]      System: Java Threads                                     76 / 76               72 / 88               72 / 88               72 / 88          threads
[130.243s][info][gc,stats    ] =========================================================================================================================================================
[140.179s][info][gc,stats    ] === Garbage Collection Statistics =======================================================================================================================
[140.182s][info][gc,stats    ]                                                              Last 10s              Last 10m              Last 10h                Total
[140.184s][info][gc,stats    ]                                                              Avg / Max             Avg / Max             Avg / Max             Avg / Max
[140.184s][info][gc,stats    ]   Collector: Garbage Collection Cycle                      0.000 / 0.000      1414.811 / 3109.924   1414.811 / 3109.924   1414.811 / 3109.924    ms
[140.186s][info][gc,stats    ]  Contention: Mark Segment Reset Contention                     0 / 0                 0 / 2                 0 / 2                 0 / 2           ops/s
[140.187s][info][gc,stats    ]  Contention: Mark SeqNum Reset Contention                      0 / 0                 0 / 0                 0 / 0                 0 / 0           ops/s
[140.189s][info][gc,stats    ]    Critical: Allocation Stall                                  0 / 0                 0 / 0                 0 / 0                 0 / 0           ops/s
[140.192s][info][gc,stats    ]    Critical: Allocation Stall                              0.000 / 0.000         0.000 / 0.000         0.000 / 0.000         0.000 / 0.000       ms
[140.193s][info][gc,stats    ]    Critical: GC Locker Stall                                   0 / 0                 0 / 1                 0 / 1                 0 / 1           ops/s
[140.195s][info][gc,stats    ]    Critical: GC Locker Stall                               0.000 / 0.000         3.174 / 3.174         3.174 / 3.174         3.174 / 3.174       ms
[140.197s][info][gc,stats    ]    Critical: Relocation Stall                                  0 / 0                 0 / 0                 0 / 0                 0 / 0           ops/s
[140.199s][info][gc,stats    ]    Critical: Relocation Stall                              0.000 / 0.000         0.000 / 0.000         0.000 / 0.000         0.000 / 0.000       ms
[140.201s][info][gc,stats    ]      Memory: Allocation Rate                                  27 / 38               61 / 510              61 / 510              61 / 510         MB/s
[140.202s][info][gc,stats    ]      Memory: Out Of Memory                                     0 / 0                 0 / 0                 0 / 0                 0 / 0           ops/s
[140.205s][info][gc,stats    ]      Memory: Page Cache Flush                                  0 / 0                 0 / 0                 0 / 0                 0 / 0           MB/s
[140.206s][info][gc,stats    ]      Memory: Page Cache Hit L1                                 9 / 15               11 / 193              11 / 193              11 / 193         ops/s
[140.208s][info][gc,stats    ]      Memory: Page Cache Hit L2                                 0 / 0                 0 / 0                 0 / 0                 0 / 0           ops/s
[140.209s][info][gc,stats    ]      Memory: Page Cache Hit L3                                 0 / 0                 1 / 38                1 / 38                1 / 38          ops/s
[140.211s][info][gc,stats    ]      Memory: Page Cache Miss                                   0 / 0                 3 / 64                3 / 64                3 / 64          ops/s
[140.214s][info][gc,stats    ]      Memory: Uncommit                                          0 / 0                 0 / 0                 0 / 0                 0 / 0           MB/s
[140.218s][info][gc,stats    ]      Memory: Undo Object Allocation Failed                     0 / 0                 0 / 0                 0 / 0                 0 / 0           ops/s
[140.220s][info][gc,stats    ]      Memory: Undo Object Allocation Succeeded                  0 / 0                 0 / 8                 0 / 8                 0 / 8           ops/s
[140.223s][info][gc,stats    ]      Memory: Undo Page Allocation                              0 / 0                 0 / 18                0 / 18                0 / 18          ops/s
[140.225s][info][gc,stats    ]       Phase: Concurrent Mark                               0.000 / 0.000      1137.307 / 2705.089   1137.307 / 2705.089   1137.307 / 2705.089    ms
[140.226s][info][gc,stats    ]       Phase: Concurrent Mark Continue                      0.000 / 0.000         0.000 / 0.000         0.000 / 0.000         0.000 / 0.000       ms
[140.228s][info][gc,stats    ]       Phase: Concurrent Mark Free                          0.000 / 0.000         0.004 / 0.005         0.004 / 0.005         0.004 / 0.005       ms
[140.229s][info][gc,stats    ]       Phase: Concurrent Process Non-Strong References      0.000 / 0.000        71.004 / 164.975      71.004 / 164.975      71.004 / 164.975     ms
[140.231s][info][gc,stats    ]       Phase: Concurrent Relocate                           0.000 / 0.000       102.464 / 582.871     102.464 / 582.871     102.464 / 582.871     ms
[140.232s][info][gc,stats    ]       Phase: Concurrent Reset Relocation Set               0.000 / 0.000         0.040 / 0.240         0.040 / 0.240         0.040 / 0.240       ms
[140.235s][info][gc,stats    ]       Phase: Concurrent Select Relocation Set              0.000 / 0.000        34.000 / 201.716      34.000 / 201.716      34.000 / 201.716     ms
[140.236s][info][gc,stats    ]       Phase: Pause Mark End                                0.000 / 0.000         0.238 / 2.453         0.238 / 2.453         0.238 / 2.453       ms
[140.238s][info][gc,stats    ]       Phase: Pause Mark Start                              0.000 / 0.000         0.024 / 0.089         0.024 / 0.089         0.024 / 0.089       ms
[140.241s][info][gc,stats    ]       Phase: Pause Relocate Start                          0.000 / 0.000         0.016 / 0.021         0.016 / 0.021         0.016 / 0.021       ms
[140.243s][info][gc,stats    ]    Subphase: Concurrent Classes Purge                      0.000 / 0.000         2.461 / 6.507         2.461 / 6.507         2.461 / 6.507       ms
[140.246s][info][gc,stats    ]    Subphase: Concurrent Classes Unlink                     0.000 / 0.000        45.175 / 114.642      45.175 / 114.642      45.175 / 114.642     ms
[140.248s][info][gc,stats    ]    Subphase: Concurrent Mark                               0.000 / 0.000      1112.540 / 2701.216   1112.540 / 2701.216   1112.540 / 2701.216    ms
[140.250s][info][gc,stats    ]    Subphase: Concurrent Mark Try Flush                     0.000 / 0.000         8.863 / 52.141        8.863 / 52.141        8.863 / 52.141      ms
[140.253s][info][gc,stats    ]    Subphase: Concurrent Mark Try Terminate                 0.000 / 0.000         2.203 / 52.146        2.203 / 52.146        2.203 / 52.146      ms
[140.254s][info][gc,stats    ]    Subphase: Concurrent References Enqueue                 0.000 / 0.000         0.060 / 0.228         0.060 / 0.228         0.060 / 0.228       ms
[140.257s][info][gc,stats    ]    Subphase: Concurrent References Process                 0.000 / 0.000         1.694 / 5.623         1.694 / 5.623         1.694 / 5.623       ms
[140.258s][info][gc,stats    ]    Subphase: Concurrent Roots ClassLoaderDataGraph         0.000 / 0.000         2.230 / 24.725        2.230 / 24.725        2.230 / 24.725      ms
[140.261s][info][gc,stats    ]    Subphase: Concurrent Roots CodeCache                    0.000 / 0.000         0.000 / 0.000         0.000 / 0.000         0.000 / 0.000       ms
[140.262s][info][gc,stats    ]    Subphase: Concurrent Roots JavaThreads                  0.000 / 0.000        16.141 / 41.039       16.141 / 41.039       16.141 / 41.039      ms
[140.263s][info][gc,stats    ]    Subphase: Concurrent Roots OopStorageSet                0.000 / 0.000         0.139 / 0.322         0.139 / 0.322         0.139 / 0.322       ms
[140.265s][info][gc,stats    ]    Subphase: Concurrent Weak Roots OopStorageSet           0.000 / 0.000         3.865 / 13.167        3.865 / 13.167        3.865 / 13.167      ms
[140.268s][info][gc,stats    ]    Subphase: Pause Mark Try Complete                       0.000 / 0.000         0.004 / 0.008         0.004 / 0.008         0.004 / 0.008       ms
[140.269s][info][gc,stats    ]      System: Java Threads                                      0 / 0                72 / 88               72 / 88               72 / 88          threads
[140.271s][info][gc,stats    ] =========================================================================================================================================================
[150.180s][info][gc,stats    ] === Garbage Collection Statistics =======================================================================================================================
[150.181s][info][gc,stats    ]                                                              Last 10s              Last 10m              Last 10h                Total
[150.182s][info][gc,stats    ]                                                              Avg / Max             Avg / Max             Avg / Max             Avg / Max
[150.183s][info][gc,stats    ]   Collector: Garbage Collection Cycle                      0.000 / 0.000      1414.811 / 3109.924   1414.811 / 3109.924   1414.811 / 3109.924    ms
[150.184s][info][gc,stats    ]  Contention: Mark Segment Reset Contention                     0 / 0                 0 / 2                 0 / 2                 0 / 2           ops/s
[150.184s][info][gc,stats    ]  Contention: Mark SeqNum Reset Contention                      0 / 0                 0 / 0                 0 / 0                 0 / 0           ops/s
[150.186s][info][gc,stats    ]    Critical: Allocation Stall                                  0 / 0                 0 / 0                 0 / 0                 0 / 0           ops/s
[150.187s][info][gc,stats    ]    Critical: Allocation Stall                              0.000 / 0.000         0.000 / 0.000         0.000 / 0.000         0.000 / 0.000       ms
[150.188s][info][gc,stats    ]    Critical: GC Locker Stall                                   0 / 0                 0 / 1                 0 / 1                 0 / 1           ops/s
[150.188s][info][gc,stats    ]    Critical: GC Locker Stall                               0.000 / 0.000         3.174 / 3.174         3.174 / 3.174         3.174 / 3.174       ms
[150.189s][info][gc,stats    ]    Critical: Relocation Stall                                  0 / 0                 0 / 0                 0 / 0                 0 / 0           ops/s
[150.190s][info][gc,stats    ]    Critical: Relocation Stall                              0.000 / 0.000         0.000 / 0.000         0.000 / 0.000         0.000 / 0.000       ms
[150.192s][info][gc,stats    ]      Memory: Allocation Rate                                  72 / 490              61 / 510              61 / 510              61 / 510         MB/s
[150.193s][info][gc,stats    ]      Memory: Out Of Memory                                     0 / 0                 0 / 0                 0 / 0                 0 / 0           ops/s
[150.193s][info][gc,stats    ]      Memory: Page Cache Flush                                  0 / 0                 0 / 0                 0 / 0                 0 / 0           MB/s
[150.194s][info][gc,stats    ]      Memory: Page Cache Hit L1                                11 / 35               11 / 193              11 / 193              11 / 193         ops/s
[150.195s][info][gc,stats    ]      Memory: Page Cache Hit L2                                 0 / 0                 0 / 0                 0 / 0                 0 / 0           ops/s
[150.196s][info][gc,stats    ]      Memory: Page Cache Hit L3                                 0 / 0                 0 / 38                0 / 38                0 / 38          ops/s
[150.197s][info][gc,stats    ]      Memory: Page Cache Miss                                   0 / 0                 3 / 64                3 / 64                3 / 64          ops/s
[150.198s][info][gc,stats    ]      Memory: Uncommit                                          0 / 0                 0 / 0                 0 / 0                 0 / 0           MB/s
[150.199s][info][gc,stats    ]      Memory: Undo Object Allocation Failed                     0 / 0                 0 / 0                 0 / 0                 0 / 0           ops/s
[150.199s][info][gc,stats    ]      Memory: Undo Object Allocation Succeeded                  0 / 0                 0 / 8                 0 / 8                 0 / 8           ops/s
[150.200s][info][gc,stats    ]      Memory: Undo Page Allocation                              0 / 0                 0 / 18                0 / 18                0 / 18          ops/s
[150.201s][info][gc,stats    ]       Phase: Concurrent Mark                               0.000 / 0.000      1137.307 / 2705.089   1137.307 / 2705.089   1137.307 / 2705.089    ms
[150.202s][info][gc,stats    ]       Phase: Concurrent Mark Continue                      0.000 / 0.000         0.000 / 0.000         0.000 / 0.000         0.000 / 0.000       ms
[150.203s][info][gc,stats    ]       Phase: Concurrent Mark Free                          0.000 / 0.000         0.004 / 0.005         0.004 / 0.005         0.004 / 0.005       ms
[150.203s][info][gc,stats    ]       Phase: Concurrent Process Non-Strong References      0.000 / 0.000        71.004 / 164.975      71.004 / 164.975      71.004 / 164.975     ms
[150.204s][info][gc,stats    ]       Phase: Concurrent Relocate                           0.000 / 0.000       102.464 / 582.871     102.464 / 582.871     102.464 / 582.871     ms
[150.205s][info][gc,stats    ]       Phase: Concurrent Reset Relocation Set               0.000 / 0.000         0.040 / 0.240         0.040 / 0.240         0.040 / 0.240       ms
[150.206s][info][gc,stats    ]       Phase: Concurrent Select Relocation Set              0.000 / 0.000        34.000 / 201.716      34.000 / 201.716      34.000 / 201.716     ms
[150.207s][info][gc,stats    ]       Phase: Pause Mark End                                0.000 / 0.000         0.238 / 2.453         0.238 / 2.453         0.238 / 2.453       ms
[150.208s][info][gc,stats    ]       Phase: Pause Mark Start                              0.000 / 0.000         0.024 / 0.089         0.024 / 0.089         0.024 / 0.089       ms
[150.209s][info][gc,stats    ]       Phase: Pause Relocate Start                          0.000 / 0.000         0.016 / 0.021         0.016 / 0.021         0.016 / 0.021       ms
[150.210s][info][gc,stats    ]    Subphase: Concurrent Classes Purge                      0.000 / 0.000         2.461 / 6.507         2.461 / 6.507         2.461 / 6.507       ms
[150.212s][info][gc,stats    ]    Subphase: Concurrent Classes Unlink                     0.000 / 0.000        45.175 / 114.642      45.175 / 114.642      45.175 / 114.642     ms
[150.213s][info][gc,stats    ]    Subphase: Concurrent Mark                               0.000 / 0.000      1112.540 / 2701.216   1112.540 / 2701.216   1112.540 / 2701.216    ms
[150.214s][info][gc,stats    ]    Subphase: Concurrent Mark Try Flush                     0.000 / 0.000         8.863 / 52.141        8.863 / 52.141        8.863 / 52.141      ms
[150.215s][info][gc,stats    ]    Subphase: Concurrent Mark Try Terminate                 0.000 / 0.000         2.203 / 52.146        2.203 / 52.146        2.203 / 52.146      ms
[150.216s][info][gc,stats    ]    Subphase: Concurrent References Enqueue                 0.000 / 0.000         0.060 / 0.228         0.060 / 0.228         0.060 / 0.228       ms
[150.217s][info][gc,stats    ]    Subphase: Concurrent References Process                 0.000 / 0.000         1.694 / 5.623         1.694 / 5.623         1.694 / 5.623       ms
[150.217s][info][gc,stats    ]    Subphase: Concurrent Roots ClassLoaderDataGraph         0.000 / 0.000         2.230 / 24.725        2.230 / 24.725        2.230 / 24.725      ms
[150.218s][info][gc,stats    ]    Subphase: Concurrent Roots CodeCache                    0.000 / 0.000         0.000 / 0.000         0.000 / 0.000         0.000 / 0.000       ms
[150.219s][info][gc,stats    ]    Subphase: Concurrent Roots JavaThreads                  0.000 / 0.000        16.141 / 41.039       16.141 / 41.039       16.141 / 41.039      ms
[150.219s][info][gc,stats    ]    Subphase: Concurrent Roots OopStorageSet                0.000 / 0.000         0.139 / 0.322         0.139 / 0.322         0.139 / 0.322       ms
[150.220s][info][gc,stats    ]    Subphase: Concurrent Weak Roots OopStorageSet           0.000 / 0.000         3.865 / 13.167        3.865 / 13.167        3.865 / 13.167      ms
[150.222s][info][gc,stats    ]    Subphase: Pause Mark Try Complete                       0.000 / 0.000         0.004 / 0.008         0.004 / 0.008         0.004 / 0.008       ms
[150.223s][info][gc,stats    ]      System: Java Threads                                      0 / 0                72 / 88               72 / 88               72 / 88          threads
[150.223s][info][gc,stats    ] =========================================================================================================================================================
[160.180s][info][gc,stats    ] === Garbage Collection Statistics =======================================================================================================================
[160.180s][info][gc,stats    ]                                                              Last 10s              Last 10m              Last 10h                Total
[160.181s][info][gc,stats    ]                                                              Avg / Max             Avg / Max             Avg / Max             Avg / Max
[160.182s][info][gc,stats    ]   Collector: Garbage Collection Cycle                      0.000 / 0.000      1414.811 / 3109.924   1414.811 / 3109.924   1414.811 / 3109.924    ms
[160.183s][info][gc,stats    ]  Contention: Mark Segment Reset Contention                     0 / 0                 0 / 2                 0 / 2                 0 / 2           ops/s
[160.184s][info][gc,stats    ]  Contention: Mark SeqNum Reset Contention                      0 / 0                 0 / 0                 0 / 0                 0 / 0           ops/s
[160.184s][info][gc,stats    ]    Critical: Allocation Stall                                  0 / 0                 0 / 0                 0 / 0                 0 / 0           ops/s
[160.185s][info][gc,stats    ]    Critical: Allocation Stall                              0.000 / 0.000         0.000 / 0.000         0.000 / 0.000         0.000 / 0.000       ms
[160.185s][info][gc,stats    ]    Critical: GC Locker Stall                                   0 / 0                 0 / 1                 0 / 1                 0 / 1           ops/s
[160.186s][info][gc,stats    ]    Critical: GC Locker Stall                               0.000 / 0.000         3.174 / 3.174         3.174 / 3.174         3.174 / 3.174       ms
[160.187s][info][gc,stats    ]    Critical: Relocation Stall                                  0 / 0                 0 / 0                 0 / 0                 0 / 0           ops/s
[160.188s][info][gc,stats    ]    Critical: Relocation Stall                              0.000 / 0.000         0.000 / 0.000         0.000 / 0.000         0.000 / 0.000       ms
[160.188s][info][gc,stats    ]      Memory: Allocation Rate                                  72 / 506              62 / 510              62 / 510              62 / 510         MB/s
[160.189s][info][gc,stats    ]      Memory: Out Of Memory                                     0 / 0                 0 / 0                 0 / 0                 0 / 0           ops/s
[160.190s][info][gc,stats    ]      Memory: Page Cache Flush                                  0 / 0                 0 / 0                 0 / 0                 0 / 0           MB/s
[160.190s][info][gc,stats    ]      Memory: Page Cache Hit L1                                10 / 41               11 / 193              11 / 193              11 / 193         ops/s
[160.191s][info][gc,stats    ]      Memory: Page Cache Hit L2                                 0 / 0                 0 / 0                 0 / 0                 0 / 0           ops/s
[160.192s][info][gc,stats    ]      Memory: Page Cache Hit L3                                 0 / 0                 0 / 38                0 / 38                0 / 38          ops/s
[160.192s][info][gc,stats    ]      Memory: Page Cache Miss                                   1 / 2                 3 / 64                3 / 64                3 / 64          ops/s
[160.193s][info][gc,stats    ]      Memory: Uncommit                                          0 / 0                 0 / 0                 0 / 0                 0 / 0           MB/s
[160.194s][info][gc,stats    ]      Memory: Undo Object Allocation Failed                     0 / 0                 0 / 0                 0 / 0                 0 / 0           ops/s
[160.195s][info][gc,stats    ]      Memory: Undo Object Allocation Succeeded                  0 / 0                 0 / 8                 0 / 8                 0 / 8           ops/s
[160.196s][info][gc,stats    ]      Memory: Undo Page Allocation                              0 / 0                 0 / 18                0 / 18                0 / 18          ops/s
[160.197s][info][gc,stats    ]       Phase: Concurrent Mark                               0.000 / 0.000      1137.307 / 2705.089   1137.307 / 2705.089   1137.307 / 2705.089    ms
[160.198s][info][gc,stats    ]       Phase: Concurrent Mark Continue                      0.000 / 0.000         0.000 / 0.000         0.000 / 0.000         0.000 / 0.000       ms
[160.198s][info][gc,stats    ]       Phase: Concurrent Mark Free                          0.000 / 0.000         0.004 / 0.005         0.004 / 0.005         0.004 / 0.005       ms
[160.199s][info][gc,stats    ]       Phase: Concurrent Process Non-Strong References      0.000 / 0.000        71.004 / 164.975      71.004 / 164.975      71.004 / 164.975     ms
[160.200s][info][gc,stats    ]       Phase: Concurrent Relocate                           0.000 / 0.000       102.464 / 582.871     102.464 / 582.871     102.464 / 582.871     ms
[160.201s][info][gc,stats    ]       Phase: Concurrent Reset Relocation Set               0.000 / 0.000         0.040 / 0.240         0.040 / 0.240         0.040 / 0.240       ms
[160.202s][info][gc,stats    ]       Phase: Concurrent Select Relocation Set              0.000 / 0.000        34.000 / 201.716      34.000 / 201.716      34.000 / 201.716     ms
[160.203s][info][gc,stats    ]       Phase: Pause Mark End                                0.000 / 0.000         0.238 / 2.453         0.238 / 2.453         0.238 / 2.453       ms
[160.204s][info][gc,stats    ]       Phase: Pause Mark Start                              0.000 / 0.000         0.024 / 0.089         0.024 / 0.089         0.024 / 0.089       ms
[160.205s][info][gc,stats    ]       Phase: Pause Relocate Start                          0.000 / 0.000         0.016 / 0.021         0.016 / 0.021         0.016 / 0.021       ms
[160.206s][info][gc,stats    ]    Subphase: Concurrent Classes Purge                      0.000 / 0.000         2.461 / 6.507         2.461 / 6.507         2.461 / 6.507       ms
[160.207s][info][gc,stats    ]    Subphase: Concurrent Classes Unlink                     0.000 / 0.000        45.175 / 114.642      45.175 / 114.642      45.175 / 114.642     ms
[160.207s][info][gc,stats    ]    Subphase: Concurrent Mark                               0.000 / 0.000      1112.540 / 2701.216   1112.540 / 2701.216   1112.540 / 2701.216    ms
[160.208s][info][gc,stats    ]    Subphase: Concurrent Mark Try Flush                     0.000 / 0.000         8.863 / 52.141        8.863 / 52.141        8.863 / 52.141      ms
[160.209s][info][gc,stats    ]    Subphase: Concurrent Mark Try Terminate                 0.000 / 0.000         2.203 / 52.146        2.203 / 52.146        2.203 / 52.146      ms
[160.210s][info][gc,stats    ]    Subphase: Concurrent References Enqueue                 0.000 / 0.000         0.060 / 0.228         0.060 / 0.228         0.060 / 0.228       ms
[160.210s][info][gc,stats    ]    Subphase: Concurrent References Process                 0.000 / 0.000         1.694 / 5.623         1.694 / 5.623         1.694 / 5.623       ms
[160.211s][info][gc,stats    ]    Subphase: Concurrent Roots ClassLoaderDataGraph         0.000 / 0.000         2.230 / 24.725        2.230 / 24.725        2.230 / 24.725      ms
[160.212s][info][gc,stats    ]    Subphase: Concurrent Roots CodeCache                    0.000 / 0.000         0.000 / 0.000         0.000 / 0.000         0.000 / 0.000       ms
[160.213s][info][gc,stats    ]    Subphase: Concurrent Roots JavaThreads                  0.000 / 0.000        16.141 / 41.039       16.141 / 41.039       16.141 / 41.039      ms
[160.213s][info][gc,stats    ]    Subphase: Concurrent Roots OopStorageSet                0.000 / 0.000         0.139 / 0.322         0.139 / 0.322         0.139 / 0.322       ms
[160.214s][info][gc,stats    ]    Subphase: Concurrent Weak Roots OopStorageSet           0.000 / 0.000         3.865 / 13.167        3.865 / 13.167        3.865 / 13.167      ms
[160.215s][info][gc,stats    ]    Subphase: Pause Mark Try Complete                       0.000 / 0.000         0.004 / 0.008         0.004 / 0.008         0.004 / 0.008       ms
[160.216s][info][gc,stats    ]      System: Java Threads                                      0 / 0                72 / 88               72 / 88               72 / 88          threads
[160.216s][info][gc,stats    ] =========================================================================================================================================================
[160.579s][info][gc,start    ] GC(12) Garbage Collection (Proactive)
[160.580s][info][gc,task     ] GC(12) Using 2 workers
[160.581s][info][gc,phases   ] GC(12) Pause Mark Start 0.011ms
[160.703s][info][gc,phases   ] GC(12) Concurrent Mark 121.153ms
[160.705s][info][gc,phases   ] GC(12) Pause Mark End 0.059ms
[160.706s][info][gc,phases   ] GC(12) Concurrent Mark Free 0.002ms
[160.719s][info][gc,phases   ] GC(12) Concurrent Process Non-Strong References 12.140ms
[160.721s][info][gc,phases   ] GC(12) Concurrent Reset Relocation Set 0.225ms
[160.725s][info][gc,phases   ] GC(12) Concurrent Select Relocation Set 3.793ms
[160.727s][info][gc,phases   ] GC(12) Pause Relocate Start 0.010ms
[160.733s][info][gc,phases   ] GC(12) Concurrent Relocate 4.127ms
[160.734s][info][gc,load     ] GC(12) Load: 6.45/6.72/5.22
[160.735s][info][gc,mmu      ] GC(12) MMU: 2ms/0.0%, 5ms/50.9%, 10ms/75.5%, 20ms/87.7%, 50ms/95.1%, 100ms/97.5%
[160.736s][info][gc,marking  ] GC(12) Mark: 2 stripe(s), 2 proactive flush(es), 1 terminate flush(es), 0 completion(s), 0 continuation(s) 
[160.737s][info][gc,marking  ] GC(12) Mark Stack Usage: 32M
[160.738s][info][gc,nmethod  ] GC(12) NMethods: 6061 registered, 885 unregistered
[160.739s][info][gc,metaspace] GC(12) Metaspace: 52M used, 53M committed, 1072M reserved
[160.740s][info][gc,ref      ] GC(12) Soft: 5016 encountered, 0 discovered, 0 enqueued
[160.741s][info][gc,ref      ] GC(12) Weak: 3138 encountered, 267 discovered, 0 enqueued
[160.741s][info][gc,ref      ] GC(12) Final: 89 encountered, 6 discovered, 6 enqueued
[160.743s][info][gc,ref      ] GC(12) Phantom: 497 encountered, 318 discovered, 0 enqueued
[160.744s][info][gc,reloc    ] GC(12) Small Pages: 290 / 580M, Empty: 214M, Relocated: 4M, In-Place: 0
[160.745s][info][gc,reloc    ] GC(12) Medium Pages: 1 / 32M, Empty: 0M, Relocated: 0M, In-Place: 0
[160.746s][info][gc,reloc    ] GC(12) Large Pages: 119 / 1342M, Empty: 1308M, Relocated: 0M, In-Place: 0
[160.747s][info][gc,reloc    ] GC(12) Forwarding Usage: 1M
[160.748s][info][gc,heap     ] GC(12) Min Capacity: 256M(6%)
[160.749s][info][gc,heap     ] GC(12) Max Capacity: 4096M(100%)
[160.750s][info][gc,heap     ] GC(12) Soft Max Capacity: 4096M(100%)
[160.751s][info][gc,heap     ] GC(12)                Mark Start          Mark End        Relocate Start      Relocate End           High               Low         
[160.752s][info][gc,heap     ] GC(12)  Capacity:     2440M (60%)        2440M (60%)        2440M (60%)        2440M (60%)        2440M (60%)        2440M (60%)    
[160.754s][info][gc,heap     ] GC(12)      Free:     2142M (52%)        2124M (52%)        3646M (89%)        3904M (95%)        3904M (95%)        2124M (52%)    
[160.756s][info][gc,heap     ] GC(12)      Used:     1954M (48%)        1972M (48%)         450M (11%)         192M (5%)         1972M (48%)         192M (5%)     
[160.756s][info][gc,heap     ] GC(12)      Live:         -               128M (3%)          128M (3%)          128M (3%)             -                  -          
[160.757s][info][gc,heap     ] GC(12) Allocated:         -                18M (0%)           18M (0%)           17M (0%)             -                  -          
[160.758s][info][gc,heap     ] GC(12)   Garbage:         -              1825M (45%)         303M (7%)           45M (1%)             -                  -          
[160.759s][info][gc,heap     ] GC(12) Reclaimed:         -                  -              1522M (37%)        1779M (43%)            -                  -          
[160.760s][info][gc          ] GC(12) Garbage Collection (Proactive) 1954M(48%)->192M(5%)
[170.179s][info][gc,stats    ] === Garbage Collection Statistics =======================================================================================================================
[170.181s][info][gc,stats    ]                                                              Last 10s              Last 10m              Last 10h                Total
[170.182s][info][gc,stats    ]                                                              Avg / Max             Avg / Max             Avg / Max             Avg / Max
[170.182s][info][gc,stats    ]   Collector: Garbage Collection Cycle                    154.718 / 154.718    1317.881 / 3109.924   1317.881 / 3109.924   1317.881 / 3109.924    ms
[170.183s][info][gc,stats    ]  Contention: Mark Segment Reset Contention                     0 / 0                 0 / 2                 0 / 2                 0 / 2           ops/s
[170.184s][info][gc,stats    ]  Contention: Mark SeqNum Reset Contention                      0 / 0                 0 / 0                 0 / 0                 0 / 0           ops/s
[170.185s][info][gc,stats    ]    Critical: Allocation Stall                                  0 / 0                 0 / 0                 0 / 0                 0 / 0           ops/s
[170.185s][info][gc,stats    ]    Critical: Allocation Stall                              0.000 / 0.000         0.000 / 0.000         0.000 / 0.000         0.000 / 0.000       ms
[170.186s][info][gc,stats    ]    Critical: GC Locker Stall                                   0 / 0                 0 / 1                 0 / 1                 0 / 1           ops/s
[170.187s][info][gc,stats    ]    Critical: GC Locker Stall                               0.000 / 0.000         3.174 / 3.174         3.174 / 3.174         3.174 / 3.174       ms
[170.188s][info][gc,stats    ]    Critical: Relocation Stall                                  0 / 0                 0 / 0                 0 / 0                 0 / 0           ops/s
[170.188s][info][gc,stats    ]    Critical: Relocation Stall                              0.000 / 0.000         0.000 / 0.000         0.000 / 0.000         0.000 / 0.000       ms
[170.189s][info][gc,stats    ]      Memory: Allocation Rate                                  75 / 488              63 / 510              63 / 510              63 / 510         MB/s
[170.190s][info][gc,stats    ]      Memory: Out Of Memory                                     0 / 0                 0 / 0                 0 / 0                 0 / 0           ops/s
[170.190s][info][gc,stats    ]      Memory: Page Cache Flush                                  0 / 0                 0 / 0                 0 / 0                 0 / 0           MB/s
[170.191s][info][gc,stats    ]      Memory: Page Cache Hit L1                                13 / 34               11 / 193              11 / 193              11 / 193         ops/s
[170.192s][info][gc,stats    ]      Memory: Page Cache Hit L2                                 0 / 0                 0 / 0                 0 / 0                 0 / 0           ops/s
[170.192s][info][gc,stats    ]      Memory: Page Cache Hit L3                                 0 / 0                 0 / 38                0 / 38                0 / 38          ops/s
[170.193s][info][gc,stats    ]      Memory: Page Cache Miss                                   0 / 0                 3 / 64                3 / 64                3 / 64          ops/s
[170.193s][info][gc,stats    ]      Memory: Uncommit                                          0 / 0                 0 / 0                 0 / 0                 0 / 0           MB/s
[170.194s][info][gc,stats    ]      Memory: Undo Object Allocation Failed                     0 / 0                 0 / 0                 0 / 0                 0 / 0           ops/s
[170.195s][info][gc,stats    ]      Memory: Undo Object Allocation Succeeded                  0 / 0                 0 / 8                 0 / 8                 0 / 8           ops/s
[170.195s][info][gc,stats    ]      Memory: Undo Page Allocation                              0 / 0                 0 / 18                0 / 18                0 / 18          ops/s
[170.196s][info][gc,stats    ]       Phase: Concurrent Mark                             121.153 / 121.153    1059.142 / 2705.089   1059.142 / 2705.089   1059.142 / 2705.089    ms
[170.197s][info][gc,stats    ]       Phase: Concurrent Mark Continue                      0.000 / 0.000         0.000 / 0.000         0.000 / 0.000         0.000 / 0.000       ms
[170.197s][info][gc,stats    ]       Phase: Concurrent Mark Free                          0.002 / 0.002         0.004 / 0.005         0.004 / 0.005         0.004 / 0.005       ms
[170.198s][info][gc,stats    ]       Phase: Concurrent Process Non-Strong References     12.140 / 12.140       66.476 / 164.975      66.476 / 164.975      66.476 / 164.975     ms
[170.198s][info][gc,stats    ]       Phase: Concurrent Relocate                           4.127 / 4.127        94.900 / 582.871      94.900 / 582.871      94.900 / 582.871     ms
[170.199s][info][gc,stats    ]       Phase: Concurrent Reset Relocation Set               0.225 / 0.225         0.054 / 0.240         0.054 / 0.240         0.054 / 0.240       ms
[170.200s][info][gc,stats    ]       Phase: Concurrent Select Relocation Set              3.793 / 3.793        31.676 / 201.716      31.676 / 201.716      31.676 / 201.716     ms
[170.201s][info][gc,stats    ]       Phase: Pause Mark End                                0.059 / 0.059         0.224 / 2.453         0.224 / 2.453         0.224 / 2.453       ms
[170.201s][info][gc,stats    ]       Phase: Pause Mark Start                              0.011 / 0.011         0.023 / 0.089         0.023 / 0.089         0.023 / 0.089       ms
[170.203s][info][gc,stats    ]       Phase: Pause Relocate Start                          0.010 / 0.010         0.016 / 0.021         0.016 / 0.021         0.016 / 0.021       ms
[170.203s][info][gc,stats    ]    Subphase: Concurrent Classes Purge                      0.502 / 0.502         2.310 / 6.507         2.310 / 6.507         2.310 / 6.507       ms
[170.204s][info][gc,stats    ]    Subphase: Concurrent Classes Unlink                     8.504 / 8.504        42.354 / 114.642      42.354 / 114.642      42.354 / 114.642     ms
[170.204s][info][gc,stats    ]    Subphase: Concurrent Mark                             117.691 / 118.232    1036.013 / 2701.216   1036.013 / 2701.216   1036.013 / 2701.216    ms
[170.205s][info][gc,stats    ]    Subphase: Concurrent Mark Try Flush                     0.086 / 0.202         8.409 / 52.141        8.409 / 52.141        8.409 / 52.141      ms
[170.206s][info][gc,stats    ]    Subphase: Concurrent Mark Try Terminate                 0.430 / 1.266         2.184 / 52.146        2.184 / 52.146        2.184 / 52.146      ms
[170.206s][info][gc,stats    ]    Subphase: Concurrent References Enqueue                 0.036 / 0.036         0.058 / 0.228         0.058 / 0.228         0.058 / 0.228       ms
[170.207s][info][gc,stats    ]    Subphase: Concurrent References Process                 0.444 / 0.444         1.598 / 5.623         1.598 / 5.623         1.598 / 5.623       ms
[170.208s][info][gc,stats    ]    Subphase: Concurrent Roots ClassLoaderDataGraph         0.171 / 0.311         2.042 / 24.725        2.042 / 24.725        2.042 / 24.725      ms
[170.208s][info][gc,stats    ]    Subphase: Concurrent Roots CodeCache                    0.000 / 0.000         0.000 / 0.000         0.000 / 0.000         0.000 / 0.000       ms
[170.209s][info][gc,stats    ]    Subphase: Concurrent Roots JavaThreads                  1.879 / 1.975        15.044 / 41.039       15.044 / 41.039       15.044 / 41.039      ms
[170.210s][info][gc,stats    ]    Subphase: Concurrent Roots OopStorageSet                0.090 / 0.091         0.133 / 0.322         0.133 / 0.322         0.133 / 0.322       ms
[170.210s][info][gc,stats    ]    Subphase: Concurrent Weak Roots OopStorageSet           2.202 / 2.202         3.798 / 13.167        3.798 / 13.167        3.798 / 13.167      ms
[170.211s][info][gc,stats    ]    Subphase: Pause Mark Try Complete                       0.000 / 0.000         0.004 / 0.008         0.004 / 0.008         0.004 / 0.008       ms
[170.211s][info][gc,stats    ]      System: Java Threads                                     75 / 75               72 / 88               72 / 88               72 / 88          threads
[170.212s][info][gc,stats    ] =========================================================================================================================================================
[180.180s][info][gc,stats    ] === Garbage Collection Statistics =======================================================================================================================
[180.182s][info][gc,stats    ]                                                              Last 10s              Last 10m              Last 10h                Total
[180.182s][info][gc,stats    ]                                                              Avg / Max             Avg / Max             Avg / Max             Avg / Max
[180.183s][info][gc,stats    ]   Collector: Garbage Collection Cycle                      0.000 / 0.000      1317.881 / 3109.924   1317.881 / 3109.924   1317.881 / 3109.924    ms
[180.184s][info][gc,stats    ]  Contention: Mark Segment Reset Contention                     0 / 0                 0 / 2                 0 / 2                 0 / 2           ops/s
[180.184s][info][gc,stats    ]  Contention: Mark SeqNum Reset Contention                      0 / 0                 0 / 0                 0 / 0                 0 / 0           ops/s
[180.185s][info][gc,stats    ]    Critical: Allocation Stall                                  0 / 0                 0 / 0                 0 / 0                 0 / 0           ops/s
[180.186s][info][gc,stats    ]    Critical: Allocation Stall                              0.000 / 0.000         0.000 / 0.000         0.000 / 0.000         0.000 / 0.000       ms
[180.187s][info][gc,stats    ]    Critical: GC Locker Stall                                   0 / 0                 0 / 1                 0 / 1                 0 / 1           ops/s
[180.188s][info][gc,stats    ]    Critical: GC Locker Stall                               0.000 / 0.000         3.174 / 3.174         3.174 / 3.174         3.174 / 3.174       ms
[180.188s][info][gc,stats    ]    Critical: Relocation Stall                                  0 / 0                 0 / 0                 0 / 0                 0 / 0           ops/s
[180.189s][info][gc,stats    ]    Critical: Relocation Stall                              0.000 / 0.000         0.000 / 0.000         0.000 / 0.000         0.000 / 0.000       ms
[180.190s][info][gc,stats    ]      Memory: Allocation Rate                                  72 / 492              63 / 510              63 / 510              63 / 510         MB/s
[180.190s][info][gc,stats    ]      Memory: Out Of Memory                                     0 / 0                 0 / 0                 0 / 0                 0 / 0           ops/s
[180.191s][info][gc,stats    ]      Memory: Page Cache Flush                                  0 / 0                 0 / 0                 0 / 0                 0 / 0           MB/s
[180.191s][info][gc,stats    ]      Memory: Page Cache Hit L1                                11 / 36               11 / 193              11 / 193              11 / 193         ops/s
[180.192s][info][gc,stats    ]      Memory: Page Cache Hit L2                                 0 / 0                 0 / 0                 0 / 0                 0 / 0           ops/s
[180.192s][info][gc,stats    ]      Memory: Page Cache Hit L3                                 0 / 0                 0 / 38                0 / 38                0 / 38          ops/s
[180.193s][info][gc,stats    ]      Memory: Page Cache Miss                                   0 / 0                 2 / 64                2 / 64                2 / 64          ops/s
[180.193s][info][gc,stats    ]      Memory: Uncommit                                          0 / 0                 0 / 0                 0 / 0                 0 / 0           MB/s
[180.194s][info][gc,stats    ]      Memory: Undo Object Allocation Failed                     0 / 0                 0 / 0                 0 / 0                 0 / 0           ops/s
[180.195s][info][gc,stats    ]      Memory: Undo Object Allocation Succeeded                  0 / 0                 0 / 8                 0 / 8                 0 / 8           ops/s
[180.196s][info][gc,stats    ]      Memory: Undo Page Allocation                              0 / 0                 0 / 18                0 / 18                0 / 18          ops/s
[180.196s][info][gc,stats    ]       Phase: Concurrent Mark                               0.000 / 0.000      1059.142 / 2705.089   1059.142 / 2705.089   1059.142 / 2705.089    ms
[180.197s][info][gc,stats    ]       Phase: Concurrent Mark Continue                      0.000 / 0.000         0.000 / 0.000         0.000 / 0.000         0.000 / 0.000       ms
[180.197s][info][gc,stats    ]       Phase: Concurrent Mark Free                          0.000 / 0.000         0.004 / 0.005         0.004 / 0.005         0.004 / 0.005       ms
[180.198s][info][gc,stats    ]       Phase: Concurrent Process Non-Strong References      0.000 / 0.000        66.476 / 164.975      66.476 / 164.975      66.476 / 164.975     ms
[180.199s][info][gc,stats    ]       Phase: Concurrent Relocate                           0.000 / 0.000        94.900 / 582.871      94.900 / 582.871      94.900 / 582.871     ms
[180.199s][info][gc,stats    ]       Phase: Concurrent Reset Relocation Set               0.000 / 0.000         0.054 / 0.240         0.054 / 0.240         0.054 / 0.240       ms
[180.200s][info][gc,stats    ]       Phase: Concurrent Select Relocation Set              0.000 / 0.000        31.676 / 201.716      31.676 / 201.716      31.676 / 201.716     ms
[180.201s][info][gc,stats    ]       Phase: Pause Mark End                                0.000 / 0.000         0.224 / 2.453         0.224 / 2.453         0.224 / 2.453       ms
[180.202s][info][gc,stats    ]       Phase: Pause Mark Start                              0.000 / 0.000         0.023 / 0.089         0.023 / 0.089         0.023 / 0.089       ms
[180.203s][info][gc,stats    ]       Phase: Pause Relocate Start                          0.000 / 0.000         0.016 / 0.021         0.016 / 0.021         0.016 / 0.021       ms
[180.203s][info][gc,stats    ]    Subphase: Concurrent Classes Purge                      0.000 / 0.000         2.310 / 6.507         2.310 / 6.507         2.310 / 6.507       ms
[180.204s][info][gc,stats    ]    Subphase: Concurrent Classes Unlink                     0.000 / 0.000        42.354 / 114.642      42.354 / 114.642      42.354 / 114.642     ms
[180.205s][info][gc,stats    ]    Subphase: Concurrent Mark                               0.000 / 0.000      1036.013 / 2701.216   1036.013 / 2701.216   1036.013 / 2701.216    ms
[180.205s][info][gc,stats    ]    Subphase: Concurrent Mark Try Flush                     0.000 / 0.000         8.409 / 52.141        8.409 / 52.141        8.409 / 52.141      ms
[180.206s][info][gc,stats    ]    Subphase: Concurrent Mark Try Terminate                 0.000 / 0.000         2.184 / 52.146        2.184 / 52.146        2.184 / 52.146      ms
[180.206s][info][gc,stats    ]    Subphase: Concurrent References Enqueue                 0.000 / 0.000         0.058 / 0.228         0.058 / 0.228         0.058 / 0.228       ms
[180.207s][info][gc,stats    ]    Subphase: Concurrent References Process                 0.000 / 0.000         1.598 / 5.623         1.598 / 5.623         1.598 / 5.623       ms
[180.208s][info][gc,stats    ]    Subphase: Concurrent Roots ClassLoaderDataGraph         0.000 / 0.000         2.042 / 24.725        2.042 / 24.725        2.042 / 24.725      ms
[180.209s][info][gc,stats    ]    Subphase: Concurrent Roots CodeCache                    0.000 / 0.000         0.000 / 0.000         0.000 / 0.000         0.000 / 0.000       ms
[180.209s][info][gc,stats    ]    Subphase: Concurrent Roots JavaThreads                  0.000 / 0.000        15.044 / 41.039       15.044 / 41.039       15.044 / 41.039      ms
[180.210s][info][gc,stats    ]    Subphase: Concurrent Roots OopStorageSet                0.000 / 0.000         0.133 / 0.322         0.133 / 0.322         0.133 / 0.322       ms
[180.210s][info][gc,stats    ]    Subphase: Concurrent Weak Roots OopStorageSet           0.000 / 0.000         3.798 / 13.167        3.798 / 13.167        3.798 / 13.167      ms
[180.211s][info][gc,stats    ]    Subphase: Pause Mark Try Complete                       0.000 / 0.000         0.004 / 0.008         0.004 / 0.008         0.004 / 0.008       ms
[180.212s][info][gc,stats    ]      System: Java Threads                                      0 / 0                72 / 88               72 / 88               72 / 88          threads
[180.213s][info][gc,stats    ] =========================================================================================================================================================
[181.979s][info][gc,start    ] GC(13) Garbage Collection (Proactive)
[181.980s][info][gc,task     ] GC(13) Using 2 workers
[181.982s][info][gc,phases   ] GC(13) Pause Mark Start 0.010ms
[182.105s][info][gc,phases   ] GC(13) Concurrent Mark 121.898ms
[182.106s][info][gc,phases   ] GC(13) Pause Mark End 0.014ms
[182.107s][info][gc,phases   ] GC(13) Concurrent Mark Free 0.001ms
[182.118s][info][gc,phases   ] GC(13) Concurrent Process Non-Strong References 10.258ms
[182.119s][info][gc,phases   ] GC(13) Concurrent Reset Relocation Set 0.024ms
[182.123s][info][gc,phases   ] GC(13) Concurrent Select Relocation Set 2.744ms
[182.124s][info][gc,phases   ] GC(13) Pause Relocate Start 0.009ms
[182.130s][info][gc,phases   ] GC(13) Concurrent Relocate 5.206ms
[182.132s][info][gc,load     ] GC(13) Load: 4.94/6.35/5.14
[182.133s][info][gc,mmu      ] GC(13) MMU: 2ms/0.0%, 5ms/50.9%, 10ms/75.5%, 20ms/87.7%, 50ms/95.1%, 100ms/97.5%
[182.133s][info][gc,marking  ] GC(13) Mark: 2 stripe(s), 2 proactive flush(es), 1 terminate flush(es), 0 completion(s), 0 continuation(s) 
[182.134s][info][gc,marking  ] GC(13) Mark Stack Usage: 32M
[182.135s][info][gc,nmethod  ] GC(13) NMethods: 6186 registered, 885 unregistered
[182.135s][info][gc,metaspace] GC(13) Metaspace: 52M used, 53M committed, 1072M reserved
[182.136s][info][gc,ref      ] GC(13) Soft: 5016 encountered, 0 discovered, 0 enqueued
[182.137s][info][gc,ref      ] GC(13) Weak: 3138 encountered, 1775 discovered, 0 enqueued
[182.137s][info][gc,ref      ] GC(13) Final: 88 encountered, 6 discovered, 5 enqueued
[182.138s][info][gc,ref      ] GC(13) Phantom: 497 encountered, 310 discovered, 0 enqueued
[182.138s][info][gc,reloc    ] GC(13) Small Pages: 213 / 426M, Empty: 104M, Relocated: 6M, In-Place: 0
[182.139s][info][gc,reloc    ] GC(13) Medium Pages: 1 / 32M, Empty: 0M, Relocated: 0M, In-Place: 0
[182.140s][info][gc,reloc    ] GC(13) Large Pages: 101 / 1234M, Empty: 1200M, Relocated: 0M, In-Place: 0
[182.140s][info][gc,reloc    ] GC(13) Forwarding Usage: 2M
[182.141s][info][gc,heap     ] GC(13) Min Capacity: 256M(6%)
[182.142s][info][gc,heap     ] GC(13) Max Capacity: 4096M(100%)
[182.142s][info][gc,heap     ] GC(13) Soft Max Capacity: 4096M(100%)
[182.143s][info][gc,heap     ] GC(13)                Mark Start          Mark End        Relocate Start      Relocate End           High               Low         
[182.144s][info][gc,heap     ] GC(13)  Capacity:     2440M (60%)        2440M (60%)        2440M (60%)        2440M (60%)        2440M (60%)        2440M (60%)    
[182.144s][info][gc,heap     ] GC(13)      Free:     2404M (59%)        2388M (58%)        3692M (90%)        3910M (95%)        3910M (95%)        2388M (58%)    
[182.145s][info][gc,heap     ] GC(13)      Used:     1692M (41%)        1708M (42%)         404M (10%)         186M (5%)         1708M (42%)         186M (5%)     
[182.146s][info][gc,heap     ] GC(13)      Live:         -               128M (3%)          128M (3%)          128M (3%)             -                  -          
[182.146s][info][gc,heap     ] GC(13) Allocated:         -                16M (0%)           16M (0%)           15M (0%)             -                  -          
[182.147s][info][gc,heap     ] GC(13)   Garbage:         -              1563M (38%)         259M (6%)           41M (1%)             -                  -          
[182.148s][info][gc,heap     ] GC(13) Reclaimed:         -                  -              1304M (32%)        1521M (37%)            -                  -          
[182.148s][info][gc          ] GC(13) Garbage Collection (Proactive) 1692M(41%)->186M(5%)
[190.180s][info][gc,stats    ] === Garbage Collection Statistics =======================================================================================================================
[190.181s][info][gc,stats    ]                                                              Last 10s              Last 10m              Last 10h                Total
[190.181s][info][gc,stats    ]                                                              Avg / Max             Avg / Max             Avg / Max             Avg / Max
[190.182s][info][gc,stats    ]   Collector: Garbage Collection Cycle                    152.352 / 152.352    1234.629 / 3109.924   1234.629 / 3109.924   1234.629 / 3109.924    ms
[190.183s][info][gc,stats    ]  Contention: Mark Segment Reset Contention                     0 / 0                 0 / 2                 0 / 2                 0 / 2           ops/s
[190.183s][info][gc,stats    ]  Contention: Mark SeqNum Reset Contention                      0 / 0                 0 / 0                 0 / 0                 0 / 0           ops/s
[190.184s][info][gc,stats    ]    Critical: Allocation Stall                                  0 / 0                 0 / 0                 0 / 0                 0 / 0           ops/s
[190.185s][info][gc,stats    ]    Critical: Allocation Stall                              0.000 / 0.000         0.000 / 0.000         0.000 / 0.000         0.000 / 0.000       ms
[190.186s][info][gc,stats    ]    Critical: GC Locker Stall                                   0 / 0                 0 / 1                 0 / 1                 0 / 1           ops/s
[190.187s][info][gc,stats    ]    Critical: GC Locker Stall                               0.000 / 0.000         3.174 / 3.174         3.174 / 3.174         3.174 / 3.174       ms
[190.187s][info][gc,stats    ]    Critical: Relocation Stall                                  0 / 0                 0 / 0                 0 / 0                 0 / 0           ops/s
[190.188s][info][gc,stats    ]    Critical: Relocation Stall                              0.000 / 0.000         0.000 / 0.000         0.000 / 0.000         0.000 / 0.000       ms
[190.188s][info][gc,stats    ]      Memory: Allocation Rate                                  73 / 506              64 / 510              64 / 510              64 / 510         MB/s
[190.189s][info][gc,stats    ]      Memory: Out Of Memory                                     0 / 0                 0 / 0                 0 / 0                 0 / 0           ops/s
[190.189s][info][gc,stats    ]      Memory: Page Cache Flush                                  0 / 0                 0 / 0                 0 / 0                 0 / 0           MB/s
[190.190s][info][gc,stats    ]      Memory: Page Cache Hit L1                                12 / 43               11 / 193              11 / 193              11 / 193         ops/s
[190.190s][info][gc,stats    ]      Memory: Page Cache Hit L2                                 0 / 0                 0 / 0                 0 / 0                 0 / 0           ops/s
[190.191s][info][gc,stats    ]      Memory: Page Cache Hit L3                                 0 / 0                 0 / 38                0 / 38                0 / 38          ops/s
[190.192s][info][gc,stats    ]      Memory: Page Cache Miss                                   0 / 0                 2 / 64                2 / 64                2 / 64          ops/s
[190.192s][info][gc,stats    ]      Memory: Uncommit                                          0 / 0                 0 / 0                 0 / 0                 0 / 0           MB/s
[190.193s][info][gc,stats    ]      Memory: Undo Object Allocation Failed                     0 / 0                 0 / 0                 0 / 0                 0 / 0           ops/s
[190.193s][info][gc,stats    ]      Memory: Undo Object Allocation Succeeded                  0 / 0                 0 / 8                 0 / 8                 0 / 8           ops/s
[190.194s][info][gc,stats    ]      Memory: Undo Page Allocation                              0 / 0                 0 / 18                0 / 18                0 / 18          ops/s
[190.195s][info][gc,stats    ]       Phase: Concurrent Mark                             121.898 / 121.898     992.196 / 2705.089    992.196 / 2705.089    992.196 / 2705.089    ms
[190.195s][info][gc,stats    ]       Phase: Concurrent Mark Continue                      0.000 / 0.000         0.000 / 0.000         0.000 / 0.000         0.000 / 0.000       ms
[190.196s][info][gc,stats    ]       Phase: Concurrent Mark Free                          0.001 / 0.001         0.003 / 0.005         0.003 / 0.005         0.003 / 0.005       ms
[190.196s][info][gc,stats    ]       Phase: Concurrent Process Non-Strong References     10.258 / 10.258       62.460 / 164.975      62.460 / 164.975      62.460 / 164.975     ms
[190.197s][info][gc,stats    ]       Phase: Concurrent Relocate                           5.206 / 5.206        88.493 / 582.871      88.493 / 582.871      88.493 / 582.871     ms
[190.197s][info][gc,stats    ]       Phase: Concurrent Reset Relocation Set               0.024 / 0.024         0.052 / 0.240         0.052 / 0.240         0.052 / 0.240       ms
[190.198s][info][gc,stats    ]       Phase: Concurrent Select Relocation Set              2.744 / 2.744        29.610 / 201.716      29.610 / 201.716      29.610 / 201.716     ms
[190.199s][info][gc,stats    ]       Phase: Pause Mark End                                0.014 / 0.014         0.209 / 2.453         0.209 / 2.453         0.209 / 2.453       ms
[190.199s][info][gc,stats    ]       Phase: Pause Mark Start                              0.010 / 0.010         0.022 / 0.089         0.022 / 0.089         0.022 / 0.089       ms
[190.200s][info][gc,stats    ]       Phase: Pause Relocate Start                          0.009 / 0.009         0.016 / 0.021         0.016 / 0.021         0.016 / 0.021       ms
[190.200s][info][gc,stats    ]    Subphase: Concurrent Classes Purge                      0.467 / 0.467         2.179 / 6.507         2.179 / 6.507         2.179 / 6.507       ms
[190.201s][info][gc,stats    ]    Subphase: Concurrent Classes Unlink                     7.978 / 7.978        39.899 / 114.642      39.899 / 114.642      39.899 / 114.642     ms
[190.201s][info][gc,stats    ]    Subphase: Concurrent Mark                             119.473 / 119.816     970.546 / 2701.216    970.546 / 2701.216    970.546 / 2701.216    ms
[190.202s][info][gc,stats    ]    Subphase: Concurrent Mark Try Flush                     0.465 / 0.876         8.019 / 52.141        8.019 / 52.141        8.019 / 52.141      ms
[190.203s][info][gc,stats    ]    Subphase: Concurrent Mark Try Terminate                 0.662 / 1.288         2.163 / 52.146        2.163 / 52.146        2.163 / 52.146      ms
[190.203s][info][gc,stats    ]    Subphase: Concurrent References Enqueue                 0.006 / 0.006         0.054 / 0.228         0.054 / 0.228         0.054 / 0.228       ms
[190.204s][info][gc,stats    ]    Subphase: Concurrent References Process                 0.449 / 0.449         1.516 / 5.623         1.516 / 5.623         1.516 / 5.623       ms
[190.204s][info][gc,stats    ]    Subphase: Concurrent Roots ClassLoaderDataGraph         0.181 / 0.324         1.887 / 24.725        1.887 / 24.725        1.887 / 24.725      ms
[190.205s][info][gc,stats    ]    Subphase: Concurrent Roots CodeCache                    0.000 / 0.000         0.000 / 0.000         0.000 / 0.000         0.000 / 0.000       ms
[190.205s][info][gc,stats    ]    Subphase: Concurrent Roots JavaThreads                  1.395 / 1.474        14.069 / 41.039       14.069 / 41.039       14.069 / 41.039      ms
[190.206s][info][gc,stats    ]    Subphase: Concurrent Roots OopStorageSet                0.057 / 0.057         0.128 / 0.322         0.128 / 0.322         0.128 / 0.322       ms
[190.206s][info][gc,stats    ]    Subphase: Concurrent Weak Roots OopStorageSet           0.940 / 0.941         3.586 / 13.167        3.586 / 13.167        3.586 / 13.167      ms
[190.207s][info][gc,stats    ]    Subphase: Pause Mark Try Complete                       0.000 / 0.000         0.004 / 0.008         0.004 / 0.008         0.004 / 0.008       ms
[190.207s][info][gc,stats    ]      System: Java Threads                                     75 / 75               72 / 88               72 / 88               72 / 88          threads
[190.208s][info][gc,stats    ] =========================================================================================================================================================
[197.081s][info][gc,start    ] GC(14) Garbage Collection (Proactive)
[197.084s][info][gc,task     ] GC(14) Using 2 workers
[197.084s][info][gc,phases   ] GC(14) Pause Mark Start 0.008ms
[197.192s][info][gc,phases   ] GC(14) Concurrent Mark 106.729ms
[197.193s][info][gc,phases   ] GC(14) Pause Mark End 0.067ms
[197.194s][info][gc,phases   ] GC(14) Concurrent Mark Free 0.001ms
[197.205s][info][gc,phases   ] GC(14) Concurrent Process Non-Strong References 9.521ms
[197.205s][info][gc,phases   ] GC(14) Concurrent Reset Relocation Set 0.022ms
[197.208s][info][gc,phases   ] GC(14) Concurrent Select Relocation Set 2.235ms
[197.209s][info][gc,phases   ] GC(14) Pause Relocate Start 0.009ms
[197.215s][info][gc,phases   ] GC(14) Concurrent Relocate 4.860ms
[197.216s][info][gc,load     ] GC(14) Load: 4.06/6.09/5.08
[197.217s][info][gc,mmu      ] GC(14) MMU: 2ms/0.0%, 5ms/50.9%, 10ms/75.5%, 20ms/87.7%, 50ms/95.1%, 100ms/97.5%
[197.218s][info][gc,marking  ] GC(14) Mark: 2 stripe(s), 2 proactive flush(es), 1 terminate flush(es), 0 completion(s), 0 continuation(s) 
[197.219s][info][gc,marking  ] GC(14) Mark Stack Usage: 32M
[197.219s][info][gc,nmethod  ] GC(14) NMethods: 6212 registered, 885 unregistered
[197.220s][info][gc,metaspace] GC(14) Metaspace: 52M used, 53M committed, 1072M reserved
[197.221s][info][gc,ref      ] GC(14) Soft: 5016 encountered, 0 discovered, 0 enqueued
[197.222s][info][gc,ref      ] GC(14) Weak: 3138 encountered, 1631 discovered, 0 enqueued
[197.222s][info][gc,ref      ] GC(14) Final: 86 encountered, 83 discovered, 3 enqueued
[197.223s][info][gc,ref      ] GC(14) Phantom: 483 encountered, 255 discovered, 0 enqueued
[197.224s][info][gc,reloc    ] GC(14) Small Pages: 167 / 334M, Empty: 80M, Relocated: 4M, In-Place: 0
[197.224s][info][gc,reloc    ] GC(14) Medium Pages: 1 / 32M, Empty: 0M, Relocated: 0M, In-Place: 0
[197.225s][info][gc,reloc    ] GC(14) Large Pages: 87 / 1150M, Empty: 1116M, Relocated: 0M, In-Place: 0
[197.225s][info][gc,reloc    ] GC(14) Forwarding Usage: 1M
[197.226s][info][gc,heap     ] GC(14) Min Capacity: 256M(6%)
[197.226s][info][gc,heap     ] GC(14) Max Capacity: 4096M(100%)
[197.227s][info][gc,heap     ] GC(14) Soft Max Capacity: 4096M(100%)
[197.227s][info][gc,heap     ] GC(14)                Mark Start          Mark End        Relocate Start      Relocate End           High               Low         
[197.228s][info][gc,heap     ] GC(14)  Capacity:     2440M (60%)        2440M (60%)        2440M (60%)        2440M (60%)        2440M (60%)        2440M (60%)    
[197.229s][info][gc,heap     ] GC(14)      Free:     2580M (63%)        2564M (63%)        3760M (92%)        3908M (95%)        3908M (95%)        2564M (63%)    
[197.230s][info][gc,heap     ] GC(14)      Used:     1516M (37%)        1532M (37%)         336M (8%)          188M (5%)         1532M (37%)         188M (5%)     
[197.230s][info][gc,heap     ] GC(14)      Live:         -               128M (3%)          128M (3%)          128M (3%)             -                  -          
[197.231s][info][gc,heap     ] GC(14) Allocated:         -                16M (0%)           16M (0%)           16M (0%)             -                  -          
[197.232s][info][gc,heap     ] GC(14)   Garbage:         -              1387M (34%)         191M (5%)           43M (1%)             -                  -          
[197.233s][info][gc,heap     ] GC(14) Reclaimed:         -                  -              1196M (29%)        1344M (33%)            -                  -          
[197.233s][info][gc          ] GC(14) Garbage Collection (Proactive) 1516M(37%)->188M(5%)
[200.180s][info][gc,stats    ] === Garbage Collection Statistics =======================================================================================================================
[200.181s][info][gc,stats    ]                                                              Last 10s              Last 10m              Last 10h                Total
[200.182s][info][gc,stats    ]                                                              Avg / Max             Avg / Max             Avg / Max             Avg / Max
[200.184s][info][gc,stats    ]   Collector: Garbage Collection Cycle                    134.514 / 134.514    1161.288 / 3109.924   1161.288 / 3109.924   1161.288 / 3109.924    ms
[200.184s][info][gc,stats    ]  Contention: Mark Segment Reset Contention                     0 / 3                 0 / 3                 0 / 3                 0 / 3           ops/s
[200.185s][info][gc,stats    ]  Contention: Mark SeqNum Reset Contention                      0 / 0                 0 / 0                 0 / 0                 0 / 0           ops/s
[200.186s][info][gc,stats    ]    Critical: Allocation Stall                                  0 / 0                 0 / 0                 0 / 0                 0 / 0           ops/s
[200.186s][info][gc,stats    ]    Critical: Allocation Stall                              0.000 / 0.000         0.000 / 0.000         0.000 / 0.000         0.000 / 0.000       ms
[200.188s][info][gc,stats    ]    Critical: GC Locker Stall                                   0 / 0                 0 / 1                 0 / 1                 0 / 1           ops/s
[200.189s][info][gc,stats    ]    Critical: GC Locker Stall                               0.000 / 0.000         3.174 / 3.174         3.174 / 3.174         3.174 / 3.174       ms
[200.189s][info][gc,stats    ]    Critical: Relocation Stall                                  0 / 0                 0 / 0                 0 / 0                 0 / 0           ops/s
[200.190s][info][gc,stats    ]    Critical: Relocation Stall                              0.000 / 0.000         0.000 / 0.000         0.000 / 0.000         0.000 / 0.000       ms
[200.191s][info][gc,stats    ]      Memory: Allocation Rate                                  76 / 490              65 / 510              65 / 510              65 / 510         MB/s
[200.191s][info][gc,stats    ]      Memory: Out Of Memory                                     0 / 0                 0 / 0                 0 / 0                 0 / 0           ops/s
[200.192s][info][gc,stats    ]      Memory: Page Cache Flush                                  0 / 0                 0 / 0                 0 / 0                 0 / 0           MB/s
[200.193s][info][gc,stats    ]      Memory: Page Cache Hit L1                                13 / 35               11 / 193              11 / 193              11 / 193         ops/s
[200.193s][info][gc,stats    ]      Memory: Page Cache Hit L2                                 0 / 0                 0 / 0                 0 / 0                 0 / 0           ops/s
[200.194s][info][gc,stats    ]      Memory: Page Cache Hit L3                                 0 / 0                 0 / 38                0 / 38                0 / 38          ops/s
[200.195s][info][gc,stats    ]      Memory: Page Cache Miss                                   0 / 0                 2 / 64                2 / 64                2 / 64          ops/s
[200.195s][info][gc,stats    ]      Memory: Uncommit                                          0 / 0                 0 / 0                 0 / 0                 0 / 0           MB/s
[200.196s][info][gc,stats    ]      Memory: Undo Object Allocation Failed                     0 / 0                 0 / 0                 0 / 0                 0 / 0           ops/s
[200.196s][info][gc,stats    ]      Memory: Undo Object Allocation Succeeded                  0 / 0                 0 / 8                 0 / 8                 0 / 8           ops/s
[200.197s][info][gc,stats    ]      Memory: Undo Page Allocation                              0 / 0                 0 / 18                0 / 18                0 / 18          ops/s
[200.198s][info][gc,stats    ]       Phase: Concurrent Mark                             106.729 / 106.729     933.164 / 2705.089    933.164 / 2705.089    933.164 / 2705.089    ms
[200.198s][info][gc,stats    ]       Phase: Concurrent Mark Continue                      0.000 / 0.000         0.000 / 0.000         0.000 / 0.000         0.000 / 0.000       ms
[200.199s][info][gc,stats    ]       Phase: Concurrent Mark Free                          0.001 / 0.001         0.003 / 0.005         0.003 / 0.005         0.003 / 0.005       ms
[200.200s][info][gc,stats    ]       Phase: Concurrent Process Non-Strong References      9.521 / 9.521        58.931 / 164.975      58.931 / 164.975      58.931 / 164.975     ms
[200.200s][info][gc,stats    ]       Phase: Concurrent Relocate                           4.860 / 4.860        82.917 / 582.871      82.917 / 582.871      82.917 / 582.871     ms
[200.201s][info][gc,stats    ]       Phase: Concurrent Reset Relocation Set               0.022 / 0.022         0.050 / 0.240         0.050 / 0.240         0.050 / 0.240       ms
[200.202s][info][gc,stats    ]       Phase: Concurrent Select Relocation Set              2.235 / 2.235        27.785 / 201.716      27.785 / 201.716      27.785 / 201.716     ms
[200.203s][info][gc,stats    ]       Phase: Pause Mark End                                0.067 / 0.067         0.200 / 2.453         0.200 / 2.453         0.200 / 2.453       ms
[200.204s][info][gc,stats    ]       Phase: Pause Mark Start                              0.008 / 0.008         0.021 / 0.089         0.021 / 0.089         0.021 / 0.089       ms
[200.205s][info][gc,stats    ]       Phase: Pause Relocate Start                          0.009 / 0.009         0.015 / 0.021         0.015 / 0.021         0.015 / 0.021       ms
[200.205s][info][gc,stats    ]    Subphase: Concurrent Classes Purge                      0.515 / 0.515         2.068 / 6.507         2.068 / 6.507         2.068 / 6.507       ms
[200.206s][info][gc,stats    ]    Subphase: Concurrent Classes Unlink                     6.780 / 6.780        37.691 / 114.642      37.691 / 114.642      37.691 / 114.642     ms
[200.206s][info][gc,stats    ]    Subphase: Concurrent Mark                             103.651 / 104.252     912.753 / 2701.216    912.753 / 2701.216    912.753 / 2701.216    ms
[200.207s][info][gc,stats    ]    Subphase: Concurrent Mark Try Flush                     0.300 / 0.427         7.657 / 52.141        7.657 / 52.141        7.657 / 52.141      ms
[200.208s][info][gc,stats    ]    Subphase: Concurrent Mark Try Terminate                 0.784 / 1.294         2.140 / 52.146        2.140 / 52.146        2.140 / 52.146      ms
[200.208s][info][gc,stats    ]    Subphase: Concurrent References Enqueue                 0.005 / 0.005         0.051 / 0.228         0.051 / 0.228         0.051 / 0.228       ms
[200.209s][info][gc,stats    ]    Subphase: Concurrent References Process                 0.889 / 0.889         1.474 / 5.623         1.474 / 5.623         1.474 / 5.623       ms
[200.210s][info][gc,stats    ]    Subphase: Concurrent Roots ClassLoaderDataGraph         0.220 / 0.414         1.759 / 24.725        1.759 / 24.725        1.759 / 24.725      ms
[200.210s][info][gc,stats    ]    Subphase: Concurrent Roots CodeCache                    0.000 / 0.000         0.000 / 0.000         0.000 / 0.000         0.000 / 0.000       ms
[200.211s][info][gc,stats    ]    Subphase: Concurrent Roots JavaThreads                  1.659 / 1.794        13.242 / 41.039       13.242 / 41.039       13.242 / 41.039      ms
[200.212s][info][gc,stats    ]    Subphase: Concurrent Roots OopStorageSet                0.090 / 0.090         0.126 / 0.322         0.126 / 0.322         0.126 / 0.322       ms
[200.212s][info][gc,stats    ]    Subphase: Concurrent Weak Roots OopStorageSet           0.817 / 0.857         3.395 / 13.167        3.395 / 13.167        3.395 / 13.167      ms
[200.213s][info][gc,stats    ]    Subphase: Pause Mark Try Complete                       0.000 / 0.000         0.004 / 0.008         0.004 / 0.008         0.004 / 0.008       ms
[200.214s][info][gc,stats    ]      System: Java Threads                                     75 / 75               72 / 88               72 / 88               72 / 88          threads
[200.215s][info][gc,stats    ] =========================================================================================================================================================
[208.480s][info][gc,start    ] GC(15) Garbage Collection (Proactive)
[208.481s][info][gc,task     ] GC(15) Using 2 workers
[208.482s][info][gc,phases   ] GC(15) Pause Mark Start 0.009ms
[208.575s][info][gc,phases   ] GC(15) Concurrent Mark 92.595ms
[208.576s][info][gc,phases   ] GC(15) Pause Mark End 0.015ms
[208.577s][info][gc,phases   ] GC(15) Concurrent Mark Free 0.001ms
[208.587s][info][gc,phases   ] GC(15) Concurrent Process Non-Strong References 9.489ms
[208.588s][info][gc,phases   ] GC(15) Concurrent Reset Relocation Set 0.018ms
[208.591s][info][gc,phases   ] GC(15) Concurrent Select Relocation Set 2.040ms
[208.591s][info][gc,phases   ] GC(15) Pause Relocate Start 0.008ms
[208.595s][info][gc,phases   ] GC(15) Concurrent Relocate 3.324ms
[208.597s][info][gc,load     ] GC(15) Load: 3.51/5.90/5.03
[208.597s][info][gc,mmu      ] GC(15) MMU: 2ms/0.0%, 5ms/50.9%, 10ms/75.5%, 20ms/87.7%, 50ms/95.1%, 100ms/97.5%
[208.598s][info][gc,marking  ] GC(15) Mark: 2 stripe(s), 2 proactive flush(es), 1 terminate flush(es), 0 completion(s), 0 continuation(s) 
[208.599s][info][gc,marking  ] GC(15) Mark Stack Usage: 32M
[208.599s][info][gc,nmethod  ] GC(15) NMethods: 6242 registered, 885 unregistered
[208.600s][info][gc,metaspace] GC(15) Metaspace: 52M used, 53M committed, 1072M reserved
[208.600s][info][gc,ref      ] GC(15) Soft: 5016 encountered, 0 discovered, 0 enqueued
[208.601s][info][gc,ref      ] GC(15) Weak: 3153 encountered, 1401 discovered, 0 enqueued
[208.601s][info][gc,ref      ] GC(15) Final: 85 encountered, 50 discovered, 2 enqueued
[208.602s][info][gc,ref      ] GC(15) Phantom: 483 encountered, 278 discovered, 0 enqueued
[208.602s][info][gc,reloc    ] GC(15) Small Pages: 135 / 270M, Empty: 42M, Relocated: 5M, In-Place: 0
[208.603s][info][gc,reloc    ] GC(15) Medium Pages: 1 / 32M, Empty: 0M, Relocated: 0M, In-Place: 0
[208.603s][info][gc,reloc    ] GC(15) Large Pages: 51 / 634M, Empty: 600M, Relocated: 0M, In-Place: 0
[208.604s][info][gc,reloc    ] GC(15) Forwarding Usage: 1M
[208.605s][info][gc,heap     ] GC(15) Min Capacity: 256M(6%)
[208.605s][info][gc,heap     ] GC(15) Max Capacity: 4096M(100%)
[208.606s][info][gc,heap     ] GC(15) Soft Max Capacity: 4096M(100%)
[208.606s][info][gc,heap     ] GC(15)                Mark Start          Mark End        Relocate Start      Relocate End           High               Low         
[208.606s][info][gc,heap     ] GC(15)  Capacity:     2440M (60%)        2440M (60%)        2440M (60%)        2440M (60%)        2440M (60%)        2440M (60%)    
[208.607s][info][gc,heap     ] GC(15)      Free:     3160M (77%)        3142M (77%)        3784M (92%)        3908M (95%)        3908M (95%)        3142M (77%)    
[208.608s][info][gc,heap     ] GC(15)      Used:      936M (23%)         954M (23%)         312M (8%)          188M (5%)          954M (23%)         188M (5%)     
[208.608s][info][gc,heap     ] GC(15)      Live:         -               128M (3%)          128M (3%)          128M (3%)             -                  -          
[208.609s][info][gc,heap     ] GC(15) Allocated:         -                18M (0%)           18M (0%)           18M (0%)             -                  -          
[208.610s][info][gc,heap     ] GC(15)   Garbage:         -               807M (20%)         165M (4%)           41M (1%)             -                  -          
[208.610s][info][gc,heap     ] GC(15) Reclaimed:         -                  -               642M (16%)         766M (19%)            -                  -          
[208.611s][info][gc          ] GC(15) Garbage Collection (Proactive) 936M(23%)->188M(5%)
[210.180s][info][gc,stats    ] === Garbage Collection Statistics =======================================================================================================================
[210.181s][info][gc,stats    ]                                                              Last 10s              Last 10m              Last 10h                Total
[210.182s][info][gc,stats    ]                                                              Avg / Max             Avg / Max             Avg / Max             Avg / Max
[210.183s][info][gc,stats    ]   Collector: Garbage Collection Cycle                    116.926 / 116.926    1096.015 / 3109.924   1096.015 / 3109.924   1096.015 / 3109.924    ms
[210.184s][info][gc,stats    ]  Contention: Mark Segment Reset Contention                     0 / 2                 0 / 3                 0 / 3                 0 / 3           ops/s
[210.185s][info][gc,stats    ]  Contention: Mark SeqNum Reset Contention                      0 / 0                 0 / 0                 0 / 0                 0 / 0           ops/s
[210.186s][info][gc,stats    ]    Critical: Allocation Stall                                  0 / 0                 0 / 0                 0 / 0                 0 / 0           ops/s
[210.186s][info][gc,stats    ]    Critical: Allocation Stall                              0.000 / 0.000         0.000 / 0.000         0.000 / 0.000         0.000 / 0.000       ms
[210.188s][info][gc,stats    ]    Critical: GC Locker Stall                                   0 / 0                 0 / 1                 0 / 1                 0 / 1           ops/s
[210.189s][info][gc,stats    ]    Critical: GC Locker Stall                               0.000 / 0.000         3.174 / 3.174         3.174 / 3.174         3.174 / 3.174       ms
[210.189s][info][gc,stats    ]    Critical: Relocation Stall                                  0 / 0                 0 / 0                 0 / 0                 0 / 0           ops/s
[210.190s][info][gc,stats    ]    Critical: Relocation Stall                              0.000 / 0.000         0.000 / 0.000         0.000 / 0.000         0.000 / 0.000       ms
[210.191s][info][gc,stats    ]      Memory: Allocation Rate                                  74 / 490              65 / 510              65 / 510              65 / 510         MB/s
[210.191s][info][gc,stats    ]      Memory: Out Of Memory                                     0 / 0                 0 / 0                 0 / 0                 0 / 0           ops/s
[210.192s][info][gc,stats    ]      Memory: Page Cache Flush                                  0 / 0                 0 / 0                 0 / 0                 0 / 0           MB/s
[210.193s][info][gc,stats    ]      Memory: Page Cache Hit L1                                12 / 35               11 / 193              11 / 193              11 / 193         ops/s
[210.193s][info][gc,stats    ]      Memory: Page Cache Hit L2                                 0 / 0                 0 / 0                 0 / 0                 0 / 0           ops/s
[210.194s][info][gc,stats    ]      Memory: Page Cache Hit L3                                 0 / 0                 0 / 38                0 / 38                0 / 38          ops/s
[210.195s][info][gc,stats    ]      Memory: Page Cache Miss                                   0 / 0                 2 / 64                2 / 64                2 / 64          ops/s
[210.195s][info][gc,stats    ]      Memory: Uncommit                                          0 / 0                 0 / 0                 0 / 0                 0 / 0           MB/s
[210.196s][info][gc,stats    ]      Memory: Undo Object Allocation Failed                     0 / 0                 0 / 0                 0 / 0                 0 / 0           ops/s
[210.197s][info][gc,stats    ]      Memory: Undo Object Allocation Succeeded                  0 / 0                 0 / 8                 0 / 8                 0 / 8           ops/s
[210.197s][info][gc,stats    ]      Memory: Undo Page Allocation                              0 / 0                 0 / 18                0 / 18                0 / 18          ops/s
[210.198s][info][gc,stats    ]       Phase: Concurrent Mark                              92.595 / 92.595      880.629 / 2705.089    880.629 / 2705.089    880.629 / 2705.089    ms
[210.198s][info][gc,stats    ]       Phase: Concurrent Mark Continue                      0.000 / 0.000         0.000 / 0.000         0.000 / 0.000         0.000 / 0.000       ms
[210.199s][info][gc,stats    ]       Phase: Concurrent Mark Free                          0.001 / 0.001         0.003 / 0.005         0.003 / 0.005         0.003 / 0.005       ms
[210.200s][info][gc,stats    ]       Phase: Concurrent Process Non-Strong References      9.489 / 9.489        55.841 / 164.975      55.841 / 164.975      55.841 / 164.975     ms
[210.200s][info][gc,stats    ]       Phase: Concurrent Relocate                           3.324 / 3.324        77.943 / 582.871      77.943 / 582.871      77.943 / 582.871     ms
[210.201s][info][gc,stats    ]       Phase: Concurrent Reset Relocation Set               0.018 / 0.018         0.048 / 0.240         0.048 / 0.240         0.048 / 0.240       ms
[210.201s][info][gc,stats    ]       Phase: Concurrent Select Relocation Set              2.040 / 2.040        26.176 / 201.716      26.176 / 201.716      26.176 / 201.716     ms
[210.201s][info][gc,stats    ]       Phase: Pause Mark End                                0.015 / 0.015         0.188 / 2.453         0.188 / 2.453         0.188 / 2.453       ms
[210.203s][info][gc,stats    ]       Phase: Pause Mark Start                              0.009 / 0.009         0.020 / 0.089         0.020 / 0.089         0.020 / 0.089       ms
[210.203s][info][gc,stats    ]       Phase: Pause Relocate Start                          0.008 / 0.008         0.015 / 0.021         0.015 / 0.021         0.015 / 0.021       ms
[210.204s][info][gc,stats    ]    Subphase: Concurrent Classes Purge                      0.399 / 0.399         1.963 / 6.507         1.963 / 6.507         1.963 / 6.507       ms
[210.204s][info][gc,stats    ]    Subphase: Concurrent Classes Unlink                     7.637 / 7.637        35.812 / 114.642      35.812 / 114.642      35.812 / 114.642     ms
[210.205s][info][gc,stats    ]    Subphase: Concurrent Mark                              90.297 / 90.707      861.350 / 2701.216    861.350 / 2701.216    861.350 / 2701.216    ms
[210.205s][info][gc,stats    ]    Subphase: Concurrent Mark Try Flush                     0.235 / 0.332         7.324 / 52.141        7.324 / 52.141        7.324 / 52.141      ms
[210.206s][info][gc,stats    ]    Subphase: Concurrent Mark Try Terminate                 0.475 / 1.230         2.123 / 52.146        2.123 / 52.146        2.123 / 52.146      ms
[210.206s][info][gc,stats    ]    Subphase: Concurrent References Enqueue                 0.083 / 0.083         0.053 / 0.228         0.053 / 0.228         0.053 / 0.228       ms
[210.207s][info][gc,stats    ]    Subphase: Concurrent References Process                 0.365 / 0.365         1.404 / 5.623         1.404 / 5.623         1.404 / 5.623       ms
[210.207s][info][gc,stats    ]    Subphase: Concurrent Roots ClassLoaderDataGraph         0.141 / 0.258         1.643 / 24.725        1.643 / 24.725        1.643 / 24.725      ms
[210.208s][info][gc,stats    ]    Subphase: Concurrent Roots CodeCache                    0.000 / 0.000         0.000 / 0.000         0.000 / 0.000         0.000 / 0.000       ms
[210.208s][info][gc,stats    ]    Subphase: Concurrent Roots JavaThreads                  1.394 / 1.512        12.501 / 41.039       12.501 / 41.039       12.501 / 41.039      ms
[210.209s][info][gc,stats    ]    Subphase: Concurrent Roots OopStorageSet                0.029 / 0.036         0.116 / 0.322         0.116 / 0.322         0.116 / 0.322       ms
[210.209s][info][gc,stats    ]    Subphase: Concurrent Weak Roots OopStorageSet           0.790 / 0.816         3.227 / 13.167        3.227 / 13.167        3.227 / 13.167      ms
[210.210s][info][gc,stats    ]    Subphase: Pause Mark Try Complete                       0.000 / 0.000         0.004 / 0.008         0.004 / 0.008         0.004 / 0.008       ms
[210.210s][info][gc,stats    ]      System: Java Threads                                     75 / 75               72 / 88               72 / 88               72 / 88          threads
[210.211s][info][gc,stats    ] =========================================================================================================================================================
[217.679s][info][gc,start    ] GC(16) Garbage Collection (Proactive)
[217.680s][info][gc,task     ] GC(16) Using 2 workers
[217.680s][info][gc,phases   ] GC(16) Pause Mark Start 0.007ms
[217.769s][info][gc,phases   ] GC(16) Concurrent Mark 87.968ms
[217.770s][info][gc,phases   ] GC(16) Pause Mark End 0.013ms
[217.771s][info][gc,phases   ] GC(16) Concurrent Mark Free 0.001ms
[217.780s][info][gc,phases   ] GC(16) Concurrent Process Non-Strong References 7.605ms
[217.780s][info][gc,phases   ] GC(16) Concurrent Reset Relocation Set 0.008ms
[217.782s][info][gc,phases   ] GC(16) Concurrent Select Relocation Set 1.590ms
[217.783s][info][gc,phases   ] GC(16) Pause Relocate Start 0.008ms
[217.786s][info][gc,phases   ] GC(16) Concurrent Relocate 2.316ms
[217.787s][info][gc,load     ] GC(16) Load: 3.05/5.72/4.98
[217.788s][info][gc,mmu      ] GC(16) MMU: 2ms/0.0%, 5ms/50.9%, 10ms/75.5%, 20ms/87.7%, 50ms/95.1%, 100ms/97.5%
[217.789s][info][gc,marking  ] GC(16) Mark: 2 stripe(s), 2 proactive flush(es), 1 terminate flush(es), 0 completion(s), 0 continuation(s) 
[217.789s][info][gc,marking  ] GC(16) Mark Stack Usage: 32M
[217.790s][info][gc,nmethod  ] GC(16) NMethods: 6269 registered, 885 unregistered
[217.791s][info][gc,metaspace] GC(16) Metaspace: 52M used, 53M committed, 1072M reserved
[217.791s][info][gc,ref      ] GC(16) Soft: 5016 encountered, 0 discovered, 0 enqueued
[217.792s][info][gc,ref      ] GC(16) Weak: 3153 encountered, 1699 discovered, 0 enqueued
[217.792s][info][gc,ref      ] GC(16) Final: 85 encountered, 2 discovered, 2 enqueued
[217.793s][info][gc,ref      ] GC(16) Phantom: 479 encountered, 278 discovered, 0 enqueued
[217.794s][info][gc,reloc    ] GC(16) Small Pages: 125 / 250M, Empty: 40M, Relocated: 5M, In-Place: 0
[217.794s][info][gc,reloc    ] GC(16) Medium Pages: 1 / 32M, Empty: 0M, Relocated: 0M, In-Place: 0
[217.795s][info][gc,reloc    ] GC(16) Large Pages: 47 / 610M, Empty: 576M, Relocated: 0M, In-Place: 0
[217.795s][info][gc,reloc    ] GC(16) Forwarding Usage: 1M
[217.796s][info][gc,heap     ] GC(16) Min Capacity: 256M(6%)
[217.796s][info][gc,heap     ] GC(16) Max Capacity: 4096M(100%)
[217.797s][info][gc,heap     ] GC(16) Soft Max Capacity: 4096M(100%)
[217.797s][info][gc,heap     ] GC(16)                Mark Start          Mark End        Relocate Start      Relocate End           High               Low         
[217.798s][info][gc,heap     ] GC(16)  Capacity:     2440M (60%)        2440M (60%)        2440M (60%)        2440M (60%)        2440M (60%)        2440M (60%)    
[217.798s][info][gc,heap     ] GC(16)      Free:     3204M (78%)        3182M (78%)        3790M (93%)        3894M (95%)        3894M (95%)        3174M (77%)    
[217.799s][info][gc,heap     ] GC(16)      Used:      892M (22%)         914M (22%)         306M (7%)          202M (5%)          922M (23%)         202M (5%)     
[217.799s][info][gc,heap     ] GC(16)      Live:         -               128M (3%)          128M (3%)          128M (3%)             -                  -          
[217.800s][info][gc,heap     ] GC(16) Allocated:         -                22M (1%)           30M (1%)           29M (1%)             -                  -          
[217.800s][info][gc,heap     ] GC(16)   Garbage:         -               763M (19%)         147M (4%)           43M (1%)             -                  -          
[217.801s][info][gc,heap     ] GC(16) Reclaimed:         -                  -               616M (15%)         719M (18%)            -                  -          
[217.801s][info][gc          ] GC(16) Garbage Collection (Proactive) 892M(22%)->202M(5%)
[220.179s][info][gc,stats    ] === Garbage Collection Statistics =======================================================================================================================
[220.180s][info][gc,stats    ]                                                              Last 10s              Last 10m              Last 10h                Total
[220.181s][info][gc,stats    ]                                                              Avg / Max             Avg / Max             Avg / Max             Avg / Max
[220.181s][info][gc,stats    ]   Collector: Garbage Collection Cycle                    108.192 / 108.192    1037.908 / 3109.924   1037.908 / 3109.924   1037.908 / 3109.924    ms
[220.182s][info][gc,stats    ]  Contention: Mark Segment Reset Contention                     0 / 0                 0 / 3                 0 / 3                 0 / 3           ops/s
[220.183s][info][gc,stats    ]  Contention: Mark SeqNum Reset Contention                      0 / 0                 0 / 0                 0 / 0                 0 / 0           ops/s
[220.183s][info][gc,stats    ]    Critical: Allocation Stall                                  0 / 0                 0 / 0                 0 / 0                 0 / 0           ops/s
[220.184s][info][gc,stats    ]    Critical: Allocation Stall                              0.000 / 0.000         0.000 / 0.000         0.000 / 0.000         0.000 / 0.000       ms
[220.185s][info][gc,stats    ]    Critical: GC Locker Stall                                   0 / 0                 0 / 1                 0 / 1                 0 / 1           ops/s
[220.185s][info][gc,stats    ]    Critical: GC Locker Stall                               0.000 / 0.000         3.174 / 3.174         3.174 / 3.174         3.174 / 3.174       ms
[220.186s][info][gc,stats    ]    Critical: Relocation Stall                                  0 / 0                 0 / 0                 0 / 0                 0 / 0           ops/s
[220.186s][info][gc,stats    ]    Critical: Relocation Stall                              0.000 / 0.000         0.000 / 0.000         0.000 / 0.000         0.000 / 0.000       ms
[220.187s][info][gc,stats    ]      Memory: Allocation Rate                                  72 / 522              65 / 522              65 / 522              65 / 522         MB/s
[220.187s][info][gc,stats    ]      Memory: Out Of Memory                                     0 / 0                 0 / 0                 0 / 0                 0 / 0           ops/s
[220.188s][info][gc,stats    ]      Memory: Page Cache Flush                                  0 / 0                 0 / 0                 0 / 0                 0 / 0           MB/s
[220.188s][info][gc,stats    ]      Memory: Page Cache Hit L1                                12 / 55               11 / 193              11 / 193              11 / 193         ops/s
[220.188s][info][gc,stats    ]      Memory: Page Cache Hit L2                                 0 / 0                 0 / 0                 0 / 0                 0 / 0           ops/s
[220.189s][info][gc,stats    ]      Memory: Page Cache Hit L3                                 0 / 0                 0 / 38                0 / 38                0 / 38          ops/s
[220.190s][info][gc,stats    ]      Memory: Page Cache Miss                                   0 / 0                 2 / 64                2 / 64                2 / 64          ops/s
[220.190s][info][gc,stats    ]      Memory: Uncommit                                          0 / 0                 0 / 0                 0 / 0                 0 / 0           MB/s
[220.190s][info][gc,stats    ]      Memory: Undo Object Allocation Failed                     0 / 0                 0 / 0                 0 / 0                 0 / 0           ops/s
[220.191s][info][gc,stats    ]      Memory: Undo Object Allocation Succeeded                  0 / 0                 0 / 8                 0 / 8                 0 / 8           ops/s
[220.191s][info][gc,stats    ]      Memory: Undo Page Allocation                              0 / 0                 0 / 18                0 / 18                0 / 18          ops/s
[220.192s][info][gc,stats    ]       Phase: Concurrent Mark                              87.968 / 87.968      834.002 / 2705.089    834.002 / 2705.089    834.002 / 2705.089    ms
[220.192s][info][gc,stats    ]       Phase: Concurrent Mark Continue                      0.000 / 0.000         0.000 / 0.000         0.000 / 0.000         0.000 / 0.000       ms
[220.193s][info][gc,stats    ]       Phase: Concurrent Mark Free                          0.001 / 0.001         0.003 / 0.005         0.003 / 0.005         0.003 / 0.005       ms
[220.193s][info][gc,stats    ]       Phase: Concurrent Process Non-Strong References      7.605 / 7.605        53.003 / 164.975      53.003 / 164.975      53.003 / 164.975     ms
[220.194s][info][gc,stats    ]       Phase: Concurrent Relocate                           2.316 / 2.316        73.494 / 582.871      73.494 / 582.871      73.494 / 582.871     ms
[220.194s][info][gc,stats    ]       Phase: Concurrent Reset Relocation Set               0.008 / 0.008         0.046 / 0.240         0.046 / 0.240         0.046 / 0.240       ms
[220.195s][info][gc,stats    ]       Phase: Concurrent Select Relocation Set              1.590 / 1.590        24.729 / 201.716      24.729 / 201.716      24.729 / 201.716     ms
[220.195s][info][gc,stats    ]       Phase: Pause Mark End                                0.013 / 0.013         0.178 / 2.453         0.178 / 2.453         0.178 / 2.453       ms
[220.196s][info][gc,stats    ]       Phase: Pause Mark Start                              0.007 / 0.007         0.020 / 0.089         0.020 / 0.089         0.020 / 0.089       ms
[220.197s][info][gc,stats    ]       Phase: Pause Relocate Start                          0.008 / 0.008         0.014 / 0.021         0.014 / 0.021         0.014 / 0.021       ms
[220.197s][info][gc,stats    ]    Subphase: Concurrent Classes Purge                      0.277 / 0.277         1.864 / 6.507         1.864 / 6.507         1.864 / 6.507       ms
[220.198s][info][gc,stats    ]    Subphase: Concurrent Classes Unlink                     6.040 / 6.040        34.061 / 114.642      34.061 / 114.642      34.061 / 114.642     ms
[220.198s][info][gc,stats    ]    Subphase: Concurrent Mark                              85.882 / 86.369      815.734 / 2701.216    815.734 / 2701.216    815.734 / 2701.216    ms
[220.199s][info][gc,stats    ]    Subphase: Concurrent Mark Try Flush                     0.114 / 0.164         7.015 / 52.141        7.015 / 52.141        7.015 / 52.141      ms
[220.199s][info][gc,stats    ]    Subphase: Concurrent Mark Try Terminate                 0.465 / 1.230         2.107 / 52.146        2.107 / 52.146        2.107 / 52.146      ms
[220.200s][info][gc,stats    ]    Subphase: Concurrent References Enqueue                 0.005 / 0.005         0.050 / 0.228         0.050 / 0.228         0.050 / 0.228       ms
[220.200s][info][gc,stats    ]    Subphase: Concurrent References Process                 0.385 / 0.385         1.345 / 5.623         1.345 / 5.623         1.345 / 5.623       ms
[220.201s][info][gc,stats    ]    Subphase: Concurrent Roots ClassLoaderDataGraph         0.136 / 0.249         1.543 / 24.725        1.543 / 24.725        1.543 / 24.725      ms
[220.201s][info][gc,stats    ]    Subphase: Concurrent Roots CodeCache                    0.000 / 0.000         0.000 / 0.000         0.000 / 0.000         0.000 / 0.000       ms
[220.202s][info][gc,stats    ]    Subphase: Concurrent Roots JavaThreads                  1.056 / 1.144        11.828 / 41.039       11.828 / 41.039       11.828 / 41.039      ms
[220.202s][info][gc,stats    ]    Subphase: Concurrent Roots OopStorageSet                0.047 / 0.047         0.113 / 0.322         0.113 / 0.322         0.113 / 0.322       ms
[220.203s][info][gc,stats    ]    Subphase: Concurrent Weak Roots OopStorageSet           0.597 / 0.608         3.068 / 13.167        3.068 / 13.167        3.068 / 13.167      ms
[220.203s][info][gc,stats    ]    Subphase: Pause Mark Try Complete                       0.000 / 0.000         0.004 / 0.008         0.004 / 0.008         0.004 / 0.008       ms
[220.204s][info][gc,stats    ]      System: Java Threads                                     74 / 74               72 / 88               72 / 88               72 / 88          threads
[220.204s][info][gc,stats    ] =========================================================================================================================================================
[228.679s][info][gc,start    ] GC(17) Garbage Collection (Proactive)
[228.680s][info][gc,task     ] GC(17) Using 2 workers
[228.681s][info][gc,phases   ] GC(17) Pause Mark Start 0.008ms
[228.765s][info][gc,phases   ] GC(17) Concurrent Mark 83.089ms
[228.766s][info][gc,phases   ] GC(17) Pause Mark End 0.016ms
[228.767s][info][gc,phases   ] GC(17) Concurrent Mark Free 0.001ms
[228.775s][info][gc,phases   ] GC(17) Concurrent Process Non-Strong References 7.345ms
[228.776s][info][gc,phases   ] GC(17) Concurrent Reset Relocation Set 0.007ms
[228.778s][info][gc,phases   ] GC(17) Concurrent Select Relocation Set 1.715ms
[228.779s][info][gc,phases   ] GC(17) Pause Relocate Start 0.007ms
[228.782s][info][gc,phases   ] GC(17) Concurrent Relocate 2.539ms
[228.783s][info][gc,load     ] GC(17) Load: 2.66/5.55/4.93
[228.783s][info][gc,mmu      ] GC(17) MMU: 2ms/0.0%, 5ms/50.9%, 10ms/75.5%, 20ms/87.7%, 50ms/95.1%, 100ms/97.5%
[228.784s][info][gc,marking  ] GC(17) Mark: 2 stripe(s), 2 proactive flush(es), 1 terminate flush(es), 0 completion(s), 0 continuation(s) 
[228.785s][info][gc,marking  ] GC(17) Mark Stack Usage: 32M
[228.786s][info][gc,nmethod  ] GC(17) NMethods: 6298 registered, 885 unregistered
[228.786s][info][gc,metaspace] GC(17) Metaspace: 52M used, 53M committed, 1072M reserved
[228.787s][info][gc,ref      ] GC(17) Soft: 5016 encountered, 0 discovered, 0 enqueued
[228.788s][info][gc,ref      ] GC(17) Weak: 3138 encountered, 1707 discovered, 0 enqueued
[228.788s][info][gc,ref      ] GC(17) Final: 85 encountered, 2 discovered, 2 enqueued
[228.788s][info][gc,ref      ] GC(17) Phantom: 479 encountered, 305 discovered, 0 enqueued
[228.789s][info][gc,reloc    ] GC(17) Small Pages: 142 / 284M, Empty: 64M, Relocated: 4M, In-Place: 0
[228.790s][info][gc,reloc    ] GC(17) Medium Pages: 1 / 32M, Empty: 0M, Relocated: 0M, In-Place: 0
[228.790s][info][gc,reloc    ] GC(17) Large Pages: 51 / 634M, Empty: 600M, Relocated: 0M, In-Place: 0
[228.790s][info][gc,reloc    ] GC(17) Forwarding Usage: 1M
[228.791s][info][gc,heap     ] GC(17) Min Capacity: 256M(6%)
[228.791s][info][gc,heap     ] GC(17) Max Capacity: 4096M(100%)
[228.792s][info][gc,heap     ] GC(17) Soft Max Capacity: 4096M(100%)
[228.792s][info][gc,heap     ] GC(17)                Mark Start          Mark End        Relocate Start      Relocate End           High               Low         
[228.793s][info][gc,heap     ] GC(17)  Capacity:     2440M (60%)        2440M (60%)        2440M (60%)        2440M (60%)        2440M (60%)        2440M (60%)    
[228.793s][info][gc,heap     ] GC(17)      Free:     3146M (77%)        3130M (76%)        3794M (93%)        3908M (95%)        3908M (95%)        3130M (76%)    
[228.794s][info][gc,heap     ] GC(17)      Used:      950M (23%)         966M (24%)         302M (7%)          188M (5%)          966M (24%)         188M (5%)     
[228.794s][info][gc,heap     ] GC(17)      Live:         -               128M (3%)          128M (3%)          128M (3%)             -                  -          
[228.795s][info][gc,heap     ] GC(17) Allocated:         -                16M (0%)           16M (0%)           17M (0%)             -                  -          
[228.795s][info][gc,heap     ] GC(17)   Garbage:         -               821M (20%)         157M (4%)           41M (1%)             -                  -          
[228.796s][info][gc,heap     ] GC(17) Reclaimed:         -                  -               664M (16%)         779M (19%)            -                  -          
[228.796s][info][gc          ] GC(17) Garbage Collection (Proactive) 950M(23%)->188M(5%)
[230.180s][info][gc,stats    ] === Garbage Collection Statistics =======================================================================================================================
[230.181s][info][gc,stats    ]                                                              Last 10s              Last 10m              Last 10h                Total
[230.182s][info][gc,stats    ]                                                              Avg / Max             Avg / Max             Avg / Max             Avg / Max
[230.182s][info][gc,stats    ]   Collector: Garbage Collection Cycle                    103.701 / 103.701     986.008 / 3109.924    986.008 / 3109.924    986.008 / 3109.924    ms
[230.183s][info][gc,stats    ]  Contention: Mark Segment Reset Contention                     0 / 0                 0 / 3                 0 / 3                 0 / 3           ops/s
[230.184s][info][gc,stats    ]  Contention: Mark SeqNum Reset Contention                      0 / 0                 0 / 0                 0 / 0                 0 / 0           ops/s
[230.184s][info][gc,stats    ]    Critical: Allocation Stall                                  0 / 0                 0 / 0                 0 / 0                 0 / 0           ops/s
[230.185s][info][gc,stats    ]    Critical: Allocation Stall                              0.000 / 0.000         0.000 / 0.000         0.000 / 0.000         0.000 / 0.000       ms
[230.186s][info][gc,stats    ]    Critical: GC Locker Stall                                   0 / 0                 0 / 1                 0 / 1                 0 / 1           ops/s
[230.187s][info][gc,stats    ]    Critical: GC Locker Stall                               0.000 / 0.000         3.174 / 3.174         3.174 / 3.174         3.174 / 3.174       ms
[230.187s][info][gc,stats    ]    Critical: Relocation Stall                                  0 / 0                 0 / 0                 0 / 0                 0 / 0           ops/s
[230.188s][info][gc,stats    ]    Critical: Relocation Stall                              0.000 / 0.000         0.000 / 0.000         0.000 / 0.000         0.000 / 0.000       ms
[230.189s][info][gc,stats    ]      Memory: Allocation Rate                                  76 / 506              66 / 522              66 / 522              66 / 522         MB/s
[230.189s][info][gc,stats    ]      Memory: Out Of Memory                                     0 / 0                 0 / 0                 0 / 0                 0 / 0           ops/s
[230.190s][info][gc,stats    ]      Memory: Page Cache Flush                                  0 / 0                 0 / 0                 0 / 0                 0 / 0           MB/s
[230.190s][info][gc,stats    ]      Memory: Page Cache Hit L1                                13 / 46               12 / 193              12 / 193              12 / 193         ops/s
[230.191s][info][gc,stats    ]      Memory: Page Cache Hit L2                                 0 / 0                 0 / 0                 0 / 0                 0 / 0           ops/s
[230.191s][info][gc,stats    ]      Memory: Page Cache Hit L3                                 0 / 0                 0 / 38                0 / 38                0 / 38          ops/s
[230.192s][info][gc,stats    ]      Memory: Page Cache Miss                                   0 / 0                 2 / 64                2 / 64                2 / 64          ops/s
[230.192s][info][gc,stats    ]      Memory: Uncommit                                          0 / 0                 0 / 0                 0 / 0                 0 / 0           MB/s
[230.193s][info][gc,stats    ]      Memory: Undo Object Allocation Failed                     0 / 0                 0 / 0                 0 / 0                 0 / 0           ops/s
[230.193s][info][gc,stats    ]      Memory: Undo Object Allocation Succeeded                  0 / 0                 0 / 8                 0 / 8                 0 / 8           ops/s
[230.194s][info][gc,stats    ]      Memory: Undo Page Allocation                              0 / 0                 0 / 18                0 / 18                0 / 18          ops/s
[230.194s][info][gc,stats    ]       Phase: Concurrent Mark                              83.089 / 83.089      792.284 / 2705.089    792.284 / 2705.089    792.284 / 2705.089    ms
[230.195s][info][gc,stats    ]       Phase: Concurrent Mark Continue                      0.000 / 0.000         0.000 / 0.000         0.000 / 0.000         0.000 / 0.000       ms
[230.195s][info][gc,stats    ]       Phase: Concurrent Mark Free                          0.001 / 0.001         0.003 / 0.005         0.003 / 0.005         0.003 / 0.005       ms
[230.197s][info][gc,stats    ]       Phase: Concurrent Process Non-Strong References      7.345 / 7.345        50.467 / 164.975      50.467 / 164.975      50.467 / 164.975     ms
[230.197s][info][gc,stats    ]       Phase: Concurrent Relocate                           2.539 / 2.539        69.552 / 582.871      69.552 / 582.871      69.552 / 582.871     ms
[230.198s][info][gc,stats    ]       Phase: Concurrent Reset Relocation Set               0.007 / 0.007         0.043 / 0.240         0.043 / 0.240         0.043 / 0.240       ms
[230.199s][info][gc,stats    ]       Phase: Concurrent Select Relocation Set              1.715 / 1.715        23.451 / 201.716      23.451 / 201.716      23.451 / 201.716     ms
[230.199s][info][gc,stats    ]       Phase: Pause Mark End                                0.016 / 0.016         0.169 / 2.453         0.169 / 2.453         0.169 / 2.453       ms
[230.201s][info][gc,stats    ]       Phase: Pause Mark Start                              0.008 / 0.008         0.019 / 0.089         0.019 / 0.089         0.019 / 0.089       ms
[230.201s][info][gc,stats    ]       Phase: Pause Relocate Start                          0.007 / 0.007         0.014 / 0.021         0.014 / 0.021         0.014 / 0.021       ms
[230.202s][info][gc,stats    ]    Subphase: Concurrent Classes Purge                      0.276 / 0.276         1.776 / 6.507         1.776 / 6.507         1.776 / 6.507       ms
[230.203s][info][gc,stats    ]    Subphase: Concurrent Classes Unlink                     5.836 / 5.836        32.493 / 114.642      32.493 / 114.642      32.493 / 114.642     ms
[230.203s][info][gc,stats    ]    Subphase: Concurrent Mark                              80.844 / 81.293      774.907 / 2701.216    774.907 / 2701.216    774.907 / 2701.216    ms
[230.204s][info][gc,stats    ]    Subphase: Concurrent Mark Try Flush                     0.236 / 0.339         6.737 / 52.141        6.737 / 52.141        6.737 / 52.141      ms
[230.205s][info][gc,stats    ]    Subphase: Concurrent Mark Try Terminate                 0.479 / 1.253         2.091 / 52.146        2.091 / 52.146        2.091 / 52.146      ms
[230.205s][info][gc,stats    ]    Subphase: Concurrent References Enqueue                 0.029 / 0.029         0.049 / 0.228         0.049 / 0.228         0.049 / 0.228       ms
[230.206s][info][gc,stats    ]    Subphase: Concurrent References Process                 0.391 / 0.391         1.292 / 5.623         1.292 / 5.623         1.292 / 5.623       ms
[230.206s][info][gc,stats    ]    Subphase: Concurrent Roots ClassLoaderDataGraph         0.208 / 0.382         1.460 / 24.725        1.460 / 24.725        1.460 / 24.725      ms
[230.207s][info][gc,stats    ]    Subphase: Concurrent Roots CodeCache                    0.000 / 0.000         0.000 / 0.000         0.000 / 0.000         0.000 / 0.000       ms
[230.207s][info][gc,stats    ]    Subphase: Concurrent Roots JavaThreads                  1.131 / 1.343        11.234 / 41.039       11.234 / 41.039       11.234 / 41.039      ms
[230.208s][info][gc,stats    ]    Subphase: Concurrent Roots OopStorageSet                0.034 / 0.052         0.106 / 0.322         0.106 / 0.322         0.106 / 0.322       ms
[230.209s][info][gc,stats    ]    Subphase: Concurrent Weak Roots OopStorageSet           0.623 / 0.652         2.928 / 13.167        2.928 / 13.167        2.928 / 13.167      ms
[230.209s][info][gc,stats    ]    Subphase: Pause Mark Try Complete                       0.000 / 0.000         0.004 / 0.008         0.004 / 0.008         0.004 / 0.008       ms
[230.210s][info][gc,stats    ]      System: Java Threads                                     74 / 74               72 / 88               72 / 88               72 / 88          threads
[230.210s][info][gc,stats    ] =========================================================================================================================================================
[239.680s][info][gc,start    ] GC(18) Garbage Collection (Proactive)
[239.681s][info][gc,task     ] GC(18) Using 2 workers
[239.682s][info][gc,phases   ] GC(18) Pause Mark Start 0.007ms
[239.768s][info][gc,phases   ] GC(18) Concurrent Mark 84.865ms
[239.769s][info][gc,phases   ] GC(18) Pause Mark End 0.021ms
[239.769s][info][gc,phases   ] GC(18) Concurrent Mark Free 0.001ms
[239.778s][info][gc,phases   ] GC(18) Concurrent Process Non-Strong References 8.285ms
[239.779s][info][gc,phases   ] GC(18) Concurrent Reset Relocation Set 0.008ms
[239.781s][info][gc,phases   ] GC(18) Concurrent Select Relocation Set 1.741ms
[239.782s][info][gc,phases   ] GC(18) Pause Relocate Start 0.008ms
[239.785s][info][gc,phases   ] GC(18) Concurrent Relocate 2.560ms
[239.786s][info][gc,load     ] GC(18) Load: 2.25/5.37/4.88
[239.787s][info][gc,mmu      ] GC(18) MMU: 2ms/0.0%, 5ms/50.9%, 10ms/75.5%, 20ms/87.7%, 50ms/95.1%, 100ms/97.5%
[239.787s][info][gc,marking  ] GC(18) Mark: 2 stripe(s), 2 proactive flush(es), 1 terminate flush(es), 0 completion(s), 0 continuation(s) 
[239.788s][info][gc,marking  ] GC(18) Mark Stack Usage: 32M
[239.789s][info][gc,nmethod  ] GC(18) NMethods: 6326 registered, 885 unregistered
[239.790s][info][gc,metaspace] GC(18) Metaspace: 52M used, 53M committed, 1072M reserved
[239.790s][info][gc,ref      ] GC(18) Soft: 5016 encountered, 0 discovered, 0 enqueued
[239.791s][info][gc,ref      ] GC(18) Weak: 3153 encountered, 806 discovered, 0 enqueued
[239.791s][info][gc,ref      ] GC(18) Final: 85 encountered, 51 discovered, 2 enqueued
[239.792s][info][gc,ref      ] GC(18) Phantom: 479 encountered, 282 discovered, 0 enqueued
[239.792s][info][gc,reloc    ] GC(18) Small Pages: 141 / 282M, Empty: 56M, Relocated: 5M, In-Place: 0
[239.793s][info][gc,reloc    ] GC(18) Medium Pages: 1 / 32M, Empty: 0M, Relocated: 0M, In-Place: 0
[239.793s][info][gc,reloc    ] GC(18) Large Pages: 51 / 634M, Empty: 600M, Relocated: 0M, In-Place: 0
[239.794s][info][gc,reloc    ] GC(18) Forwarding Usage: 1M
[239.794s][info][gc,heap     ] GC(18) Min Capacity: 256M(6%)
[239.795s][info][gc,heap     ] GC(18) Max Capacity: 4096M(100%)
[239.795s][info][gc,heap     ] GC(18) Soft Max Capacity: 4096M(100%)
[239.795s][info][gc,heap     ] GC(18)                Mark Start          Mark End        Relocate Start      Relocate End           High               Low         
[239.796s][info][gc,heap     ] GC(18)  Capacity:     2440M (60%)        2440M (60%)        2440M (60%)        2440M (60%)        2440M (60%)        2440M (60%)    
[239.797s][info][gc,heap     ] GC(18)      Free:     3148M (77%)        3130M (76%)        3786M (92%)        3906M (95%)        3906M (95%)        3130M (76%)    
[239.797s][info][gc,heap     ] GC(18)      Used:      948M (23%)         966M (24%)         310M (8%)          190M (5%)          966M (24%)         190M (5%)     
[239.798s][info][gc,heap     ] GC(18)      Live:         -               128M (3%)          128M (3%)          128M (3%)             -                  -          
[239.798s][info][gc,heap     ] GC(18) Allocated:         -                18M (0%)           18M (0%)           17M (0%)             -                  -          
[239.798s][info][gc,heap     ] GC(18)   Garbage:         -               819M (20%)         163M (4%)           43M (1%)             -                  -          
[239.799s][info][gc,heap     ] GC(18) Reclaimed:         -                  -               656M (16%)         775M (19%)            -                  -          
[239.799s][info][gc          ] GC(18) Garbage Collection (Proactive) 948M(23%)->190M(5%)
[240.180s][info][gc,stats    ] === Garbage Collection Statistics =======================================================================================================================
[240.181s][info][gc,stats    ]                                                              Last 10s              Last 10m              Last 10h                Total
[240.181s][info][gc,stats    ]                                                              Avg / Max             Avg / Max             Avg / Max             Avg / Max
[240.182s][info][gc,stats    ]   Collector: Garbage Collection Cycle                    106.149 / 106.149     939.699 / 3109.924    939.699 / 3109.924    939.699 / 3109.924    ms
[240.182s][info][gc,stats    ]  Contention: Mark Segment Reset Contention                     0 / 0                 0 / 3                 0 / 3                 0 / 3           ops/s
[240.183s][info][gc,stats    ]  Contention: Mark SeqNum Reset Contention                      0 / 0                 0 / 0                 0 / 0                 0 / 0           ops/s
[240.183s][info][gc,stats    ]    Critical: Allocation Stall                                  0 / 0                 0 / 0                 0 / 0                 0 / 0           ops/s
[240.184s][info][gc,stats    ]    Critical: Allocation Stall                              0.000 / 0.000         0.000 / 0.000         0.000 / 0.000         0.000 / 0.000       ms
[240.185s][info][gc,stats    ]    Critical: GC Locker Stall                                   0 / 0                 0 / 1                 0 / 1                 0 / 1           ops/s
[240.186s][info][gc,stats    ]    Critical: GC Locker Stall                               0.000 / 0.000         3.174 / 3.174         3.174 / 3.174         3.174 / 3.174       ms
[240.186s][info][gc,stats    ]    Critical: Relocation Stall                                  0 / 0                 0 / 0                 0 / 0                 0 / 0           ops/s
[240.187s][info][gc,stats    ]    Critical: Relocation Stall                              0.000 / 0.000         0.000 / 0.000         0.000 / 0.000         0.000 / 0.000       ms
[240.187s][info][gc,stats    ]      Memory: Allocation Rate                                  74 / 506              66 / 522              66 / 522              66 / 522         MB/s
[240.188s][info][gc,stats    ]      Memory: Out Of Memory                                     0 / 0                 0 / 0                 0 / 0                 0 / 0           ops/s
[240.188s][info][gc,stats    ]      Memory: Page Cache Flush                                  0 / 0                 0 / 0                 0 / 0                 0 / 0           MB/s
[240.189s][info][gc,stats    ]      Memory: Page Cache Hit L1                                12 / 47               12 / 193              12 / 193              12 / 193         ops/s
[240.189s][info][gc,stats    ]      Memory: Page Cache Hit L2                                 0 / 0                 0 / 0                 0 / 0                 0 / 0           ops/s
[240.189s][info][gc,stats    ]      Memory: Page Cache Hit L3                                 0 / 0                 0 / 38                0 / 38                0 / 38          ops/s
[240.190s][info][gc,stats    ]      Memory: Page Cache Miss                                   0 / 0                 2 / 64                2 / 64                2 / 64          ops/s
[240.191s][info][gc,stats    ]      Memory: Uncommit                                          0 / 0                 0 / 0                 0 / 0                 0 / 0           MB/s
[240.191s][info][gc,stats    ]      Memory: Undo Object Allocation Failed                     0 / 0                 0 / 0                 0 / 0                 0 / 0           ops/s
[240.191s][info][gc,stats    ]      Memory: Undo Object Allocation Succeeded                  0 / 0                 0 / 8                 0 / 8                 0 / 8           ops/s
[240.192s][info][gc,stats    ]      Memory: Undo Page Allocation                              0 / 0                 0 / 18                0 / 18                0 / 18          ops/s
[240.192s][info][gc,stats    ]       Phase: Concurrent Mark                              84.865 / 84.865      755.052 / 2705.089    755.052 / 2705.089    755.052 / 2705.089    ms
[240.193s][info][gc,stats    ]       Phase: Concurrent Mark Continue                      0.000 / 0.000         0.000 / 0.000         0.000 / 0.000         0.000 / 0.000       ms
[240.193s][info][gc,stats    ]       Phase: Concurrent Mark Free                          0.001 / 0.001         0.003 / 0.005         0.003 / 0.005         0.003 / 0.005       ms
[240.194s][info][gc,stats    ]       Phase: Concurrent Process Non-Strong References      8.285 / 8.285        48.247 / 164.975      48.247 / 164.975      48.247 / 164.975     ms
[240.194s][info][gc,stats    ]       Phase: Concurrent Relocate                           2.560 / 2.560        66.026 / 582.871      66.026 / 582.871      66.026 / 582.871     ms
[240.195s][info][gc,stats    ]       Phase: Concurrent Reset Relocation Set               0.008 / 0.008         0.042 / 0.240         0.042 / 0.240         0.042 / 0.240       ms
[240.195s][info][gc,stats    ]       Phase: Concurrent Select Relocation Set              1.741 / 1.741        22.308 / 201.716      22.308 / 201.716      22.308 / 201.716     ms
[240.196s][info][gc,stats    ]       Phase: Pause Mark End                                0.021 / 0.021         0.161 / 2.453         0.161 / 2.453         0.161 / 2.453       ms
[240.197s][info][gc,stats    ]       Phase: Pause Mark Start                              0.007 / 0.007         0.018 / 0.089         0.018 / 0.089         0.018 / 0.089       ms
[240.197s][info][gc,stats    ]       Phase: Pause Relocate Start                          0.008 / 0.008         0.014 / 0.021         0.014 / 0.021         0.014 / 0.021       ms
[240.198s][info][gc,stats    ]    Subphase: Concurrent Classes Purge                      0.624 / 0.624         1.715 / 6.507         1.715 / 6.507         1.715 / 6.507       ms
[240.198s][info][gc,stats    ]    Subphase: Concurrent Classes Unlink                     6.230 / 6.230        31.111 / 114.642      31.111 / 114.642      31.111 / 114.642     ms
[240.198s][info][gc,stats    ]    Subphase: Concurrent Mark                              82.990 / 83.189      738.490 / 2701.216    738.490 / 2701.216    738.490 / 2701.216    ms
[240.199s][info][gc,stats    ]    Subphase: Concurrent Mark Try Flush                     0.259 / 0.408         6.481 / 52.141        6.481 / 52.141        6.481 / 52.141      ms
[240.199s][info][gc,stats    ]    Subphase: Concurrent Mark Try Terminate                 0.461 / 1.215         2.075 / 52.146        2.075 / 52.146        2.075 / 52.146      ms
[240.200s][info][gc,stats    ]    Subphase: Concurrent References Enqueue                 0.004 / 0.004         0.047 / 0.228         0.047 / 0.228         0.047 / 0.228       ms
[240.200s][info][gc,stats    ]    Subphase: Concurrent References Process                 0.220 / 0.220         1.235 / 5.623         1.235 / 5.623         1.235 / 5.623       ms
[240.201s][info][gc,stats    ]    Subphase: Concurrent Roots ClassLoaderDataGraph         0.180 / 0.339         1.384 / 24.725        1.384 / 24.725        1.384 / 24.725      ms
[240.202s][info][gc,stats    ]    Subphase: Concurrent Roots CodeCache                    0.000 / 0.000         0.000 / 0.000         0.000 / 0.000         0.000 / 0.000       ms
[240.202s][info][gc,stats    ]    Subphase: Concurrent Roots JavaThreads                  1.132 / 1.263        10.702 / 41.039       10.702 / 41.039       10.702 / 41.039      ms
[240.202s][info][gc,stats    ]    Subphase: Concurrent Roots OopStorageSet                0.025 / 0.040         0.100 / 0.322         0.100 / 0.322         0.100 / 0.322       ms
[240.203s][info][gc,stats    ]    Subphase: Concurrent Weak Roots OopStorageSet           0.837 / 0.839         2.815 / 13.167        2.815 / 13.167        2.815 / 13.167      ms
[240.203s][info][gc,stats    ]    Subphase: Pause Mark Try Complete                       0.000 / 0.000         0.004 / 0.008         0.004 / 0.008         0.004 / 0.008       ms
[240.204s][info][gc,stats    ]      System: Java Threads                                     74 / 74               73 / 88               73 / 88               73 / 88          threads
[240.204s][info][gc,stats    ] =========================================================================================================================================================
[250.179s][info][gc,stats    ] === Garbage Collection Statistics =======================================================================================================================
[250.180s][info][gc,stats    ]                                                              Last 10s              Last 10m              Last 10h                Total
[250.181s][info][gc,stats    ]                                                              Avg / Max             Avg / Max             Avg / Max             Avg / Max
[250.182s][info][gc,stats    ]   Collector: Garbage Collection Cycle                      0.000 / 0.000       939.699 / 3109.924    939.699 / 3109.924    939.699 / 3109.924    ms
[250.182s][info][gc,stats    ]  Contention: Mark Segment Reset Contention                     0 / 0                 0 / 3                 0 / 3                 0 / 3           ops/s
[250.183s][info][gc,stats    ]  Contention: Mark SeqNum Reset Contention                      0 / 0                 0 / 0                 0 / 0                 0 / 0           ops/s
[250.184s][info][gc,stats    ]    Critical: Allocation Stall                                  0 / 0                 0 / 0                 0 / 0                 0 / 0           ops/s
[250.184s][info][gc,stats    ]    Critical: Allocation Stall                              0.000 / 0.000         0.000 / 0.000         0.000 / 0.000         0.000 / 0.000       ms
[250.185s][info][gc,stats    ]    Critical: GC Locker Stall                                   0 / 0                 0 / 1                 0 / 1                 0 / 1           ops/s
[250.185s][info][gc,stats    ]    Critical: GC Locker Stall                               0.000 / 0.000         3.174 / 3.174         3.174 / 3.174         3.174 / 3.174       ms
[250.186s][info][gc,stats    ]    Critical: Relocation Stall                                  0 / 0                 0 / 0                 0 / 0                 0 / 0           ops/s
[250.186s][info][gc,stats    ]    Critical: Relocation Stall                              0.000 / 0.000         0.000 / 0.000         0.000 / 0.000         0.000 / 0.000       ms
[250.187s][info][gc,stats    ]      Memory: Allocation Rate                                  25 / 38               64 / 522              64 / 522              64 / 522         MB/s
[250.187s][info][gc,stats    ]      Memory: Out Of Memory                                     0 / 0                 0 / 0                 0 / 0                 0 / 0           ops/s
[250.188s][info][gc,stats    ]      Memory: Page Cache Flush                                  0 / 0                 0 / 0                 0 / 0                 0 / 0           MB/s
[250.188s][info][gc,stats    ]      Memory: Page Cache Hit L1                                 8 / 15               11 / 193              11 / 193              11 / 193         ops/s
[250.188s][info][gc,stats    ]      Memory: Page Cache Hit L2                                 0 / 0                 0 / 0                 0 / 0                 0 / 0           ops/s
[250.189s][info][gc,stats    ]      Memory: Page Cache Hit L3                                 0 / 0                 0 / 38                0 / 38                0 / 38          ops/s
[250.189s][info][gc,stats    ]      Memory: Page Cache Miss                                   0 / 0                 2 / 64                2 / 64                2 / 64          ops/s
[250.190s][info][gc,stats    ]      Memory: Uncommit                                          0 / 0                 0 / 0                 0 / 0                 0 / 0           MB/s
[250.190s][info][gc,stats    ]      Memory: Undo Object Allocation Failed                     0 / 0                 0 / 0                 0 / 0                 0 / 0           ops/s
[250.191s][info][gc,stats    ]      Memory: Undo Object Allocation Succeeded                  0 / 0                 0 / 8                 0 / 8                 0 / 8           ops/s
[250.191s][info][gc,stats    ]      Memory: Undo Page Allocation                              0 / 0                 0 / 18                0 / 18                0 / 18          ops/s
[250.192s][info][gc,stats    ]       Phase: Concurrent Mark                               0.000 / 0.000       755.052 / 2705.089    755.052 / 2705.089    755.052 / 2705.089    ms
[250.192s][info][gc,stats    ]       Phase: Concurrent Mark Continue                      0.000 / 0.000         0.000 / 0.000         0.000 / 0.000         0.000 / 0.000       ms
[250.193s][info][gc,stats    ]       Phase: Concurrent Mark Free                          0.000 / 0.000         0.003 / 0.005         0.003 / 0.005         0.003 / 0.005       ms
[250.193s][info][gc,stats    ]       Phase: Concurrent Process Non-Strong References      0.000 / 0.000        48.247 / 164.975      48.247 / 164.975      48.247 / 164.975     ms
[250.194s][info][gc,stats    ]       Phase: Concurrent Relocate                           0.000 / 0.000        66.026 / 582.871      66.026 / 582.871      66.026 / 582.871     ms
[250.194s][info][gc,stats    ]       Phase: Concurrent Reset Relocation Set               0.000 / 0.000         0.042 / 0.240         0.042 / 0.240         0.042 / 0.240       ms
[250.195s][info][gc,stats    ]       Phase: Concurrent Select Relocation Set              0.000 / 0.000        22.308 / 201.716      22.308 / 201.716      22.308 / 201.716     ms
[250.196s][info][gc,stats    ]       Phase: Pause Mark End                                0.000 / 0.000         0.161 / 2.453         0.161 / 2.453         0.161 / 2.453       ms
[250.196s][info][gc,stats    ]       Phase: Pause Mark Start                              0.000 / 0.000         0.018 / 0.089         0.018 / 0.089         0.018 / 0.089       ms
[250.197s][info][gc,stats    ]       Phase: Pause Relocate Start                          0.000 / 0.000         0.014 / 0.021         0.014 / 0.021         0.014 / 0.021       ms
[250.197s][info][gc,stats    ]    Subphase: Concurrent Classes Purge                      0.000 / 0.000         1.715 / 6.507         1.715 / 6.507         1.715 / 6.507       ms
